12 Gazebo shifts of 20 min -> tools/ai/results/gazebo_20260917_150533.csv
[1/12] ns balanced seed 5000 ...
    gazebo: score 16.39, delivered 18, lost 0.0, 3.214 Wh, violations 0, failed actions 0, 20.6 min wall
    sim   : score 17.37, delivered 19, lost 0.0, 3.262 Wh, violations 0
[2/12] ppo balanced seed 5000 ...
    gazebo: score 13.09, delivered 15, lost 0.0, 3.822 Wh, violations 0, failed actions 0, 21.3 min wall
    sim   : score 17.16, delivered 19, lost 0.0, 3.672 Wh, violations 0
[3/12] ns low_battery_start seed 5000 ...
    gazebo: NO SUMMARY within the time limit (see tools/ai/results/gazebo_ns_low_battery_start_5000.log)
    sim   : score 15.91, delivered 20, lost 2.58, 3.025 Wh, violations 0
[4/12] ppo low_battery_start seed 5000 ...
    gazebo: score 19.03, delivered 20, lost 0.0, 1.941 Wh, violations 0, failed actions 0, 21.8 min wall
    sim   : score 19.01, delivered 20, lost 0.0, 1.977 Wh, violations 0
[5/12] ns heavy_load seed 5000 ...
    gazebo: score 32.21, delivered 34, lost 0.0, 3.574 Wh, violations 0, failed actions 0, 21.1 min wall
    sim   : score 33.23, delivered 35, lost 0.0, 3.547 Wh, violations 0
[6/12] ppo heavy_load seed 5000 ...
    gazebo: score 30.03, delivered 32, lost 0.0, 3.948 Wh, violations 0, failed actions 0, 21.4 min wall
    sim   : score 31.09, delivered 33, lost 0.0, 3.829 Wh, violations 0
[7/12] ns balanced seed 5001 ...
    gazebo: score 15.35, delivered 17, lost 0.0, 3.3 Wh, violations 0, failed actions 1, 21.4 min wall
    sim   : score 16.37, delivered 18, lost 0.0, 3.257 Wh, violations 0
[8/12] ppo balanced seed 5001 ...
    gazebo: score 18.17, delivered 20, lost 0.0, 3.652 Wh, violations 0, failed actions 0, 21.1 min wall
    sim   : score 18.12, delivered 20, lost 0.0, 3.751 Wh, violations 0
[9/12] ns low_battery_start seed 5001 ...
    gazebo: NO SUMMARY within the time limit (see tools/ai/results/gazebo_ns_low_battery_start_5001.log)
    sim   : score 18.87, delivered 21, lost 0.67, 2.913 Wh, violations 0
[10/12] ppo low_battery_start seed 5001 ...
    gazebo: score 19.03, delivered 20, lost 0.0, 1.932 Wh, violations 0, failed actions 0, 21.4 min wall
    sim   : score 20.01, delivered 21, lost 0.0, 1.982 Wh, violations 0
[11/12] ns heavy_load seed 5001 ...
