[INFO] [launch]: All log files can be found below /home/robojazzy/.ros/log/2026-09-15-13-22-38-908353-DESKTOP-NOCCT0U-168741
[INFO] [launch]: Default logging verbosity is set to INFO
[INFO] [gazebo-1]: process started with pid [168750]
[INFO] [robot_state_publisher-2]: process started with pid [168751]
[INFO] [create-3]: process started with pid [168752]
[INFO] [parameter_bridge-4]: process started with pid [168754]
[INFO] [map_server-5]: process started with pid [168755]
[INFO] [amcl-6]: process started with pid [168756]
[INFO] [lifecycle_manager-7]: process started with pid [168757]
[INFO] [controller_server-8]: process started with pid [168758]
[INFO] [smoother_server-9]: process started with pid [168759]
[INFO] [planner_server-10]: process started with pid [168760]
[INFO] [route_server-11]: process started with pid [168761]
[INFO] [behavior_server-12]: process started with pid [168762]
[INFO] [bt_navigator-13]: process started with pid [168763]
[INFO] [waypoint_follower-14]: process started with pid [168764]
[INFO] [velocity_smoother-15]: process started with pid [168767]
[INFO] [collision_monitor-16]: process started with pid [168768]
[INFO] [opennav_docking-17]: process started with pid [168769]
[INFO] [lifecycle_manager-18]: process started with pid [168770]
[create-3] [INFO] [1789471360.180374224] [ros_gz_sim]: Requesting list of world names.
[robot_state_publisher-2] [INFO] [1789471360.239314079] [robot_state_publisher]: Robot initialized
[lifecycle_manager-7] [INFO] [1789471360.252507690] [lifecycle_manager_localization]: Creating
[behavior_server-12] [INFO] [1789471360.319601648] [behavior_server]: 
[behavior_server-12] 	behavior_server lifecycle node launched. 
[behavior_server-12] 	Waiting on external lifecycle transitions to activate
[behavior_server-12] 	See https://design.ros2.org/articles/node_lifecycle.html for more information.
[lifecycle_manager-7] [INFO] [1789471360.338188343] [lifecycle_manager_localization]: [34m[1mCreating and initializing lifecycle service clients[0m[0m
[waypoint_follower-14] [INFO] [1789471360.348569553] [waypoint_follower]: 
[waypoint_follower-14] 	waypoint_follower lifecycle node launched. 
[waypoint_follower-14] 	Waiting on external lifecycle transitions to activate
[waypoint_follower-14] 	See https://design.ros2.org/articles/node_lifecycle.html for more information.
[waypoint_follower-14] [INFO] [1789471360.351618570] [waypoint_follower]: Creating
[controller_server-8] [INFO] [1789471360.402328949] [controller_server]: 
[controller_server-8] 	controller_server lifecycle node launched. 
[controller_server-8] 	Waiting on external lifecycle transitions to activate
[controller_server-8] 	See https://design.ros2.org/articles/node_lifecycle.html for more information.
[lifecycle_manager-18] [INFO] [1789471360.410011519] [lifecycle_manager_navigation]: Creating
[controller_server-8] [INFO] [1789471360.434659960] [controller_server]: Creating controller server
[lifecycle_manager-18] [INFO] [1789471360.465447020] [lifecycle_manager_navigation]: [34m[1mCreating and initializing lifecycle service clients[0m[0m
[route_server-11] [INFO] [1789471360.495165959] [route_server]: 
[route_server-11] 	route_server lifecycle node launched. 
[route_server-11] 	Waiting on external lifecycle transitions to activate
[route_server-11] 	See https://design.ros2.org/articles/node_lifecycle.html for more information.
[smoother_server-9] [INFO] [1789471360.627838312] [smoother_server]: 
[smoother_server-9] 	smoother_server lifecycle node launched. 
[smoother_server-9] 	Waiting on external lifecycle transitions to activate
[smoother_server-9] 	See https://design.ros2.org/articles/node_lifecycle.html for more information.
[smoother_server-9] [INFO] [1789471360.632535243] [smoother_server]: Creating smoother server
[amcl-6] [INFO] [1789471360.633879465] [amcl]: 
[amcl-6] 	amcl lifecycle node launched. 
[amcl-6] 	Waiting on external lifecycle transitions to activate
[amcl-6] 	See https://design.ros2.org/articles/node_lifecycle.html for more information.
[amcl-6] [INFO] [1789471360.635606351] [amcl]: Creating
[velocity_smoother-15] [INFO] [1789471360.637794873] [velocity_smoother]: 
[velocity_smoother-15] 	velocity_smoother lifecycle node launched. 
[velocity_smoother-15] 	Waiting on external lifecycle transitions to activate
[velocity_smoother-15] 	See https://design.ros2.org/articles/node_lifecycle.html for more information.
[bt_navigator-13] [INFO] [1789471360.679954092] [bt_navigator]: 
[bt_navigator-13] 	bt_navigator lifecycle node launched. 
[bt_navigator-13] 	Waiting on external lifecycle transitions to activate
[bt_navigator-13] 	See https://design.ros2.org/articles/node_lifecycle.html for more information.
[bt_navigator-13] [INFO] [1789471360.690827228] [bt_navigator]: Creating
[opennav_docking-17] [INFO] [1789471360.693428703] [docking_server]: 
[opennav_docking-17] 	docking_server lifecycle node launched. 
[opennav_docking-17] 	Waiting on external lifecycle transitions to activate
[opennav_docking-17] 	See https://design.ros2.org/articles/node_lifecycle.html for more information.
[opennav_docking-17] [INFO] [1789471360.693600742] [docking_server]: Creating docking_server
[collision_monitor-16] [INFO] [1789471360.720967617] [collision_monitor]: 
[collision_monitor-16] 	collision_monitor lifecycle node launched. 
[collision_monitor-16] 	Waiting on external lifecycle transitions to activate
[collision_monitor-16] 	See https://design.ros2.org/articles/node_lifecycle.html for more information.
[controller_server-8] [INFO] [1789471360.722790469] [local_costmap.local_costmap]: 
[controller_server-8] 	local_costmap lifecycle node launched. 
[controller_server-8] 	Waiting on external lifecycle transitions to activate
[controller_server-8] 	See https://design.ros2.org/articles/node_lifecycle.html for more information.
[controller_server-8] [INFO] [1789471360.723593684] [local_costmap.local_costmap]: Creating Costmap
[planner_server-10] [INFO] [1789471360.723470228] [planner_server]: 
[planner_server-10] 	planner_server lifecycle node launched. 
[planner_server-10] 	Waiting on external lifecycle transitions to activate
[planner_server-10] 	See https://design.ros2.org/articles/node_lifecycle.html for more information.
[lifecycle_manager-7] [INFO] [1789471360.725817493] [lifecycle_manager_localization]: [34m[1mStarting managed nodes bringup...[0m[0m
[lifecycle_manager-7] [INFO] [1789471360.725884570] [lifecycle_manager_localization]: [34m[1mConfiguring map_server[0m[0m
[planner_server-10] [INFO] [1789471360.729313351] [planner_server]: Creating
[map_server-5] [INFO] [1789471360.734167326] [map_server]: 
[map_server-5] 	map_server lifecycle node launched. 
[map_server-5] 	Waiting on external lifecycle transitions to activate
[map_server-5] 	See https://design.ros2.org/articles/node_lifecycle.html for more information.
[map_server-5] [INFO] [1789471360.736893857] [map_server]: Creating
[map_server-5] [INFO] [1789471360.742107605] [map_server]: Configuring
[map_server-5] [INFO] [1789471360.742368312] [map_io]: Loading yaml file: /home/robojazzy/robofetch_ws_copy/robofetch_ws/install/robofetch_nav/share/robofetch_nav/maps/factory_maze.yaml
[map_server-5] [INFO] [1789471360.742851140] [map_io]: resolution: 0.05
[map_server-5] [INFO] [1789471360.742870833] [map_io]: origin[0]: -7.75
[map_server-5] [INFO] [1789471360.742879130] [map_io]: origin[1]: -5.5
[map_server-5] [INFO] [1789471360.742887028] [map_io]: origin[2]: 0
[map_server-5] [INFO] [1789471360.742893325] [map_io]: free_thresh: 0.196
[map_server-5] [INFO] [1789471360.742901123] [map_io]: occupied_thresh: 0.65
[map_server-5] [INFO] [1789471360.742908620] [map_io]: mode: trinary
[map_server-5] [INFO] [1789471360.742915018] [map_io]: negate: 0
[map_server-5] [INFO] [1789471360.743237603] [map_io]: Loading image_file: /home/robojazzy/robofetch_ws_copy/robofetch_ws/install/robofetch_nav/share/robofetch_nav/maps/factory_maze.pgm
[map_server-5] [INFO] [1789471360.746464556] [map_io]: Read map /home/robojazzy/robofetch_ws_copy/robofetch_ws/install/robofetch_nav/share/robofetch_nav/maps/factory_maze.pgm: 310 X 220 map @ 0.05 m/cell
[lifecycle_manager-7] [INFO] [1789471360.783804187] [lifecycle_manager_localization]: [34m[1mConfiguring amcl[0m[0m
[amcl-6] [INFO] [1789471360.784444160] [amcl]: Configuring
[amcl-6] [INFO] [1789471360.784540426] [amcl]: initTransforms
[amcl-6] [INFO] [1789471360.825220869] [amcl]: initPubSub
[planner_server-10] [INFO] [1789471360.839926243] [global_costmap.global_costmap]: 
[planner_server-10] 	global_costmap lifecycle node launched. 
[planner_server-10] 	Waiting on external lifecycle transitions to activate
[planner_server-10] 	See https://design.ros2.org/articles/node_lifecycle.html for more information.
[planner_server-10] [INFO] [1789471360.841063239] [global_costmap.global_costmap]: Creating Costmap
[amcl-6] [INFO] [1789471360.855833791] [amcl]: Subscribed to map topic.
[lifecycle_manager-7] [INFO] [1789471360.873791409] [lifecycle_manager_localization]: [34m[1mActivating map_server[0m[0m
[map_server-5] [INFO] [1789471360.874259243] [map_server]: Activating
[map_server-5] [INFO] [1789471360.874519450] [map_server]: Creating bond (map_server) to lifecycle manager.
[lifecycle_manager-7] [INFO] [1789471360.990894195] [lifecycle_manager_localization]: Server map_server connected with bond.
[lifecycle_manager-7] [INFO] [1789471360.990967169] [lifecycle_manager_localization]: [34m[1mActivating amcl[0m[0m
[amcl-6] [INFO] [1789471360.991328441] [amcl]: Activating
[amcl-6] [INFO] [1789471360.991371425] [amcl]: initialPoseReceived
[amcl-6] [INFO] [1789471360.991469791] [amcl]: Setting pose (0.000000): -5.225 -2.975 0.000
[amcl-6] [INFO] [1789471360.992049085] [amcl]: Creating bond (amcl) to lifecycle manager.
[lifecycle_manager-7] [INFO] [1789471361.103849513] [lifecycle_manager_localization]: Server amcl connected with bond.
[lifecycle_manager-7] [INFO] [1789471361.103909091] [lifecycle_manager_localization]: [34m[1mManaged nodes are active[0m[0m
[lifecycle_manager-7] [INFO] [1789471361.103918988] [lifecycle_manager_localization]: [34m[1mCreating bond timer...[0m[0m
[gazebo-1] [1;32m[Msg] [0m[1;32mGazebo Sim Server v[0m[1;32m8.11.0[0m[1;32m[0m
[gazebo-1] [1;32m[Msg] [0m[1;32mLoading SDF world file[[0m[1;32m/home/robojazzy/robofetch_ws_copy/robofetch_ws/install/robofetch_gazebo/share/robofetch_gazebo/worlds/factory_maze.sdf[0m[1;32m].[0m
[gazebo-1] [1;32m[Msg] [0m[1;32mServing entity system service on [[0m[1;32m/[0m[1;32mentity/system/add[0m[1;32m][0m[1;32m[0m
[gazebo-1] [1;36m[Dbg] [Physics.cc:906] [0m[1;36mLoaded [[0m[1;36mgz::physics::dartsim::Plugin[0m[1;36m] from library [[0m[1;36m/opt/ros/jazzy/opt/gz_physics_vendor/lib/gz-physics-7/engine-plugins/libgz-physics-dartsim-plugin.so[0m[1;36m][0m[1;36m[0m
[gazebo-1] [1;36m[Dbg] [SystemManager.cc:80] [0m[1;36mLoaded system [[0m[1;36mgz::sim::systems::Physics[0m[1;36m] for entity [[0m[1;36m1[0m[1;36m][0m[1;36m[0m
[gazebo-1] [1;36m[Dbg] [SystemManager.cc:80] [0m[1;36mLoaded system [[0m[1;36mgz::sim::systems::SceneBroadcaster[0m[1;36m] for entity [[0m[1;36m1[0m[1;36m][0m[1;36m[0m
[gazebo-1] [1;32m[Msg] [0m[1;32mCreate[0m[1;32m service on [[0m[1;32m/world/factory_maze/create_multiple[0m[1;32m] (async)[0m[1;32m[0m
[gazebo-1] [1;32m[Msg] [0m[1;32mCreate[0m[1;32m service on [[0m[1;32m/world/factory_maze/create_multiple/blocking[0m[1;32m] (blocking)[0m[1;32m[0m
[gazebo-1] [1;32m[Msg] [0m[1;32mRemove[0m[1;32m service on [[0m[1;32m/world/factory_maze/remove[0m[1;32m] (async)[0m[1;32m[0m
[gazebo-1] [1;32m[Msg] [0m[1;32mRemove[0m[1;32m service on [[0m[1;32m/world/factory_maze/remove/blocking[0m[1;32m] (blocking)[0m[1;32m[0m
[gazebo-1] [1;32m[Msg] [0m[1;32mPose[0m[1;32m service on [[0m[1;32m/world/factory_maze/set_pose[0m[1;32m] (async)[0m[1;32m[0m
[gazebo-1] [1;32m[Msg] [0m[1;32mPose[0m[1;32m service on [[0m[1;32m/world/factory_maze/set_pose/blocking[0m[1;32m] (blocking)[0m[1;32m[0m
[gazebo-1] [1;32m[Msg] [0m[1;32mPose[0m[1;32m service on [[0m[1;32m/world/factory_maze/set_pose_vector[0m[1;32m] (async)[0m[1;32m[0m
[gazebo-1] [1;32m[Msg] [0m[1;32mPose[0m[1;32m service on [[0m[1;32m/world/factory_maze/set_pose_vector/blocking[0m[1;32m] (blocking)[0m[1;32m[0m
[gazebo-1] [1;32m[Msg] [0m[1;32mLight configuration[0m[1;32m service on [[0m[1;32m/world/factory_maze/light_config[0m[1;32m] (async)[0m[1;32m[0m
[gazebo-1] [1;32m[Msg] [0m[1;32mLight configuration[0m[1;32m service on [[0m[1;32m/world/factory_maze/light_config/blocking[0m[1;32m] (blocking)[0m[1;32m[0m
[gazebo-1] [1;32m[Msg] [0m[1;32mPhysics[0m[1;32m service on [[0m[1;32m/world/factory_maze/set_physics[0m[1;32m] (async)[0m[1;32m[0m
[gazebo-1] [1;32m[Msg] [0m[1;32mPhysics[0m[1;32m service on [[0m[1;32m/world/factory_maze/set_physics/blocking[0m[1;32m] (blocking)[0m[1;32m[0m
[gazebo-1] [1;32m[Msg] [0m[1;32mSphericalCoordinates[0m[1;32m service on [[0m[1;32m/world/factory_maze/set_spherical_coordinates[0m[1;32m] (async)[0m[1;32m[0m
[gazebo-1] [1;32m[Msg] [0m[1;32mSphericalCoordinates[0m[1;32m service on [[0m[1;32m/world/factory_maze/set_spherical_coordinates/blocking[0m[1;32m] (blocking)[0m[1;32m[0m
[gazebo-1] [1;32m[Msg] [0m[1;32mEnable collision[0m[1;32m service on [[0m[1;32m/world/factory_maze/enable_collision[0m[1;32m] (async)[0m[1;32m[0m
[gazebo-1] [1;32m[Msg] [0m[1;32mEnable collision[0m[1;32m service on [[0m[1;32m/world/factory_maze/enable_collision/blocking[0m[1;32m] (blocking)[0m[1;32m[0m
[gazebo-1] [1;32m[Msg] [0m[1;32mDisable collision[0m[1;32m service on [[0m[1;32m/world/factory_maze/disable_collision[0m[1;32m] (async)[0m[1;32m[0m
[gazebo-1] [1;32m[Msg] [0m[1;32mDisable collision[0m[1;32m service on [[0m[1;32m/world/factory_maze/disable_collision/blocking[0m[1;32m] (blocking)[0m[1;32m[0m
[gazebo-1] [1;32m[Msg] [0m[1;32mMaterial[0m[1;32m service on [[0m[1;32m/world/factory_maze/visual_config[0m[1;32m] (async)[0m[1;32m[0m
[gazebo-1] [1;32m[Msg] [0m[1;32mMaterial[0m[1;32m service on [[0m[1;32m/world/factory_maze/visual_config/blocking[0m[1;32m] (blocking)[0m[1;32m[0m
[gazebo-1] [1;32m[Msg] [0m[1;32mMaterial[0m[1;32m service on [[0m[1;32m/world/factory_maze/wheel_slip[0m[1;32m] (async)[0m[1;32m[0m
[create-3] [INFO] [1789471361.362007816] [ros_gz_sim]: Waiting messages on topic [/robot_description].
[create-3] [INFO] [1789471361.375649628] [ros_gz_sim]: Entity creation successful.
[amcl-6] [INFO] [1789471361.436468089] [amcl]: Received a 310 X 220 map @ 0.050 m/pix
[parameter_bridge-4] [INFO] [1789471361.469368759] [ros_gz_bridge]: Creating ROS->GZ Bridge: [cmd_vel (geometry_msgs/msg/Twist) -> cmd_vel (gz.msgs.Twist)] (Lazy 0)
[parameter_bridge-4] [INFO] [1789471361.475762121] [ros_gz_bridge]: Creating GZ->ROS Bridge: [odom (gz.msgs.Odometry) -> odom (nav_msgs/msg/Odometry)] (Lazy 0)
[lifecycle_manager-18] [INFO] [1789471361.477942824] [lifecycle_manager_navigation]: [34m[1mStarting managed nodes bringup...[0m[0m
[lifecycle_manager-18] [INFO] [1789471361.478029492] [lifecycle_manager_navigation]: [34m[1mConfiguring controller_server[0m[0m
[controller_server-8] [INFO] [1789471361.478948356] [controller_server]: Configuring controller interface
[controller_server-8] [INFO] [1789471361.479012632] [controller_server]: getting progress checker plugins..
[controller_server-8] [INFO] [1789471361.480007369] [controller_server]: getting goal checker plugins..
[controller_server-8] [INFO] [1789471361.480453106] [controller_server]: Controller frequency set to 10.0000Hz
[controller_server-8] [INFO] [1789471361.480516682] [local_costmap.local_costmap]: Configuring
[parameter_bridge-4] [INFO] [1789471361.487681862] [ros_gz_bridge]: Creating GZ->ROS Bridge: [tf (gz.msgs.Pose_V) -> tf (tf2_msgs/msg/TFMessage)] (Lazy 0)
[parameter_bridge-4] [INFO] [1789471361.496156164] [ros_gz_bridge]: Creating GZ->ROS Bridge: [joint_states (gz.msgs.Model) -> joint_states (sensor_msgs/msg/JointState)] (Lazy 0)
[parameter_bridge-4] [INFO] [1789471361.502675280] [ros_gz_bridge]: Creating GZ->ROS Bridge: [scan (gz.msgs.LaserScan) -> scan (sensor_msgs/msg/LaserScan)] (Lazy 0)
[controller_server-8] [INFO] [1789471361.506983805] [local_costmap.local_costmap]: Using plugin "voxel_layer"
[parameter_bridge-4] [INFO] [1789471361.507848588] [ros_gz_bridge]: Creating GZ->ROS Bridge: [clock (gz.msgs.Clock) -> clock (rosgraph_msgs/msg/Clock)] (Lazy 0)
[parameter_bridge-4] [INFO] [1789471361.515225391] [ros_gz_bridge]: Creating GZ->ROS Bridge: [/model/robofetch/pose (gz.msgs.Pose) -> /model/robofetch/pose (geometry_msgs/msg/Pose)] (Lazy 0)
[controller_server-8] [INFO] [1789471361.519471238] [local_costmap.local_costmap]: Subscribed to Topics: scan
[INFO] [create-3]: process has finished cleanly [pid 168752]
[controller_server-8] [INFO] [1789471361.547775389] [local_costmap.local_costmap]: Initialized plugin "voxel_layer"
[controller_server-8] [INFO] [1789471361.547829769] [local_costmap.local_costmap]: Using plugin "inflation_layer"
[controller_server-8] [INFO] [1789471361.550269677] [local_costmap.local_costmap]: Initialized plugin "inflation_layer"
[controller_server-8] [INFO] [1789471361.601376889] [controller_server]: Created progress_checker : progress_checker of type nav2_controller::SimpleProgressChecker
[controller_server-8] [INFO] [1789471361.602690609] [controller_server]: Controller Server has progress_checker  progress checkers available.
[controller_server-8] [INFO] [1789471361.603957446] [controller_server]: Created goal checker : general_goal_checker of type nav2_controller::SimpleGoalChecker
[controller_server-8] [INFO] [1789471361.605614939] [controller_server]: Controller Server has general_goal_checker  goal checkers available.
[controller_server-8] [INFO] [1789471361.607966580] [controller_server]: Created controller : FollowPath of type nav2_mppi_controller::MPPIController
[controller_server-8] [INFO] [1789471361.619893818] [controller_server]: Controller period is equal to model dt. Control sequence shifting is ON
[controller_server-8] [INFO] [1789471361.624877496] [controller_server]: ConstraintCritic instantiated with 1 power and 4.000000 weight.
[controller_server-8] [INFO] [1789471361.624958766] [controller_server]: Critic loaded : mppi::critics::ConstraintCritic
[controller_server-8] [INFO] [1789471361.629815590] [controller_server]: InflationCostCritic instantiated with 1 power and 300.000000 / 0.015000 weights. Critic will collision check based on circular cost.
[controller_server-8] [INFO] [1789471361.629867671] [controller_server]: Critic loaded : mppi::critics::CostCritic
[controller_server-8] [INFO] [1789471361.630300813] [controller_server]: GoalCritic instantiated with 1 power and 5.000000 weight.
[controller_server-8] [INFO] [1789471361.630345197] [controller_server]: Critic loaded : mppi::critics::GoalCritic
[controller_server-8] [INFO] [1789471361.631192687] [controller_server]: GoalAngleCritic instantiated with 1 power, 3.000000 weight, 0.500000 angular threshold and symmetric_yaw_tolerance disabled
[controller_server-8] [INFO] [1789471361.631226474] [controller_server]: Critic loaded : mppi::critics::GoalAngleCritic
[controller_server-8] [INFO] [1789471361.632236405] [controller_server]: ReferenceTrajectoryCritic instantiated with 1 power and 14.000000 weight
[controller_server-8] [INFO] [1789471361.632270793] [controller_server]: Critic loaded : mppi::critics::PathAlignCritic
[controller_server-8] [INFO] [1789471361.634018154] [controller_server]: Critic loaded : mppi::critics::PathFollowCritic
[controller_server-8] [INFO] [1789471361.635526402] [controller_server]: PathAngleCritic instantiated with 1 power and 2.000000 weight. Mode set to: Forward Preference
[controller_server-8] [INFO] [1789471361.635630664] [controller_server]: Critic loaded : mppi::critics::PathAngleCritic
[controller_server-8] [INFO] [1789471361.636275928] [controller_server]: PreferForwardCritic instantiated with 1 power and 5.000000 weight.
[controller_server-8] [INFO] [1789471361.636310815] [controller_server]: Critic loaded : mppi::critics::PreferForwardCritic
[controller_server-8] [INFO] [1789471361.637707505] [controller_server]: Optimizer reset
[controller_server-8] [INFO] [1789471361.648554438] [MPPIController]: Configured MPPI Controller: FollowPath
[controller_server-8] [INFO] [1789471361.648702084] [controller_server]: Controller Server has FollowPath  controllers available.
[lifecycle_manager-18] [INFO] [1789471361.676149848] [lifecycle_manager_navigation]: [34m[1mConfiguring smoother_server[0m[0m
[smoother_server-9] [INFO] [1789471361.676812406] [smoother_server]: Configuring smoother server
[smoother_server-9] [INFO] [1789471361.703950582] [smoother_server]: Created smoother : simple_smoother of type nav2_smoother::SimpleSmoother
[smoother_server-9] [INFO] [1789471361.708988240] [smoother_server]: Smoother Server has simple_smoother  smoothers available.
[lifecycle_manager-18] [INFO] [1789471361.729325504] [lifecycle_manager_navigation]: [34m[1mConfiguring planner_server[0m[0m
[planner_server-10] [INFO] [1789471361.729678475] [planner_server]: Configuring
[planner_server-10] [INFO] [1789471361.729713762] [global_costmap.global_costmap]: Configuring
[planner_server-10] [INFO] [1789471361.753293240] [global_costmap.global_costmap]: Using plugin "static_layer"
[planner_server-10] [INFO] [1789471361.759785266] [global_costmap.global_costmap]: Subscribing to the map topic (/map) with transient local durability
[planner_server-10] [INFO] [1789471361.763727425] [global_costmap.global_costmap]: Initialized plugin "static_layer"
[planner_server-10] [INFO] [1789471361.763782505] [global_costmap.global_costmap]: Using plugin "obstacle_layer"
[planner_server-10] [INFO] [1789471361.768480287] [global_costmap.global_costmap]: Subscribed to Topics: scan
[planner_server-10] [INFO] [1789471361.781162749] [global_costmap.global_costmap]: Initialized plugin "obstacle_layer"
[planner_server-10] [INFO] [1789471361.781294201] [global_costmap.global_costmap]: Using plugin "inflation_layer"
[planner_server-10] [INFO] [1789471361.782385702] [global_costmap.global_costmap]: Initialized plugin "inflation_layer"
[planner_server-10] [INFO] [1789471361.848243321] [global_costmap.global_costmap]: StaticLayer: Resizing costmap to 310 X 220 at 0.050000 m/pix
[planner_server-10] [INFO] [1789471361.848877589] [planner_server]: Created global planner plugin GridBased of type nav2_navfn_planner::NavfnPlanner
[planner_server-10] [INFO] [1789471361.848915575] [planner_server]: Configuring plugin GridBased of type NavfnPlanner
[planner_server-10] [INFO] [1789471361.850331957] [planner_server]: Planner Server has GridBased  planners available.
[lifecycle_manager-18] [INFO] [1789471361.884409297] [lifecycle_manager_navigation]: [34m[1mConfiguring route_server[0m[0m
[route_server-11] [INFO] [1789471361.885113339] [route_server]: Configuring
[route_server-11] [INFO] [1789471361.958974332] [route_server]: Created GraphFileLoader GeoJsonGraphFileLoader of type nav2_route::GeoJsonGraphFileLoader
[route_server-11] [INFO] [1789471361.959035209] [route_server]: Configuring geojson graph file loader
[route_server-11] [INFO] [1789471361.959044806] [route_server]: Loading graph file from /opt/ros/jazzy/share/nav2_route/graphs/sample_graph.geojson, by parser nav2_route::GeoJsonGraphFileLoader
[route_server-11] [INFO] [1789471361.969091632] [route_server]: Created edge cost function plugin DistanceScorer of type nav2_route::DistanceScorer
[route_server-11] [INFO] [1789471361.969189196] [route_server]: Configuring distance scorer.
[route_server-11] [INFO] [1789471361.970330079] [route_server]: Created edge cost function plugin CostmapScorer of type nav2_route::CostmapScorer
[route_server-11] [INFO] [1789471361.970390057] [route_server]: Configuring costmap scorer.
[route_server-11] [INFO] [1789471361.979189240] [route_server]: Created route operation AdjustSpeedLimit of type nav2_route::AdjustSpeedLimit
[route_server-11] [INFO] [1789471361.979263313] [route_server]: Configuring Adjust speed limit operation.
[route_server-11] [INFO] [1789471361.985930475] [route_server]: Created route operation ReroutingService of type nav2_route::ReroutingService
[route_server-11] [INFO] [1789471361.986034537] [route_server]: Configuring Rerouting service operation.
[route_server-11] [INFO] [1789471361.990352058] [route_server]: Created route operation CollisionMonitor of type nav2_route::CollisionMonitor
[route_server-11] [INFO] [1789471361.991182954] [route_server]: Using costmap topic: local_costmap/costmap_raw instead of server costmap topic: global_costmap/costmap_raw for CollisionMonitor.
[lifecycle_manager-18] [INFO] [1789471362.004457281] [lifecycle_manager_navigation]: [34m[1mConfiguring behavior_server[0m[0m
[behavior_server-12] [INFO] [1789471362.004832640] [behavior_server]: Configuring
[behavior_server-12] [INFO] [1789471362.018691532] [behavior_server]: Creating behavior plugin spin of type nav2_behaviors::Spin
[behavior_server-12] [INFO] [1789471362.021115522] [behavior_server]: Creating behavior plugin backup of type nav2_behaviors::BackUp
[behavior_server-12] [INFO] [1789471362.023415557] [behavior_server]: Creating behavior plugin drive_on_heading of type nav2_behaviors::DriveOnHeading
[behavior_server-12] [INFO] [1789471362.026061263] [behavior_server]: Creating behavior plugin assisted_teleop of type nav2_behaviors::AssistedTeleop
[behavior_server-12] [INFO] [1789471362.029680903] [behavior_server]: Creating behavior plugin wait of type nav2_behaviors::Wait
[behavior_server-12] [INFO] [1789471362.049585823] [behavior_server]: Configuring spin
[behavior_server-12] [INFO] [1789471362.071445408] [behavior_server]: Configuring backup
[behavior_server-12] [INFO] [1789471362.089765224] [behavior_server]: Configuring drive_on_heading
[behavior_server-12] [INFO] [1789471362.107689988] [behavior_server]: Configuring assisted_teleop
[behavior_server-12] [INFO] [1789471362.131748247] [behavior_server]: Configuring wait
[lifecycle_manager-18] [INFO] [1789471362.150875859] [lifecycle_manager_navigation]: [34m[1mConfiguring velocity_smoother[0m[0m
[velocity_smoother-15] [INFO] [1789471362.151262214] [velocity_smoother]: Configuring velocity smoother
[lifecycle_manager-18] [INFO] [1789471362.168342695] [lifecycle_manager_navigation]: [34m[1mConfiguring collision_monitor[0m[0m
[collision_monitor-16] [INFO] [1789471362.168989952] [collision_monitor]: Configuring
[collision_monitor-16] [INFO] [1789471362.188714940] [collision_monitor]: [scan]: Creating Scan
[collision_monitor-16] [INFO] [1789471362.194931204] [collision_monitor]: [FootprintApproach]: Creating Polygon
[collision_monitor-16] [INFO] [1789471362.195719507] [collision_monitor]: [FootprintApproach]: Polygon points are not defined. Using dynamic subscription instead.
[collision_monitor-16] [INFO] [1789471362.199336048] [collision_monitor]: [FootprintApproach]: Making footprint subscriber on /local_costmap/published_footprint topic
[lifecycle_manager-18] [INFO] [1789471362.228918831] [lifecycle_manager_navigation]: [34m[1mConfiguring bt_navigator[0m[0m
[bt_navigator-13] [INFO] [1789471362.229297489] [bt_navigator]: Configuring
[bt_navigator-13] [INFO] [1789471362.244424305] [bt_navigator]: Creating navigator id navigate_to_pose of type nav2_bt_navigator::NavigateToPoseNavigator
[bt_navigator-13] [INFO] [1789471362.404912595] [bt_navigator]: Creating navigator id navigate_through_poses of type nav2_bt_navigator::NavigateThroughPosesNavigator
[lifecycle_manager-18] [INFO] [1789471362.485134049] [lifecycle_manager_navigation]: [34m[1mConfiguring waypoint_follower[0m[0m
[waypoint_follower-14] [INFO] [1789471362.485904259] [waypoint_follower]: Configuring
[waypoint_follower-14] [INFO] [1789471362.555873466] [waypoint_follower]: Created waypoint_task_executor : wait_at_waypoint of type nav2_waypoint_follower::WaitAtWaypoint
[lifecycle_manager-18] [INFO] [1789471362.559883959] [lifecycle_manager_navigation]: [34m[1mConfiguring docking_server[0m[0m
[opennav_docking-17] [INFO] [1789471362.560408362] [docking_server]: Configuring docking_server
[opennav_docking-17] [INFO] [1789471362.560442149] [docking_server]: Controller frequency set to 50.0000Hz
[gazebo-1] [1;32m[Msg] [0m[1;32mMaterial[0m[1;32m service on [[0m[1;32m/world/factory_maze/wheel_slip/blocking[0m[1;32m] (blocking)[0m[1;32m[0m
[gazebo-1] [1;36m[Dbg] [SystemManager.cc:80] [0m[1;36mLoaded system [[0m[1;36mgz::sim::systems::UserCommands[0m[1;36m] for entity [[0m[1;36m1[0m[1;36m][0m[1;36m[0m
[gazebo-1] [1;36m[Dbg] [SystemManager.cc:80] [0m[1;36mLoaded system [[0m[1;36mgz::sim::systems::Contact[0m[1;36m] for entity [[0m[1;36m1[0m[1;36m][0m[1;36m[0m
[gazebo-1] [1;36m[Dbg] [Sensors.cc:697] [0m[1;36mConfiguring Sensors system[0m[1;36m[0m
[gazebo-1] [1;36m[Dbg] [Sensors.cc:557] [0m[1;36mSensorsPrivate::Run[0m[1;36m[0m
[gazebo-1] [1;36m[Dbg] [SystemManager.cc:80] [0m[1;36mLoaded system [[0m[1;36mgz::sim::systems::Sensors[0m[1;36m] for entity [[0m[1;36m1[0m[1;36m][0m[1;36m[0m
[gazebo-1] [1;36m[Dbg] [Sensors.cc:532] [0m[1;36mSensorsPrivate::RenderThread started[0m[1;36m[0m
[gazebo-1] [1;36m[Dbg] [Sensors.cc:337] [0m[1;36mWaiting for init[0m[1;36m[0m
[gazebo-1] [1;32m[Msg] [0m[1;32mLoaded level [[0m[1;32mdefault[0m[1;32m][0m[1;32m[0m
[gazebo-1] [1;32m[Msg] [0m[1;32mServing world controls on [[0m[1;32m/world/factory_maze[0m[1;32m/control], [[0m[1;32m/world/factory_maze[0m[1;32m/control/state] and [[0m[1;32m/world/factory_maze[0m[1;32m/playback/control][0m[1;32m[0m
[gazebo-1] [1;32m[Msg] [0m[1;32mServing GUI information on [[0m[1;32m/world/factory_maze[0m[1;32m/[0m[1;32mgui/info[0m[1;32m][0m[1;32m[0m
[gazebo-1] [1;32m[Msg] [0m[1;32mWorld [[0m[1;32mfactory_maze[0m[1;32m] initialized with [[0m[1;32mstep[0m[1;32m] physics profile.[0m[1;32m[0m
[gazebo-1] [1;32m[Msg] [0m[1;32mServing world SDF generation service on [[0m[1;32m/world/factory_maze[0m[1;32m/[0m[1;32mgenerate_world_sdf[0m[1;32m][0m[1;32m[0m
[gazebo-1] [1;32m[Msg] [0m[1;32mServing world names on [[0m[1;32m/gazebo/worlds[0m[1;32m][0m[1;32m[0m
[gazebo-1] [1;32m[Msg] [0m[1;32mResource path add service on [[0m[1;32m/gazebo/resource_paths/add[0m[1;32m].[0m[1;32m[0m
[gazebo-1] [1;32m[Msg] [0m[1;32mResource path get service on [[0m[1;32m/gazebo/resource_paths/get[0m[1;32m].[0m[1;32m[0m
[gazebo-1] [1;32m[Msg] [0m[1;32mResource path resolve service on [[0m[1;32m/gazebo/resource_paths/resolve[0m[1;32m].[0m[1;32m[0m
[gazebo-1] [1;32m[Msg] [0m[1;32mResource paths published on [[0m[1;32m/gazebo/resource_paths[0m[1;32m].[0m[1;32m[0m
[gazebo-1] [1;32m[Msg] [0m[1;32mServer control service on [[0m[1;32m/server_control[0m[1;32m].[0m[1;32m[0m
[gazebo-1] [1;32m[Msg] [0m[1;32mFound no publishers on /stats, adding root stats topic[0m[1;32m[0m
[gazebo-1] [1;32m[Msg] [0m[1;32mFound no publishers on /clock, adding root clock topic[0m[1;32m[0m
[gazebo-1] [1;36m[Dbg] [SimulationRunner.cc:551] [0m[1;36mCreating PostUpdate worker threads: [0m[1;36m4[0m[1;36m[0m
[gazebo-1] [1;36m[Dbg] [SimulationRunner.cc:562] [0m[1;36mCreating postupdate worker thread ([0m[1;36m0[0m[1;36m)[0m[1;36m[0m
[gazebo-1] [1;36m[Dbg] [SimulationRunner.cc:562] [0m[1;36mCreating postupdate worker thread ([0m[1;36m1[0m[1;36m)[0m[1;36m[0m
[gazebo-1] [1;36m[Dbg] [SimulationRunner.cc:562] [0m[1;36mCreating postupdate worker thread ([0m[1;36m2[0m[1;36m)[0m[1;36m[0m
[gazebo-1] [1;33mWarning [Utils.cc:132][0m [/sdf/model[@name="robofetch"]/link[@name="base_footprint"]/sensor[@name="lidar"]/gz_frame_id:<urdf-string>:L0]: XML Element[gz_frame_id], child of element[sensor], not defined in SDF. Copying[gz_frame_id] as children of [sensor].
[opennav_docking-17] [INFO] [1789471362.633324061] [docking_server]: Created charging dock plugin simple_charging_dock of type opennav_docking::SimpleChargingDock
[opennav_docking-17] [WARN] [1789471362.647171857] [docking_server]: Dock database filepath nor dock parameters set. Docking actions can only be executed specifying the dock pose via the action request. Or update the dock database via the reload_database service.
[opennav_docking-17] [INFO] [1789471362.647553713] [docking_server]: Docking Server has 1 dock types and 0 dock instances available.
[lifecycle_manager-18] [INFO] [1789471362.652356209] [lifecycle_manager_navigation]: [34m[1mActivating controller_server[0m[0m
[controller_server-8] [INFO] [1789471362.652713075] [controller_server]: Activating
[controller_server-8] [INFO] [1789471362.652745163] [local_costmap.local_costmap]: Activating
[controller_server-8] [INFO] [1789471362.652754259] [local_costmap.local_costmap]: Checking transform
[controller_server-8] [INFO] [1789471362.652794544] [local_costmap.local_costmap]: Timed out waiting for transform from base_footprint to odom to become available, tf error: Invalid frame ID "odom" passed to canTransform argument target_frame - frame does not exist
[controller_server-8] [INFO] [1789471363.152894401] [local_costmap.local_costmap]: Timed out waiting for transform from base_footprint to odom to become available, tf error: Invalid frame ID "odom" passed to canTransform argument target_frame - frame does not exist
[gazebo-1] [1;32m[Msg] [0m[1;32mDiffDrive subscribing to twist messages on [[0m[1;32mcmd_vel[0m[1;32m][0m[1;32m[0m
[gazebo-1] [1;36m[Dbg] [SystemManager.cc:80] [0m[1;36mLoaded system [[0m[1;36mgz::sim::systems::DiffDrive[0m[1;36m] for entity [[0m[1;36m129[0m[1;36m][0m[1;36m[0m
[gazebo-1] [1;36m[Dbg] [SystemManager.cc:80] [0m[1;36mLoaded system [[0m[1;36mgz::sim::systems::JointStatePublisher[0m[1;36m] for entity [[0m[1;36m129[0m[1;36m][0m[1;36m[0m
[gazebo-1] [1;36m[Dbg] [SystemManager.cc:80] [0m[1;36mLoaded system [[0m[1;36mgz::sim::systems::PosePublisher[0m[1;36m] for entity [[0m[1;36m129[0m[1;36m][0m[1;36m[0m
[gazebo-1] [1;36m[Dbg] [UserCommands.cc:1094] [0m[1;36mCreated entity [[0m[1;36m129[0m[1;36m] named [[0m[1;36mrobofetch[0m[1;36m][0m[1;36m[0m
[gazebo-1] [1;36m[Dbg] [SimulationFeatures.cc:90] [0m[1;36mSimulation timestep set to: [0m[1;36m0.004[0m[1;36m[0m
[gazebo-1] [1;36m[Dbg] [Sensors.cc:953] [0m[1;36mInitialization needed[0m[1;36m[0m
[gazebo-1] [1;36m[Dbg] [Sensors.cc:349] [0m[1;36mInitializing render context[0m[1;36m[0m
[gazebo-1] [1;32m[Msg] [0m[1;32mLoading plugin [[0m[1;32mgz-rendering-ogre2[0m[1;32m][0m[1;32m[0m
[gazebo-1] [1;32m[Msg] [0m[1;32mServing scene information on [[0m[1;32m/world/factory_maze[0m[1;32m/[0m[1;32mscene/info[0m[1;32m][0m[1;32m[0m
[gazebo-1] [1;32m[Msg] [0m[1;32mServing graph information on [[0m[1;32m/world/factory_maze[0m[1;32m/[0m[1;32mscene/graph[0m[1;32m][0m[1;32m[0m
[gazebo-1] [1;32m[Msg] [0m[1;32mServing full state on [[0m[1;32m/world/factory_maze[0m[1;32m/[0m[1;32mstate[0m[1;32m][0m[1;32m[0m
[gazebo-1] [1;32m[Msg] [0m[1;32mServing full state (async) on [[0m[1;32m/world/factory_maze[0m[1;32m/[0m[1;32mstate_async[0m[1;32m][0m[1;32m[0m
[gazebo-1] [1;32m[Msg] [0m[1;32mPublishing scene information on [[0m[1;32m/world/factory_maze/scene/info[0m[1;32m][0m[1;32m[0m
[gazebo-1] [1;32m[Msg] [0m[1;32mPublishing entity deletions on [[0m[1;32m/world/factory_maze/scene/deletion[0m[1;32m][0m[1;32m[0m
[gazebo-1] [1;32m[Msg] [0m[1;32mPublishing state changes on [[0m[1;32m/world/factory_maze/state[0m[1;32m][0m[1;32m[0m
[gazebo-1] [1;32m[Msg] [0m[1;32mPublishing pose messages on [[0m[1;32m/world/factory_maze[0m[1;32m/[0m[1;32mpose/info[0m[1;32m][0m[1;32m[0m
[gazebo-1] [1;32m[Msg] [0m[1;32mPublishing dynamic pose messages on [[0m[1;32m/world/factory_maze[0m[1;32m/[0m[1;32mdynamic_pose/info[0m[1;32m][0m[1;32m[0m
[gazebo-1] [1;36m[Dbg] [SimulationRunner.cc:578] [0m[1;36mExiting postupdate worker thread ([0m[1;36m2[0m[1;36m)[0m[1;36m[0m
[gazebo-1] [1;36m[Dbg] [SimulationRunner.cc:578] [0m[1;36mExiting postupdate worker thread ([0m[1;36m0[0m[1;36m)[0m[1;36m[0m
[gazebo-1] [1;36mExiting postupdate worker thread ([0m[1;36m1[0m[1;36m)[0m[1;36m[0m
[gazebo-1] [1;36m[Dbg] [SimulationRunner.cc:551] [0m[1;36mCreating PostUpdate worker threads: [0m[1;36m7[0m[1;36m[0m
[gazebo-1] [1;36m[Dbg] [SimulationRunner.cc:562] [0m[1;36mCreating postupdate worker thread ([0m[1;36m0[0m[1;36m)[0m[1;36m[0m
[gazebo-1] [1;36m[Dbg] [SimulationRunner.cc:562] [0m[1;36mCreating postupdate worker thread ([0m[1;36m1[0m[1;36m)[0m[1;36m[0m
[gazebo-1] [1;36m[Dbg] [SimulationRunner.cc:562] [0m[1;36mCreating postupdate worker thread ([0m[1;36m2[0m[1;36m)[0m[1;36m[0m
[gazebo-1] [1;36m[Dbg] [SimulationRunner.cc:562] [0m[1;36mCreating postupdate worker thread ([0m[1;36m3[0m[1;36m)[0m[1;36m[0m
[gazebo-1] [1;36m[Dbg] [SimulationRunner.cc:562] [0m[1;36mCreating postupdate worker thread ([0m[1;36m4[0m[1;36m)[0m[1;36m[0m
[gazebo-1] [1;36m[Dbg] [SimulationRunner.cc:562] [0m[1;36mCreating postupdate worker thread ([0m[1;36m5[0m[1;36m)[0m[1;36m[0m
[gazebo-1] [1;36m[Dbg] [RenderUtil.cc:2646] [0m[1;36mCreate scene [[0m[1;36mscene[0m[1;36m][0m[1;36m[0m
[gazebo-1] [1;36m[Dbg] [Sensors.cc:391] [0m[1;36mRendering Thread initialized[0m[1;36m[0m
[gazebo-1] [1;36m[Dbg] [Sensors.cc:953] [0m[1;36mInitialization needed[0m[1;36m[0m
[gazebo-1] [1;36m[Dbg] [Lidar.cc:139] [0m[1;36mLaser scans for [[0m[1;36mrobofetch::base_footprint::lidar[0m[1;36m] advertised on [[0m[1;36mscan[0m[1;36m][0m[1;36m[0m
[amcl-6] [INFO] [1789471363.581143898] [amcl]: createLaserObject
[controller_server-8] [INFO] [1789471363.653056313] [local_costmap.local_costmap]: start
[controller_server-8] [WARN] [1789471363.855693707] [controller_server]: Parameter controller_server.verbose not found
[controller_server-8] [INFO] [1789471363.857751094] [controller_server]: Optimizer reset
[controller_server-8] [INFO] [1789471363.858988728] [MPPIController]: Activated MPPI Controller: FollowPath
[controller_server-8] [INFO] [1789471363.859037649] [controller_server]: Creating bond (controller_server) to lifecycle manager.
[lifecycle_manager-18] [INFO] [1789471363.976255203] [lifecycle_manager_navigation]: Server controller_server connected with bond.
[lifecycle_manager-18] [INFO] [1789471363.976389862] [lifecycle_manager_navigation]: [34m[1mActivating smoother_server[0m[0m
[smoother_server-9] [INFO] [1789471363.977038541] [smoother_server]: Activating
[smoother_server-9] [INFO] [1789471363.977090864] [smoother_server]: Creating bond (smoother_server) to lifecycle manager.
[lifecycle_manager-18] [INFO] [1789471364.094976301] [lifecycle_manager_navigation]: Server smoother_server connected with bond.
[lifecycle_manager-18] [INFO] [1789471364.095028923] [lifecycle_manager_navigation]: [34m[1mActivating planner_server[0m[0m
[planner_server-10] [INFO] [1789471364.095444198] [planner_server]: Activating
[planner_server-10] [INFO] [1789471364.095490718] [global_costmap.global_costmap]: Activating
[planner_server-10] [INFO] [1789471364.095504924] [global_costmap.global_costmap]: Checking transform
[planner_server-10] [INFO] [1789471364.095587659] [global_costmap.global_costmap]: Timed out waiting for transform from base_footprint to map to become available, tf error: Lookup would require extrapolation into the past.  Requested time 0.612000 but the earliest data is at time 1.100000, when looking up transform from frame [base_footprint] to frame [map]
[planner_server-10] [INFO] [1789471364.595750068] [global_costmap.global_costmap]: start
[INFO] [factory_node-19]: process started with pid [169229]
[INFO] [robot_state_node-20]: process started with pid [169230]
[planner_server-10] [INFO] [1789471365.648422920] [planner_server]: Activating plugin GridBased of type NavfnPlanner
[planner_server-10] [INFO] [1789471365.652929375] [planner_server]: Creating bond (planner_server) to lifecycle manager.
[lifecycle_manager-18] [INFO] [1789471365.768829107] [lifecycle_manager_navigation]: Server planner_server connected with bond.
[lifecycle_manager-18] [INFO] [1789471365.768918744] [lifecycle_manager_navigation]: [34m[1mActivating route_server[0m[0m
[route_server-11] [INFO] [1789471365.769463268] [route_server]: Activating
[route_server-11] [INFO] [1789471365.769748986] [route_server]: Creating bond (route_server) to lifecycle manager.
[factory_node-19] [INFO] [1789471365.770329124] [factory]: section A [balanced, seed 1]: 20 units/h, buffer 8, 0.5 kg/unit, time_scale 1
[factory_node-19] [INFO] [1789471365.771347544] [factory]: section B [balanced, seed 1]: 30 units/h, buffer 10, 0.4 kg/unit, time_scale 1
[factory_node-19] [INFO] [1789471365.772557542] [factory]: section C [balanced, seed 1]: 5 units/h, buffer 3, 1.5 kg/unit, time_scale 1
[factory_node-19] [INFO] [1789471365.773696311] [factory]: logging to /home/robojazzy/robofetch_ws_copy/robofetch_ws/logs/run_20260915_132238_section_*.csv
[lifecycle_manager-18] [INFO] [1789471365.887093712] [lifecycle_manager_navigation]: Server route_server connected with bond.
[lifecycle_manager-18] [INFO] [1789471365.887318805] [lifecycle_manager_navigation]: [34m[1mActivating behavior_server[0m[0m
[behavior_server-12] [INFO] [1789471365.888057809] [behavior_server]: Activating
[behavior_server-12] [INFO] [1789471365.888090022] [behavior_server]: Activating spin
[behavior_server-12] [INFO] [1789471365.888105228] [behavior_server]: Activating backup
[behavior_server-12] [INFO] [1789471365.888116933] [behavior_server]: Activating drive_on_heading
[behavior_server-12] [INFO] [1789471365.888127638] [behavior_server]: Activating assisted_teleop
[behavior_server-12] [INFO] [1789471365.888138242] [behavior_server]: Activating wait
[behavior_server-12] [INFO] [1789471365.888155449] [behavior_server]: Creating bond (behavior_server) to lifecycle manager.
[lifecycle_manager-18] [INFO] [1789471366.003792761] [lifecycle_manager_navigation]: Server behavior_server connected with bond.
[lifecycle_manager-18] [INFO] [1789471366.003928016] [lifecycle_manager_navigation]: [34m[1mActivating velocity_smoother[0m[0m
[velocity_smoother-15] [INFO] [1789471366.005932622] [velocity_smoother]: Activating
[velocity_smoother-15] [INFO] [1789471366.006067676] [velocity_smoother]: Creating bond (velocity_smoother) to lifecycle manager.
[robot_state_node-20] [INFO] [1789471366.016554195] [robot_state_node]: Robot state monitor up. Run run_20260915_132238, logging to /home/robojazzy/robofetch_ws_copy/robofetch_ws/logs/run_20260915_132238_robot.csv
[lifecycle_manager-18] [INFO] [1789471366.124351166] [lifecycle_manager_navigation]: Server velocity_smoother connected with bond.
[lifecycle_manager-18] [INFO] [1789471366.124429097] [lifecycle_manager_navigation]: [34m[1mActivating collision_monitor[0m[0m
[collision_monitor-16] [INFO] [1789471366.125145385] [collision_monitor]: Activating
[collision_monitor-16] [INFO] [1789471366.125184801] [collision_monitor]: Creating bond (collision_monitor) to lifecycle manager.
[lifecycle_manager-18] [INFO] [1789471366.242394659] [lifecycle_manager_navigation]: Server collision_monitor connected with bond.
[lifecycle_manager-18] [INFO] [1789471366.242456484] [lifecycle_manager_navigation]: [34m[1mActivating bt_navigator[0m[0m
[bt_navigator-13] [INFO] [1789471366.243179374] [bt_navigator]: Activating
[bt_navigator-13] [INFO] [1789471366.485574298] [bt_navigator]: Creating bond (bt_navigator) to lifecycle manager.
[lifecycle_manager-18] [INFO] [1789471366.597898190] [lifecycle_manager_navigation]: Server bt_navigator connected with bond.
[lifecycle_manager-18] [INFO] [1789471366.597958914] [lifecycle_manager_navigation]: [34m[1mActivating waypoint_follower[0m[0m
[waypoint_follower-14] [INFO] [1789471366.598333165] [waypoint_follower]: Activating
[waypoint_follower-14] [INFO] [1789471366.598366878] [waypoint_follower]: Creating bond (waypoint_follower) to lifecycle manager.
[lifecycle_manager-18] [INFO] [1789471366.716829240] [lifecycle_manager_navigation]: Server waypoint_follower connected with bond.
[lifecycle_manager-18] [INFO] [1789471366.716898167] [lifecycle_manager_navigation]: [34m[1mActivating docking_server[0m[0m
[opennav_docking-17] [INFO] [1789471366.717595948] [docking_server]: Activating docking_server
[opennav_docking-17] [INFO] [1789471366.750811612] [docking_server]: Creating bond (docking_server) to lifecycle manager.
[lifecycle_manager-18] [INFO] [1789471366.864081033] [lifecycle_manager_navigation]: Server docking_server connected with bond.
[lifecycle_manager-18] [INFO] [1789471366.864991844] [lifecycle_manager_navigation]: [34m[1mManaged nodes are active[0m[0m
[lifecycle_manager-18] [INFO] [1789471366.865028633] [lifecycle_manager_navigation]: [34m[1mCreating bond timer...[0m[0m
[INFO] [mission_executor-21]: process started with pid [169260]
[mission_executor-21] [INFO] [1789471369.539251561] [mission_executor]: mission run_20260915_132238: 3 scripted actions, scenario balanced, logging /home/robojazzy/robofetch_ws_copy/robofetch_ws/logs/run_20260915_132238_mission.csv
[mission_executor-21] [INFO] [1789471369.541410518] [mission_executor]: waiting for Nav2, telemetry and the sections ...
[amcl-6] [INFO] [1789471372.806471332] [amcl]: initialPoseReceived
[amcl-6] [INFO] [1789471372.806552302] [amcl]: Setting pose (9.324000): -5.225 -2.975 -0.000
[mission_executor-21] [INFO] [1789471375.904253263] [mission_executor]: localised; starting mission
[mission_executor-21] [INFO] [1789471375.917442040] [mission_executor]: [1] PICKUP:C from charger: predicted 11.3 m, 59 s, 0.15 Wh
[bt_navigator-13] [INFO] [1789471375.923528376] [bt_navigator]: Begin navigating from current location (-5.24, -2.98) to (6.03, -3.42)
[controller_server-8] [INFO] [1789471375.946353960] [controller_server]: Received a goal, begin computing control effort.
[controller_server-8] [WARN] [1789471375.946627781] [controller_server]: No goal checker was specified in parameter 'current_goal_checker'. Server will use only plugin loaded general_goal_checker . This warning will appear once.
[controller_server-8] [WARN] [1789471375.947182020] [controller_server]: No progress checker was specified in parameter 'current_progress_checker'. Server will use only plugin loaded progress_checker . This warning will appear once.
[parameter_bridge-4] [INFO] [1789471375.980726098] [ros_gz_bridge]: Passing message from ROS geometry_msgs/msg/Twist to Gazebo gz.msgs.Twist (showing msg only once per type)
[controller_server-8] [INFO] [1789471377.047458768] [controller_server]: Passing new path to controller.
[controller_server-8] [INFO] [1789471378.047447049] [controller_server]: Passing new path to controller.
[controller_server-8] [INFO] [1789471379.047489746] [controller_server]: Passing new path to controller.
[controller_server-8] [INFO] [1789471380.147520658] [controller_server]: Passing new path to controller.
[controller_server-8] [INFO] [1789471381.147522054] [controller_server]: Passing new path to controller.
[controller_server-8] [INFO] [1789471382.147457939] [controller_server]: Passing new path to controller.
[controller_server-8] [INFO] [1789471383.147475088] [controller_server]: Passing new path to controller.
[controller_server-8] [INFO] [1789471384.247500945] [controller_server]: Passing new path to controller.
[controller_server-8] [INFO] [1789471385.247509796] [controller_server]: Passing new path to controller.
[controller_server-8] [INFO] [1789471386.247592399] [controller_server]: Passing new path to controller.
[controller_server-8] [INFO] [1789471387.247474627] [controller_server]: Passing new path to controller.
[controller_server-8] [INFO] [1789471388.347464325] [controller_server]: Passing new path to controller.
[controller_server-8] [INFO] [1789471389.347587960] [controller_server]: Passing new path to controller.
[controller_server-8] [INFO] [1789471390.347530983] [controller_server]: Passing new path to controller.
[controller_server-8] [INFO] [1789471391.347836247] [controller_server]: Passing new path to controller.
[controller_server-8] [INFO] [1789471392.447477694] [controller_server]: Passing new path to controller.
[controller_server-8] [INFO] [1789471393.447448120] [controller_server]: Passing new path to controller.
[controller_server-8] [INFO] [1789471394.447467262] [controller_server]: Passing new path to controller.
[controller_server-8] [INFO] [1789471395.447464113] [controller_server]: Passing new path to controller.
[controller_server-8] [INFO] [1789471396.547526012] [controller_server]: Passing new path to controller.
[controller_server-8] [INFO] [1789471397.547536011] [controller_server]: Passing new path to controller.
[controller_server-8] [INFO] [1789471398.547529141] [controller_server]: Passing new path to controller.
[controller_server-8] [INFO] [1789471399.547538304] [controller_server]: Passing new path to controller.
[controller_server-8] [INFO] [1789471400.647473306] [controller_server]: Passing new path to controller.
[controller_server-8] [INFO] [1789471401.647457398] [controller_server]: Passing new path to controller.
[controller_server-8] [INFO] [1789471401.649258225] [controller_server]: Reached the goal!
[controller_server-8] [INFO] [1789471401.649773318] [controller_server]: Optimizer reset
[bt_navigator-13] [INFO] [1789471401.689830020] [bt_navigator]: Goal succeeded
[factory_node-19] [INFO] [1789471431.778877968] [factory]: pickup C: nothing taken, 0 left
[mission_executor-21] [INFO] [1789471432.982747764] [mission_executor]: [1] PICKUP:C done: nothing taken, 0 left | measured 11.3 m, 56 s, 0.15 Wh, battery 99.9 -> 99.2 %
[mission_executor-21] [INFO] [1789471432.985379244] [mission_executor]: [2] DELIVER from C: predicted 6.3 m, 46 s, 0.11 Wh
[bt_navigator-13] [INFO] [1789471432.987240317] [bt_navigator]: Begin navigating from current location (6.03, -3.35) to (-0.23, -3.98)
[controller_server-8] [INFO] [1789471433.008576113] [controller_server]: Received a goal, begin computing control effort.
[controller_server-8] [INFO] [1789471434.108836582] [controller_server]: Passing new path to controller.
[controller_server-8] [INFO] [1789471435.108791542] [controller_server]: Passing new path to controller.
[controller_server-8] [INFO] [1789471436.111755854] [controller_server]: Passing new path to controller.
[controller_server-8] [INFO] [1789471437.109933847] [controller_server]: Passing new path to controller.
[controller_server-8] [INFO] [1789471438.210925909] [controller_server]: Passing new path to controller.
[controller_server-8] [INFO] [1789471439.208943065] [controller_server]: Passing new path to controller.
[controller_server-8] [INFO] [1789471440.208861724] [controller_server]: Passing new path to controller.
[controller_server-8] [INFO] [1789471441.210523833] [controller_server]: Passing new path to controller.
[controller_server-8] [INFO] [1789471442.308797652] [controller_server]: Passing new path to controller.
[controller_server-8] [INFO] [1789471443.308864334] [controller_server]: Passing new path to controller.
[controller_server-8] [INFO] [1789471444.308793349] [controller_server]: Passing new path to controller.
[controller_server-8] [INFO] [1789471445.308791112] [controller_server]: Passing new path to controller.
[controller_server-8] [INFO] [1789471446.308837970] [controller_server]: Passing new path to controller.
[controller_server-8] [INFO] [1789471447.408792676] [controller_server]: Passing new path to controller.
[controller_server-8] [INFO] [1789471448.408814404] [controller_server]: Passing new path to controller.
[controller_server-8] [INFO] [1789471449.408793838] [controller_server]: Passing new path to controller.
[controller_server-8] [INFO] [1789471450.010684338] [controller_server]: Reached the goal!
[controller_server-8] [INFO] [1789471450.011027603] [controller_server]: Optimizer reset
[bt_navigator-13] [INFO] [1789471450.037900788] [bt_navigator]: Goal succeeded
[mission_executor-21] [INFO] [1789471481.404398642] [mission_executor]: [2] DELIVER done: delivered 0 units | measured 6.4 m, 48 s, 0.11 Wh, battery 99.2 -> 98.7 %
[mission_executor-21] [INFO] [1789471481.411500416] [mission_executor]: [3] CHARGE:100 from delivery: predicted 5.1 m, 75 s, 0.05 Wh
[bt_navigator-13] [INFO] [1789471481.413238512] [bt_navigator]: Begin navigating from current location (-0.13, -3.89) to (-5.22, -2.98)
[controller_server-8] [INFO] [1789471481.434246053] [controller_server]: Received a goal, begin computing control effort.
[controller_server-8] [INFO] [1789471482.534509015] [controller_server]: Passing new path to controller.
[controller_server-8] [INFO] [1789471483.534478952] [controller_server]: Passing new path to controller.
[controller_server-8] [INFO] [1789471484.534516257] [controller_server]: Passing new path to controller.
[controller_server-8] [INFO] [1789471485.634698737] [controller_server]: Passing new path to controller.
[controller_server-8] [INFO] [1789471486.634501437] [controller_server]: Passing new path to controller.
[controller_server-8] [INFO] [1789471487.634554218] [controller_server]: Passing new path to controller.
[controller_server-8] [INFO] [1789471488.634501603] [controller_server]: Passing new path to controller.
[controller_server-8] [INFO] [1789471489.734510407] [controller_server]: Passing new path to controller.
[controller_server-8] [INFO] [1789471490.734695909] [controller_server]: Passing new path to controller.
[controller_server-8] [INFO] [1789471491.734518766] [controller_server]: Passing new path to controller.
[controller_server-8] [INFO] [1789471492.734762670] [controller_server]: Passing new path to controller.
[controller_server-8] [INFO] [1789471493.834474481] [controller_server]: Passing new path to controller.
[controller_server-8] [INFO] [1789471494.834475787] [controller_server]: Passing new path to controller.
[controller_server-8] [INFO] [1789471495.834870891] [controller_server]: Passing new path to controller.
[controller_server-8] [INFO] [1789471495.836767109] [controller_server]: Reached the goal!
[controller_server-8] [INFO] [1789471495.837086695] [controller_server]: Optimizer reset
[bt_navigator-13] [INFO] [1789471495.874647361] [bt_navigator]: Goal succeeded
