[INFO] [launch]: All log files can be found below /home/robojazzy/.ros/log/2026-09-15-19-49-45-129888-DESKTOP-NOCCT0U-181148
[INFO] [launch]: Default logging verbosity is set to INFO
[INFO] [gazebo-1]: process started with pid [181164]
[INFO] [robot_state_publisher-2]: process started with pid [181165]
[INFO] [create-3]: process started with pid [181166]
[INFO] [parameter_bridge-4]: process started with pid [181168]
[INFO] [map_server-5]: process started with pid [181169]
[INFO] [amcl-6]: process started with pid [181170]
[INFO] [lifecycle_manager-7]: process started with pid [181171]
[INFO] [controller_server-8]: process started with pid [181172]
[INFO] [smoother_server-9]: process started with pid [181173]
[INFO] [planner_server-10]: process started with pid [181174]
[INFO] [route_server-11]: process started with pid [181175]
[INFO] [behavior_server-12]: process started with pid [181176]
[INFO] [bt_navigator-13]: process started with pid [181177]
[INFO] [waypoint_follower-14]: process started with pid [181178]
[INFO] [velocity_smoother-15]: process started with pid [181179]
[INFO] [collision_monitor-16]: process started with pid [181180]
[INFO] [opennav_docking-17]: process started with pid [181181]
[INFO] [lifecycle_manager-18]: process started with pid [181186]
[robot_state_publisher-2] [INFO] [1789494586.456599236] [robot_state_publisher]: Robot initialized
[waypoint_follower-14] [INFO] [1789494586.482025493] [waypoint_follower]: 
[waypoint_follower-14] 	waypoint_follower lifecycle node launched. 
[waypoint_follower-14] 	Waiting on external lifecycle transitions to activate
[waypoint_follower-14] 	See https://design.ros2.org/articles/node_lifecycle.html for more information.
[create-3] [INFO] [1789494586.485612241] [ros_gz_sim]: Requesting list of world names.
[waypoint_follower-14] [INFO] [1789494586.485922916] [waypoint_follower]: Creating
[map_server-5] [INFO] [1789494586.581444425] [map_server]: 
[map_server-5] 	map_server lifecycle node launched. 
[map_server-5] 	Waiting on external lifecycle transitions to activate
[map_server-5] 	See https://design.ros2.org/articles/node_lifecycle.html for more information.
[map_server-5] [INFO] [1789494586.581680349] [map_server]: Creating
[controller_server-8] [INFO] [1789494586.599538127] [controller_server]: 
[controller_server-8] 	controller_server lifecycle node launched. 
[controller_server-8] 	Waiting on external lifecycle transitions to activate
[controller_server-8] 	See https://design.ros2.org/articles/node_lifecycle.html for more information.
[controller_server-8] [INFO] [1789494586.651141172] [controller_server]: Creating controller server
[velocity_smoother-15] [INFO] [1789494586.666065345] [velocity_smoother]: 
[velocity_smoother-15] 	velocity_smoother lifecycle node launched. 
[velocity_smoother-15] 	Waiting on external lifecycle transitions to activate
[velocity_smoother-15] 	See https://design.ros2.org/articles/node_lifecycle.html for more information.
[planner_server-10] [INFO] [1789494586.710044275] [planner_server]: 
[planner_server-10] 	planner_server lifecycle node launched. 
[planner_server-10] 	Waiting on external lifecycle transitions to activate
[planner_server-10] 	See https://design.ros2.org/articles/node_lifecycle.html for more information.
[planner_server-10] [INFO] [1789494586.723569404] [planner_server]: Creating
[lifecycle_manager-7] [INFO] [1789494586.730569049] [lifecycle_manager_localization]: Creating
[collision_monitor-16] [INFO] [1789494586.742182240] [collision_monitor]: 
[collision_monitor-16] 	collision_monitor lifecycle node launched. 
[collision_monitor-16] 	Waiting on external lifecycle transitions to activate
[collision_monitor-16] 	See https://design.ros2.org/articles/node_lifecycle.html for more information.
[smoother_server-9] [INFO] [1789494586.760248275] [smoother_server]: 
[smoother_server-9] 	smoother_server lifecycle node launched. 
[smoother_server-9] 	Waiting on external lifecycle transitions to activate
[smoother_server-9] 	See https://design.ros2.org/articles/node_lifecycle.html for more information.
[smoother_server-9] [INFO] [1789494586.767166731] [smoother_server]: Creating smoother server
[lifecycle_manager-7] [INFO] [1789494586.781762723] [lifecycle_manager_localization]: [34m[1mCreating and initializing lifecycle service clients[0m[0m
[controller_server-8] [INFO] [1789494586.886356285] [local_costmap.local_costmap]: 
[controller_server-8] 	local_costmap lifecycle node launched. 
[controller_server-8] 	Waiting on external lifecycle transitions to activate
[controller_server-8] 	See https://design.ros2.org/articles/node_lifecycle.html for more information.
[controller_server-8] [INFO] [1789494586.889050345] [local_costmap.local_costmap]: Creating Costmap
[lifecycle_manager-18] [INFO] [1789494586.893591855] [lifecycle_manager_navigation]: Creating
[bt_navigator-13] [INFO] [1789494586.909080233] [bt_navigator]: 
[bt_navigator-13] 	bt_navigator lifecycle node launched. 
[bt_navigator-13] 	Waiting on external lifecycle transitions to activate
[bt_navigator-13] 	See https://design.ros2.org/articles/node_lifecycle.html for more information.
[behavior_server-12] [INFO] [1789494586.912358318] [behavior_server]: 
[behavior_server-12] 	behavior_server lifecycle node launched. 
[behavior_server-12] 	Waiting on external lifecycle transitions to activate
[behavior_server-12] 	See https://design.ros2.org/articles/node_lifecycle.html for more information.
[bt_navigator-13] [INFO] [1789494586.925814732] [bt_navigator]: Creating
[route_server-11] [INFO] [1789494586.926601280] [route_server]: 
[route_server-11] 	route_server lifecycle node launched. 
[route_server-11] 	Waiting on external lifecycle transitions to activate
[route_server-11] 	See https://design.ros2.org/articles/node_lifecycle.html for more information.
[lifecycle_manager-18] [INFO] [1789494586.941420016] [lifecycle_manager_navigation]: [34m[1mCreating and initializing lifecycle service clients[0m[0m
[amcl-6] [INFO] [1789494586.981629898] [amcl]: 
[amcl-6] 	amcl lifecycle node launched. 
[amcl-6] 	Waiting on external lifecycle transitions to activate
[amcl-6] 	See https://design.ros2.org/articles/node_lifecycle.html for more information.
[amcl-6] [INFO] [1789494586.982543211] [amcl]: Creating
[planner_server-10] [INFO] [1789494587.014363733] [global_costmap.global_costmap]: 
[planner_server-10] 	global_costmap lifecycle node launched. 
[planner_server-10] 	Waiting on external lifecycle transitions to activate
[planner_server-10] 	See https://design.ros2.org/articles/node_lifecycle.html for more information.
[planner_server-10] [INFO] [1789494587.021851606] [global_costmap.global_costmap]: Creating Costmap
[opennav_docking-17] [INFO] [1789494587.033562336] [docking_server]: 
[opennav_docking-17] 	docking_server lifecycle node launched. 
[opennav_docking-17] 	Waiting on external lifecycle transitions to activate
[opennav_docking-17] 	See https://design.ros2.org/articles/node_lifecycle.html for more information.
[opennav_docking-17] [INFO] [1789494587.038277295] [docking_server]: Creating docking_server
[parameter_bridge-4] [INFO] [1789494587.536772886] [ros_gz_bridge]: Creating ROS->GZ Bridge: [cmd_vel (geometry_msgs/msg/Twist) -> cmd_vel (gz.msgs.Twist)] (Lazy 0)
[parameter_bridge-4] [INFO] [1789494587.543525574] [ros_gz_bridge]: Creating GZ->ROS Bridge: [odom (gz.msgs.Odometry) -> odom (nav_msgs/msg/Odometry)] (Lazy 0)
[parameter_bridge-4] [INFO] [1789494587.644328928] [ros_gz_bridge]: Creating GZ->ROS Bridge: [tf (gz.msgs.Pose_V) -> tf (tf2_msgs/msg/TFMessage)] (Lazy 0)
[parameter_bridge-4] [INFO] [1789494587.652545143] [ros_gz_bridge]: Creating GZ->ROS Bridge: [joint_states (gz.msgs.Model) -> joint_states (sensor_msgs/msg/JointState)] (Lazy 0)
[gazebo-1] [1;32m[Msg] [0m[1;32mGazebo Sim Server v[0m[1;32m8.11.0[0m[1;32m[0m
[gazebo-1] [1;32m[Msg] [0m[1;32mLoading SDF world file[[0m[1;32m/home/robojazzy/robofetch_ws_copy/robofetch_ws/install/robofetch_gazebo/share/robofetch_gazebo/worlds/factory_maze.sdf[0m[1;32m].[0m
[gazebo-1] [1;32m[Msg] [0m[1;32mServing entity system service on [[0m[1;32m/[0m[1;32mentity/system/add[0m[1;32m][0m[1;32m[0m
[gazebo-1] [1;36m[Dbg] [Physics.cc:906] [0m[1;36mLoaded [[0m[1;36mgz::physics::dartsim::Plugin[0m[1;36m] from library [[0m[1;36m/opt/ros/jazzy/opt/gz_physics_vendor/lib/gz-physics-7/engine-plugins/libgz-physics-dartsim-plugin.so[0m[1;36m][0m[1;36m[0m
[gazebo-1] [1;36m[Dbg] [SystemManager.cc:80] [0m[1;36mLoaded system [[0m[1;36mgz::sim::systems::Physics[0m[1;36m] for entity [[0m[1;36m1[0m[1;36m][0m[1;36m[0m
[gazebo-1] [1;36m[Dbg] [SystemManager.cc:80] [0m[1;36mLoaded system [[0m[1;36mgz::sim::systems::SceneBroadcaster[0m[1;36m] for entity [[0m[1;36m1[0m[1;36m][0m[1;36m[0m
[gazebo-1] [1;32m[Msg] [0m[1;32mCreate[0m[1;32m service on [[0m[1;32m/world/factory_maze/create_multiple[0m[1;32m] (async)[0m[1;32m[0m
[gazebo-1] [1;32m[Msg] [0m[1;32mCreate[0m[1;32m service on [[0m[1;32m/world/factory_maze/create_multiple/blocking[0m[1;32m] (blocking)[0m[1;32m[0m
[gazebo-1] [1;32m[Msg] [0m[1;32mRemove[0m[1;32m service on [[0m[1;32m/world/factory_maze/remove[0m[1;32m] (async)[0m[1;32m[0m
[gazebo-1] [1;32m[Msg] [0m[1;32mRemove[0m[1;32m service on [[0m[1;32m/world/factory_maze/remove/blocking[0m[1;32m] (blocking)[0m[1;32m[0m
[gazebo-1] [1;32m[Msg] [0m[1;32mPose[0m[1;32m service on [[0m[1;32m/world/factory_maze/set_pose[0m[1;32m] (async)[0m[1;32m[0m
[gazebo-1] [1;32m[Msg] [0m[1;32mPose[0m[1;32m service on [[0m[1;32m/world/factory_maze/set_pose/blocking[0m[1;32m] (blocking)[0m[1;32m[0m
[gazebo-1] [1;32m[Msg] [0m[1;32mPose[0m[1;32m service on [[0m[1;32m/world/factory_maze/set_pose_vector[0m[1;32m] (async)[0m[1;32m[0m
[gazebo-1] [1;32m[Msg] [0m[1;32mPose[0m[1;32m service on [[0m[1;32m/world/factory_maze/set_pose_vector/blocking[0m[1;32m] (blocking)[0m[1;32m[0m
[gazebo-1] [1;32m[Msg] [0m[1;32mLight configuration[0m[1;32m service on [[0m[1;32m/world/factory_maze/light_config[0m[1;32m] (async)[0m[1;32m[0m
[gazebo-1] [1;32m[Msg] [0m[1;32mLight configuration[0m[1;32m service on [[0m[1;32m/world/factory_maze/light_config/blocking[0m[1;32m] (blocking)[0m[1;32m[0m
[gazebo-1] [1;32m[Msg] [0m[1;32mPhysics[0m[1;32m service on [[0m[1;32m/world/factory_maze/set_physics[0m[1;32m] (async)[0m[1;32m[0m
[gazebo-1] [1;32m[Msg] [0m[1;32mPhysics[0m[1;32m service on [[0m[1;32m/world/factory_maze/set_physics/blocking[0m[1;32m] (blocking)[0m[1;32m[0m
[gazebo-1] [1;32m[Msg] [0m[1;32mSphericalCoordinates[0m[1;32m service on [[0m[1;32m/world/factory_maze/set_spherical_coordinates[0m[1;32m] (async)[0m[1;32m[0m
[gazebo-1] [1;32m[Msg] [0m[1;32mSphericalCoordinates[0m[1;32m service on [[0m[1;32m/world/factory_maze/set_spherical_coordinates/blocking[0m[1;32m] (blocking)[0m[1;32m[0m
[gazebo-1] [1;32m[Msg] [0m[1;32mEnable collision[0m[1;32m service on [[0m[1;32m/world/factory_maze/enable_collision[0m[1;32m] (async)[0m[1;32m[0m
[gazebo-1] [1;32m[Msg] [0m[1;32mEnable collision[0m[1;32m service on [[0m[1;32m/world/factory_maze/enable_collision/blocking[0m[1;32m] (blocking)[0m[1;32m[0m
[gazebo-1] [1;32m[Msg] [0m[1;32mDisable collision[0m[1;32m service on [[0m[1;32m/world/factory_maze/disable_collision[0m[1;32m] (async)[0m[1;32m[0m
[gazebo-1] [1;32m[Msg] [0m[1;32mDisable collision[0m[1;32m service on [[0m[1;32m/world/factory_maze/disable_collision/blocking[0m[1;32m] (blocking)[0m[1;32m[0m
[gazebo-1] [1;32m[Msg] [0m[1;32mMaterial[0m[1;32m service on [[0m[1;32m/world/factory_maze/visual_config[0m[1;32m] (async)[0m[1;32m[0m
[gazebo-1] [1;32m[Msg] [0m[1;32mMaterial[0m[1;32m service on [[0m[1;32m/world/factory_maze/visual_config/blocking[0m[1;32m] (blocking)[0m[1;32m[0m
[gazebo-1] [1;32m[Msg] [0m[1;32mMaterial[0m[1;32m service on [[0m[1;32m/world/factory_maze/wheel_slip[0m[1;32m] (async)[0m[1;32m[0m
[parameter_bridge-4] [INFO] [1789494587.660643942] [ros_gz_bridge]: Creating GZ->ROS Bridge: [scan (gz.msgs.LaserScan) -> scan (sensor_msgs/msg/LaserScan)] (Lazy 0)
[parameter_bridge-4] [INFO] [1789494587.667305977] [ros_gz_bridge]: Creating GZ->ROS Bridge: [clock (gz.msgs.Clock) -> clock (rosgraph_msgs/msg/Clock)] (Lazy 0)
[parameter_bridge-4] [INFO] [1789494587.671908350] [ros_gz_bridge]: Creating GZ->ROS Bridge: [/model/robofetch/pose (gz.msgs.Pose) -> /model/robofetch/pose (geometry_msgs/msg/Pose)] (Lazy 0)
[create-3] [INFO] [1789494587.813325009] [ros_gz_sim]: Waiting messages on topic [/robot_description].
[lifecycle_manager-7] [INFO] [1789494587.820392290] [lifecycle_manager_localization]: [34m[1mStarting managed nodes bringup...[0m[0m
[lifecycle_manager-7] [INFO] [1789494587.820631941] [lifecycle_manager_localization]: [34m[1mConfiguring map_server[0m[0m
[map_server-5] [INFO] [1789494587.821239016] [map_server]: Configuring
[map_server-5] [INFO] [1789494587.821351597] [map_io]: Loading yaml file: /home/robojazzy/robofetch_ws_copy/robofetch_ws/install/robofetch_nav/share/robofetch_nav/maps/factory_maze.yaml
[map_server-5] [INFO] [1789494587.821777777] [map_io]: resolution: 0.05
[map_server-5] [INFO] [1789494587.821802124] [map_io]: origin[0]: -7.75
[map_server-5] [INFO] [1789494587.822387065] [map_io]: origin[1]: -5.5
[map_server-5] [INFO] [1789494587.822408998] [map_io]: origin[2]: 0
[map_server-5] [INFO] [1789494587.822417248] [map_io]: free_thresh: 0.196
[map_server-5] [INFO] [1789494587.822423285] [map_io]: occupied_thresh: 0.65
[map_server-5] [INFO] [1789494587.822434754] [map_io]: mode: trinary
[map_server-5] [INFO] [1789494587.822441696] [map_io]: negate: 0
[map_server-5] [INFO] [1789494587.822956009] [map_io]: Loading image_file: /home/robojazzy/robofetch_ws_copy/robofetch_ws/install/robofetch_nav/share/robofetch_nav/maps/factory_maze.pgm
[map_server-5] [INFO] [1789494587.828028515] [map_io]: Read map /home/robojazzy/robofetch_ws_copy/robofetch_ws/install/robofetch_nav/share/robofetch_nav/maps/factory_maze.pgm: 310 X 220 map @ 0.05 m/cell
[create-3] [INFO] [1789494587.828490210] [ros_gz_sim]: Entity creation successful.
[lifecycle_manager-18] [INFO] [1789494587.850587273] [lifecycle_manager_navigation]: [34m[1mStarting managed nodes bringup...[0m[0m
[lifecycle_manager-18] [INFO] [1789494587.850689290] [lifecycle_manager_navigation]: [34m[1mConfiguring controller_server[0m[0m
[controller_server-8] [INFO] [1789494587.851507041] [controller_server]: Configuring controller interface
[controller_server-8] [INFO] [1789494587.851546982] [controller_server]: getting progress checker plugins..
[controller_server-8] [INFO] [1789494587.854135653] [controller_server]: getting goal checker plugins..
[controller_server-8] [INFO] [1789494587.854774319] [controller_server]: Controller frequency set to 10.0000Hz
[controller_server-8] [INFO] [1789494587.854851486] [local_costmap.local_costmap]: Configuring
[lifecycle_manager-7] [INFO] [1789494587.854914266] [lifecycle_manager_localization]: [34m[1mConfiguring amcl[0m[0m
[amcl-6] [INFO] [1789494587.855399000] [amcl]: Configuring
[amcl-6] [INFO] [1789494587.855489548] [amcl]: initTransforms
[amcl-6] [INFO] [1789494587.886128821] [amcl]: initPubSub
[controller_server-8] [INFO] [1789494587.889411090] [local_costmap.local_costmap]: Using plugin "voxel_layer"
[controller_server-8] [INFO] [1789494587.898514094] [local_costmap.local_costmap]: Subscribed to Topics: scan
[amcl-6] [INFO] [1789494587.913136409] [amcl]: Subscribed to map topic.
[lifecycle_manager-7] [INFO] [1789494587.930200304] [lifecycle_manager_localization]: [34m[1mActivating map_server[0m[0m
[map_server-5] [INFO] [1789494587.930876497] [map_server]: Activating
[map_server-5] [INFO] [1789494587.931353082] [map_server]: Creating bond (map_server) to lifecycle manager.
[amcl-6] [INFO] [1789494587.932093464] [amcl]: Received a 310 X 220 map @ 0.050 m/pix
[controller_server-8] [INFO] [1789494587.936071343] [local_costmap.local_costmap]: Initialized plugin "voxel_layer"
[controller_server-8] [INFO] [1789494587.936182617] [local_costmap.local_costmap]: Using plugin "inflation_layer"
[controller_server-8] [INFO] [1789494587.940370166] [local_costmap.local_costmap]: Initialized plugin "inflation_layer"
[INFO] [create-3]: process has finished cleanly [pid 181166]
[controller_server-8] [INFO] [1789494588.015832459] [controller_server]: Created progress_checker : progress_checker of type nav2_controller::SimpleProgressChecker
[controller_server-8] [INFO] [1789494588.016675602] [controller_server]: Controller Server has progress_checker  progress checkers available.
[controller_server-8] [INFO] [1789494588.017980457] [controller_server]: Created goal checker : general_goal_checker of type nav2_controller::SimpleGoalChecker
[controller_server-8] [INFO] [1789494588.018945208] [controller_server]: Controller Server has general_goal_checker  goal checkers available.
[controller_server-8] [INFO] [1789494588.021715083] [controller_server]: Created controller : FollowPath of type nav2_mppi_controller::MPPIController
[controller_server-8] [INFO] [1789494588.038506169] [controller_server]: Controller period is equal to model dt. Control sequence shifting is ON
[lifecycle_manager-7] [INFO] [1789494588.044477082] [lifecycle_manager_localization]: Server map_server connected with bond.
[lifecycle_manager-7] [INFO] [1789494588.044581882] [lifecycle_manager_localization]: [34m[1mActivating amcl[0m[0m
[amcl-6] [INFO] [1789494588.045117843] [amcl]: Activating
[amcl-6] [INFO] [1789494588.045182997] [amcl]: initialPoseReceived
[amcl-6] [INFO] [1789494588.048999782] [amcl]: Setting pose (0.000000): -5.225 -2.975 0.000
[amcl-6] [INFO] [1789494588.049862007] [amcl]: Creating bond (amcl) to lifecycle manager.
[controller_server-8] [INFO] [1789494588.052322822] [controller_server]: ConstraintCritic instantiated with 1 power and 4.000000 weight.
[controller_server-8] [INFO] [1789494588.052377595] [controller_server]: Critic loaded : mppi::critics::ConstraintCritic
[controller_server-8] [INFO] [1789494588.055480654] [controller_server]: InflationCostCritic instantiated with 1 power and 300.000000 / 0.015000 weights. Critic will collision check based on circular cost.
[controller_server-8] [INFO] [1789494588.055577643] [controller_server]: Critic loaded : mppi::critics::CostCritic
[controller_server-8] [INFO] [1789494588.056925704] [controller_server]: GoalCritic instantiated with 1 power and 5.000000 weight.
[controller_server-8] [INFO] [1789494588.056963768] [controller_server]: Critic loaded : mppi::critics::GoalCritic
[controller_server-8] [INFO] [1789494588.058398634] [controller_server]: GoalAngleCritic instantiated with 1 power, 3.000000 weight, 0.500000 angular threshold and symmetric_yaw_tolerance disabled
[controller_server-8] [INFO] [1789494588.058444607] [controller_server]: Critic loaded : mppi::critics::GoalAngleCritic
[controller_server-8] [INFO] [1789494588.060976409] [controller_server]: ReferenceTrajectoryCritic instantiated with 1 power and 14.000000 weight
[controller_server-8] [INFO] [1789494588.061053625] [controller_server]: Critic loaded : mppi::critics::PathAlignCritic
[controller_server-8] [INFO] [1789494588.062515284] [controller_server]: Critic loaded : mppi::critics::PathFollowCritic
[controller_server-8] [INFO] [1789494588.063893301] [controller_server]: PathAngleCritic instantiated with 1 power and 2.000000 weight. Mode set to: Forward Preference
[controller_server-8] [INFO] [1789494588.063937792] [controller_server]: Critic loaded : mppi::critics::PathAngleCritic
[controller_server-8] [INFO] [1789494588.064568666] [controller_server]: PreferForwardCritic instantiated with 1 power and 5.000000 weight.
[controller_server-8] [INFO] [1789494588.064595261] [controller_server]: Critic loaded : mppi::critics::PreferForwardCritic
[controller_server-8] [INFO] [1789494588.066558278] [controller_server]: Optimizer reset
[controller_server-8] [INFO] [1789494588.077613855] [MPPIController]: Configured MPPI Controller: FollowPath
[controller_server-8] [INFO] [1789494588.077744360] [controller_server]: Controller Server has FollowPath  controllers available.
[lifecycle_manager-18] [INFO] [1789494588.113009852] [lifecycle_manager_navigation]: [34m[1mConfiguring smoother_server[0m[0m
[smoother_server-9] [INFO] [1789494588.113792785] [smoother_server]: Configuring smoother server
[smoother_server-9] [INFO] [1789494588.153234742] [smoother_server]: Created smoother : simple_smoother of type nav2_smoother::SimpleSmoother
[smoother_server-9] [INFO] [1789494588.157699011] [smoother_server]: Smoother Server has simple_smoother  smoothers available.
[lifecycle_manager-7] [INFO] [1789494588.169336028] [lifecycle_manager_localization]: Server amcl connected with bond.
[lifecycle_manager-7] [INFO] [1789494588.169418682] [lifecycle_manager_localization]: [34m[1mManaged nodes are active[0m[0m
[lifecycle_manager-7] [INFO] [1789494588.169435094] [lifecycle_manager_localization]: [34m[1mCreating bond timer...[0m[0m
[lifecycle_manager-18] [INFO] [1789494588.177878488] [lifecycle_manager_navigation]: [34m[1mConfiguring planner_server[0m[0m
[planner_server-10] [INFO] [1789494588.178458841] [planner_server]: Configuring
[planner_server-10] [INFO] [1789494588.178494335] [global_costmap.global_costmap]: Configuring
[planner_server-10] [INFO] [1789494588.199455954] [global_costmap.global_costmap]: Using plugin "static_layer"
[planner_server-10] [INFO] [1789494588.206851154] [global_costmap.global_costmap]: Subscribing to the map topic (/map) with transient local durability
[planner_server-10] [INFO] [1789494588.211477962] [global_costmap.global_costmap]: Initialized plugin "static_layer"
[planner_server-10] [INFO] [1789494588.211563680] [global_costmap.global_costmap]: Using plugin "obstacle_layer"
[planner_server-10] [INFO] [1789494588.214549482] [global_costmap.global_costmap]: Subscribed to Topics: scan
[planner_server-10] [INFO] [1789494588.226288828] [global_costmap.global_costmap]: Initialized plugin "obstacle_layer"
[planner_server-10] [INFO] [1789494588.226346368] [global_costmap.global_costmap]: Using plugin "inflation_layer"
[planner_server-10] [INFO] [1789494588.228784148] [global_costmap.global_costmap]: Initialized plugin "inflation_layer"
[planner_server-10] [INFO] [1789494588.316188475] [global_costmap.global_costmap]: StaticLayer: Resizing costmap to 310 X 220 at 0.050000 m/pix
[planner_server-10] [INFO] [1789494588.316951140] [planner_server]: Created global planner plugin GridBased of type nav2_navfn_planner::NavfnPlanner
[planner_server-10] [INFO] [1789494588.317015898] [planner_server]: Configuring plugin GridBased of type NavfnPlanner
[planner_server-10] [INFO] [1789494588.320440970] [planner_server]: Planner Server has GridBased  planners available.
[lifecycle_manager-18] [INFO] [1789494588.362438161] [lifecycle_manager_navigation]: [34m[1mConfiguring route_server[0m[0m
[route_server-11] [INFO] [1789494588.363225938] [route_server]: Configuring
[route_server-11] [INFO] [1789494588.433978286] [route_server]: Created GraphFileLoader GeoJsonGraphFileLoader of type nav2_route::GeoJsonGraphFileLoader
[route_server-11] [INFO] [1789494588.434033454] [route_server]: Configuring geojson graph file loader
[route_server-11] [INFO] [1789494588.434043242] [route_server]: Loading graph file from /opt/ros/jazzy/share/nav2_route/graphs/sample_graph.geojson, by parser nav2_route::GeoJsonGraphFileLoader
[route_server-11] [INFO] [1789494588.441110795] [route_server]: Created edge cost function plugin DistanceScorer of type nav2_route::DistanceScorer
[route_server-11] [INFO] [1789494588.441184946] [route_server]: Configuring distance scorer.
[route_server-11] [INFO] [1789494588.442168877] [route_server]: Created edge cost function plugin CostmapScorer of type nav2_route::CostmapScorer
[route_server-11] [INFO] [1789494588.442230372] [route_server]: Configuring costmap scorer.
[route_server-11] [INFO] [1789494588.455439582] [route_server]: Created route operation AdjustSpeedLimit of type nav2_route::AdjustSpeedLimit
[route_server-11] [INFO] [1789494588.455503846] [route_server]: Configuring Adjust speed limit operation.
[route_server-11] [INFO] [1789494588.459867765] [route_server]: Created route operation ReroutingService of type nav2_route::ReroutingService
[route_server-11] [INFO] [1789494588.459971576] [route_server]: Configuring Rerouting service operation.
[route_server-11] [INFO] [1789494588.464958954] [route_server]: Created route operation CollisionMonitor of type nav2_route::CollisionMonitor
[route_server-11] [INFO] [1789494588.466623291] [route_server]: Using costmap topic: local_costmap/costmap_raw instead of server costmap topic: global_costmap/costmap_raw for CollisionMonitor.
[lifecycle_manager-18] [INFO] [1789494588.477843483] [lifecycle_manager_navigation]: [34m[1mConfiguring behavior_server[0m[0m
[behavior_server-12] [INFO] [1789494588.478407918] [behavior_server]: Configuring
[behavior_server-12] [INFO] [1789494588.494163563] [behavior_server]: Creating behavior plugin spin of type nav2_behaviors::Spin
[behavior_server-12] [INFO] [1789494588.496588193] [behavior_server]: Creating behavior plugin backup of type nav2_behaviors::BackUp
[behavior_server-12] [INFO] [1789494588.498599951] [behavior_server]: Creating behavior plugin drive_on_heading of type nav2_behaviors::DriveOnHeading
[behavior_server-12] [INFO] [1789494588.501356974] [behavior_server]: Creating behavior plugin assisted_teleop of type nav2_behaviors::AssistedTeleop
[behavior_server-12] [INFO] [1789494588.504620100] [behavior_server]: Creating behavior plugin wait of type nav2_behaviors::Wait
[behavior_server-12] [INFO] [1789494588.521867361] [behavior_server]: Configuring spin
[behavior_server-12] [INFO] [1789494588.555431539] [behavior_server]: Configuring backup
[behavior_server-12] [INFO] [1789494588.570712224] [behavior_server]: Configuring drive_on_heading
[behavior_server-12] [INFO] [1789494588.584896961] [behavior_server]: Configuring assisted_teleop
[behavior_server-12] [INFO] [1789494588.606855660] [behavior_server]: Configuring wait
[lifecycle_manager-18] [INFO] [1789494588.623900045] [lifecycle_manager_navigation]: [34m[1mConfiguring velocity_smoother[0m[0m
[velocity_smoother-15] [INFO] [1789494588.624319244] [velocity_smoother]: Configuring velocity smoother
[lifecycle_manager-18] [INFO] [1789494588.638720105] [lifecycle_manager_navigation]: [34m[1mConfiguring collision_monitor[0m[0m
[collision_monitor-16] [INFO] [1789494588.639106480] [collision_monitor]: Configuring
[collision_monitor-16] [INFO] [1789494588.657314537] [collision_monitor]: [scan]: Creating Scan
[collision_monitor-16] [INFO] [1789494588.664257220] [collision_monitor]: [FootprintApproach]: Creating Polygon
[collision_monitor-16] [INFO] [1789494588.665495240] [collision_monitor]: [FootprintApproach]: Polygon points are not defined. Using dynamic subscription instead.
[collision_monitor-16] [INFO] [1789494588.671407920] [collision_monitor]: [FootprintApproach]: Making footprint subscriber on /local_costmap/published_footprint topic
[lifecycle_manager-18] [INFO] [1789494588.696638149] [lifecycle_manager_navigation]: [34m[1mConfiguring bt_navigator[0m[0m
[bt_navigator-13] [INFO] [1789494588.697156611] [bt_navigator]: Configuring
[bt_navigator-13] [INFO] [1789494588.713997329] [bt_navigator]: Creating navigator id navigate_to_pose of type nav2_bt_navigator::NavigateToPoseNavigator
[bt_navigator-13] [INFO] [1789494588.900518634] [bt_navigator]: Creating navigator id navigate_through_poses of type nav2_bt_navigator::NavigateThroughPosesNavigator
[lifecycle_manager-18] [INFO] [1789494588.992439828] [lifecycle_manager_navigation]: [34m[1mConfiguring waypoint_follower[0m[0m
[waypoint_follower-14] [INFO] [1789494588.993023344] [waypoint_follower]: Configuring
[waypoint_follower-14] [INFO] [1789494589.073107968] [waypoint_follower]: Created waypoint_task_executor : wait_at_waypoint of type nav2_waypoint_follower::WaitAtWaypoint
[lifecycle_manager-18] [INFO] [1789494589.075202751] [lifecycle_manager_navigation]: [34m[1mConfiguring docking_server[0m[0m
[opennav_docking-17] [INFO] [1789494589.076162745] [docking_server]: Configuring docking_server
[opennav_docking-17] [INFO] [1789494589.076222100] [docking_server]: Controller frequency set to 50.0000Hz
[opennav_docking-17] [INFO] [1789494589.146057367] [docking_server]: Created charging dock plugin simple_charging_dock of type opennav_docking::SimpleChargingDock
[opennav_docking-17] [WARN] [1789494589.160335883] [docking_server]: Dock database filepath nor dock parameters set. Docking actions can only be executed specifying the dock pose via the action request. Or update the dock database via the reload_database service.
[opennav_docking-17] [INFO] [1789494589.160402076] [docking_server]: Docking Server has 1 dock types and 0 dock instances available.
[lifecycle_manager-18] [INFO] [1789494589.163761657] [lifecycle_manager_navigation]: [34m[1mActivating controller_server[0m[0m
[controller_server-8] [INFO] [1789494589.164179623] [controller_server]: Activating
[controller_server-8] [INFO] [1789494589.164227583] [local_costmap.local_costmap]: Activating
[controller_server-8] [INFO] [1789494589.164247797] [local_costmap.local_costmap]: Checking transform
[controller_server-8] [INFO] [1789494589.164304477] [local_costmap.local_costmap]: Timed out waiting for transform from base_footprint to odom to become available, tf error: Invalid frame ID "odom" passed to canTransform argument target_frame - frame does not exist
[gazebo-1] [1;32m[Msg] [0m[1;32mMaterial[0m[1;32m service on [[0m[1;32m/world/factory_maze/wheel_slip/blocking[0m[1;32m] (blocking)[0m[1;32m[0m
[gazebo-1] [1;36m[Dbg] [SystemManager.cc:80] [0m[1;36mLoaded system [[0m[1;36mgz::sim::systems::UserCommands[0m[1;36m] for entity [[0m[1;36m1[0m[1;36m][0m[1;36m[0m
[gazebo-1] [1;36m[Dbg] [SystemManager.cc:80] [0m[1;36mLoaded system [[0m[1;36mgz::sim::systems::Contact[0m[1;36m] for entity [[0m[1;36m1[0m[1;36m][0m[1;36m[0m
[gazebo-1] [1;36m[Dbg] [Sensors.cc:697] [0m[1;36mConfiguring Sensors system[0m[1;36m[0m
[gazebo-1] [1;36m[Dbg] [Sensors.cc:557] [0m[1;36mSensorsPrivate::Run[0m[1;36m[0m
[gazebo-1] [1;36m[Dbg] [SystemManager.cc:80] [0m[1;36mLoaded system [[0m[1;36mgz::sim::systems::Sensors[0m[1;36m] for entity [[0m[1;36m1[0m[1;36m][0m[1;36m[0m
[gazebo-1] [1;36m[Dbg] [Sensors.cc:532] [0m[1;36mSensorsPrivate::RenderThread started[0m[1;36m[0m
[gazebo-1] [1;36m[Dbg] [Sensors.cc:337] [0m[1;36mWaiting for init[0m[1;36m[0m
[gazebo-1] [1;32m[Msg] [0m[1;32mLoaded level [[0m[1;32mdefault[0m[1;32m][0m[1;32m[0m
[gazebo-1] [1;32m[Msg] [0m[1;32mServing world controls on [[0m[1;32m/world/factory_maze[0m[1;32m/control], [[0m[1;32m/world/factory_maze[0m[1;32m/control/state] and [[0m[1;32m/world/factory_maze[0m[1;32m/playback/control][0m[1;32m[0m
[gazebo-1] [1;32m[Msg] [0m[1;32mServing GUI information on [[0m[1;32m/world/factory_maze[0m[1;32m/[0m[1;32mgui/info[0m[1;32m][0m[1;32m[0m
[gazebo-1] [1;32m[Msg] [0m[1;32mWorld [[0m[1;32mfactory_maze[0m[1;32m] initialized with [[0m[1;32mstep[0m[1;32m] physics profile.[0m[1;32m[0m
[gazebo-1] [1;32m[Msg] [0m[1;32mServing world SDF generation service on [[0m[1;32m/world/factory_maze[0m[1;32m/[0m[1;32mgenerate_world_sdf[0m[1;32m][0m[1;32m[0m
[gazebo-1] [1;32m[Msg] [0m[1;32mServing world names on [[0m[1;32m/gazebo/worlds[0m[1;32m][0m[1;32m[0m
[gazebo-1] [1;32m[Msg] [0m[1;32mResource path add service on [[0m[1;32m/gazebo/resource_paths/add[0m[1;32m].[0m[1;32m[0m
[gazebo-1] [1;32m[Msg] [0m[1;32mResource path get service on [[0m[1;32m/gazebo/resource_paths/get[0m[1;32m].[0m[1;32m[0m
[gazebo-1] [1;32m[Msg] [0m[1;32mResource path resolve service on [[0m[1;32m/gazebo/resource_paths/resolve[0m[1;32m].[0m[1;32m[0m
[gazebo-1] [1;32m[Msg] [0m[1;32mResource paths published on [[0m[1;32m/gazebo/resource_paths[0m[1;32m].[0m[1;32m[0m
[gazebo-1] [1;32m[Msg] [0m[1;32mServer control service on [[0m[1;32m/server_control[0m[1;32m].[0m[1;32m[0m
[gazebo-1] [1;32m[Msg] [0m[1;32mFound no publishers on /stats, adding root stats topic[0m[1;32m[0m
[gazebo-1] [1;32m[Msg] [0m[1;32mFound no publishers on /clock, adding root clock topic[0m[1;32m[0m
[gazebo-1] [1;36m[Dbg] [SimulationRunner.cc:551] [0m[1;36mCreating PostUpdate worker threads: [0m[1;36m4[0m[1;36m[0m
[gazebo-1] [1;36m[Dbg] [SimulationRunner.cc:562] [0m[1;36mCreating postupdate worker thread ([0m[1;36m0[0m[1;36m)[0m[1;36m[0m
[gazebo-1] [1;36m[Dbg] [SimulationRunner.cc:562] [0m[1;36mCreating postupdate worker thread ([0m[1;36m1[0m[1;36m)[0m[1;36m[0m
[gazebo-1] [1;36m[Dbg] [SimulationRunner.cc:562] [0m[1;36mCreating postupdate worker thread ([0m[1;36m2[0m[1;36m)[0m[1;36m[0m
[gazebo-1] [1;33mWarning [Utils.cc:132][0m [/sdf/model[@name="robofetch"]/link[@name="base_footprint"]/sensor[@name="lidar"]/gz_frame_id:<urdf-string>:L0]: XML Element[gz_frame_id], child of element[sensor], not defined in SDF. Copying[gz_frame_id] as children of [sensor].
[controller_server-8] [INFO] [1789494589.664397480] [local_costmap.local_costmap]: Timed out waiting for transform from base_footprint to odom to become available, tf error: Invalid frame ID "odom" passed to canTransform argument target_frame - frame does not exist
[gazebo-1] [1;32m[Msg] [0m[1;32mDiffDrive subscribing to twist messages on [[0m[1;32mcmd_vel[0m[1;32m][0m[1;32m[0m
[gazebo-1] [1;36m[Dbg] [SystemManager.cc:80] [0m[1;36mLoaded system [[0m[1;36mgz::sim::systems::DiffDrive[0m[1;36m] for entity [[0m[1;36m129[0m[1;36m][0m[1;36m[0m
[gazebo-1] [1;36m[Dbg] [SystemManager.cc:80] [0m[1;36mLoaded system [[0m[1;36mgz::sim::systems::JointStatePublisher[0m[1;36m] for entity [[0m[1;36m129[0m[1;36m][0m[1;36m[0m
[gazebo-1] [1;36m[Dbg] [SystemManager.cc:80] [0m[1;36mLoaded system [[0m[1;36mgz::sim::systems::PosePublisher[0m[1;36m] for entity [[0m[1;36m129[0m[1;36m][0m[1;36m[0m
[gazebo-1] [1;36m[Dbg] [UserCommands.cc:1094] [0m[1;36mCreated entity [[0m[1;36m129[0m[1;36m] named [[0m[1;36mrobofetch[0m[1;36m][0m[1;36m[0m
[gazebo-1] [1;36m[Dbg] [SimulationFeatures.cc:90] [0m[1;36mSimulation timestep set to: [0m[1;36m0.004[0m[1;36m[0m
[gazebo-1] [1;36m[Dbg] [Sensors.cc:953] [0m[1;36mInitialization needed[0m[1;36m[0m
[gazebo-1] [1;36m[Dbg] [Sensors.cc:349] [0m[1;36mInitializing render context[0m[1;36m[0m
[gazebo-1] [1;32m[Msg] [0m[1;32mLoading plugin [[0m[1;32mgz-rendering-ogre2[0m[1;32m][0m[1;32m[0m
[gazebo-1] [1;32m[Msg] [0m[1;32mServing scene information on [[0m[1;32m/world/factory_maze[0m[1;32m/[0m[1;32mscene/info[0m[1;32m][0m[1;32m[0m
[gazebo-1] [1;32m[Msg] [0m[1;32mServing graph information on [[0m[1;32m/world/factory_maze[0m[1;32m/[0m[1;32mscene/graph[0m[1;32m][0m[1;32m[0m
[gazebo-1] [1;32m[Msg] [0m[1;32mServing full state on [[0m[1;32m/world/factory_maze[0m[1;32m/[0m[1;32mstate[0m[1;32m][0m[1;32m[0m
[gazebo-1] [1;32m[Msg] [0m[1;32mServing full state (async) on [[0m[1;32m/world/factory_maze[0m[1;32m/[0m[1;32mstate_async[0m[1;32m][0m[1;32m[0m
[gazebo-1] [1;32m[Msg] [0m[1;32mPublishing scene information on [[0m[1;32m/world/factory_maze/scene/info[0m[1;32m][0m[1;32m[0m
[gazebo-1] [1;32m[Msg] [0m[1;32mPublishing entity deletions on [[0m[1;32m/world/factory_maze/scene/deletion[0m[1;32m][0m[1;32m[0m
[gazebo-1] [1;32m[Msg] [0m[1;32mPublishing state changes on [[0m[1;32m/world/factory_maze/state[0m[1;32m][0m[1;32m[0m
[gazebo-1] [1;32m[Msg] [0m[1;32mPublishing pose messages on [[0m[1;32m/world/factory_maze[0m[1;32m/[0m[1;32mpose/info[0m[1;32m][0m[1;32m[0m
[gazebo-1] [1;32m[Msg] [0m[1;32mPublishing dynamic pose messages on [[0m[1;32m/world/factory_maze[0m[1;32m/[0m[1;32mdynamic_pose/info[0m[1;32m][0m[1;32m[0m
[gazebo-1] [1;36m[Dbg] [SimulationRunner.cc:578] [0m[1;36mExiting postupdate worker thread ([0m[1;36m2[0m[1;36m)[0m[1;36m[0m
[gazebo-1] [1;36m[Dbg] [SimulationRunner.cc:578] [0m[1;36mExiting postupdate worker thread ([Dbg] [SimulationRunner.cc:578] [0m[1;36mExiting postupdate worker thread ([0m[1;36m0[0m[1;36m)[0m[1;36m[0m
[gazebo-1] [1;36mExiting postupdate worker thread ([0m[1;36m1[0m[1;36m1[0m[1;36m)[0m[1;36m[0m
[gazebo-1] [1;36m[Dbg] [SimulationRunner.cc:551] [0m[1;36mCreating PostUpdate worker threads: [0m[1;36m7[0m[1;36m[0m
[gazebo-1] [1;36m[Dbg] [SimulationRunner.cc:562] [0m[1;36mCreating postupdate worker thread ([0m[1;36m0[0m[1;36m)[0m[1;36m[0m
[gazebo-1] [1;36m[Dbg] [SimulationRunner.cc:562] [0m[1;36mCreating postupdate worker thread ([0m[1;36m1[0m[1;36m)[0m[1;36m[0m
[gazebo-1] [1;36m[Dbg] [SimulationRunner.cc:562] [0m[1;36mCreating postupdate worker thread ([0m[1;36m2[0m[1;36m)[0m[1;36m[0m
[gazebo-1] [1;36m[Dbg] [SimulationRunner.cc:562] [0m[1;36mCreating postupdate worker thread ([0m[1;36m3[0m[1;36m)[0m[1;36m[0m
[gazebo-1] [1;36m[Dbg] [SimulationRunner.cc:562] [0m[1;36mCreating postupdate worker thread ([0m[1;36m4[0m[1;36m)[0m[1;36m[0m
[gazebo-1] [1;36m[Dbg] [SimulationRunner.cc:562] [0m[1;36mCreating postupdate worker thread ([0m[1;36m5[0m[1;36m)[0m[1;36m[0m
[gazebo-1] [1;36m[Dbg] [RenderUtil.cc:2646] [0m[1;36mCreate scene [[0m[1;36mscene[0m[1;36m][0m[1;36m[0m
[gazebo-1] [1;36m[Dbg] [Sensors.cc:391] [0m[1;36mRendering Thread initialized[0m[1;36m[0m
[gazebo-1] [1;36mInitialization needed[0m[1;36m[0m
[gazebo-1] [1;36m[Dbg] [Lidar.cc:139] [0m[1;36mLaser scans for [[0m[1;36mrobofetch::base_footprint::lidar[0m[1;36m] advertised on [[0m[1;36mscan[0m[1;36m][0m[1;36m[0m
[controller_server-8] [INFO] [1789494590.164432531] [local_costmap.local_costmap]: Timed out waiting for transform from base_footprint to odom to become available, tf error: Invalid frame ID "odom" passed to canTransform argument target_frame - frame does not exist
[amcl-6] [INFO] [1789494590.267693195] [amcl]: createLaserObject
[controller_server-8] [INFO] [1789494590.664586018] [local_costmap.local_costmap]: start
[controller_server-8] [WARN] [1789494590.867214325] [controller_server]: Parameter controller_server.verbose not found
[controller_server-8] [INFO] [1789494590.868007524] [controller_server]: Optimizer reset
[controller_server-8] [INFO] [1789494590.868450441] [MPPIController]: Activated MPPI Controller: FollowPath
[controller_server-8] [INFO] [1789494590.868496212] [controller_server]: Creating bond (controller_server) to lifecycle manager.
[lifecycle_manager-18] [INFO] [1789494590.977864579] [lifecycle_manager_navigation]: Server controller_server connected with bond.
[lifecycle_manager-18] [INFO] [1789494590.977949767] [lifecycle_manager_navigation]: [34m[1mActivating smoother_server[0m[0m
[smoother_server-9] [INFO] [1789494590.978917413] [smoother_server]: Activating
[smoother_server-9] [INFO] [1789494590.979022160] [smoother_server]: Creating bond (smoother_server) to lifecycle manager.
[lifecycle_manager-18] [INFO] [1789494591.096192418] [lifecycle_manager_navigation]: Server smoother_server connected with bond.
[lifecycle_manager-18] [INFO] [1789494591.096262734] [lifecycle_manager_navigation]: [34m[1mActivating planner_server[0m[0m
[planner_server-10] [INFO] [1789494591.096831730] [planner_server]: Activating
[planner_server-10] [INFO] [1789494591.096880365] [global_costmap.global_costmap]: Activating
[planner_server-10] [INFO] [1789494591.096893692] [global_costmap.global_costmap]: Checking transform
[planner_server-10] [INFO] [1789494591.096977833] [global_costmap.global_costmap]: Timed out waiting for transform from base_footprint to map to become available, tf error: Lookup would require extrapolation into the past.  Requested time 0.936000 but the earliest data is at time 1.100000, when looking up transform from frame [base_footprint] to frame [map]
[INFO] [factory_node-19]: process started with pid [181579]
[INFO] [robot_state_node-20]: process started with pid [181580]
[planner_server-10] [INFO] [1789494591.597195614] [global_costmap.global_costmap]: start
[factory_node-19] [INFO] [1789494592.443872044] [factory]: section A [balanced, seed 1]: 20 units/h, buffer 8, 0.5 kg/unit, time_scale 1
[factory_node-19] [INFO] [1789494592.445372127] [factory]: section B [balanced, seed 1]: 30 units/h, buffer 10, 0.4 kg/unit, time_scale 1
[factory_node-19] [INFO] [1789494592.446403558] [factory]: section C [balanced, seed 1]: 5 units/h, buffer 3, 1.5 kg/unit, time_scale 1
[factory_node-19] [INFO] [1789494592.447459194] [factory]: logging to /home/robojazzy/robofetch_ws_copy/robofetch_ws/logs/run_20260915_194945_section_*.csv
[planner_server-10] [INFO] [1789494592.799633717] [planner_server]: Activating plugin GridBased of type NavfnPlanner
[planner_server-10] [INFO] [1789494592.827778091] [planner_server]: Creating bond (planner_server) to lifecycle manager.
[lifecycle_manager-18] [INFO] [1789494592.942115845] [lifecycle_manager_navigation]: Server planner_server connected with bond.
[lifecycle_manager-18] [INFO] [1789494592.942184674] [lifecycle_manager_navigation]: [34m[1mActivating route_server[0m[0m
[route_server-11] [INFO] [1789494592.942619260] [route_server]: Activating
[route_server-11] [INFO] [1789494592.942797457] [route_server]: Creating bond (route_server) to lifecycle manager.
[lifecycle_manager-18] [INFO] [1789494593.053478592] [lifecycle_manager_navigation]: Server route_server connected with bond.
[lifecycle_manager-18] [INFO] [1789494593.053552398] [lifecycle_manager_navigation]: [34m[1mActivating behavior_server[0m[0m
[behavior_server-12] [INFO] [1789494593.054011990] [behavior_server]: Activating
[behavior_server-12] [INFO] [1789494593.054034731] [behavior_server]: Activating spin
[behavior_server-12] [INFO] [1789494593.054045802] [behavior_server]: Activating backup
[behavior_server-12] [INFO] [1789494593.054085597] [behavior_server]: Activating drive_on_heading
[behavior_server-12] [INFO] [1789494593.054101156] [behavior_server]: Activating assisted_teleop
[behavior_server-12] [INFO] [1789494593.054108936] [behavior_server]: Activating wait
[behavior_server-12] [INFO] [1789494593.054120106] [behavior_server]: Creating bond (behavior_server) to lifecycle manager.
[lifecycle_manager-18] [INFO] [1789494593.173153410] [lifecycle_manager_navigation]: Server behavior_server connected with bond.
[lifecycle_manager-18] [INFO] [1789494593.173345306] [lifecycle_manager_navigation]: [34m[1mActivating velocity_smoother[0m[0m
[velocity_smoother-15] [INFO] [1789494593.176981155] [velocity_smoother]: Activating
[velocity_smoother-15] [INFO] [1789494593.177168363] [velocity_smoother]: Creating bond (velocity_smoother) to lifecycle manager.
[lifecycle_manager-18] [INFO] [1789494593.309872853] [lifecycle_manager_navigation]: Server velocity_smoother connected with bond.
[lifecycle_manager-18] [INFO] [1789494593.309936486] [lifecycle_manager_navigation]: [34m[1mActivating collision_monitor[0m[0m
[collision_monitor-16] [INFO] [1789494593.311299506] [collision_monitor]: Activating
[collision_monitor-16] [INFO] [1789494593.311349973] [collision_monitor]: Creating bond (collision_monitor) to lifecycle manager.
[lifecycle_manager-18] [INFO] [1789494593.441224298] [lifecycle_manager_navigation]: Server collision_monitor connected with bond.
[lifecycle_manager-18] [INFO] [1789494593.441309674] [lifecycle_manager_navigation]: [34m[1mActivating bt_navigator[0m[0m
[bt_navigator-13] [INFO] [1789494593.442178591] [bt_navigator]: Activating
[robot_state_node-20] [INFO] [1789494593.461400396] [robot_state_node]: Robot state monitor up. Run run_20260915_194945, logging to /home/robojazzy/robofetch_ws_copy/robofetch_ws/logs/run_20260915_194945_robot.csv
[bt_navigator-13] [INFO] [1789494594.001736054] [bt_navigator]: Creating bond (bt_navigator) to lifecycle manager.
[lifecycle_manager-18] [INFO] [1789494594.120799121] [lifecycle_manager_navigation]: Server bt_navigator connected with bond.
[lifecycle_manager-18] [INFO] [1789494594.120852043] [lifecycle_manager_navigation]: [34m[1mActivating waypoint_follower[0m[0m
[waypoint_follower-14] [INFO] [1789494594.122379687] [waypoint_follower]: Activating
[waypoint_follower-14] [INFO] [1789494594.122446688] [waypoint_follower]: Creating bond (waypoint_follower) to lifecycle manager.
[lifecycle_manager-18] [INFO] [1789494594.250962716] [lifecycle_manager_navigation]: Server waypoint_follower connected with bond.
[lifecycle_manager-18] [INFO] [1789494594.251091925] [lifecycle_manager_navigation]: [34m[1mActivating docking_server[0m[0m
[opennav_docking-17] [INFO] [1789494594.252039027] [docking_server]: Activating docking_server
[opennav_docking-17] [INFO] [1789494594.314818024] [docking_server]: Creating bond (docking_server) to lifecycle manager.
[INFO] [mission_executor-21]: process started with pid [181611]
[lifecycle_manager-18] [INFO] [1789494594.437233061] [lifecycle_manager_navigation]: Server docking_server connected with bond.
[lifecycle_manager-18] [INFO] [1789494594.437632871] [lifecycle_manager_navigation]: [34m[1mManaged nodes are active[0m[0m
[lifecycle_manager-18] [INFO] [1789494594.437695079] [lifecycle_manager_navigation]: [34m[1mCreating bond timer...[0m[0m
[mission_executor-21] [INFO] [1789494597.387120609] [mission_executor]: mission run_20260915_194945: 2 scripted actions, scenario balanced, logging /home/robojazzy/robofetch_ws_copy/robofetch_ws/logs/run_20260915_194945_mission.csv
[mission_executor-21] [INFO] [1789494597.417389358] [mission_executor]: waiting for Nav2, telemetry and the sections ...
[amcl-6] [INFO] [1789494599.435795956] [amcl]: initialPoseReceived
[amcl-6] [INFO] [1789494599.438213086] [amcl]: Setting pose (8.280000): -5.225 -2.975 0.000
[mission_executor-21] [INFO] [1789494602.945258410] [mission_executor]: localised; starting mission
[mission_executor-21] [INFO] [1789494602.946823975] [mission_executor]: [1] PICKUP:C from charger: predicted 11.3 m, 59 s, 0.15 Wh
[bt_navigator-13] [INFO] [1789494602.950596084] [bt_navigator]: Begin navigating from current location (-5.24, -2.98) to (6.03, -3.42)
[controller_server-8] [INFO] [1789494602.995171342] [controller_server]: Received a goal, begin computing control effort.
[controller_server-8] [WARN] [1789494602.995263168] [controller_server]: No goal checker was specified in parameter 'current_goal_checker'. Server will use only plugin loaded general_goal_checker . This warning will appear once.
[controller_server-8] [WARN] [1789494602.995316357] [controller_server]: No progress checker was specified in parameter 'current_progress_checker'. Server will use only plugin loaded progress_checker . This warning will appear once.
[parameter_bridge-4] [INFO] [1789494603.070860107] [ros_gz_bridge]: Passing message from ROS geometry_msgs/msg/Twist to Gazebo gz.msgs.Twist (showing msg only once per type)
[controller_server-8] [INFO] [1789494604.095633862] [controller_server]: Passing new path to controller.
[controller_server-8] [INFO] [1789494605.095614242] [controller_server]: Passing new path to controller.
[controller_server-8] [INFO] [1789494606.095631480] [controller_server]: Passing new path to controller.
[controller_server-8] [INFO] [1789494607.195625004] [controller_server]: Passing new path to controller.
[controller_server-8] [INFO] [1789494608.195631594] [controller_server]: Passing new path to controller.
[controller_server-8] [INFO] [1789494609.195813504] [controller_server]: Passing new path to controller.
[controller_server-8] [INFO] [1789494610.195649381] [controller_server]: Passing new path to controller.
[controller_server-8] [INFO] [1789494611.295683809] [controller_server]: Passing new path to controller.
[controller_server-8] [INFO] [1789494612.295634435] [controller_server]: Passing new path to controller.
[controller_server-8] [INFO] [1789494613.295622509] [controller_server]: Passing new path to controller.
[controller_server-8] [INFO] [1789494614.295621455] [controller_server]: Passing new path to controller.
[controller_server-8] [INFO] [1789494615.395633079] [controller_server]: Passing new path to controller.
[controller_server-8] [INFO] [1789494616.395605517] [controller_server]: Passing new path to controller.
[controller_server-8] [INFO] [1789494617.395692591] [controller_server]: Passing new path to controller.
[controller_server-8] [INFO] [1789494618.397278611] [controller_server]: Passing new path to controller.
[controller_server-8] [INFO] [1789494619.495640247] [controller_server]: Passing new path to controller.
[controller_server-8] [INFO] [1789494620.495609831] [controller_server]: Passing new path to controller.
[controller_server-8] [INFO] [1789494621.495648955] [controller_server]: Passing new path to controller.
[controller_server-8] [INFO] [1789494622.595723385] [controller_server]: Passing new path to controller.
[controller_server-8] [INFO] [1789494623.595637747] [controller_server]: Passing new path to controller.
[controller_server-8] [INFO] [1789494624.595640167] [controller_server]: Passing new path to controller.
[controller_server-8] [INFO] [1789494625.595628963] [controller_server]: Passing new path to controller.
[controller_server-8] [INFO] [1789494626.695649707] [controller_server]: Passing new path to controller.
[planner_server-10] [WARN] [1789494627.609274314] [planner_server]: GridBased plugin failed to plan from (5.58, -4.13) to (6.03, -3.42): "Failed to create plan with tolerance of: 0.500000"
[planner_server-10] [WARN] [1789494627.609868203] [planner_server]: [compute_path_to_pose] [ActionServer] Aborting handle.
[planner_server-10] [INFO] [1789494627.622623831] [global_costmap.global_costmap]: Received request to clear entirely the global_costmap
[planner_server-10] [WARN] [1789494628.604600232] [planner_server]: Planner loop missed its desired rate of 20.0000 Hz. Current loop rate is 1.0460 Hz
[controller_server-8] [INFO] [1789494628.695649716] [controller_server]: Passing new path to controller.
[controller_server-8] [INFO] [1789494629.695699435] [controller_server]: Passing new path to controller.
[controller_server-8] [INFO] [1789494630.695691803] [controller_server]: Passing new path to controller.
[controller_server-8] [INFO] [1789494631.795687137] [controller_server]: Passing new path to controller.
[controller_server-8] [INFO] [1789494632.795617704] [controller_server]: Passing new path to controller.
[controller_server-8] [INFO] [1789494633.795624143] [controller_server]: Passing new path to controller.
[controller_server-8] [INFO] [1789494634.795688541] [controller_server]: Passing new path to controller.
[controller_server-8] [INFO] [1789494635.795757147] [controller_server]: Passing new path to controller.
[controller_server-8] [INFO] [1789494636.895692607] [controller_server]: Passing new path to controller.
[controller_server-8] [INFO] [1789494637.895677992] [controller_server]: Passing new path to controller.
[controller_server-8] [INFO] [1789494638.895651483] [controller_server]: Passing new path to controller.
[controller_server-8] [INFO] [1789494639.995632191] [controller_server]: Passing new path to controller.
[controller_server-8] [INFO] [1789494640.996373905] [controller_server]: Passing new path to controller.
[controller_server-8] [INFO] [1789494641.996332257] [controller_server]: Passing new path to controller.
[controller_server-8] [INFO] [1789494642.995644285] [controller_server]: Passing new path to controller.
[controller_server-8] [INFO] [1789494644.095584428] [controller_server]: Passing new path to controller.
[controller_server-8] [INFO] [1789494645.095612992] [controller_server]: Passing new path to controller.
[controller_server-8] [INFO] [1789494646.095614436] [controller_server]: Passing new path to controller.
[controller_server-8] [INFO] [1789494647.095648183] [controller_server]: Passing new path to controller.
[controller_server-8] [INFO] [1789494648.195682639] [controller_server]: Passing new path to controller.
[controller_server-8] [INFO] [1789494649.195642609] [controller_server]: Passing new path to controller.
[controller_server-8] [INFO] [1789494650.195634918] [controller_server]: Passing new path to controller.
[controller_server-8] [INFO] [1789494651.195665923] [controller_server]: Passing new path to controller.
[controller_server-8] [INFO] [1789494652.295591769] [controller_server]: Passing new path to controller.
[controller_server-8] [INFO] [1789494653.295570413] [controller_server]: Passing new path to controller.
[controller_server-8] [INFO] [1789494654.296357569] [controller_server]: Passing new path to controller.
[controller_server-8] [INFO] [1789494655.296177047] [controller_server]: Passing new path to controller.
[controller_server-8] [INFO] [1789494655.698357812] [controller_server]: Reached the goal!
[controller_server-8] [INFO] [1789494655.700130135] [controller_server]: Optimizer reset
[bt_navigator-13] [INFO] [1789494655.711995905] [bt_navigator]: Goal succeeded
[factory_node-19] [INFO] [1789494686.063755457] [factory]: pickup C: nothing taken, 0 left
[mission_executor-21] [INFO] [1789494687.275934347] [mission_executor]: [1] PICKUP:C done: nothing taken, 0 left | measured 14.1 m, 84 s, 0.21 Wh, battery 99.9 -> 99.0 %
[mission_executor-21] [INFO] [1789494687.280817823] [mission_executor]: [2] DELIVER from C: predicted 6.3 m, 46 s, 0.11 Wh
[bt_navigator-13] [INFO] [1789494687.285583685] [bt_navigator]: Begin navigating from current location (5.57, -3.51) to (-0.23, -3.98)
[controller_server-8] [INFO] [1789494687.296924246] [controller_server]: Received a goal, begin computing control effort.
[controller_server-8] [INFO] [1789494688.397191242] [controller_server]: Passing new path to controller.
[controller_server-8] [INFO] [1789494689.397335420] [controller_server]: Passing new path to controller.
[controller_server-8] [INFO] [1789494690.397184620] [controller_server]: Passing new path to controller.
[controller_server-8] [INFO] [1789494691.397604093] [controller_server]: Passing new path to controller.
[controller_server-8] [INFO] [1789494692.497178750] [controller_server]: Passing new path to controller.
[controller_server-8] [INFO] [1789494693.497169855] [controller_server]: Passing new path to controller.
[controller_server-8] [INFO] [1789494694.497170494] [controller_server]: Passing new path to controller.
[controller_server-8] [INFO] [1789494695.597143693] [controller_server]: Passing new path to controller.
[controller_server-8] [INFO] [1789494696.597161436] [controller_server]: Passing new path to controller.
[controller_server-8] [INFO] [1789494697.597133112] [controller_server]: Passing new path to controller.
[controller_server-8] [INFO] [1789494698.597267412] [controller_server]: Passing new path to controller.
[controller_server-8] [INFO] [1789494699.697171834] [controller_server]: Passing new path to controller.
[controller_server-8] [INFO] [1789494700.697539651] [controller_server]: Passing new path to controller.
[controller_server-8] [INFO] [1789494701.697190191] [controller_server]: Passing new path to controller.
[controller_server-8] [INFO] [1789494702.401456441] [controller_server]: Reached the goal!
[controller_server-8] [INFO] [1789494702.404365917] [controller_server]: Optimizer reset
[bt_navigator-13] [INFO] [1789494702.427939576] [bt_navigator]: Goal succeeded
[mission_executor-21] [INFO] [1789494733.694891946] [mission_executor]: [2] DELIVER done: delivered 0 units | measured 5.7 m, 46 s, 0.11 Wh, battery 99.0 -> 98.5 %
[mission_executor-21] [INFO] [1789494733.701594268] [mission_executor]: MISSION COMPLETE
[mission_executor-21] run_id: run_20260915_194945
[mission_executor-21] ended_by: plan_finished
[mission_executor-21] actions: 2
[mission_executor-21] succeeded: 2
[mission_executor-21] failed: 0
[mission_executor-21] sim_duration_s: 130.0
[mission_executor-21] distance_m: 19.78
[mission_executor-21] energy_drawn_wh: 0.316
[mission_executor-21] energy_charged_wh: 0.0
[mission_executor-21] battery_end_percent: 98.5
[mission_executor-21] delivered_units:
[mission_executor-21]   A: 0
[mission_executor-21]   B: 0
[mission_executor-21]   C: 0
[mission_executor-21] navigation:
[mission_executor-21]   drives: 2
[mission_executor-21]   drive_attempt_failures: 0
[mission_executor-21]   timeouts: 0
[mission_executor-21]   recovered_after_retry: 0
[mission_executor-21]   goals_abandoned: 0
[mission_executor-21]   returned_to_charger: 0
[mission_executor-21] prediction_error_percent (non-charge actions, total measured vs predicted):
[mission_executor-21]   duration: 23.8
[mission_executor-21]   distance: 12.6
[mission_executor-21]   energy: 20.1
[mission_executor-21] 
