[INFO] [launch]: All log files can be found below /home/robojazzy/.ros/log/2026-09-15-11-46-10-090627-DESKTOP-NOCCT0U-145322
[INFO] [launch]: Default logging verbosity is set to INFO
[INFO] [gazebo-1]: process started with pid [145326]
[INFO] [robot_state_publisher-2]: process started with pid [145327]
[INFO] [create-3]: process started with pid [145329]
[INFO] [parameter_bridge-4]: process started with pid [145330]
[INFO] [map_server-5]: process started with pid [145331]
[INFO] [amcl-6]: process started with pid [145332]
[INFO] [lifecycle_manager-7]: process started with pid [145333]
[INFO] [controller_server-8]: process started with pid [145334]
[INFO] [smoother_server-9]: process started with pid [145335]
[INFO] [planner_server-10]: process started with pid [145338]
[INFO] [route_server-11]: process started with pid [145339]
[INFO] [behavior_server-12]: process started with pid [145340]
[INFO] [bt_navigator-13]: process started with pid [145341]
[INFO] [waypoint_follower-14]: process started with pid [145344]
[INFO] [velocity_smoother-15]: process started with pid [145347]
[INFO] [collision_monitor-16]: process started with pid [145350]
[INFO] [opennav_docking-17]: process started with pid [145353]
[INFO] [lifecycle_manager-18]: process started with pid [145356]
[robot_state_publisher-2] [INFO] [1789465571.046041377] [robot_state_publisher]: Robot initialized
[lifecycle_manager-7] [INFO] [1789465571.063339763] [lifecycle_manager_localization]: Creating
[lifecycle_manager-7] [INFO] [1789465571.075394953] [lifecycle_manager_localization]: [34m[1mCreating and initializing lifecycle service clients[0m[0m
[planner_server-10] [INFO] [1789465571.102872129] [planner_server]: 
[planner_server-10] 	planner_server lifecycle node launched. 
[planner_server-10] 	Waiting on external lifecycle transitions to activate
[planner_server-10] 	See https://design.ros2.org/articles/node_lifecycle.html for more information.
[planner_server-10] [INFO] [1789465571.106219927] [planner_server]: Creating
[create-3] [INFO] [1789465571.113923420] [ros_gz_sim]: Requesting list of world names.
[smoother_server-9] [INFO] [1789465571.151695788] [smoother_server]: 
[smoother_server-9] 	smoother_server lifecycle node launched. 
[smoother_server-9] 	Waiting on external lifecycle transitions to activate
[smoother_server-9] 	See https://design.ros2.org/articles/node_lifecycle.html for more information.
[lifecycle_manager-18] [INFO] [1789465571.153934887] [lifecycle_manager_navigation]: Creating
[smoother_server-9] [INFO] [1789465571.157098084] [smoother_server]: Creating smoother server
[controller_server-8] [INFO] [1789465571.160951381] [controller_server]: 
[controller_server-8] 	controller_server lifecycle node launched. 
[controller_server-8] 	Waiting on external lifecycle transitions to activate
[controller_server-8] 	See https://design.ros2.org/articles/node_lifecycle.html for more information.
[lifecycle_manager-18] [INFO] [1789465571.161367580] [lifecycle_manager_navigation]: [34m[1mCreating and initializing lifecycle service clients[0m[0m
[amcl-6] [INFO] [1789465571.167569875] [amcl]: 
[amcl-6] 	amcl lifecycle node launched. 
[amcl-6] 	Waiting on external lifecycle transitions to activate
[amcl-6] 	See https://design.ros2.org/articles/node_lifecycle.html for more information.
[amcl-6] [INFO] [1789465571.169788573] [amcl]: Creating
[controller_server-8] [INFO] [1789465571.172878671] [controller_server]: Creating controller server
[map_server-5] [INFO] [1789465571.174839569] [map_server]: 
[map_server-5] 	map_server lifecycle node launched. 
[map_server-5] 	Waiting on external lifecycle transitions to activate
[map_server-5] 	See https://design.ros2.org/articles/node_lifecycle.html for more information.
[map_server-5] [INFO] [1789465571.175015569] [map_server]: Creating
[behavior_server-12] [INFO] [1789465571.176104468] [behavior_server]: 
[behavior_server-12] 	behavior_server lifecycle node launched. 
[behavior_server-12] 	Waiting on external lifecycle transitions to activate
[behavior_server-12] 	See https://design.ros2.org/articles/node_lifecycle.html for more information.
[waypoint_follower-14] [INFO] [1789465571.198238149] [waypoint_follower]: 
[waypoint_follower-14] 	waypoint_follower lifecycle node launched. 
[waypoint_follower-14] 	Waiting on external lifecycle transitions to activate
[waypoint_follower-14] 	See https://design.ros2.org/articles/node_lifecycle.html for more information.
[bt_navigator-13] [INFO] [1789465571.198363449] [bt_navigator]: 
[bt_navigator-13] 	bt_navigator lifecycle node launched. 
[bt_navigator-13] 	Waiting on external lifecycle transitions to activate
[bt_navigator-13] 	See https://design.ros2.org/articles/node_lifecycle.html for more information.
[waypoint_follower-14] [INFO] [1789465571.199246148] [waypoint_follower]: Creating
[planner_server-10] [INFO] [1789465571.201760546] [global_costmap.global_costmap]: 
[planner_server-10] 	global_costmap lifecycle node launched. 
[planner_server-10] 	Waiting on external lifecycle transitions to activate
[planner_server-10] 	See https://design.ros2.org/articles/node_lifecycle.html for more information.
[planner_server-10] [INFO] [1789465571.202562446] [global_costmap.global_costmap]: Creating Costmap
[velocity_smoother-15] [INFO] [1789465571.206545042] [velocity_smoother]: 
[velocity_smoother-15] 	velocity_smoother lifecycle node launched. 
[velocity_smoother-15] 	Waiting on external lifecycle transitions to activate
[velocity_smoother-15] 	See https://design.ros2.org/articles/node_lifecycle.html for more information.
[bt_navigator-13] [INFO] [1789465571.206876942] [bt_navigator]: Creating
[lifecycle_manager-7] [INFO] [1789465571.213323637] [lifecycle_manager_localization]: [34m[1mStarting managed nodes bringup...[0m[0m
[lifecycle_manager-7] [INFO] [1789465571.213397237] [lifecycle_manager_localization]: [34m[1mConfiguring map_server[0m[0m
[collision_monitor-16] [INFO] [1789465571.232389921] [collision_monitor]: 
[collision_monitor-16] 	collision_monitor lifecycle node launched. 
[collision_monitor-16] 	Waiting on external lifecycle transitions to activate
[collision_monitor-16] 	See https://design.ros2.org/articles/node_lifecycle.html for more information.
[controller_server-8] [INFO] [1789465571.251638504] [local_costmap.local_costmap]: 
[controller_server-8] 	local_costmap lifecycle node launched. 
[controller_server-8] 	Waiting on external lifecycle transitions to activate
[controller_server-8] 	See https://design.ros2.org/articles/node_lifecycle.html for more information.
[controller_server-8] [INFO] [1789465571.253530603] [local_costmap.local_costmap]: Creating Costmap
[route_server-11] [INFO] [1789465571.267278691] [route_server]: 
[route_server-11] 	route_server lifecycle node launched. 
[route_server-11] 	Waiting on external lifecycle transitions to activate
[route_server-11] 	See https://design.ros2.org/articles/node_lifecycle.html for more information.
[opennav_docking-17] [INFO] [1789465571.272689487] [docking_server]: 
[opennav_docking-17] 	docking_server lifecycle node launched. 
[opennav_docking-17] 	Waiting on external lifecycle transitions to activate
[opennav_docking-17] 	See https://design.ros2.org/articles/node_lifecycle.html for more information.
[opennav_docking-17] [INFO] [1789465571.272886587] [docking_server]: Creating docking_server
[map_server-5] [INFO] [1789465571.403909777] [map_server]: Configuring
[map_server-5] [INFO] [1789465571.404031776] [map_io]: Loading yaml file: /home/robojazzy/robofetch_ws_copy/robofetch_ws/install/robofetch_nav/share/robofetch_nav/maps/factory_maze.yaml
[map_server-5] [INFO] [1789465571.404615176] [map_io]: resolution: 0.05
[map_server-5] [INFO] [1789465571.404634576] [map_io]: origin[0]: -7.75
[map_server-5] [INFO] [1789465571.404649476] [map_io]: origin[1]: -5.5
[map_server-5] [INFO] [1789465571.404657076] [map_io]: origin[2]: 0
[map_server-5] [INFO] [1789465571.404663176] [map_io]: free_thresh: 0.196
[map_server-5] [INFO] [1789465571.404669776] [map_io]: occupied_thresh: 0.65
[map_server-5] [INFO] [1789465571.404678076] [map_io]: mode: trinary
[map_server-5] [INFO] [1789465571.404688576] [map_io]: negate: 0
[map_server-5] [INFO] [1789465571.405030476] [map_io]: Loading image_file: /home/robojazzy/robofetch_ws_copy/robofetch_ws/install/robofetch_nav/share/robofetch_nav/maps/factory_maze.pgm
[map_server-5] [INFO] [1789465571.410374971] [map_io]: Read map /home/robojazzy/robofetch_ws_copy/robofetch_ws/install/robofetch_nav/share/robofetch_nav/maps/factory_maze.pgm: 310 X 220 map @ 0.05 m/cell
[lifecycle_manager-7] [INFO] [1789465571.430559154] [lifecycle_manager_localization]: [34m[1mConfiguring amcl[0m[0m
[amcl-6] [INFO] [1789465571.431056754] [amcl]: Configuring
[amcl-6] [INFO] [1789465571.431190954] [amcl]: initTransforms
[amcl-6] [INFO] [1789465571.454290034] [amcl]: initPubSub
[amcl-6] [INFO] [1789465571.474541217] [amcl]: Subscribed to map topic.
[lifecycle_manager-7] [INFO] [1789465571.487278807] [lifecycle_manager_localization]: [34m[1mActivating map_server[0m[0m
[map_server-5] [INFO] [1789465571.487972906] [map_server]: Activating
[map_server-5] [INFO] [1789465571.488856405] [map_server]: Creating bond (map_server) to lifecycle manager.
[amcl-6] [INFO] [1789465571.491117703] [amcl]: Received a 310 X 220 map @ 0.050 m/pix
[lifecycle_manager-7] [INFO] [1789465571.598961013] [lifecycle_manager_localization]: Server map_server connected with bond.
[lifecycle_manager-7] [INFO] [1789465571.599022313] [lifecycle_manager_localization]: [34m[1mActivating amcl[0m[0m
[amcl-6] [INFO] [1789465571.599360612] [amcl]: Activating
[amcl-6] [INFO] [1789465571.599388612] [amcl]: Creating bond (amcl) to lifecycle manager.
[lifecycle_manager-18] [INFO] [1789465571.676639847] [lifecycle_manager_navigation]: [34m[1mStarting managed nodes bringup...[0m[0m
[lifecycle_manager-18] [INFO] [1789465571.676772347] [lifecycle_manager_navigation]: [34m[1mConfiguring controller_server[0m[0m
[controller_server-8] [INFO] [1789465571.677180647] [controller_server]: Configuring controller interface
[controller_server-8] [INFO] [1789465571.677202547] [controller_server]: getting progress checker plugins..
[controller_server-8] [INFO] [1789465571.677859646] [controller_server]: getting goal checker plugins..
[controller_server-8] [INFO] [1789465571.678369246] [controller_server]: Controller frequency set to 10.0000Hz
[controller_server-8] [INFO] [1789465571.678453346] [local_costmap.local_costmap]: Configuring
[controller_server-8] [INFO] [1789465571.697973429] [local_costmap.local_costmap]: Using plugin "voxel_layer"
[controller_server-8] [INFO] [1789465571.706153323] [local_costmap.local_costmap]: Subscribed to Topics: scan
[lifecycle_manager-7] [INFO] [1789465571.709681220] [lifecycle_manager_localization]: Server amcl connected with bond.
[lifecycle_manager-7] [INFO] [1789465571.709741220] [lifecycle_manager_localization]: [34m[1mManaged nodes are active[0m[0m
[lifecycle_manager-7] [INFO] [1789465571.709759820] [lifecycle_manager_localization]: [34m[1mCreating bond timer...[0m[0m
[controller_server-8] [INFO] [1789465571.730176502] [local_costmap.local_costmap]: Initialized plugin "voxel_layer"
[controller_server-8] [INFO] [1789465571.730225002] [local_costmap.local_costmap]: Using plugin "inflation_layer"
[controller_server-8] [INFO] [1789465571.732252601] [local_costmap.local_costmap]: Initialized plugin "inflation_layer"
[controller_server-8] [INFO] [1789465571.769559269] [controller_server]: Created progress_checker : progress_checker of type nav2_controller::SimpleProgressChecker
[controller_server-8] [INFO] [1789465571.770754968] [controller_server]: Controller Server has progress_checker  progress checkers available.
[controller_server-8] [INFO] [1789465571.771986567] [controller_server]: Created goal checker : general_goal_checker of type nav2_controller::SimpleGoalChecker
[controller_server-8] [INFO] [1789465571.773310566] [controller_server]: Controller Server has general_goal_checker  goal checkers available.
[controller_server-8] [INFO] [1789465571.775251565] [controller_server]: Created controller : FollowPath of type nav2_mppi_controller::MPPIController
[controller_server-8] [INFO] [1789465571.784974856] [controller_server]: Controller period is equal to model dt. Control sequence shifting is ON
[controller_server-8] [INFO] [1789465571.788631053] [controller_server]: ConstraintCritic instantiated with 1 power and 4.000000 weight.
[controller_server-8] [INFO] [1789465571.788704753] [controller_server]: Critic loaded : mppi::critics::ConstraintCritic
[controller_server-8] [INFO] [1789465571.792916150] [controller_server]: InflationCostCritic instantiated with 1 power and 300.000000 / 0.015000 weights. Critic will collision check based on circular cost.
[controller_server-8] [INFO] [1789465571.793011050] [controller_server]: Critic loaded : mppi::critics::CostCritic
[controller_server-8] [INFO] [1789465571.795026448] [controller_server]: GoalCritic instantiated with 1 power and 5.000000 weight.
[controller_server-8] [INFO] [1789465571.795083648] [controller_server]: Critic loaded : mppi::critics::GoalCritic
[controller_server-8] [INFO] [1789465571.797745446] [controller_server]: GoalAngleCritic instantiated with 1 power, 3.000000 weight, 0.500000 angular threshold and symmetric_yaw_tolerance disabled
[controller_server-8] [INFO] [1789465571.797814546] [controller_server]: Critic loaded : mppi::critics::GoalAngleCritic
[controller_server-8] [INFO] [1789465571.800986543] [controller_server]: ReferenceTrajectoryCritic instantiated with 1 power and 14.000000 weight
[controller_server-8] [INFO] [1789465571.801050843] [controller_server]: Critic loaded : mppi::critics::PathAlignCritic
[controller_server-8] [INFO] [1789465571.803340741] [controller_server]: Critic loaded : mppi::critics::PathFollowCritic
[controller_server-8] [INFO] [1789465571.806351938] [controller_server]: PathAngleCritic instantiated with 1 power and 2.000000 weight. Mode set to: Forward Preference
[controller_server-8] [INFO] [1789465571.806425238] [controller_server]: Critic loaded : mppi::critics::PathAngleCritic
[controller_server-8] [INFO] [1789465571.808255737] [controller_server]: PreferForwardCritic instantiated with 1 power and 5.000000 weight.
[controller_server-8] [INFO] [1789465571.808317737] [controller_server]: Critic loaded : mppi::critics::PreferForwardCritic
[controller_server-8] [INFO] [1789465571.809884535] [controller_server]: Optimizer reset
[controller_server-8] [INFO] [1789465571.819547027] [MPPIController]: Configured MPPI Controller: FollowPath
[controller_server-8] [INFO] [1789465571.819704427] [controller_server]: Controller Server has FollowPath  controllers available.
[lifecycle_manager-18] [INFO] [1789465571.843634707] [lifecycle_manager_navigation]: [34m[1mConfiguring smoother_server[0m[0m
[smoother_server-9] [INFO] [1789465571.843995207] [smoother_server]: Configuring smoother server
[gazebo-1] [1;32m[Msg] [0m[1;32mGazebo Sim Server v[0m[1;32m8.11.0[0m[1;32m[0m
[gazebo-1] [1;32m[Msg] [0m[1;32mLoading SDF world file[[0m[1;32m/home/robojazzy/robofetch_ws_copy/robofetch_ws/install/robofetch_gazebo/share/robofetch_gazebo/worlds/factory_maze.sdf[0m[1;32m].[0m
[gazebo-1] [1;32m[Msg] [0m[1;32mServing entity system service on [[0m[1;32m/[0m[1;32mentity/system/add[0m[1;32m][0m[1;32m[0m
[gazebo-1] [1;36m[Dbg] [Physics.cc:906] [0m[1;36mLoaded [[0m[1;36mgz::physics::dartsim::Plugin[0m[1;36m] from library [[0m[1;36m/opt/ros/jazzy/opt/gz_physics_vendor/lib/gz-physics-7/engine-plugins/libgz-physics-dartsim-plugin.so[0m[1;36m][0m[1;36m[0m
[gazebo-1] [1;36m[Dbg] [SystemManager.cc:80] [0m[1;36mLoaded system [[0m[1;36mgz::sim::systems::Physics[0m[1;36m] for entity [[0m[1;36m1[0m[1;36m][0m[1;36m[0m
[gazebo-1] [1;36m[Dbg] [SystemManager.cc:80] [0m[1;36mLoaded system [[0m[1;36mgz::sim::systems::SceneBroadcaster[0m[1;36m] for entity [[0m[1;36m1[0m[1;36m][0m[1;36m[0m
[gazebo-1] [1;32m[Msg] [0m[1;32mCreate[0m[1;32m service on [[0m[1;32m/world/factory_maze/create_multiple[0m[1;32m] (async)[0m[1;32m[0m
[gazebo-1] [1;32m[Msg] [0m[1;32mCreate[0m[1;32m service on [[0m[1;32m/world/factory_maze/create_multiple/blocking[0m[1;32m] (blocking)[0m[1;32m[0m
[gazebo-1] [1;32m[Msg] [0m[1;32mRemove[0m[1;32m service on [[0m[1;32m/world/factory_maze/remove[0m[1;32m] (async)[0m[1;32m[0m
[gazebo-1] [1;32m[Msg] [0m[1;32mRemove[0m[1;32m service on [[0m[1;32m/world/factory_maze/remove/blocking[0m[1;32m] (blocking)[0m[1;32m[0m
[gazebo-1] [1;32m[Msg] [0m[1;32mPose[0m[1;32m service on [[0m[1;32m/world/factory_maze/set_pose[0m[1;32m] (async)[0m[1;32m[0m
[gazebo-1] [1;32m[Msg] [0m[1;32mPose[0m[1;32m service on [[0m[1;32m/world/factory_maze/set_pose/blocking[0m[1;32m] (blocking)[0m[1;32m[0m
[gazebo-1] [1;32m[Msg] [0m[1;32mPose[0m[1;32m service on [[0m[1;32m/world/factory_maze/set_pose_vector[0m[1;32m] (async)[0m[1;32m[0m
[gazebo-1] [1;32m[Msg] [0m[1;32mPose[0m[1;32m service on [[0m[1;32m/world/factory_maze/set_pose_vector/blocking[0m[1;32m] (blocking)[0m[1;32m[0m
[gazebo-1] [1;32m[Msg] [0m[1;32mLight configuration[0m[1;32m service on [[0m[1;32m/world/factory_maze/light_config[0m[1;32m] (async)[0m[1;32m[0m
[gazebo-1] [1;32m[Msg] [0m[1;32mLight configuration[0m[1;32m service on [[0m[1;32m/world/factory_maze/light_config/blocking[0m[1;32m] (blocking)[0m[1;32m[0m
[gazebo-1] [1;32m[Msg] [0m[1;32mPhysics[0m[1;32m service on [[0m[1;32m/world/factory_maze/set_physics[0m[1;32m] (async)[0m[1;32m[0m
[gazebo-1] [1;32m[Msg] [0m[1;32mPhysics[0m[1;32m service on [[0m[1;32m/world/factory_maze/set_physics/blocking[0m[1;32m] (blocking)[0m[1;32m[0m
[gazebo-1] [1;32m[Msg] [0m[1;32mSphericalCoordinates[0m[1;32m service on [[0m[1;32m/world/factory_maze/set_spherical_coordinates[0m[1;32m] (async)[0m[1;32m[0m
[gazebo-1] [1;32m[Msg] [0m[1;32mSphericalCoordinates[0m[1;32m service on [[0m[1;32m/world/factory_maze/set_spherical_coordinates/blocking[0m[1;32m] (blocking)[0m[1;32m[0m
[gazebo-1] [1;32m[Msg] [0m[1;32mEnable collision[0m[1;32m service on [[0m[1;32m/world/factory_maze/enable_collision[0m[1;32m] (async)[0m[1;32m[0m
[gazebo-1] [1;32m[Msg] [0m[1;32mEnable collision[0m[1;32m service on [[0m[1;32m/world/factory_maze/enable_collision/blocking[0m[1;32m] (blocking)[0m[1;32m[0m
[gazebo-1] [1;32m[Msg] [0m[1;32mDisable collision[0m[1;32m service on [[0m[1;32m/world/factory_maze/disable_collision[0m[1;32m] (async)[0m[1;32m[0m
[gazebo-1] [1;32m[Msg] [0m[1;32mDisable collision[0m[1;32m service on [[0m[1;32m/world/factory_maze/disable_collision/blocking[0m[1;32m] (blocking)[0m[1;32m[0m
[gazebo-1] [1;32m[Msg] [0m[1;32mMaterial[0m[1;32m service on [[0m[1;32m/world/factory_maze/visual_config[0m[1;32m] (async)[0m[1;32m[0m
[gazebo-1] [1;32m[Msg] [0m[1;32mMaterial[0m[1;32m service on [[0m[1;32m/world/factory_maze/visual_config/blocking[0m[1;32m] (blocking)[0m[1;32m[0m
[gazebo-1] [1;32m[Msg] [0m[1;32mMaterial[0m[1;32m service on [[0m[1;32m/world/factory_maze/wheel_slip[0m[1;32m] (async)[0m[1;32m[0m
[smoother_server-9] [INFO] [1789465571.870012085] [smoother_server]: Created smoother : simple_smoother of type nav2_smoother::SimpleSmoother
[smoother_server-9] [INFO] [1789465571.873279582] [smoother_server]: Smoother Server has simple_smoother  smoothers available.
[lifecycle_manager-18] [INFO] [1789465571.888668269] [lifecycle_manager_navigation]: [34m[1mConfiguring planner_server[0m[0m
[planner_server-10] [INFO] [1789465571.888967869] [planner_server]: Configuring
[planner_server-10] [INFO] [1789465571.888994169] [global_costmap.global_costmap]: Configuring
[planner_server-10] [INFO] [1789465571.906242755] [global_costmap.global_costmap]: Using plugin "static_layer"
[planner_server-10] [INFO] [1789465571.912310749] [global_costmap.global_costmap]: Subscribing to the map topic (/map) with transient local durability
[planner_server-10] [INFO] [1789465571.915586447] [global_costmap.global_costmap]: Initialized plugin "static_layer"
[planner_server-10] [INFO] [1789465571.915651047] [global_costmap.global_costmap]: Using plugin "obstacle_layer"
[planner_server-10] [INFO] [1789465571.918353144] [global_costmap.global_costmap]: Subscribed to Topics: scan
[planner_server-10] [INFO] [1789465571.928837336] [global_costmap.global_costmap]: Initialized plugin "obstacle_layer"
[planner_server-10] [INFO] [1789465571.928890135] [global_costmap.global_costmap]: Using plugin "inflation_layer"
[planner_server-10] [INFO] [1789465571.931382833] [global_costmap.global_costmap]: Initialized plugin "inflation_layer"
[create-3] [INFO] [1789465571.979262493] [ros_gz_sim]: Waiting messages on topic [/robot_description].
[planner_server-10] [INFO] [1789465571.984162789] [global_costmap.global_costmap]: StaticLayer: Resizing costmap to 310 X 220 at 0.050000 m/pix
[planner_server-10] [INFO] [1789465571.984941688] [planner_server]: Created global planner plugin GridBased of type nav2_navfn_planner::NavfnPlanner
[planner_server-10] [INFO] [1789465571.985009288] [planner_server]: Configuring plugin GridBased of type NavfnPlanner
[planner_server-10] [INFO] [1789465571.986339087] [planner_server]: Planner Server has GridBased  planners available.
[create-3] [INFO] [1789465571.990741084] [ros_gz_sim]: Entity creation successful.
[lifecycle_manager-18] [INFO] [1789465572.013006965] [lifecycle_manager_navigation]: [34m[1mConfiguring route_server[0m[0m
[route_server-11] [INFO] [1789465572.013505264] [route_server]: Configuring
[route_server-11] [INFO] [1789465572.071471515] [route_server]: Created GraphFileLoader GeoJsonGraphFileLoader of type nav2_route::GeoJsonGraphFileLoader
[route_server-11] [INFO] [1789465572.071535215] [route_server]: Configuring geojson graph file loader
[route_server-11] [INFO] [1789465572.071554515] [route_server]: Loading graph file from /opt/ros/jazzy/share/nav2_route/graphs/sample_graph.geojson, by parser nav2_route::GeoJsonGraphFileLoader
[route_server-11] [INFO] [1789465572.077700010] [route_server]: Created edge cost function plugin DistanceScorer of type nav2_route::DistanceScorer
[route_server-11] [INFO] [1789465572.077752610] [route_server]: Configuring distance scorer.
[route_server-11] [INFO] [1789465572.078601209] [route_server]: Created edge cost function plugin CostmapScorer of type nav2_route::CostmapScorer
[route_server-11] [INFO] [1789465572.078653509] [route_server]: Configuring costmap scorer.
[route_server-11] [INFO] [1789465572.085780803] [route_server]: Created route operation AdjustSpeedLimit of type nav2_route::AdjustSpeedLimit
[route_server-11] [INFO] [1789465572.085834703] [route_server]: Configuring Adjust speed limit operation.
[route_server-11] [INFO] [1789465572.088787101] [route_server]: Created route operation ReroutingService of type nav2_route::ReroutingService
[route_server-11] [INFO] [1789465572.088847900] [route_server]: Configuring Rerouting service operation.
[route_server-11] [INFO] [1789465572.091905198] [route_server]: Created route operation CollisionMonitor of type nav2_route::CollisionMonitor
[route_server-11] [INFO] [1789465572.092382597] [route_server]: Using costmap topic: local_costmap/costmap_raw instead of server costmap topic: global_costmap/costmap_raw for CollisionMonitor.
[lifecycle_manager-18] [INFO] [1789465572.102048689] [lifecycle_manager_navigation]: [34m[1mConfiguring behavior_server[0m[0m
[behavior_server-12] [INFO] [1789465572.102439389] [behavior_server]: Configuring
[behavior_server-12] [INFO] [1789465572.113435880] [behavior_server]: Creating behavior plugin spin of type nav2_behaviors::Spin
[behavior_server-12] [INFO] [1789465572.115362678] [behavior_server]: Creating behavior plugin backup of type nav2_behaviors::BackUp
[behavior_server-12] [INFO] [1789465572.116899477] [behavior_server]: Creating behavior plugin drive_on_heading of type nav2_behaviors::DriveOnHeading
[behavior_server-12] [INFO] [1789465572.118982875] [behavior_server]: Creating behavior plugin assisted_teleop of type nav2_behaviors::AssistedTeleop
[INFO] [create-3]: process has finished cleanly [pid 145329]
[behavior_server-12] [INFO] [1789465572.122380472] [behavior_server]: Creating behavior plugin wait of type nav2_behaviors::Wait
[behavior_server-12] [INFO] [1789465572.138672058] [behavior_server]: Configuring spin
[parameter_bridge-4] [INFO] [1789465572.150861548] [ros_gz_bridge]: Creating ROS->GZ Bridge: [cmd_vel (geometry_msgs/msg/Twist) -> cmd_vel (gz.msgs.Twist)] (Lazy 0)
[behavior_server-12] [INFO] [1789465572.155383144] [behavior_server]: Configuring backup
[parameter_bridge-4] [INFO] [1789465572.157003843] [ros_gz_bridge]: Creating GZ->ROS Bridge: [odom (gz.msgs.Odometry) -> odom (nav_msgs/msg/Odometry)] (Lazy 0)
[parameter_bridge-4] [INFO] [1789465572.163194437] [ros_gz_bridge]: Creating GZ->ROS Bridge: [tf (gz.msgs.Pose_V) -> tf (tf2_msgs/msg/TFMessage)] (Lazy 0)
[parameter_bridge-4] [INFO] [1789465572.168474133] [ros_gz_bridge]: Creating GZ->ROS Bridge: [joint_states (gz.msgs.Model) -> joint_states (sensor_msgs/msg/JointState)] (Lazy 0)
[behavior_server-12] [INFO] [1789465572.169038032] [behavior_server]: Configuring drive_on_heading
[parameter_bridge-4] [INFO] [1789465572.173317029] [ros_gz_bridge]: Creating GZ->ROS Bridge: [scan (gz.msgs.LaserScan) -> scan (sensor_msgs/msg/LaserScan)] (Lazy 0)
[parameter_bridge-4] [INFO] [1789465572.177707125] [ros_gz_bridge]: Creating GZ->ROS Bridge: [clock (gz.msgs.Clock) -> clock (rosgraph_msgs/msg/Clock)] (Lazy 0)
[parameter_bridge-4] [INFO] [1789465572.182010721] [ros_gz_bridge]: Creating GZ->ROS Bridge: [/model/robofetch/pose (gz.msgs.Pose) -> /model/robofetch/pose (geometry_msgs/msg/Pose)] (Lazy 0)
[behavior_server-12] [INFO] [1789465572.182606221] [behavior_server]: Configuring assisted_teleop
[behavior_server-12] [INFO] [1789465572.201207205] [behavior_server]: Configuring wait
[lifecycle_manager-18] [INFO] [1789465572.216539892] [lifecycle_manager_navigation]: [34m[1mConfiguring velocity_smoother[0m[0m
[velocity_smoother-15] [INFO] [1789465572.216892292] [velocity_smoother]: Configuring velocity smoother
[lifecycle_manager-18] [INFO] [1789465572.228105982] [lifecycle_manager_navigation]: [34m[1mConfiguring collision_monitor[0m[0m
[collision_monitor-16] [INFO] [1789465572.228467382] [collision_monitor]: Configuring
[collision_monitor-16] [INFO] [1789465572.242895770] [collision_monitor]: [scan]: Creating Scan
[collision_monitor-16] [INFO] [1789465572.248926765] [collision_monitor]: [FootprintApproach]: Creating Polygon
[collision_monitor-16] [INFO] [1789465572.249439964] [collision_monitor]: [FootprintApproach]: Polygon points are not defined. Using dynamic subscription instead.
[collision_monitor-16] [INFO] [1789465572.252987661] [collision_monitor]: [FootprintApproach]: Making footprint subscriber on /local_costmap/published_footprint topic
[lifecycle_manager-18] [INFO] [1789465572.274004444] [lifecycle_manager_navigation]: [34m[1mConfiguring bt_navigator[0m[0m
[bt_navigator-13] [INFO] [1789465572.274362443] [bt_navigator]: Configuring
[bt_navigator-13] [INFO] [1789465572.287761232] [bt_navigator]: Creating navigator id navigate_to_pose of type nav2_bt_navigator::NavigateToPoseNavigator
[bt_navigator-13] [INFO] [1789465572.420255220] [bt_navigator]: Creating navigator id navigate_through_poses of type nav2_bt_navigator::NavigateThroughPosesNavigator
[lifecycle_manager-18] [INFO] [1789465572.500757551] [lifecycle_manager_navigation]: [34m[1mConfiguring waypoint_follower[0m[0m
[waypoint_follower-14] [INFO] [1789465572.501127851] [waypoint_follower]: Configuring
[waypoint_follower-14] [INFO] [1789465572.548880211] [waypoint_follower]: Created waypoint_task_executor : wait_at_waypoint of type nav2_waypoint_follower::WaitAtWaypoint
[lifecycle_manager-18] [INFO] [1789465572.550181909] [lifecycle_manager_navigation]: [34m[1mConfiguring docking_server[0m[0m
[opennav_docking-17] [INFO] [1789465572.550543909] [docking_server]: Configuring docking_server
[opennav_docking-17] [INFO] [1789465572.550577709] [docking_server]: Controller frequency set to 50.0000Hz
[opennav_docking-17] [INFO] [1789465572.603593064] [docking_server]: Created charging dock plugin simple_charging_dock of type opennav_docking::SimpleChargingDock
[opennav_docking-17] [WARN] [1789465572.616331453] [docking_server]: Dock database filepath nor dock parameters set. Docking actions can only be executed specifying the dock pose via the action request. Or update the dock database via the reload_database service.
[opennav_docking-17] [INFO] [1789465572.616380353] [docking_server]: Docking Server has 1 dock types and 0 dock instances available.
[lifecycle_manager-18] [INFO] [1789465572.619781250] [lifecycle_manager_navigation]: [34m[1mActivating controller_server[0m[0m
[controller_server-8] [INFO] [1789465572.620156950] [controller_server]: Activating
[controller_server-8] [INFO] [1789465572.620186250] [local_costmap.local_costmap]: Activating
[controller_server-8] [INFO] [1789465572.620193850] [local_costmap.local_costmap]: Checking transform
[controller_server-8] [INFO] [1789465572.620226050] [local_costmap.local_costmap]: Timed out waiting for transform from base_footprint to odom to become available, tf error: Invalid frame ID "odom" passed to canTransform argument target_frame - frame does not exist
[controller_server-8] [INFO] [1789465573.120340125] [local_costmap.local_costmap]: Timed out waiting for transform from base_footprint to odom to become available, tf error: Invalid frame ID "odom" passed to canTransform argument target_frame - frame does not exist
[gazebo-1] [1;32m[Msg] [0m[1;32mMaterial[0m[1;32m service on [[0m[1;32m/world/factory_maze/wheel_slip/blocking[0m[1;32m] (blocking)[0m[1;32m[0m
[gazebo-1] [1;36m[Dbg] [SystemManager.cc:80] [0m[1;36mLoaded system [[0m[1;36mgz::sim::systems::UserCommands[0m[1;36m] for entity [[0m[1;36m1[0m[1;36m][0m[1;36m[0m
[gazebo-1] [1;36m[Dbg] [SystemManager.cc:80] [0m[1;36mLoaded system [[0m[1;36mgz::sim::systems::Contact[0m[1;36m] for entity [[0m[1;36m1[0m[1;36m][0m[1;36m[0m
[gazebo-1] [1;36m[Dbg] [Sensors.cc:697] [0m[1;36mConfiguring Sensors system[0m[1;36m[0m
[gazebo-1] [1;36m[Dbg] [Sensors.cc:557] [0m[1;36mSensorsPrivate::Run[0m[1;36m[0m
[gazebo-1] [1;36m[Dbg] [SystemManager.cc:80] [0m[1;36mLoaded system [[0m[1;36mgz::sim::systems::Sensors[0m[1;36m] for entity [[0m[1;36m1[0m[1;36m][0m[1;36m[0m
[gazebo-1] [1;36m[Dbg] [Sensors.cc:532] [0m[1;36mSensorsPrivate::RenderThread started[0m[1;36m[0m
[gazebo-1] [1;36m[Dbg] [Sensors.cc:337] [0m[1;36mWaiting for init[0m[1;36m[0m
[gazebo-1] [1;32m[Msg] [0m[1;32mLoaded level [[0m[1;32mdefault[0m[1;32m][0m[1;32m[0m
[gazebo-1] [1;32m[Msg] [0m[1;32mServing world controls on [[0m[1;32m/world/factory_maze[0m[1;32m/control], [[0m[1;32m/world/factory_maze[0m[1;32m/control/state] and [[0m[1;32m/world/factory_maze[0m[1;32m/playback/control][0m[1;32m[0m
[gazebo-1] [1;32m[Msg] [0m[1;32mServing GUI information on [[0m[1;32m/world/factory_maze[0m[1;32m/[0m[1;32mgui/info[0m[1;32m][0m[1;32m[0m
[gazebo-1] [1;32m[Msg] [0m[1;32mWorld [[0m[1;32mfactory_maze[0m[1;32m] initialized with [[0m[1;32m1ms[0m[1;32m] physics profile.[0m[1;32m[0m
[gazebo-1] [1;32m[Msg] [0m[1;32mServing world SDF generation service on [[0m[1;32m/world/factory_maze[0m[1;32m/[0m[1;32mgenerate_world_sdf[0m[1;32m][0m[1;32m[0m
[gazebo-1] [1;32m[Msg] [0m[1;32mServing world names on [[0m[1;32m/gazebo/worlds[0m[1;32m][0m[1;32m[0m
[gazebo-1] [1;32m[Msg] [0m[1;32mResource path add service on [[0m[1;32m/gazebo/resource_paths/add[0m[1;32m].[0m[1;32m[0m
[gazebo-1] [1;32m[Msg] [0m[1;32mResource path get service on [[0m[1;32m/gazebo/resource_paths/get[0m[1;32m].[0m[1;32m[0m
[gazebo-1] [1;32m[Msg] [0m[1;32mResource path resolve service on [[0m[1;32m/gazebo/resource_paths/resolve[0m[1;32m].[0m[1;32m[0m
[gazebo-1] [1;32m[Msg] [0m[1;32mResource paths published on [[0m[1;32m/gazebo/resource_paths[0m[1;32m].[0m[1;32m[0m
[gazebo-1] [1;32m[Msg] [0m[1;32mServer control service on [[0m[1;32m/server_control[0m[1;32m].[0m[1;32m[0m
[gazebo-1] [1;32m[Msg] [0m[1;32mFound no publishers on /stats, adding root stats topic[0m[1;32m[0m
[gazebo-1] [1;32m[Msg] [0m[1;32mFound no publishers on /clock, adding root clock topic[0m[1;32m[0m
[gazebo-1] [1;36m[Dbg] [SimulationRunner.cc:551] [0m[1;36mCreating PostUpdate worker threads: [0m[1;36m4[0m[1;36m[0m
[gazebo-1] [1;36m[Dbg] [SimulationRunner.cc:562] [0m[1;36mCreating postupdate worker thread ([0m[1;36m0[0m[1;36m)[0m[1;36m[0m
[gazebo-1] [1;36m[Dbg] [SimulationRunner.cc:562] [0m[1;36mCreating postupdate worker thread ([0m[1;36m1[0m[1;36m)[0m[1;36m[0m
[gazebo-1] [1;36m[Dbg] [SimulationRunner.cc:562] [0m[1;36mCreating postupdate worker thread ([0m[1;36m2[0m[1;36m)[0m[1;36m[0m
[gazebo-1] [1;33mWarning [Utils.cc:132][0m [/sdf/model[@name="robofetch"]/link[@name="base_footprint"]/sensor[@name="lidar"]/gz_frame_id:<urdf-string>:L0]: XML Element[gz_frame_id], child of element[sensor], not defined in SDF. Copying[gz_frame_id] as children of [sensor].
[controller_server-8] [INFO] [1789465573.620314498] [local_costmap.local_costmap]: Timed out waiting for transform from base_footprint to odom to become available, tf error: Invalid frame ID "odom" passed to canTransform argument target_frame - frame does not exist
[gazebo-1] [1;32m[Msg] [0m[1;32mDiffDrive subscribing to twist messages on [[0m[1;32mcmd_vel[0m[1;32m][0m[1;32m[0m
[gazebo-1] [1;36m[Dbg] [SystemManager.cc:80] [0m[1;36mLoaded system [[0m[1;36mgz::sim::systems::DiffDrive[0m[1;36m] for entity [[0m[1;36m129[0m[1;36m][0m[1;36m[0m
[gazebo-1] [1;36m[Dbg] [SystemManager.cc:80] [0m[1;36mLoaded system [[0m[1;36mgz::sim::systems::JointStatePublisher[0m[1;36m] for entity [[0m[1;36m129[0m[1;36m][0m[1;36m[0m
[gazebo-1] [1;36m[Dbg] [SystemManager.cc:80] [0m[1;36mLoaded system [[0m[1;36mgz::sim::systems::PosePublisher[0m[1;36m] for entity [[0m[1;36m129[0m[1;36m][0m[1;36m[0m
[gazebo-1] [1;36m[Dbg] [UserCommands.cc:1094] [0m[1;36mCreated entity [[0m[1;36m129[0m[1;36m] named [[0m[1;36mrobofetch[0m[1;36m][0m[1;36m[0m
[gazebo-1] [1;36m[Dbg] [Sensors.cc:953] [0m[1;36mInitialization needed[0m[1;36m[0m
[gazebo-1] [1;36m[Dbg] [Sensors.cc:349] [0m[1;36mInitializing render context[0m[1;36m[0m
[gazebo-1] [1;32m[Msg] [0m[1;32mLoading plugin [[0m[1;32mgz-rendering-ogre2[0m[1;32m][0m[1;32m[0m
[gazebo-1] [1;32m[Msg] [0m[1;32mServing scene information on [[0m[1;32m/world/factory_maze[0m[1;32m/[0m[1;32mscene/info[0m[1;32m][0m[1;32m[0m
[gazebo-1] [1;32m[Msg] [0m[1;32mServing graph information on [[0m[1;32m/world/factory_maze[0m[1;32m/[0m[1;32mscene/graph[0m[1;32m][0m[1;32m[0m
[gazebo-1] [1;32m[Msg] [0m[1;32mServing full state on [[0m[1;32m/world/factory_maze[0m[1;32m/[0m[1;32mstate[0m[1;32m][0m[1;32m[0m
[gazebo-1] [1;32m[Msg] [0m[1;32mServing full state (async) on [[0m[1;32m/world/factory_maze[0m[1;32m/[0m[1;32mstate_async[0m[1;32m][0m[1;32m[0m
[gazebo-1] [1;32m[Msg] [0m[1;32mPublishing scene information on [[0m[1;32m/world/factory_maze/scene/info[0m[1;32m][0m[1;32m[0m
[gazebo-1] [1;32m[Msg] [0m[1;32mPublishing entity deletions on [[0m[1;32m/world/factory_maze/scene/deletion[0m[1;32m][0m[1;32m[0m
[gazebo-1] [1;32m[Msg] [0m[1;32mPublishing state changes on [[0m[1;32m/world/factory_maze/state[0m[1;32m][0m[1;32m[0m
[gazebo-1] [1;32m[Msg] [0m[1;32mPublishing pose messages on [[0m[1;32m/world/factory_maze[0m[1;32m/[0m[1;32mpose/info[0m[1;32m][0m[1;32m[0m
[gazebo-1] [1;32m[Msg] [0m[1;32mPublishing dynamic pose messages on [[0m[1;32m/world/factory_maze[0m[1;32m/[0m[1;32mdynamic_pose/info[0m[1;32m][0m[1;32m[0m
[gazebo-1] [1;36m[Dbg] [SimulationRunner.cc:578] [0m[1;36mExiting postupdate worker thread ([Dbg] [SimulationRunner.cc:578] [0m[1;36mExiting postupdate worker thread ([0m[1;36m0[0m[1;36m)[0m[1;36m[0m
[gazebo-1] [1;36mExiting postupdate worker thread ([0m[1;36m2[0m[1;36m)[0m[1;36m[0m
[gazebo-1] [1;36mExiting postupdate worker thread ([0m[1;36m1[0m[1;36m)[0m[1;36m[0m
[gazebo-1] [1;36m[Dbg] [SimulationRunner.cc:551] [0m[1;36mCreating PostUpdate worker threads: [0m[1;36m7[0m[1;36m[0m
[gazebo-1] [1;36m[Dbg] [SimulationRunner.cc:562] [0m[1;36mCreating postupdate worker thread ([0m[1;36m0[0m[1;36m)[0m[1;36m[0m
[gazebo-1] [1;36m[Dbg] [SimulationRunner.cc:562] [0m[1;36mCreating postupdate worker thread ([0m[1;36m1[0m[1;36m)[0m[1;36m[0m
[gazebo-1] [1;36m[Dbg] [SimulationRunner.cc:562] [0m[1;36mCreating postupdate worker thread ([0m[1;36m2[0m[1;36m)[0m[1;36m[0m
[gazebo-1] [1;36m[Dbg] [SimulationRunner.cc:562] [0m[1;36mCreating postupdate worker thread ([0m[1;36m3[0m[1;36m)[0m[1;36m[0m
[gazebo-1] [1;36m[Dbg] [SimulationRunner.cc:562] [0m[1;36mCreating postupdate worker thread ([0m[1;36m4[0m[1;36m)[0m[1;36m[0m
[gazebo-1] [1;36m[Dbg] [SimulationRunner.cc:562] [0m[1;36mCreating postupdate worker thread ([0m[1;36m5[0m[1;36m)[0m[1;36m[0m
[gazebo-1] [1;36m[Dbg] [RenderUtil.cc:2646] [0m[1;36mCreate scene [[0m[1;36mscene[0m[1;36m][0m[1;36m[0m
[gazebo-1] [1;36m[Dbg] [Sensors.cc:391] [0m[1;36mRendering Thread initialized[0m[1;36m[0m
[gazebo-1] [1;36m[Dbg] [Sensors.cc:953] [0m[1;36mInitialization needed[0m[1;36m[0m
[gazebo-1] [1;36m[Dbg] [Lidar.cc:139] [0m[1;36mLaser scans for [[0m[1;36mrobofetch::base_footprint::lidar[0m[1;36m] advertised on [[0m[1;36mscan[0m[1;36m][0m[1;36m[0m
[controller_server-8] [INFO] [1789465574.120303569] [local_costmap.local_costmap]: Timed out waiting for transform from base_footprint to odom to become available, tf error: Invalid frame ID "odom" passed to canTransform argument target_frame - frame does not exist
[amcl-6] [INFO] [1789465574.203283898] [amcl]: createLaserObject
[controller_server-8] [INFO] [1789465574.620496738] [local_costmap.local_costmap]: start
[controller_server-8] [WARN] [1789465574.823097863] [controller_server]: Parameter controller_server.verbose not found
[controller_server-8] [INFO] [1789465574.823584363] [controller_server]: Optimizer reset
[controller_server-8] [INFO] [1789465574.823905562] [MPPIController]: Activated MPPI Controller: FollowPath
[controller_server-8] [INFO] [1789465574.823937962] [controller_server]: Creating bond (controller_server) to lifecycle manager.
[lifecycle_manager-18] [INFO] [1789465574.940680462] [lifecycle_manager_navigation]: Server controller_server connected with bond.
[lifecycle_manager-18] [INFO] [1789465574.940749662] [lifecycle_manager_navigation]: [34m[1mActivating smoother_server[0m[0m
[smoother_server-9] [INFO] [1789465574.941140661] [smoother_server]: Activating
[smoother_server-9] [INFO] [1789465574.941185361] [smoother_server]: Creating bond (smoother_server) to lifecycle manager.
[lifecycle_manager-18] [INFO] [1789465575.053676764] [lifecycle_manager_navigation]: Server smoother_server connected with bond.
[lifecycle_manager-18] [INFO] [1789465575.053742964] [lifecycle_manager_navigation]: [34m[1mActivating planner_server[0m[0m
[planner_server-10] [INFO] [1789465575.054364263] [planner_server]: Activating
[planner_server-10] [INFO] [1789465575.054414363] [global_costmap.global_costmap]: Activating
[planner_server-10] [INFO] [1789465575.054427363] [global_costmap.global_costmap]: Checking transform
[planner_server-10] [INFO] [1789465575.054467663] [global_costmap.global_costmap]: Timed out waiting for transform from base_footprint to map to become available, tf error: Invalid frame ID "map" passed to canTransform argument target_frame - frame does not exist
[planner_server-10] [INFO] [1789465575.554595528] [global_costmap.global_costmap]: Timed out waiting for transform from base_footprint to map to become available, tf error: Invalid frame ID "map" passed to canTransform argument target_frame - frame does not exist
[planner_server-10] [INFO] [1789465576.054540993] [global_costmap.global_costmap]: Timed out waiting for transform from base_footprint to map to become available, tf error: Invalid frame ID "map" passed to canTransform argument target_frame - frame does not exist
[amcl-6] [WARN] [1789465576.133264361] [amcl]: AMCL cannot publish a pose or update the transform. Please set the initial pose...
[planner_server-10] [INFO] [1789465576.554543415] [global_costmap.global_costmap]: Timed out waiting for transform from base_footprint to map to become available, tf error: Invalid frame ID "map" passed to canTransform argument target_frame - frame does not exist
[planner_server-10] [INFO] [1789465577.054556041] [global_costmap.global_costmap]: Timed out waiting for transform from base_footprint to map to become available, tf error: Invalid frame ID "map" passed to canTransform argument target_frame - frame does not exist
[planner_server-10] [INFO] [1789465577.554573264] [global_costmap.global_costmap]: Timed out waiting for transform from base_footprint to map to become available, tf error: Invalid frame ID "map" passed to canTransform argument target_frame - frame does not exist
[amcl-6] [INFO] [1789465578.006680603] [amcl]: initialPoseReceived
[amcl-6] [WARN] [1789465578.006918303] [amcl]: Failed to transform initial pose in time (Lookup would require extrapolation into the future.  Requested time 3.857000 but the latest data is at time 3.842000, when looking up transform from frame [base_footprint] to frame [odom])
[amcl-6] [INFO] [1789465578.006939903] [amcl]: Setting pose (3.857000): -5.225 -2.975 0.000
[planner_server-10] [INFO] [1789465578.054528886] [global_costmap.global_costmap]: Timed out waiting for transform from base_footprint to map to become available, tf error: Invalid frame ID "map" passed to canTransform argument target_frame - frame does not exist
[planner_server-10] [INFO] [1789465578.554803505] [global_costmap.global_costmap]: Timed out waiting for transform from base_footprint to map to become available, tf error: Lookup would require extrapolation into the past.  Requested time 4.386000 but the earliest data is at time 4.900000, when looking up transform from frame [base_footprint] to frame [map]
[planner_server-10] [INFO] [1789465579.054564523] [global_costmap.global_costmap]: Timed out waiting for transform from base_footprint to map to become available, tf error: Lookup would require extrapolation into the past.  Requested time 4.862000 but the earliest data is at time 4.900000, when looking up transform from frame [base_footprint] to frame [map]
[planner_server-10] [INFO] [1789465579.554689447] [global_costmap.global_costmap]: start
[planner_server-10] [INFO] [1789465580.607964303] [planner_server]: Activating plugin GridBased of type NavfnPlanner
[planner_server-10] [INFO] [1789465580.610793204] [planner_server]: Creating bond (planner_server) to lifecycle manager.
[lifecycle_manager-18] [INFO] [1789465580.724162531] [lifecycle_manager_navigation]: Server planner_server connected with bond.
[lifecycle_manager-18] [INFO] [1789465580.724241631] [lifecycle_manager_navigation]: [34m[1mActivating route_server[0m[0m
[route_server-11] [INFO] [1789465580.724672931] [route_server]: Activating
[route_server-11] [INFO] [1789465580.724901631] [route_server]: Creating bond (route_server) to lifecycle manager.
[lifecycle_manager-18] [INFO] [1789465580.835881358] [lifecycle_manager_navigation]: Server route_server connected with bond.
[lifecycle_manager-18] [INFO] [1789465580.835942758] [lifecycle_manager_navigation]: [34m[1mActivating behavior_server[0m[0m
[behavior_server-12] [INFO] [1789465580.836958658] [behavior_server]: Activating
[behavior_server-12] [INFO] [1789465580.837007358] [behavior_server]: Activating spin
[behavior_server-12] [INFO] [1789465580.837031158] [behavior_server]: Activating backup
[behavior_server-12] [INFO] [1789465580.837046858] [behavior_server]: Activating drive_on_heading
[behavior_server-12] [INFO] [1789465580.837062758] [behavior_server]: Activating assisted_teleop
[behavior_server-12] [INFO] [1789465580.837077258] [behavior_server]: Activating wait
[behavior_server-12] [INFO] [1789465580.837093658] [behavior_server]: Creating bond (behavior_server) to lifecycle manager.
[lifecycle_manager-18] [INFO] [1789465580.949062885] [lifecycle_manager_navigation]: Server behavior_server connected with bond.
[lifecycle_manager-18] [INFO] [1789465580.949120485] [lifecycle_manager_navigation]: [34m[1mActivating velocity_smoother[0m[0m
[velocity_smoother-15] [INFO] [1789465580.949948885] [velocity_smoother]: Activating
[velocity_smoother-15] [INFO] [1789465580.950008585] [velocity_smoother]: Creating bond (velocity_smoother) to lifecycle manager.
[lifecycle_manager-18] [INFO] [1789465581.068174313] [lifecycle_manager_navigation]: Server velocity_smoother connected with bond.
[lifecycle_manager-18] [INFO] [1789465581.068220713] [lifecycle_manager_navigation]: [34m[1mActivating collision_monitor[0m[0m
[collision_monitor-16] [INFO] [1789465581.068726513] [collision_monitor]: Activating
[collision_monitor-16] [INFO] [1789465581.068768813] [collision_monitor]: Creating bond (collision_monitor) to lifecycle manager.
[planner_server-10] [WARN] [1789465581.085559117] [planner_server]: No planners specified in action call. Server will use only plugin GridBased  in server. This warning will appear once.
[lifecycle_manager-18] [INFO] [1789465581.185483440] [lifecycle_manager_navigation]: Server collision_monitor connected with bond.
[lifecycle_manager-18] [INFO] [1789465581.185556840] [lifecycle_manager_navigation]: [34m[1mActivating bt_navigator[0m[0m
[bt_navigator-13] [INFO] [1789465581.186498440] [bt_navigator]: Activating
[bt_navigator-13] [INFO] [1789465581.370233083] [bt_navigator]: Creating bond (bt_navigator) to lifecycle manager.
[bt_navigator-13] [INFO] [1789465581.377825085] [bt_navigator]: Begin navigating from current location (-5.23, -2.98) to (-5.97, 3.08)
[controller_server-8] [INFO] [1789465581.399406090] [controller_server]: Received a goal, begin computing control effort.
[controller_server-8] [WARN] [1789465581.399472590] [controller_server]: No goal checker was specified in parameter 'current_goal_checker'. Server will use only plugin loaded general_goal_checker . This warning will appear once.
[controller_server-8] [WARN] [1789465581.399486890] [controller_server]: No progress checker was specified in parameter 'current_progress_checker'. Server will use only plugin loaded progress_checker . This warning will appear once.
[parameter_bridge-4] [INFO] [1789465581.471535907] [ros_gz_bridge]: Passing message from ROS geometry_msgs/msg/Twist to Gazebo gz.msgs.Twist (showing msg only once per type)
[lifecycle_manager-18] [INFO] [1789465581.485774510] [lifecycle_manager_navigation]: Server bt_navigator connected with bond.
[lifecycle_manager-18] [INFO] [1789465581.485845710] [lifecycle_manager_navigation]: [34m[1mActivating waypoint_follower[0m[0m
[waypoint_follower-14] [INFO] [1789465581.487261310] [waypoint_follower]: Activating
[waypoint_follower-14] [INFO] [1789465581.487311710] [waypoint_follower]: Creating bond (waypoint_follower) to lifecycle manager.
[lifecycle_manager-18] [INFO] [1789465581.607601538] [lifecycle_manager_navigation]: Server waypoint_follower connected with bond.
[lifecycle_manager-18] [INFO] [1789465581.608246539] [lifecycle_manager_navigation]: [34m[1mActivating docking_server[0m[0m
[opennav_docking-17] [INFO] [1789465581.608672239] [docking_server]: Activating docking_server
[opennav_docking-17] [INFO] [1789465581.632943444] [docking_server]: Creating bond (docking_server) to lifecycle manager.
[lifecycle_manager-18] [INFO] [1789465581.749807472] [lifecycle_manager_navigation]: Server docking_server connected with bond.
[lifecycle_manager-18] [INFO] [1789465581.749874472] [lifecycle_manager_navigation]: [34m[1mManaged nodes are active[0m[0m
[lifecycle_manager-18] [INFO] [1789465581.749889372] [lifecycle_manager_navigation]: [34m[1mCreating bond timer...[0m[0m
[controller_server-8] [INFO] [1789465582.499712542] [controller_server]: Passing new path to controller.
[controller_server-8] [INFO] [1789465583.499732364] [controller_server]: Passing new path to controller.
[controller_server-8] [INFO] [1789465584.499757478] [controller_server]: Passing new path to controller.
[controller_server-8] [INFO] [1789465585.599717506] [controller_server]: Passing new path to controller.
[controller_server-8] [INFO] [1789465586.599722932] [controller_server]: Passing new path to controller.
[controller_server-8] [INFO] [1789465587.599789582] [controller_server]: Passing new path to controller.
[controller_server-8] [INFO] [1789465588.601353430] [controller_server]: Passing new path to controller.
[controller_server-8] [INFO] [1789465589.699711670] [controller_server]: Passing new path to controller.
[controller_server-8] [INFO] [1789465590.699700901] [controller_server]: Passing new path to controller.
[controller_server-8] [INFO] [1789465591.699766695] [controller_server]: Passing new path to controller.
[controller_server-8] [INFO] [1789465592.699717511] [controller_server]: Passing new path to controller.
[controller_server-8] [INFO] [1789465593.799688790] [controller_server]: Passing new path to controller.
[controller_server-8] [INFO] [1789465594.799756396] [controller_server]: Passing new path to controller.
[controller_server-8] [INFO] [1789465595.799706298] [controller_server]: Passing new path to controller.
[controller_server-8] [INFO] [1789465596.800653292] [controller_server]: Passing new path to controller.
[controller_server-8] [INFO] [1789465597.899941758] [controller_server]: Passing new path to controller.
[controller_server-8] [INFO] [1789465598.899741138] [controller_server]: Passing new path to controller.
[controller_server-8] [INFO] [1789465599.899723111] [controller_server]: Passing new path to controller.
[controller_server-8] [INFO] [1789465600.899712576] [controller_server]: Passing new path to controller.
[controller_server-8] [INFO] [1789465601.999701211] [controller_server]: Passing new path to controller.
[collision_monitor-16] [INFO] [1789465602.120897680] [collision_monitor]: Robot to approach for 1.200000 seconds away from collision
[collision_monitor-16] [INFO] [1789465602.370688018] [collision_monitor]: Robot to continue normal operation
[collision_monitor-16] [INFO] [1789465602.416123807] [collision_monitor]: Robot to approach for 1.200000 seconds away from collision
[collision_monitor-16] [INFO] [1789465602.482247690] [collision_monitor]: Robot to continue normal operation
[controller_server-8] [INFO] [1789465602.601456661] [controller_server]: Reached the goal!
[controller_server-8] [INFO] [1789465602.601937961] [controller_server]: Optimizer reset
[bt_navigator-13] [INFO] [1789465602.628584154] [bt_navigator]: Goal succeeded
[bt_navigator-13] [INFO] [1789465603.630718464] [bt_navigator]: Begin navigating from current location (-5.87, 3.04) to (-0.23, -3.98)
[controller_server-8] [INFO] [1789465603.642059362] [controller_server]: Received a goal, begin computing control effort.
[controller_server-8] [INFO] [1789465604.742973757] [controller_server]: Passing new path to controller.
[controller_server-8] [INFO] [1789465605.742982263] [controller_server]: Passing new path to controller.
[controller_server-8] [INFO] [1789465606.742979262] [controller_server]: Passing new path to controller.
[controller_server-8] [INFO] [1789465607.843018833] [controller_server]: Passing new path to controller.
[controller_server-8] [INFO] [1789465608.842979418] [controller_server]: Passing new path to controller.
[controller_server-8] [INFO] [1789465609.843002695] [controller_server]: Passing new path to controller.
[controller_server-8] [INFO] [1789465610.843137615] [controller_server]: Passing new path to controller.
[controller_server-8] [INFO] [1789465611.942986741] [controller_server]: Passing new path to controller.
[controller_server-8] [INFO] [1789465612.943045312] [controller_server]: Passing new path to controller.
[controller_server-8] [INFO] [1789465613.942997576] [controller_server]: Passing new path to controller.
[controller_server-8] [INFO] [1789465614.943059333] [controller_server]: Passing new path to controller.
[controller_server-8] [INFO] [1789465616.042996228] [controller_server]: Passing new path to controller.
[controller_server-8] [INFO] [1789465617.043019448] [controller_server]: Passing new path to controller.
[controller_server-8] [INFO] [1789465618.042985961] [controller_server]: Passing new path to controller.
[controller_server-8] [INFO] [1789465619.043027305] [controller_server]: Passing new path to controller.
[controller_server-8] [INFO] [1789465620.042974128] [controller_server]: Passing new path to controller.
[controller_server-8] [INFO] [1789465621.143056505] [controller_server]: Passing new path to controller.
[controller_server-8] [INFO] [1789465622.143134814] [controller_server]: Passing new path to controller.
[controller_server-8] [INFO] [1789465623.142983016] [controller_server]: Passing new path to controller.
[controller_server-8] [INFO] [1789465624.142975609] [controller_server]: Passing new path to controller.
[controller_server-8] [INFO] [1789465625.242989773] [controller_server]: Passing new path to controller.
[controller_server-8] [INFO] [1789465626.242991053] [controller_server]: Passing new path to controller.
[controller_server-8] [INFO] [1789465627.242987491] [controller_server]: Passing new path to controller.
[controller_server-8] [INFO] [1789465628.243153050] [controller_server]: Passing new path to controller.
[controller_server-8] [INFO] [1789465629.243013503] [controller_server]: Passing new path to controller.
[controller_server-8] [INFO] [1789465630.343000782] [controller_server]: Passing new path to controller.
[controller_server-8] [INFO] [1789465631.342973921] [controller_server]: Passing new path to controller.
[controller_server-8] [INFO] [1789465631.444597255] [controller_server]: Reached the goal!
[controller_server-8] [INFO] [1789465631.444809855] [controller_server]: Optimizer reset
[bt_navigator-13] [INFO] [1789465631.471292364] [bt_navigator]: Goal succeeded
[bt_navigator-13] [INFO] [1789465632.474446496] [bt_navigator]: Begin navigating from current location (-0.23, -3.85) to (6.03, 3.08)
[controller_server-8] [INFO] [1789465632.496266103] [controller_server]: Received a goal, begin computing control effort.
[controller_server-8] [INFO] [1789465633.596521891] [controller_server]: Passing new path to controller.
[controller_server-8] [INFO] [1789465634.596510818] [controller_server]: Passing new path to controller.
[controller_server-8] [INFO] [1789465635.596515498] [controller_server]: Passing new path to controller.
[controller_server-8] [INFO] [1789465636.696515576] [controller_server]: Passing new path to controller.
[controller_server-8] [INFO] [1789465637.696516058] [controller_server]: Passing new path to controller.
[controller_server-8] [INFO] [1789465638.696720834] [controller_server]: Passing new path to controller.
[controller_server-8] [INFO] [1789465639.696599003] [controller_server]: Passing new path to controller.
[controller_server-8] [INFO] [1789465640.696507265] [controller_server]: Passing new path to controller.
[controller_server-8] [INFO] [1789465641.796512780] [controller_server]: Passing new path to controller.
[controller_server-8] [INFO] [1789465642.796502481] [controller_server]: Passing new path to controller.
[controller_server-8] [INFO] [1789465643.796499923] [controller_server]: Passing new path to controller.
[controller_server-8] [INFO] [1789465644.796538236] [controller_server]: Passing new path to controller.
[controller_server-8] [INFO] [1789465645.896514546] [controller_server]: Passing new path to controller.
[controller_server-8] [INFO] [1789465646.896538140] [controller_server]: Passing new path to controller.
[controller_server-8] [INFO] [1789465647.896511889] [controller_server]: Passing new path to controller.
[controller_server-8] [INFO] [1789465648.896514309] [controller_server]: Passing new path to controller.
[controller_server-8] [INFO] [1789465649.996535375] [controller_server]: Passing new path to controller.
[controller_server-8] [INFO] [1789465650.996603047] [controller_server]: Passing new path to controller.
[controller_server-8] [INFO] [1789465651.997049622] [controller_server]: Passing new path to controller.
[controller_server-8] [INFO] [1789465652.996625179] [controller_server]: Passing new path to controller.
[controller_server-8] [INFO] [1789465654.096521788] [controller_server]: Passing new path to controller.
[controller_server-8] [INFO] [1789465655.096497730] [controller_server]: Passing new path to controller.
[controller_server-8] [INFO] [1789465656.096513953] [controller_server]: Passing new path to controller.
[controller_server-8] [INFO] [1789465656.098491075] [controller_server]: Reached the goal!
[controller_server-8] [INFO] [1789465656.098762833] [controller_server]: Optimizer reset
[bt_navigator-13] [INFO] [1789465656.134882535] [bt_navigator]: Goal succeeded
[bt_navigator-13] [INFO] [1789465657.137526073] [bt_navigator]: Begin navigating from current location (5.92, 2.88) to (-0.23, -3.98)
[controller_server-8] [INFO] [1789465657.159403029] [controller_server]: Received a goal, begin computing control effort.
[controller_server-8] [INFO] [1789465658.259638755] [controller_server]: Passing new path to controller.
[controller_server-8] [INFO] [1789465659.259637621] [controller_server]: Passing new path to controller.
[controller_server-8] [INFO] [1789465660.259663125] [controller_server]: Passing new path to controller.
[controller_server-8] [INFO] [1789465661.359651015] [controller_server]: Passing new path to controller.
[controller_server-8] [INFO] [1789465662.359831360] [controller_server]: Passing new path to controller.
[controller_server-8] [INFO] [1789465663.359666517] [controller_server]: Passing new path to controller.
[controller_server-8] [INFO] [1789465664.359658484] [controller_server]: Passing new path to controller.
[controller_server-8] [INFO] [1789465665.459633575] [controller_server]: Passing new path to controller.
[controller_server-8] [INFO] [1789465666.459656466] [controller_server]: Passing new path to controller.
[controller_server-8] [INFO] [1789465667.459609766] [controller_server]: Passing new path to controller.
[controller_server-8] [INFO] [1789465668.559645979] [controller_server]: Passing new path to controller.
[controller_server-8] [INFO] [1789465669.559830879] [controller_server]: Passing new path to controller.
[controller_server-8] [INFO] [1789465670.559670067] [controller_server]: Passing new path to controller.
[controller_server-8] [INFO] [1789465671.559685587] [controller_server]: Passing new path to controller.
[controller_server-8] [INFO] [1789465672.659656563] [controller_server]: Passing new path to controller.
[controller_server-8] [INFO] [1789465673.660116496] [controller_server]: Passing new path to controller.
[controller_server-8] [INFO] [1789465674.659649925] [controller_server]: Passing new path to controller.
[controller_server-8] [INFO] [1789465675.659636497] [controller_server]: Passing new path to controller.
[controller_server-8] [INFO] [1789465676.759685180] [controller_server]: Passing new path to controller.
[controller_server-8] [INFO] [1789465677.759658910] [controller_server]: Passing new path to controller.
[controller_server-8] [INFO] [1789465678.759674439] [controller_server]: Passing new path to controller.
[controller_server-8] [INFO] [1789465679.759633748] [controller_server]: Passing new path to controller.
[controller_server-8] [INFO] [1789465680.859666136] [controller_server]: Passing new path to controller.
[controller_server-8] [INFO] [1789465681.859972160] [controller_server]: Passing new path to controller.
[controller_server-8] [INFO] [1789465682.859634648] [controller_server]: Passing new path to controller.
[controller_server-8] [INFO] [1789465683.859648008] [controller_server]: Passing new path to controller.
[controller_server-8] [INFO] [1789465684.959670544] [controller_server]: Passing new path to controller.
[controller_server-8] [INFO] [1789465685.261379063] [controller_server]: Reached the goal!
[controller_server-8] [INFO] [1789465685.261633613] [controller_server]: Optimizer reset
[bt_navigator-13] [INFO] [1789465685.288467852] [bt_navigator]: Goal succeeded
[bt_navigator-13] [INFO] [1789465686.290335929] [bt_navigator]: Begin navigating from current location (-0.14, -3.84) to (6.03, -3.42)
[controller_server-8] [INFO] [1789465686.311761803] [controller_server]: Received a goal, begin computing control effort.
[controller_server-8] [INFO] [1789465687.412011895] [controller_server]: Passing new path to controller.
[controller_server-8] [INFO] [1789465688.411984449] [controller_server]: Passing new path to controller.
[controller_server-8] [INFO] [1789465689.411990809] [controller_server]: Passing new path to controller.
[controller_server-8] [INFO] [1789465690.511985989] [controller_server]: Passing new path to controller.
[controller_server-8] [INFO] [1789465691.511989466] [controller_server]: Passing new path to controller.
[controller_server-8] [INFO] [1789465692.511992456] [controller_server]: Passing new path to controller.
[controller_server-8] [INFO] [1789465693.512003550] [controller_server]: Passing new path to controller.
[controller_server-8] [INFO] [1789465694.611994768] [controller_server]: Passing new path to controller.
[controller_server-8] [INFO] [1789465695.611991030] [controller_server]: Passing new path to controller.
[controller_server-8] [INFO] [1789465696.612024996] [controller_server]: Passing new path to controller.
[controller_server-8] [INFO] [1789465697.612015468] [controller_server]: Passing new path to controller.
[controller_server-8] [INFO] [1789465698.712027509] [controller_server]: Passing new path to controller.
[controller_server-8] [INFO] [1789465699.712024179] [controller_server]: Passing new path to controller.
[controller_server-8] [INFO] [1789465700.712155188] [controller_server]: Passing new path to controller.
[controller_server-8] [INFO] [1789465701.812053255] [controller_server]: Passing new path to controller.
[collision_monitor-16] [INFO] [1789465701.932279216] [collision_monitor]: Robot to approach for 1.200000 seconds away from collision
[collision_monitor-16] [INFO] [1789465701.970843435] [collision_monitor]: Robot to continue normal operation
[controller_server-8] [INFO] [1789465702.812051843] [controller_server]: Passing new path to controller.
[controller_server-8] [INFO] [1789465703.313659978] [controller_server]: Reached the goal!
[controller_server-8] [INFO] [1789465703.314142178] [controller_server]: Optimizer reset
[bt_navigator-13] [INFO] [1789465703.340854470] [bt_navigator]: Goal succeeded
[bt_navigator-13] [INFO] [1789465704.343108692] [bt_navigator]: Begin navigating from current location (6.00, -3.34) to (-0.23, -3.98)
[controller_server-8] [INFO] [1789465704.364272464] [controller_server]: Received a goal, begin computing control effort.
[controller_server-8] [INFO] [1789465705.464465645] [controller_server]: Passing new path to controller.
[controller_server-8] [INFO] [1789465706.464446417] [controller_server]: Passing new path to controller.
[controller_server-8] [INFO] [1789465707.464459292] [controller_server]: Passing new path to controller.
[controller_server-8] [INFO] [1789465708.464470436] [controller_server]: Passing new path to controller.
[controller_server-8] [INFO] [1789465709.564502309] [controller_server]: Passing new path to controller.
[controller_server-8] [INFO] [1789465710.564521454] [controller_server]: Passing new path to controller.
[controller_server-8] [INFO] [1789465711.564512416] [controller_server]: Passing new path to controller.
[controller_server-8] [INFO] [1789465712.564478395] [controller_server]: Passing new path to controller.
[controller_server-8] [INFO] [1789465713.664467724] [controller_server]: Passing new path to controller.
[controller_server-8] [INFO] [1789465714.664468500] [controller_server]: Passing new path to controller.
[controller_server-8] [INFO] [1789465715.664447682] [controller_server]: Passing new path to controller.
[controller_server-8] [INFO] [1789465716.764444911] [controller_server]: Passing new path to controller.
[controller_server-8] [INFO] [1789465717.764459467] [controller_server]: Passing new path to controller.
[controller_server-8] [INFO] [1789465718.764467664] [controller_server]: Passing new path to controller.
[controller_server-8] [INFO] [1789465719.764469983] [controller_server]: Passing new path to controller.
[controller_server-8] [INFO] [1789465720.864491630] [controller_server]: Passing new path to controller.
[controller_server-8] [INFO] [1789465721.864497458] [controller_server]: Passing new path to controller.
[controller_server-8] [INFO] [1789465721.968131884] [controller_server]: Reached the goal!
[controller_server-8] [INFO] [1789465721.968355281] [controller_server]: Optimizer reset
[bt_navigator-13] [INFO] [1789465721.993659895] [bt_navigator]: Goal succeeded
[bt_navigator-13] [INFO] [1789465722.995426105] [bt_navigator]: Begin navigating from current location (-0.19, -3.87) to (-5.22, -2.98)
[controller_server-8] [INFO] [1789465722.998843870] [controller_server]: Received a goal, begin computing control effort.
[controller_server-8] [INFO] [1789465724.099124089] [controller_server]: Passing new path to controller.
[controller_server-8] [INFO] [1789465725.099134678] [controller_server]: Passing new path to controller.
[controller_server-8] [INFO] [1789465726.099170045] [controller_server]: Passing new path to controller.
[controller_server-8] [INFO] [1789465727.099147324] [controller_server]: Passing new path to controller.
[controller_server-8] [INFO] [1789465728.199125650] [controller_server]: Passing new path to controller.
[controller_server-8] [INFO] [1789465729.199138849] [controller_server]: Passing new path to controller.
[controller_server-8] [INFO] [1789465730.199935969] [controller_server]: Passing new path to controller.
[controller_server-8] [INFO] [1789465731.299162224] [controller_server]: Passing new path to controller.
[controller_server-8] [INFO] [1789465732.299205406] [controller_server]: Passing new path to controller.
[controller_server-8] [INFO] [1789465733.299190720] [controller_server]: Passing new path to controller.
[controller_server-8] [INFO] [1789465734.299106963] [controller_server]: Passing new path to controller.
[controller_server-8] [INFO] [1789465735.399165159] [controller_server]: Passing new path to controller.
[controller_server-8] [INFO] [1789465736.399129996] [controller_server]: Passing new path to controller.
[controller_server-8] [INFO] [1789465737.399158066] [controller_server]: Passing new path to controller.
[controller_server-8] [INFO] [1789465738.200437961] [controller_server]: Reached the goal!
[controller_server-8] [INFO] [1789465738.200699158] [controller_server]: Optimizer reset
[bt_navigator-13] [INFO] [1789465738.226073766] [bt_navigator]: Goal succeeded
