[INFO] [launch]: All log files can be found below /home/robojazzy/.ros/log/2026-09-15-12-42-53-936758-DESKTOP-NOCCT0U-157983
[INFO] [launch]: Default logging verbosity is set to INFO
[INFO] [gazebo-1]: process started with pid [157988]
[INFO] [robot_state_publisher-2]: process started with pid [157989]
[INFO] [create-3]: process started with pid [157991]
[INFO] [parameter_bridge-4]: process started with pid [157992]
[INFO] [map_server-5]: process started with pid [157993]
[INFO] [amcl-6]: process started with pid [157994]
[INFO] [lifecycle_manager-7]: process started with pid [157995]
[INFO] [controller_server-8]: process started with pid [157996]
[INFO] [smoother_server-9]: process started with pid [157997]
[INFO] [planner_server-10]: process started with pid [158000]
[INFO] [route_server-11]: process started with pid [158001]
[INFO] [behavior_server-12]: process started with pid [158002]
[INFO] [bt_navigator-13]: process started with pid [158003]
[INFO] [waypoint_follower-14]: process started with pid [158006]
[INFO] [velocity_smoother-15]: process started with pid [158013]
[INFO] [collision_monitor-16]: process started with pid [158014]
[INFO] [opennav_docking-17]: process started with pid [158021]
[INFO] [lifecycle_manager-18]: process started with pid [158022]
[amcl-6] [INFO] [1789468975.141485270] [amcl]: 
[amcl-6] 	amcl lifecycle node launched. 
[amcl-6] 	Waiting on external lifecycle transitions to activate
[amcl-6] 	See https://design.ros2.org/articles/node_lifecycle.html for more information.
[amcl-6] [INFO] [1789468975.147016161] [amcl]: Creating
[robot_state_publisher-2] [INFO] [1789468975.177677914] [robot_state_publisher]: Robot initialized
[controller_server-8] [INFO] [1789468975.210424064] [controller_server]: 
[controller_server-8] 	controller_server lifecycle node launched. 
[controller_server-8] 	Waiting on external lifecycle transitions to activate
[controller_server-8] 	See https://design.ros2.org/articles/node_lifecycle.html for more information.
[velocity_smoother-15] [INFO] [1789468975.214143458] [velocity_smoother]: 
[velocity_smoother-15] 	velocity_smoother lifecycle node launched. 
[velocity_smoother-15] 	Waiting on external lifecycle transitions to activate
[velocity_smoother-15] 	See https://design.ros2.org/articles/node_lifecycle.html for more information.
[behavior_server-12] [INFO] [1789468975.252457399] [behavior_server]: 
[behavior_server-12] 	behavior_server lifecycle node launched. 
[behavior_server-12] 	Waiting on external lifecycle transitions to activate
[behavior_server-12] 	See https://design.ros2.org/articles/node_lifecycle.html for more information.
[lifecycle_manager-7] [INFO] [1789468975.261512008] [lifecycle_manager_localization]: Creating
[controller_server-8] [INFO] [1789468975.263103710] [controller_server]: Creating controller server
[create-3] [INFO] [1789468975.289695840] [ros_gz_sim]: Requesting list of world names.
[bt_navigator-13] [INFO] [1789468975.292370643] [bt_navigator]: 
[bt_navigator-13] 	bt_navigator lifecycle node launched. 
[bt_navigator-13] 	Waiting on external lifecycle transitions to activate
[bt_navigator-13] 	See https://design.ros2.org/articles/node_lifecycle.html for more information.
[bt_navigator-13] [INFO] [1789468975.303349955] [bt_navigator]: Creating
[lifecycle_manager-7] [INFO] [1789468975.304245256] [lifecycle_manager_localization]: [34m[1mCreating and initializing lifecycle service clients[0m[0m
[lifecycle_manager-7] [INFO] [1789468975.330429886] [lifecycle_manager_localization]: [34m[1mStarting managed nodes bringup...[0m[0m
[lifecycle_manager-7] [INFO] [1789468975.331271387] [lifecycle_manager_localization]: [34m[1mConfiguring map_server[0m[0m
[map_server-5] [INFO] [1789468975.349944008] [map_server]: 
[map_server-5] 	map_server lifecycle node launched. 
[map_server-5] 	Waiting on external lifecycle transitions to activate
[map_server-5] 	See https://design.ros2.org/articles/node_lifecycle.html for more information.
[map_server-5] [INFO] [1789468975.350118509] [map_server]: Creating
[map_server-5] [INFO] [1789468975.351024510] [map_server]: Configuring
[map_server-5] [INFO] [1789468975.351164610] [map_io]: Loading yaml file: /home/robojazzy/robofetch_ws_copy/robofetch_ws/install/robofetch_nav/share/robofetch_nav/maps/factory_maze.yaml
[map_server-5] [INFO] [1789468975.351676710] [map_io]: resolution: 0.05
[map_server-5] [INFO] [1789468975.351691710] [map_io]: origin[0]: -7.75
[map_server-5] [INFO] [1789468975.351721410] [map_io]: origin[1]: -5.5
[map_server-5] [INFO] [1789468975.351730410] [map_io]: origin[2]: 0
[map_server-5] [INFO] [1789468975.351737010] [map_io]: free_thresh: 0.196
[map_server-5] [INFO] [1789468975.351742910] [map_io]: occupied_thresh: 0.65
[map_server-5] [INFO] [1789468975.351749910] [map_io]: mode: trinary
[map_server-5] [INFO] [1789468975.351756410] [map_io]: negate: 0
[map_server-5] [INFO] [1789468975.352679611] [map_io]: Loading image_file: /home/robojazzy/robofetch_ws_copy/robofetch_ws/install/robofetch_nav/share/robofetch_nav/maps/factory_maze.pgm
[map_server-5] [INFO] [1789468975.356336716] [map_io]: Read map /home/robojazzy/robofetch_ws_copy/robofetch_ws/install/robofetch_nav/share/robofetch_nav/maps/factory_maze.pgm: 310 X 220 map @ 0.05 m/cell
[collision_monitor-16] [INFO] [1789468975.360792521] [collision_monitor]: 
[collision_monitor-16] 	collision_monitor lifecycle node launched. 
[collision_monitor-16] 	Waiting on external lifecycle transitions to activate
[collision_monitor-16] 	See https://design.ros2.org/articles/node_lifecycle.html for more information.
[lifecycle_manager-7] [INFO] [1789468975.649765349] [lifecycle_manager_localization]: [34m[1mConfiguring amcl[0m[0m
[planner_server-10] [INFO] [1789468975.696560403] [planner_server]: 
[planner_server-10] 	planner_server lifecycle node launched. 
[planner_server-10] 	Waiting on external lifecycle transitions to activate
[planner_server-10] 	See https://design.ros2.org/articles/node_lifecycle.html for more information.
[lifecycle_manager-18] [INFO] [1789468975.700315007] [lifecycle_manager_navigation]: Creating
[planner_server-10] [INFO] [1789468975.707970416] [planner_server]: Creating
[smoother_server-9] [INFO] [1789468975.711369819] [smoother_server]: 
[smoother_server-9] 	smoother_server lifecycle node launched. 
[smoother_server-9] 	Waiting on external lifecycle transitions to activate
[smoother_server-9] 	See https://design.ros2.org/articles/node_lifecycle.html for more information.
[lifecycle_manager-18] [INFO] [1789468975.713913422] [lifecycle_manager_navigation]: [34m[1mCreating and initializing lifecycle service clients[0m[0m
[waypoint_follower-14] [INFO] [1789468975.717382926] [waypoint_follower]: 
[waypoint_follower-14] 	waypoint_follower lifecycle node launched. 
[waypoint_follower-14] 	Waiting on external lifecycle transitions to activate
[waypoint_follower-14] 	See https://design.ros2.org/articles/node_lifecycle.html for more information.
[smoother_server-9] [INFO] [1789468975.718244727] [smoother_server]: Creating smoother server
[waypoint_follower-14] [INFO] [1789468975.722709932] [waypoint_follower]: Creating
[route_server-11] [INFO] [1789468975.730475441] [route_server]: 
[route_server-11] 	route_server lifecycle node launched. 
[route_server-11] 	Waiting on external lifecycle transitions to activate
[route_server-11] 	See https://design.ros2.org/articles/node_lifecycle.html for more information.
[opennav_docking-17] [INFO] [1789468975.749191463] [docking_server]: 
[opennav_docking-17] 	docking_server lifecycle node launched. 
[opennav_docking-17] 	Waiting on external lifecycle transitions to activate
[opennav_docking-17] 	See https://design.ros2.org/articles/node_lifecycle.html for more information.
[opennav_docking-17] [INFO] [1789468975.749981463] [docking_server]: Creating docking_server
[controller_server-8] [INFO] [1789468975.752003766] [local_costmap.local_costmap]: 
[controller_server-8] 	local_costmap lifecycle node launched. 
[controller_server-8] 	Waiting on external lifecycle transitions to activate
[controller_server-8] 	See https://design.ros2.org/articles/node_lifecycle.html for more information.
[controller_server-8] [INFO] [1789468975.753406067] [local_costmap.local_costmap]: Creating Costmap
[planner_server-10] [INFO] [1789468975.824940049] [global_costmap.global_costmap]: 
[planner_server-10] 	global_costmap lifecycle node launched. 
[planner_server-10] 	Waiting on external lifecycle transitions to activate
[planner_server-10] 	See https://design.ros2.org/articles/node_lifecycle.html for more information.
[planner_server-10] [INFO] [1789468975.829714154] [global_costmap.global_costmap]: Creating Costmap
[lifecycle_manager-18] [INFO] [1789468975.909782345] [lifecycle_manager_navigation]: [34m[1mStarting managed nodes bringup...[0m[0m
[lifecycle_manager-18] [INFO] [1789468975.909867545] [lifecycle_manager_navigation]: [34m[1mConfiguring controller_server[0m[0m
[controller_server-8] [INFO] [1789468975.910259746] [controller_server]: Configuring controller interface
[controller_server-8] [INFO] [1789468975.910289046] [controller_server]: getting progress checker plugins..
[controller_server-8] [INFO] [1789468975.910852646] [controller_server]: getting goal checker plugins..
[controller_server-8] [INFO] [1789468975.911379447] [controller_server]: Controller frequency set to 10.0000Hz
[controller_server-8] [INFO] [1789468975.911448047] [local_costmap.local_costmap]: Configuring
[gazebo-1] [1;32m[Msg] [0m[1;32mGazebo Sim Server v[0m[1;32m8.11.0[0m[1;32m[0m
[gazebo-1] [1;32m[Msg] [0m[1;32mLoading SDF world file[[0m[1;32m/home/robojazzy/robofetch_ws_copy/robofetch_ws/install/robofetch_gazebo/share/robofetch_gazebo/worlds/factory_maze.sdf[0m[1;32m].[0m
[gazebo-1] [1;32m[Msg] [0m[1;32mServing entity system service on [[0m[1;32m/[0m[1;32mentity/system/add[0m[1;32m][0m[1;32m[0m
[gazebo-1] [1;36m[Dbg] [Physics.cc:906] [0m[1;36mLoaded [[0m[1;36mgz::physics::dartsim::Plugin[0m[1;36m] from library [[0m[1;36m/opt/ros/jazzy/opt/gz_physics_vendor/lib/gz-physics-7/engine-plugins/libgz-physics-dartsim-plugin.so[0m[1;36m][0m[1;36m[0m
[gazebo-1] [1;36m[Dbg] [SystemManager.cc:80] [0m[1;36mLoaded system [[0m[1;36mgz::sim::systems::Physics[0m[1;36m] for entity [[0m[1;36m1[0m[1;36m][0m[1;36m[0m
[gazebo-1] [1;36m[Dbg] [SystemManager.cc:80] [0m[1;36mLoaded system [[0m[1;36mgz::sim::systems::SceneBroadcaster[0m[1;36m] for entity [[0m[1;36m1[0m[1;36m][0m[1;36m[0m
[gazebo-1] [1;32m[Msg] [0m[1;32mCreate[0m[1;32m service on [[0m[1;32m/world/factory_maze/create_multiple[0m[1;32m] (async)[0m[1;32m[0m
[gazebo-1] [1;32m[Msg] [0m[1;32mCreate[0m[1;32m service on [[0m[1;32m/world/factory_maze/create_multiple/blocking[0m[1;32m] (blocking)[0m[1;32m[0m
[gazebo-1] [1;32m[Msg] [0m[1;32mRemove[0m[1;32m service on [[0m[1;32m/world/factory_maze/remove[0m[1;32m] (async)[0m[1;32m[0m
[gazebo-1] [1;32m[Msg] [0m[1;32mRemove[0m[1;32m service on [[0m[1;32m/world/factory_maze/remove/blocking[0m[1;32m] (blocking)[0m[1;32m[0m
[gazebo-1] [1;32m[Msg] [0m[1;32mPose[0m[1;32m service on [[0m[1;32m/world/factory_maze/set_pose[0m[1;32m] (async)[0m[1;32m[0m
[gazebo-1] [1;32m[Msg] [0m[1;32mPose[0m[1;32m service on [[0m[1;32m/world/factory_maze/set_pose/blocking[0m[1;32m] (blocking)[0m[1;32m[0m
[gazebo-1] [1;32m[Msg] [0m[1;32mPose[0m[1;32m service on [[0m[1;32m/world/factory_maze/set_pose_vector[0m[1;32m] (async)[0m[1;32m[0m
[gazebo-1] [1;32m[Msg] [0m[1;32mPose[0m[1;32m service on [[0m[1;32m/world/factory_maze/set_pose_vector/blocking[0m[1;32m] (blocking)[0m[1;32m[0m
[gazebo-1] [1;32m[Msg] [0m[1;32mLight configuration[0m[1;32m service on [[0m[1;32m/world/factory_maze/light_config[0m[1;32m] (async)[0m[1;32m[0m
[gazebo-1] [1;32m[Msg] [0m[1;32mLight configuration[0m[1;32m service on [[0m[1;32m/world/factory_maze/light_config/blocking[0m[1;32m] (blocking)[0m[1;32m[0m
[gazebo-1] [1;32m[Msg] [0m[1;32mPhysics[0m[1;32m service on [[0m[1;32m/world/factory_maze/set_physics[0m[1;32m] (async)[0m[1;32m[0m
[gazebo-1] [1;32m[Msg] [0m[1;32mPhysics[0m[1;32m service on [[0m[1;32m/world/factory_maze/set_physics/blocking[0m[1;32m] (blocking)[0m[1;32m[0m
[gazebo-1] [1;32m[Msg] [0m[1;32mSphericalCoordinates[0m[1;32m service on [[0m[1;32m/world/factory_maze/set_spherical_coordinates[0m[1;32m] (async)[0m[1;32m[0m
[gazebo-1] [1;32m[Msg] [0m[1;32mSphericalCoordinates[0m[1;32m service on [[0m[1;32m/world/factory_maze/set_spherical_coordinates/blocking[0m[1;32m] (blocking)[0m[1;32m[0m
[gazebo-1] [1;32m[Msg] [0m[1;32mEnable collision[0m[1;32m service on [[0m[1;32m/world/factory_maze/enable_collision[0m[1;32m] (async)[0m[1;32m[0m
[gazebo-1] [1;32m[Msg] [0m[1;32mEnable collision[0m[1;32m service on [[0m[1;32m/world/factory_maze/enable_collision/blocking[0m[1;32m] (blocking)[0m[1;32m[0m
[gazebo-1] [1;32m[Msg] [0m[1;32mDisable collision[0m[1;32m service on [[0m[1;32m/world/factory_maze/disable_collision[0m[1;32m] (async)[0m[1;32m[0m
[gazebo-1] [1;32m[Msg] [0m[1;32mDisable collision[0m[1;32m service on [[0m[1;32m/world/factory_maze/disable_collision/blocking[0m[1;32m] (blocking)[0m[1;32m[0m
[gazebo-1] [1;32m[Msg] [0m[1;32mMaterial[0m[1;32m service on [[0m[1;32m/world/factory_maze/visual_config[0m[1;32m] (async)[0m[1;32m[0m
[gazebo-1] [1;32m[Msg] [0m[1;32mMaterial[0m[1;32m service on [[0m[1;32m/world/factory_maze/visual_config/blocking[0m[1;32m] (blocking)[0m[1;32m[0m
[gazebo-1] [1;32m[Msg] [0m[1;32mMaterial[0m[1;32m service on [[0m[1;32m/world/factory_maze/wheel_slip[0m[1;32m] (async)[0m[1;32m[0m
[controller_server-8] [INFO] [1789468975.938717178] [local_costmap.local_costmap]: Using plugin "voxel_layer"
[controller_server-8] [INFO] [1789468975.951670793] [local_costmap.local_costmap]: Subscribed to Topics: scan
[controller_server-8] [INFO] [1789468975.980257025] [local_costmap.local_costmap]: Initialized plugin "voxel_layer"
[controller_server-8] [INFO] [1789468975.980318125] [local_costmap.local_costmap]: Using plugin "inflation_layer"
[controller_server-8] [INFO] [1789468975.984241930] [local_costmap.local_costmap]: Initialized plugin "inflation_layer"
[amcl-6] [INFO] [1789468975.997237845] [amcl]: Configuring
[amcl-6] [INFO] [1789468975.997427545] [amcl]: initTransforms
[amcl-6] [INFO] [1789468976.021544872] [amcl]: initPubSub
[amcl-6] [INFO] [1789468976.041337793] [amcl]: Subscribed to map topic.
[controller_server-8] [INFO] [1789468976.042308194] [controller_server]: Created progress_checker : progress_checker of type nav2_controller::SimpleProgressChecker
[controller_server-8] [INFO] [1789468976.042996295] [controller_server]: Controller Server has progress_checker  progress checkers available.
[controller_server-8] [INFO] [1789468976.044420997] [controller_server]: Created goal checker : general_goal_checker of type nav2_controller::SimpleGoalChecker
[controller_server-8] [INFO] [1789468976.045222797] [controller_server]: Controller Server has general_goal_checker  goal checkers available.
[controller_server-8] [INFO] [1789468976.048417701] [controller_server]: Created controller : FollowPath of type nav2_mppi_controller::MPPIController
[lifecycle_manager-7] [INFO] [1789468976.055952709] [lifecycle_manager_localization]: [34m[1mActivating map_server[0m[0m
[controller_server-8] [INFO] [1789468976.056610310] [controller_server]: Controller period is equal to model dt. Control sequence shifting is ON
[map_server-5] [INFO] [1789468976.057301511] [map_server]: Activating
[map_server-5] [INFO] [1789468976.058677912] [map_server]: Creating bond (map_server) to lifecycle manager.
[create-3] [INFO] [1789468976.058775312] [ros_gz_sim]: Waiting messages on topic [/robot_description].
[amcl-6] [INFO] [1789468976.059285513] [amcl]: Received a 310 X 220 map @ 0.050 m/pix
[controller_server-8] [INFO] [1789468976.061422015] [controller_server]: ConstraintCritic instantiated with 1 power and 4.000000 weight.
[controller_server-8] [INFO] [1789468976.061471615] [controller_server]: Critic loaded : mppi::critics::ConstraintCritic
[controller_server-8] [INFO] [1789468976.062779917] [controller_server]: InflationCostCritic instantiated with 1 power and 300.000000 / 0.015000 weights. Critic will collision check based on circular cost.
[controller_server-8] [INFO] [1789468976.062838517] [controller_server]: Critic loaded : mppi::critics::CostCritic
[controller_server-8] [INFO] [1789468976.063873818] [controller_server]: GoalCritic instantiated with 1 power and 5.000000 weight.
[controller_server-8] [INFO] [1789468976.063929918] [controller_server]: Critic loaded : mppi::critics::GoalCritic
[controller_server-8] [INFO] [1789468976.065463020] [controller_server]: GoalAngleCritic instantiated with 1 power, 3.000000 weight, 0.500000 angular threshold and symmetric_yaw_tolerance disabled
[controller_server-8] [INFO] [1789468976.065579220] [controller_server]: Critic loaded : mppi::critics::GoalAngleCritic
[controller_server-8] [INFO] [1789468976.067963222] [controller_server]: ReferenceTrajectoryCritic instantiated with 1 power and 14.000000 weight
[controller_server-8] [INFO] [1789468976.068031122] [controller_server]: Critic loaded : mppi::critics::PathAlignCritic
[controller_server-8] [INFO] [1789468976.068678023] [controller_server]: Critic loaded : mppi::critics::PathFollowCritic
[controller_server-8] [INFO] [1789468976.069996325] [controller_server]: PathAngleCritic instantiated with 1 power and 2.000000 weight. Mode set to: Forward Preference
[controller_server-8] [INFO] [1789468976.070059125] [controller_server]: Critic loaded : mppi::critics::PathAngleCritic
[controller_server-8] [INFO] [1789468976.070844626] [controller_server]: PreferForwardCritic instantiated with 1 power and 5.000000 weight.
[controller_server-8] [INFO] [1789468976.070874726] [controller_server]: Critic loaded : mppi::critics::PreferForwardCritic
[controller_server-8] [INFO] [1789468976.072891128] [controller_server]: Optimizer reset
[create-3] [INFO] [1789468976.074185129] [ros_gz_sim]: Entity creation successful.
[controller_server-8] [INFO] [1789468976.084415140] [MPPIController]: Configured MPPI Controller: FollowPath
[controller_server-8] [INFO] [1789468976.084498540] [controller_server]: Controller Server has FollowPath  controllers available.
[lifecycle_manager-7] [INFO] [1789468976.165822330] [lifecycle_manager_localization]: Server map_server connected with bond.
[lifecycle_manager-7] [INFO] [1789468976.165885630] [lifecycle_manager_localization]: [34m[1mActivating amcl[0m[0m
[amcl-6] [INFO] [1789468976.166215630] [amcl]: Activating
[amcl-6] [INFO] [1789468976.166252730] [amcl]: Creating bond (amcl) to lifecycle manager.
[controller_server-8] [WARN] [1789468976.207991076] [controller_server.rclcpp]: failed to send response to /controller_server/change_state (timeout): client will not receive response, at ./src/rmw_response.cpp:153, at ./src/rcl/service.c:400
[INFO] [create-3]: process has finished cleanly [pid 157991]
[lifecycle_manager-7] [INFO] [1789468976.277457152] [lifecycle_manager_localization]: Server amcl connected with bond.
[lifecycle_manager-7] [INFO] [1789468976.277518852] [lifecycle_manager_localization]: [34m[1mManaged nodes are active[0m[0m
[lifecycle_manager-7] [INFO] [1789468976.277578752] [lifecycle_manager_localization]: [34m[1mCreating bond timer...[0m[0m
[parameter_bridge-4] [INFO] [1789468976.292577768] [ros_gz_bridge]: Creating ROS->GZ Bridge: [cmd_vel (geometry_msgs/msg/Twist) -> cmd_vel (gz.msgs.Twist)] (Lazy 0)
[parameter_bridge-4] [INFO] [1789468976.298857275] [ros_gz_bridge]: Creating GZ->ROS Bridge: [odom (gz.msgs.Odometry) -> odom (nav_msgs/msg/Odometry)] (Lazy 0)
[parameter_bridge-4] [INFO] [1789468976.305394882] [ros_gz_bridge]: Creating GZ->ROS Bridge: [tf (gz.msgs.Pose_V) -> tf (tf2_msgs/msg/TFMessage)] (Lazy 0)
[parameter_bridge-4] [INFO] [1789468976.313145791] [ros_gz_bridge]: Creating GZ->ROS Bridge: [joint_states (gz.msgs.Model) -> joint_states (sensor_msgs/msg/JointState)] (Lazy 0)
[parameter_bridge-4] [INFO] [1789468976.317711296] [ros_gz_bridge]: Creating GZ->ROS Bridge: [scan (gz.msgs.LaserScan) -> scan (sensor_msgs/msg/LaserScan)] (Lazy 0)
[parameter_bridge-4] [INFO] [1789468976.321256200] [ros_gz_bridge]: Creating GZ->ROS Bridge: [clock (gz.msgs.Clock) -> clock (rosgraph_msgs/msg/Clock)] (Lazy 0)
[parameter_bridge-4] [INFO] [1789468976.326114705] [ros_gz_bridge]: Creating GZ->ROS Bridge: [/model/robofetch/pose (gz.msgs.Pose) -> /model/robofetch/pose (geometry_msgs/msg/Pose)] (Lazy 0)
[gazebo-1] [1;32m[Msg] [0m[1;32mMaterial[0m[1;32m service on [[0m[1;32m/world/factory_maze/wheel_slip/blocking[0m[1;32m] (blocking)[0m[1;32m[0m
[gazebo-1] [1;36m[Dbg] [SystemManager.cc:80] [0m[1;36mLoaded system [[0m[1;36mgz::sim::systems::UserCommands[0m[1;36m] for entity [[0m[1;36m1[0m[1;36m][0m[1;36m[0m
[gazebo-1] [1;36m[Dbg] [SystemManager.cc:80] [0m[1;36mLoaded system [[0m[1;36mgz::sim::systems::Contact[0m[1;36m] for entity [[0m[1;36m1[0m[1;36m][0m[1;36m[0m
[gazebo-1] [1;36m[Dbg] [Sensors.cc:697] [0m[1;36mConfiguring Sensors system[0m[1;36m[0m
[gazebo-1] [1;36m[Dbg] [Sensors.cc:557] [0m[1;36mSensorsPrivate::Run[0m[1;36m[0m
[gazebo-1] [1;36m[Dbg] [SystemManager.cc:80] [0m[1;36mLoaded system [[0m[1;36mgz::sim::systems::Sensors[0m[1;36m] for entity [[0m[1;36m1[0m[1;36m][0m[1;36m[0m
[gazebo-1] [1;36m[Dbg] [Sensors.cc:532] [0m[1;36mSensorsPrivate::RenderThread started[0m[1;36m[0m
[gazebo-1] [1;36m[Dbg] [Sensors.cc:337] [0m[1;36mWaiting for init[0m[1;36m[0m
[gazebo-1] [1;32m[Msg] [0m[1;32mLoaded level [[0m[1;32mdefault[0m[1;32m][0m[1;32m[0m
[gazebo-1] [1;32m[Msg] [0m[1;32mServing world controls on [[0m[1;32m/world/factory_maze[0m[1;32m/control], [[0m[1;32m/world/factory_maze[0m[1;32m/control/state] and [[0m[1;32m/world/factory_maze[0m[1;32m/playback/control][0m[1;32m[0m
[gazebo-1] [1;32m[Msg] [0m[1;32mServing GUI information on [[0m[1;32m/world/factory_maze[0m[1;32m/[0m[1;32mgui/info[0m[1;32m][0m[1;32m[0m
[gazebo-1] [1;32m[Msg] [0m[1;32mWorld [[0m[1;32mfactory_maze[0m[1;32m] initialized with [[0m[1;32m1ms[0m[1;32m] physics profile.[0m[1;32m[0m
[gazebo-1] [1;32m[Msg] [0m[1;32mServing world SDF generation service on [[0m[1;32m/world/factory_maze[0m[1;32m/[0m[1;32mgenerate_world_sdf[0m[1;32m][0m[1;32m[0m
[gazebo-1] [1;32m[Msg] [0m[1;32mServing world names on [[0m[1;32m/gazebo/worlds[0m[1;32m][0m[1;32m[0m
[gazebo-1] [1;32m[Msg] [0m[1;32mResource path add service on [[0m[1;32m/gazebo/resource_paths/add[0m[1;32m].[0m[1;32m[0m
[gazebo-1] [1;32m[Msg] [0m[1;32mResource path get service on [[0m[1;32m/gazebo/resource_paths/get[0m[1;32m].[0m[1;32m[0m
[gazebo-1] [1;32m[Msg] [0m[1;32mResource path resolve service on [[0m[1;32m/gazebo/resource_paths/resolve[0m[1;32m].[0m[1;32m[0m
[gazebo-1] [1;32m[Msg] [0m[1;32mResource paths published on [[0m[1;32m/gazebo/resource_paths[0m[1;32m].[0m[1;32m[0m
[gazebo-1] [1;32m[Msg] [0m[1;32mServer control service on [[0m[1;32m/server_control[0m[1;32m].[0m[1;32m[0m
[gazebo-1] [1;32m[Msg] [0m[1;32mFound no publishers on /stats, adding root stats topic[0m[1;32m[0m
[gazebo-1] [1;32m[Msg] [0m[1;32mFound no publishers on /clock, adding root clock topic[0m[1;32m[0m
[gazebo-1] [1;36m[Dbg] [SimulationRunner.cc:551] [0m[1;36mCreating PostUpdate worker threads: [0m[1;36m4[0m[1;36m[0m
[gazebo-1] [1;36m[Dbg] [SimulationRunner.cc:562] [0m[1;36mCreating postupdate worker thread ([0m[1;36m0[0m[1;36m)[0m[1;36m[0m
[gazebo-1] [1;36m[Dbg] [SimulationRunner.cc:562] [0m[1;36mCreating postupdate worker thread ([0m[1;36m1[0m[1;36m)[0m[1;36m[0m
[gazebo-1] [1;36m[Dbg] [SimulationRunner.cc:562] [0m[1;36mCreating postupdate worker thread ([0m[1;36m2[0m[1;36m)[0m[1;36m[0m
[gazebo-1] [1;33mWarning [Utils.cc:132][0m [/sdf/model[@name="robofetch"]/link[@name="base_footprint"]/sensor[@name="lidar"]/gz_frame_id:<urdf-string>:L0]: XML Element[gz_frame_id], child of element[sensor], not defined in SDF. Copying[gz_frame_id] as children of [sensor].
[gazebo-1] [1;32m[Msg] [0m[1;32mDiffDrive subscribing to twist messages on [[0m[1;32mcmd_vel[0m[1;32m][0m[1;32m[0m
[gazebo-1] [1;36m[Dbg] [SystemManager.cc:80] [0m[1;36mLoaded system [[0m[1;36mgz::sim::systems::DiffDrive[0m[1;36m] for entity [[0m[1;36m129[0m[1;36m][0m[1;36m[0m
[gazebo-1] [1;36m[Dbg] [SystemManager.cc:80] [0m[1;36mLoaded system [[0m[1;36mgz::sim::systems::JointStatePublisher[0m[1;36m] for entity [[0m[1;36m129[0m[1;36m][0m[1;36m[0m
[gazebo-1] [1;36m[Dbg] [SystemManager.cc:80] [0m[1;36mLoaded system [[0m[1;36mgz::sim::systems::PosePublisher[0m[1;36m] for entity [[0m[1;36m129[0m[1;36m][0m[1;36m[0m
[gazebo-1] [1;36m[Dbg] [UserCommands.cc:1094] [0m[1;36mCreated entity [[0m[1;36m129[0m[1;36m] named [[0m[1;36mrobofetch[0m[1;36m][0m[1;36m[0m
[gazebo-1] [1;36m[Dbg] [Sensors.cc:953] [0m[1;36mInitialization needed[0m[1;36m[0m
[gazebo-1] [1;36m[Dbg] [Sensors.cc:349] [0m[1;36mInitializing render context[0m[1;36m[0m
[gazebo-1] [1;32m[Msg] [0m[1;32mLoading plugin [[0m[1;32mgz-rendering-ogre2[0m[1;32m][0m[1;32m[0m
[gazebo-1] [1;32m[Msg] [0m[1;32mServing scene information on [[0m[1;32m/world/factory_maze[0m[1;32m/[0m[1;32mscene/info[0m[1;32m][0m[1;32m[0m
[gazebo-1] [1;32m[Msg] [0m[1;32mServing graph information on [[0m[1;32m/world/factory_maze[0m[1;32m/[0m[1;32mscene/graph[0m[1;32m][0m[1;32m[0m
[gazebo-1] [1;32m[Msg] [0m[1;32mServing full state on [[0m[1;32m/world/factory_maze[0m[1;32m/[0m[1;32mstate[0m[1;32m][0m[1;32m[0m
[gazebo-1] [1;32m[Msg] [0m[1;32mServing full state (async) on [[0m[1;32m/world/factory_maze[0m[1;32m/[0m[1;32mstate_async[0m[1;32m][0m[1;32m[0m
[gazebo-1] [1;32m[Msg] [0m[1;32mPublishing scene information on [[0m[1;32m/world/factory_maze/scene/info[0m[1;32m][0m[1;32m[0m
[gazebo-1] [1;32m[Msg] [0m[1;32mPublishing entity deletions on [[0m[1;32m/world/factory_maze/scene/deletion[0m[1;32m][0m[1;32m[0m
[gazebo-1] [1;32m[Msg] [0m[1;32mPublishing state changes on [[0m[1;32m/world/factory_maze/state[0m[1;32m][0m[1;32m[0m
[gazebo-1] [1;32m[Msg] [0m[1;32mPublishing pose messages on [[0m[1;32m/world/factory_maze[0m[1;32m/[0m[1;32mpose/info[0m[1;32m][0m[1;32m[0m
[gazebo-1] [1;32m[Msg] [0m[1;32mPublishing dynamic pose messages on [[0m[1;32m/world/factory_maze[0m[1;32m/[0m[1;32mdynamic_pose/info[0m[1;32m][0m[1;32m[0m
[gazebo-1] [1;36m[Dbg] [SimulationRunner.cc:578] [0m[1;36mExiting postupdate worker thread ([0m[1;36m1[0m[1;36m)[0m[1;36m[0m
[gazebo-1] [1;36m[Dbg] [SimulationRunner.cc:578] [0m[1;36mExiting postupdate worker thread ([0m[1;36m0[0m[1;36m)[0m[1;36m[0m
[gazebo-1] [1;36m[Dbg] [SimulationRunner.cc:578] [0m[1;36mExiting postupdate worker thread ([0m[1;36m2[0m[1;36m)[0m[1;36m[0m
[gazebo-1] [1;36m[Dbg] [SimulationRunner.cc:551] [0m[1;36mCreating PostUpdate worker threads: [0m[1;36m7[0m[1;36m[0m
[gazebo-1] [1;36m[Dbg] [SimulationRunner.cc:562] [0m[1;36mCreating postupdate worker thread ([0m[1;36m0[0m[1;36m)[0m[1;36m[0m
[gazebo-1] [1;36m[Dbg] [SimulationRunner.cc:562] [0m[1;36mCreating postupdate worker thread ([0m[1;36m1[0m[1;36m)[0m[1;36m[0m
[gazebo-1] [1;36m[Dbg] [SimulationRunner.cc:562] [0m[1;36mCreating postupdate worker thread ([0m[1;36m2[0m[1;36m)[0m[1;36m[0m
[gazebo-1] [1;36m[Dbg] [SimulationRunner.cc:562] [0m[1;36mCreating postupdate worker thread ([0m[1;36m3[0m[1;36m)[0m[1;36m[0m
[gazebo-1] [1;36m[Dbg] [SimulationRunner.cc:562] [0m[1;36mCreating postupdate worker thread ([0m[1;36m4[0m[1;36m)[0m[1;36m[0m
[gazebo-1] [1;36m[Dbg] [SimulationRunner.cc:562] [0m[1;36mCreating postupdate worker thread ([0m[1;36m5[0m[1;36m)[0m[1;36m[0m
[gazebo-1] [1;36m[Dbg] [RenderUtil.cc:2646] [0m[1;36mCreate scene [[0m[1;36mscene[0m[1;36m][0m[1;36m[0m
[gazebo-1] [1;36m[Dbg] [Sensors.cc:391] [0m[1;36mRendering Thread initialized[0m[1;36m[0m
[gazebo-1] [1;36m[Dbg] [Sensors.cc:953] [0m[1;36mInitialization needed[0m[1;36m[0m
[gazebo-1] [1;36m[Dbg] [Lidar.cc:139] [0m[1;36mLaser scans for [[0m[1;36mrobofetch::base_footprint::lidar[0m[1;36m] advertised on [[0m[1;36mscan[0m[1;36m][0m[1;36m[0m
[amcl-6] [INFO] [1789468978.384423585] [amcl]: createLaserObject
[INFO] [section_node-19]: process started with pid [158434]
[INFO] [section_node-20]: process started with pid [158435]
[INFO] [section_node-21]: process started with pid [158436]
[INFO] [robot_state_node-22]: process started with pid [158437]
[amcl-6] [WARN] [1789468980.398070945] [amcl]: AMCL cannot publish a pose or update the transform. Please set the initial pose...
[section_node-20] [INFO] [1789468980.864010246] [section_B]: section B [balanced, seed 1]: 30 units/h, buffer 10, 0.4 kg/unit, time_scale 1 -> logging /home/robojazzy/robofetch_ws_copy/robofetch_ws/logs/run_20260915_124253_section_B.csv
[section_node-21] [INFO] [1789468980.959953223] [section_C]: section C [balanced, seed 1]: 5 units/h, buffer 3, 1.5 kg/unit, time_scale 1 -> logging /home/robojazzy/robofetch_ws_copy/robofetch_ws/logs/run_20260915_124253_section_C.csv
[section_node-19] [INFO] [1789468980.995082978] [section_A]: section A [balanced, seed 1]: 20 units/h, buffer 8, 0.5 kg/unit, time_scale 1 -> logging /home/robojazzy/robofetch_ws_copy/robofetch_ws/logs/run_20260915_124253_section_A.csv
[robot_state_node-22] [INFO] [1789468981.611915159] [robot_state_node]: Robot state monitor up. Run run_20260915_124253, logging to /home/robojazzy/robofetch_ws_copy/robofetch_ws/logs/run_20260915_124253_robot.csv
[amcl-6] [WARN] [1789468983.015491754] [amcl]: AMCL cannot publish a pose or update the transform. Please set the initial pose...
[INFO] [mission_executor-23]: process started with pid [158494]
[mission_executor-23] [INFO] [1789468984.678836437] [mission_executor]: mission run_20260915_124253: 7 scripted actions, scenario balanced, logging /home/robojazzy/robofetch_ws_copy/robofetch_ws/logs/run_20260915_124253_mission.csv
[mission_executor-23] [INFO] [1789468984.685974952] [mission_executor]: waiting for Nav2, telemetry and the sections ...
[amcl-6] [WARN] [1789468985.642837227] [amcl]: AMCL cannot publish a pose or update the transform. Please set the initial pose...
[amcl-6] [WARN] [1789468988.186699821] [amcl]: AMCL cannot publish a pose or update the transform. Please set the initial pose...
[amcl-6] [WARN] [1789468990.875535320] [amcl]: AMCL cannot publish a pose or update the transform. Please set the initial pose...
[amcl-6] [WARN] [1789468994.276909724] [amcl]: AMCL cannot publish a pose or update the transform. Please set the initial pose...
[amcl-6] [WARN] [1789468997.131174905] [amcl]: AMCL cannot publish a pose or update the transform. Please set the initial pose...
[amcl-6] [WARN] [1789468999.935206441] [amcl]: AMCL cannot publish a pose or update the transform. Please set the initial pose...
[amcl-6] [WARN] [1789469002.482880975] [amcl]: AMCL cannot publish a pose or update the transform. Please set the initial pose...
[amcl-6] [WARN] [1789469005.194774543] [amcl]: AMCL cannot publish a pose or update the transform. Please set the initial pose...
[amcl-6] [WARN] [1789469008.034672351] [amcl]: AMCL cannot publish a pose or update the transform. Please set the initial pose...
[amcl-6] [WARN] [1789469010.739030993] [amcl]: AMCL cannot publish a pose or update the transform. Please set the initial pose...
[amcl-6] [WARN] [1789469013.402142154] [amcl]: AMCL cannot publish a pose or update the transform. Please set the initial pose...
[amcl-6] [WARN] [1789469015.994205910] [amcl]: AMCL cannot publish a pose or update the transform. Please set the initial pose...
[amcl-6] [WARN] [1789469018.672856210] [amcl]: AMCL cannot publish a pose or update the transform. Please set the initial pose...
[amcl-6] [WARN] [1789469021.337351725] [amcl]: AMCL cannot publish a pose or update the transform. Please set the initial pose...
[amcl-6] [WARN] [1789469023.912379392] [amcl]: AMCL cannot publish a pose or update the transform. Please set the initial pose...
[amcl-6] [WARN] [1789469026.501990019] [amcl]: AMCL cannot publish a pose or update the transform. Please set the initial pose...
[amcl-6] [WARN] [1789469029.091755500] [amcl]: AMCL cannot publish a pose or update the transform. Please set the initial pose...
[amcl-6] [WARN] [1789469031.856808564] [amcl]: AMCL cannot publish a pose or update the transform. Please set the initial pose...
[amcl-6] [WARN] [1789469034.390997519] [amcl]: AMCL cannot publish a pose or update the transform. Please set the initial pose...
[amcl-6] [WARN] [1789469037.889747028] [amcl]: AMCL cannot publish a pose or update the transform. Please set the initial pose...
[amcl-6] [WARN] [1789469040.580038883] [amcl]: AMCL cannot publish a pose or update the transform. Please set the initial pose...
[amcl-6] [WARN] [1789469043.129264526] [amcl]: AMCL cannot publish a pose or update the transform. Please set the initial pose...
[amcl-6] [WARN] [1789469045.812052617] [amcl]: AMCL cannot publish a pose or update the transform. Please set the initial pose...
[amcl-6] [WARN] [1789469048.704392190] [amcl]: AMCL cannot publish a pose or update the transform. Please set the initial pose...
[amcl-6] [WARN] [1789469051.603583358] [amcl]: AMCL cannot publish a pose or update the transform. Please set the initial pose...
[amcl-6] [WARN] [1789469054.295918068] [amcl]: AMCL cannot publish a pose or update the transform. Please set the initial pose...
[amcl-6] [WARN] [1789469056.870304140] [amcl]: AMCL cannot publish a pose or update the transform. Please set the initial pose...
[amcl-6] [WARN] [1789469059.567131143] [amcl]: AMCL cannot publish a pose or update the transform. Please set the initial pose...
[amcl-6] [WARN] [1789469062.529142618] [amcl]: AMCL cannot publish a pose or update the transform. Please set the initial pose...
[amcl-6] [WARN] [1789469065.400215956] [amcl]: AMCL cannot publish a pose or update the transform. Please set the initial pose...
[amcl-6] [WARN] [1789469068.378172401] [amcl]: AMCL cannot publish a pose or update the transform. Please set the initial pose...
[amcl-6] [WARN] [1789469070.978534480] [amcl]: AMCL cannot publish a pose or update the transform. Please set the initial pose...
[amcl-6] [WARN] [1789469073.827808239] [amcl]: AMCL cannot publish a pose or update the transform. Please set the initial pose...
[amcl-6] [WARN] [1789469076.512928380] [amcl]: AMCL cannot publish a pose or update the transform. Please set the initial pose...
[amcl-6] [WARN] [1789469079.644807753] [amcl]: AMCL cannot publish a pose or update the transform. Please set the initial pose...
[amcl-6] [WARN] [1789469082.805531233] [amcl]: AMCL cannot publish a pose or update the transform. Please set the initial pose...
[amcl-6] [WARN] [1789469085.832380183] [amcl]: AMCL cannot publish a pose or update the transform. Please set the initial pose...
[amcl-6] [WARN] [1789469088.839165928] [amcl]: AMCL cannot publish a pose or update the transform. Please set the initial pose...
[amcl-6] [WARN] [1789469091.634962421] [amcl]: AMCL cannot publish a pose or update the transform. Please set the initial pose...
[amcl-6] [WARN] [1789469093.892127213] [amcl]: AMCL cannot publish a pose or update the transform. Please set the initial pose...
[amcl-6] [WARN] [1789469096.527787590] [amcl]: AMCL cannot publish a pose or update the transform. Please set the initial pose...
[amcl-6] [WARN] [1789469098.920695874] [amcl]: AMCL cannot publish a pose or update the transform. Please set the initial pose...
[amcl-6] [WARN] [1789469101.698226723] [amcl]: AMCL cannot publish a pose or update the transform. Please set the initial pose...
[amcl-6] [WARN] [1789469104.369940255] [amcl]: AMCL cannot publish a pose or update the transform. Please set the initial pose...
[amcl-6] [WARN] [1789469106.842652480] [amcl]: AMCL cannot publish a pose or update the transform. Please set the initial pose...
[amcl-6] [WARN] [1789469109.357141472] [amcl]: AMCL cannot publish a pose or update the transform. Please set the initial pose...
[amcl-6] [WARN] [1789469111.867569443] [amcl]: AMCL cannot publish a pose or update the transform. Please set the initial pose...
[amcl-6] [WARN] [1789469114.648798964] [amcl]: AMCL cannot publish a pose or update the transform. Please set the initial pose...
[amcl-6] [WARN] [1789469117.345790985] [amcl]: AMCL cannot publish a pose or update the transform. Please set the initial pose...
[amcl-6] [WARN] [1789469119.626232415] [amcl]: AMCL cannot publish a pose or update the transform. Please set the initial pose...
[amcl-6] [WARN] [1789469121.902940136] [amcl]: AMCL cannot publish a pose or update the transform. Please set the initial pose...
[amcl-6] [WARN] [1789469124.358365077] [amcl]: AMCL cannot publish a pose or update the transform. Please set the initial pose...
[amcl-6] [WARN] [1789469127.052488573] [amcl]: AMCL cannot publish a pose or update the transform. Please set the initial pose...
[amcl-6] [WARN] [1789469129.642957758] [amcl]: AMCL cannot publish a pose or update the transform. Please set the initial pose...
[amcl-6] [WARN] [1789469132.131120740] [amcl]: AMCL cannot publish a pose or update the transform. Please set the initial pose...
[amcl-6] [WARN] [1789469134.462738058] [amcl]: AMCL cannot publish a pose or update the transform. Please set the initial pose...
[amcl-6] [WARN] [1789469136.690567170] [amcl]: AMCL cannot publish a pose or update the transform. Please set the initial pose...
[amcl-6] [WARN] [1789469139.386347397] [amcl]: AMCL cannot publish a pose or update the transform. Please set the initial pose...
[amcl-6] [WARN] [1789469141.952650645] [amcl]: AMCL cannot publish a pose or update the transform. Please set the initial pose...
[amcl-6] [WARN] [1789469144.542083125] [amcl]: AMCL cannot publish a pose or update the transform. Please set the initial pose...
[amcl-6] [WARN] [1789469147.195220178] [amcl]: AMCL cannot publish a pose or update the transform. Please set the initial pose...
[amcl-6] [WARN] [1789469149.972298678] [amcl]: AMCL cannot publish a pose or update the transform. Please set the initial pose...
[amcl-6] [WARN] [1789469152.460132030] [amcl]: AMCL cannot publish a pose or update the transform. Please set the initial pose...
[amcl-6] [WARN] [1789469155.087005912] [amcl]: AMCL cannot publish a pose or update the transform. Please set the initial pose...
[amcl-6] [WARN] [1789469157.773028574] [amcl]: AMCL cannot publish a pose or update the transform. Please set the initial pose...
[amcl-6] [WARN] [1789469160.605191366] [amcl]: AMCL cannot publish a pose or update the transform. Please set the initial pose...
[amcl-6] [WARN] [1789469162.987664605] [amcl]: AMCL cannot publish a pose or update the transform. Please set the initial pose...
[amcl-6] [WARN] [1789469165.363475476] [amcl]: AMCL cannot publish a pose or update the transform. Please set the initial pose...
[amcl-6] [WARN] [1789469167.800605392] [amcl]: AMCL cannot publish a pose or update the transform. Please set the initial pose...
[amcl-6] [WARN] [1789469170.231286543] [amcl]: AMCL cannot publish a pose or update the transform. Please set the initial pose...
[amcl-6] [WARN] [1789469172.902989586] [amcl]: AMCL cannot publish a pose or update the transform. Please set the initial pose...
[amcl-6] [WARN] [1789469175.167280509] [amcl]: AMCL cannot publish a pose or update the transform. Please set the initial pose...
[amcl-6] [WARN] [1789469177.493034627] [amcl]: AMCL cannot publish a pose or update the transform. Please set the initial pose...
[amcl-6] [WARN] [1789469179.691587827] [amcl]: AMCL cannot publish a pose or update the transform. Please set the initial pose...
[amcl-6] [WARN] [1789469181.921972473] [amcl]: AMCL cannot publish a pose or update the transform. Please set the initial pose...
[amcl-6] [WARN] [1789469184.290163690] [amcl]: AMCL cannot publish a pose or update the transform. Please set the initial pose...
[amcl-6] [WARN] [1789469187.283191648] [amcl]: AMCL cannot publish a pose or update the transform. Please set the initial pose...
[amcl-6] [WARN] [1789469190.179231653] [amcl]: AMCL cannot publish a pose or update the transform. Please set the initial pose...
[amcl-6] [WARN] [1789469192.939466616] [amcl]: AMCL cannot publish a pose or update the transform. Please set the initial pose...
[amcl-6] [WARN] [1789469195.267390443] [amcl]: AMCL cannot publish a pose or update the transform. Please set the initial pose...
[amcl-6] [WARN] [1789469197.530565203] [amcl]: AMCL cannot publish a pose or update the transform. Please set the initial pose...
[amcl-6] [WARN] [1789469199.820003244] [amcl]: AMCL cannot publish a pose or update the transform. Please set the initial pose...
[amcl-6] [WARN] [1789469202.283846073] [amcl]: AMCL cannot publish a pose or update the transform. Please set the initial pose...
[amcl-6] [WARN] [1789469204.678363433] [amcl]: AMCL cannot publish a pose or update the transform. Please set the initial pose...
[amcl-6] [WARN] [1789469207.003992034] [amcl]: AMCL cannot publish a pose or update the transform. Please set the initial pose...
[amcl-6] [WARN] [1789469209.223474904] [amcl]: AMCL cannot publish a pose or update the transform. Please set the initial pose...
[amcl-6] [WARN] [1789469211.923420427] [amcl]: AMCL cannot publish a pose or update the transform. Please set the initial pose...
[amcl-6] [WARN] [1789469214.288066429] [amcl]: AMCL cannot publish a pose or update the transform. Please set the initial pose...
[amcl-6] [WARN] [1789469216.908962525] [amcl]: AMCL cannot publish a pose or update the transform. Please set the initial pose...
[amcl-6] [WARN] [1789469219.516283550] [amcl]: AMCL cannot publish a pose or update the transform. Please set the initial pose...
[amcl-6] [WARN] [1789469222.201090771] [amcl]: AMCL cannot publish a pose or update the transform. Please set the initial pose...
[amcl-6] [WARN] [1789469224.429941421] [amcl]: AMCL cannot publish a pose or update the transform. Please set the initial pose...
[amcl-6] [WARN] [1789469227.614914098] [amcl]: AMCL cannot publish a pose or update the transform. Please set the initial pose...
[amcl-6] [WARN] [1789469231.003714444] [amcl]: AMCL cannot publish a pose or update the transform. Please set the initial pose...
[amcl-6] [WARN] [1789469234.483718479] [amcl]: AMCL cannot publish a pose or update the transform. Please set the initial pose...
[amcl-6] [WARN] [1789469237.866910519] [amcl]: AMCL cannot publish a pose or update the transform. Please set the initial pose...
[amcl-6] [WARN] [1789469241.153905948] [amcl]: AMCL cannot publish a pose or update the transform. Please set the initial pose...
[amcl-6] [WARN] [1789469244.467229799] [amcl]: AMCL cannot publish a pose or update the transform. Please set the initial pose...
[amcl-6] [WARN] [1789469247.958384521] [amcl]: AMCL cannot publish a pose or update the transform. Please set the initial pose...
[amcl-6] [WARN] [1789469251.187629804] [amcl]: AMCL cannot publish a pose or update the transform. Please set the initial pose...
[amcl-6] [WARN] [1789469254.270840025] [amcl]: AMCL cannot publish a pose or update the transform. Please set the initial pose...
[amcl-6] [WARN] [1789469257.479505324] [amcl]: AMCL cannot publish a pose or update the transform. Please set the initial pose...
[amcl-6] [WARN] [1789469260.581542564] [amcl]: AMCL cannot publish a pose or update the transform. Please set the initial pose...
[amcl-6] [WARN] [1789469263.572049107] [amcl]: AMCL cannot publish a pose or update the transform. Please set the initial pose...
[amcl-6] [WARN] [1789469266.539063195] [amcl]: AMCL cannot publish a pose or update the transform. Please set the initial pose...
[amcl-6] [WARN] [1789469269.565437461] [amcl]: AMCL cannot publish a pose or update the transform. Please set the initial pose...
[amcl-6] [WARN] [1789469272.704549105] [amcl]: AMCL cannot publish a pose or update the transform. Please set the initial pose...
[amcl-6] [WARN] [1789469276.104034895] [amcl]: AMCL cannot publish a pose or update the transform. Please set the initial pose...
[amcl-6] [WARN] [1789469279.321184194] [amcl]: AMCL cannot publish a pose or update the transform. Please set the initial pose...
[amcl-6] [WARN] [1789469282.564522831] [amcl]: AMCL cannot publish a pose or update the transform. Please set the initial pose...
[amcl-6] [WARN] [1789469285.420768979] [amcl]: AMCL cannot publish a pose or update the transform. Please set the initial pose...
[amcl-6] [WARN] [1789469288.292478152] [amcl]: AMCL cannot publish a pose or update the transform. Please set the initial pose...
[amcl-6] [WARN] [1789469291.311217228] [amcl]: AMCL cannot publish a pose or update the transform. Please set the initial pose...
[amcl-6] [WARN] [1789469294.208565842] [amcl]: AMCL cannot publish a pose or update the transform. Please set the initial pose...
[amcl-6] [WARN] [1789469297.238991932] [amcl]: AMCL cannot publish a pose or update the transform. Please set the initial pose...
[amcl-6] [WARN] [1789469300.365536314] [amcl]: AMCL cannot publish a pose or update the transform. Please set the initial pose...
[amcl-6] [WARN] [1789469303.393427279] [amcl]: AMCL cannot publish a pose or update the transform. Please set the initial pose...
[amcl-6] [WARN] [1789469306.908269769] [amcl]: AMCL cannot publish a pose or update the transform. Please set the initial pose...
[amcl-6] [WARN] [1789469309.858495717] [amcl]: AMCL cannot publish a pose or update the transform. Please set the initial pose...
[amcl-6] [WARN] [1789469313.014006024] [amcl]: AMCL cannot publish a pose or update the transform. Please set the initial pose...
[amcl-6] [WARN] [1789469315.993804822] [amcl]: AMCL cannot publish a pose or update the transform. Please set the initial pose...
[amcl-6] [WARN] [1789469318.954413852] [amcl]: AMCL cannot publish a pose or update the transform. Please set the initial pose...
[amcl-6] [WARN] [1789469321.947864280] [amcl]: AMCL cannot publish a pose or update the transform. Please set the initial pose...
[amcl-6] [WARN] [1789469324.883936660] [amcl]: AMCL cannot publish a pose or update the transform. Please set the initial pose...
[amcl-6] [WARN] [1789469327.951939463] [amcl]: AMCL cannot publish a pose or update the transform. Please set the initial pose...
[amcl-6] [WARN] [1789469330.878383079] [amcl]: AMCL cannot publish a pose or update the transform. Please set the initial pose...
[amcl-6] [WARN] [1789469333.873175019] [amcl]: AMCL cannot publish a pose or update the transform. Please set the initial pose...
[amcl-6] [WARN] [1789469337.372316029] [amcl]: AMCL cannot publish a pose or update the transform. Please set the initial pose...
[amcl-6] [WARN] [1789469340.414817244] [amcl]: AMCL cannot publish a pose or update the transform. Please set the initial pose...
[amcl-6] [WARN] [1789469343.458867359] [amcl]: AMCL cannot publish a pose or update the transform. Please set the initial pose...
[amcl-6] [WARN] [1789469346.642157477] [amcl]: AMCL cannot publish a pose or update the transform. Please set the initial pose...
[amcl-6] [WARN] [1789469349.639928854] [amcl]: AMCL cannot publish a pose or update the transform. Please set the initial pose...
[amcl-6] [WARN] [1789469352.909074850] [amcl]: AMCL cannot publish a pose or update the transform. Please set the initial pose...
[amcl-6] [WARN] [1789469355.799057179] [amcl]: AMCL cannot publish a pose or update the transform. Please set the initial pose...
[amcl-6] [WARN] [1789469358.823949996] [amcl]: AMCL cannot publish a pose or update the transform. Please set the initial pose...
[amcl-6] [WARN] [1789469361.773350654] [amcl]: AMCL cannot publish a pose or update the transform. Please set the initial pose...
[amcl-6] [WARN] [1789469364.696317898] [amcl]: AMCL cannot publish a pose or update the transform. Please set the initial pose...
[amcl-6] [WARN] [1789469368.156982899] [amcl]: AMCL cannot publish a pose or update the transform. Please set the initial pose...
[amcl-6] [WARN] [1789469371.543070082] [amcl]: AMCL cannot publish a pose or update the transform. Please set the initial pose...
[amcl-6] [WARN] [1789469374.462286013] [amcl]: AMCL cannot publish a pose or update the transform. Please set the initial pose...
[amcl-6] [WARN] [1789469377.357362740] [amcl]: AMCL cannot publish a pose or update the transform. Please set the initial pose...
[amcl-6] [WARN] [1789469380.011705981] [amcl]: AMCL cannot publish a pose or update the transform. Please set the initial pose...
[amcl-6] [WARN] [1789469382.577809506] [amcl]: AMCL cannot publish a pose or update the transform. Please set the initial pose...
[amcl-6] [WARN] [1789469385.024249097] [amcl]: AMCL cannot publish a pose or update the transform. Please set the initial pose...
[amcl-6] [WARN] [1789469388.048420400] [amcl]: AMCL cannot publish a pose or update the transform. Please set the initial pose...
[amcl-6] [WARN] [1789469390.323063264] [amcl]: AMCL cannot publish a pose or update the transform. Please set the initial pose...
[amcl-6] [WARN] [1789469392.635220172] [amcl]: AMCL cannot publish a pose or update the transform. Please set the initial pose...
[amcl-6] [WARN] [1789469395.044958394] [amcl]: AMCL cannot publish a pose or update the transform. Please set the initial pose...
[amcl-6] [WARN] [1789469397.802203125] [amcl]: AMCL cannot publish a pose or update the transform. Please set the initial pose...
[amcl-6] [WARN] [1789469400.042023834] [amcl]: AMCL cannot publish a pose or update the transform. Please set the initial pose...
[amcl-6] [WARN] [1789469402.309469406] [amcl]: AMCL cannot publish a pose or update the transform. Please set the initial pose...
[amcl-6] [WARN] [1789469405.100815316] [amcl]: AMCL cannot publish a pose or update the transform. Please set the initial pose...
[amcl-6] [WARN] [1789469407.407528814] [amcl]: AMCL cannot publish a pose or update the transform. Please set the initial pose...
[amcl-6] [WARN] [1789469409.620785201] [amcl]: AMCL cannot publish a pose or update the transform. Please set the initial pose...
[amcl-6] [WARN] [1789469411.863831635] [amcl]: AMCL cannot publish a pose or update the transform. Please set the initial pose...
[amcl-6] [WARN] [1789469414.111051128] [amcl]: AMCL cannot publish a pose or update the transform. Please set the initial pose...
[amcl-6] [WARN] [1789469416.438320566] [amcl]: AMCL cannot publish a pose or update the transform. Please set the initial pose...
[amcl-6] [WARN] [1789469418.757089602] [amcl]: AMCL cannot publish a pose or update the transform. Please set the initial pose...
[amcl-6] [WARN] [1789469421.351359503] [amcl]: AMCL cannot publish a pose or update the transform. Please set the initial pose...
[amcl-6] [WARN] [1789469423.685478433] [amcl]: AMCL cannot publish a pose or update the transform. Please set the initial pose...
[amcl-6] [WARN] [1789469426.355022930] [amcl]: AMCL cannot publish a pose or update the transform. Please set the initial pose...
[amcl-6] [WARN] [1789469428.812900594] [amcl]: AMCL cannot publish a pose or update the transform. Please set the initial pose...
[amcl-6] [WARN] [1789469431.139796951] [amcl]: AMCL cannot publish a pose or update the transform. Please set the initial pose...
[amcl-6] [WARN] [1789469433.375728792] [amcl]: AMCL cannot publish a pose or update the transform. Please set the initial pose...
[amcl-6] [WARN] [1789469435.726802342] [amcl]: AMCL cannot publish a pose or update the transform. Please set the initial pose...
[amcl-6] [WARN] [1789469438.162724455] [amcl]: AMCL cannot publish a pose or update the transform. Please set the initial pose...
[amcl-6] [WARN] [1789469440.537814845] [amcl]: AMCL cannot publish a pose or update the transform. Please set the initial pose...
[amcl-6] [WARN] [1789469442.971991643] [amcl]: AMCL cannot publish a pose or update the transform. Please set the initial pose...
[amcl-6] [WARN] [1789469445.301041200] [amcl]: AMCL cannot publish a pose or update the transform. Please set the initial pose...
[amcl-6] [WARN] [1789469447.688751130] [amcl]: AMCL cannot publish a pose or update the transform. Please set the initial pose...
[amcl-6] [WARN] [1789469450.020406640] [amcl]: AMCL cannot publish a pose or update the transform. Please set the initial pose...
[amcl-6] [WARN] [1789469452.253518030] [amcl]: AMCL cannot publish a pose or update the transform. Please set the initial pose...
[amcl-6] [WARN] [1789469454.605313351] [amcl]: AMCL cannot publish a pose or update the transform. Please set the initial pose...
[amcl-6] [WARN] [1789469457.928942022] [amcl]: AMCL cannot publish a pose or update the transform. Please set the initial pose...
[amcl-6] [WARN] [1789469460.405287601] [amcl]: AMCL cannot publish a pose or update the transform. Please set the initial pose...
[amcl-6] [WARN] [1789469462.832222672] [amcl]: AMCL cannot publish a pose or update the transform. Please set the initial pose...
[amcl-6] [WARN] [1789469465.195143496] [amcl]: AMCL cannot publish a pose or update the transform. Please set the initial pose...
[amcl-6] [WARN] [1789469467.557924704] [amcl]: AMCL cannot publish a pose or update the transform. Please set the initial pose...
[amcl-6] [WARN] [1789469470.190680235] [amcl]: AMCL cannot publish a pose or update the transform. Please set the initial pose...
[amcl-6] [WARN] [1789469472.656518395] [amcl]: AMCL cannot publish a pose or update the transform. Please set the initial pose...
[amcl-6] [WARN] [1789469475.012301011] [amcl]: AMCL cannot publish a pose or update the transform. Please set the initial pose...
[amcl-6] [WARN] [1789469477.272044987] [amcl]: AMCL cannot publish a pose or update the transform. Please set the initial pose...
[amcl-6] [WARN] [1789469479.709334029] [amcl]: AMCL cannot publish a pose or update the transform. Please set the initial pose...
[amcl-6] [WARN] [1789469481.984775112] [amcl]: AMCL cannot publish a pose or update the transform. Please set the initial pose...
[amcl-6] [WARN] [1789469484.322040709] [amcl]: AMCL cannot publish a pose or update the transform. Please set the initial pose...
[amcl-6] [WARN] [1789469486.844720246] [amcl]: AMCL cannot publish a pose or update the transform. Please set the initial pose...
[amcl-6] [WARN] [1789469489.274019121] [amcl]: AMCL cannot publish a pose or update the transform. Please set the initial pose...
[amcl-6] [WARN] [1789469491.712869193] [amcl]: AMCL cannot publish a pose or update the transform. Please set the initial pose...
[amcl-6] [WARN] [1789469494.200079366] [amcl]: AMCL cannot publish a pose or update the transform. Please set the initial pose...
[amcl-6] [WARN] [1789469496.518555527] [amcl]: AMCL cannot publish a pose or update the transform. Please set the initial pose...
[amcl-6] [WARN] [1789469499.112974544] [amcl]: AMCL cannot publish a pose or update the transform. Please set the initial pose...
[amcl-6] [WARN] [1789469501.476600838] [amcl]: AMCL cannot publish a pose or update the transform. Please set the initial pose...
[amcl-6] [WARN] [1789469503.847797000] [amcl]: AMCL cannot publish a pose or update the transform. Please set the initial pose...
[amcl-6] [WARN] [1789469506.079809437] [amcl]: AMCL cannot publish a pose or update the transform. Please set the initial pose...
[amcl-6] [WARN] [1789469508.312185119] [amcl]: AMCL cannot publish a pose or update the transform. Please set the initial pose...
[amcl-6] [WARN] [1789469510.617286893] [amcl]: AMCL cannot publish a pose or update the transform. Please set the initial pose...
[amcl-6] [WARN] [1789469512.941132663] [amcl]: AMCL cannot publish a pose or update the transform. Please set the initial pose...
[amcl-6] [WARN] [1789469515.662106827] [amcl]: AMCL cannot publish a pose or update the transform. Please set the initial pose...
[amcl-6] [WARN] [1789469518.200384995] [amcl]: AMCL cannot publish a pose or update the transform. Please set the initial pose...
[amcl-6] [WARN] [1789469520.514892868] [amcl]: AMCL cannot publish a pose or update the transform. Please set the initial pose...
[amcl-6] [WARN] [1789469522.777514432] [amcl]: AMCL cannot publish a pose or update the transform. Please set the initial pose...
[amcl-6] [WARN] [1789469525.343175853] [amcl]: AMCL cannot publish a pose or update the transform. Please set the initial pose...
[amcl-6] [WARN] [1789469528.019785714] [amcl]: AMCL cannot publish a pose or update the transform. Please set the initial pose...
[amcl-6] [WARN] [1789469530.489508143] [amcl]: AMCL cannot publish a pose or update the transform. Please set the initial pose...
[amcl-6] [WARN] [1789469532.955870188] [amcl]: AMCL cannot publish a pose or update the transform. Please set the initial pose...
[amcl-6] [WARN] [1789469535.356233292] [amcl]: AMCL cannot publish a pose or update the transform. Please set the initial pose...
[amcl-6] [WARN] [1789469537.925031490] [amcl]: AMCL cannot publish a pose or update the transform. Please set the initial pose...
[amcl-6] [WARN] [1789469540.542278767] [amcl]: AMCL cannot publish a pose or update the transform. Please set the initial pose...
[amcl-6] [WARN] [1789469543.085011610] [amcl]: AMCL cannot publish a pose or update the transform. Please set the initial pose...
[amcl-6] [WARN] [1789469545.907899343] [amcl]: AMCL cannot publish a pose or update the transform. Please set the initial pose...
[amcl-6] [WARN] [1789469548.849896757] [amcl]: AMCL cannot publish a pose or update the transform. Please set the initial pose...
[amcl-6] [WARN] [1789469551.132816302] [amcl]: AMCL cannot publish a pose or update the transform. Please set the initial pose...
[amcl-6] [WARN] [1789469554.127554480] [amcl]: AMCL cannot publish a pose or update the transform. Please set the initial pose...
[amcl-6] [WARN] [1789469557.566257096] [amcl]: AMCL cannot publish a pose or update the transform. Please set the initial pose...
[amcl-6] [WARN] [1789469562.025810578] [amcl]: AMCL cannot publish a pose or update the transform. Please set the initial pose...
[amcl-6] [WARN] [1789469565.684046865] [amcl]: AMCL cannot publish a pose or update the transform. Please set the initial pose...
[amcl-6] [WARN] [1789469568.969041838] [amcl]: AMCL cannot publish a pose or update the transform. Please set the initial pose...
[amcl-6] [WARN] [1789469572.724087263] [amcl]: AMCL cannot publish a pose or update the transform. Please set the initial pose...
[amcl-6] [WARN] [1789469575.693964737] [amcl]: AMCL cannot publish a pose or update the transform. Please set the initial pose...
[amcl-6] [WARN] [1789469579.428013690] [amcl]: AMCL cannot publish a pose or update the transform. Please set the initial pose...
[amcl-6] [WARN] [1789469583.084852534] [amcl]: AMCL cannot publish a pose or update the transform. Please set the initial pose...
[amcl-6] [WARN] [1789469586.627077944] [amcl]: AMCL cannot publish a pose or update the transform. Please set the initial pose...
[amcl-6] [WARN] [1789469591.547887565] [amcl]: AMCL cannot publish a pose or update the transform. Please set the initial pose...
[amcl-6] [WARN] [1789469595.603234722] [amcl]: AMCL cannot publish a pose or update the transform. Please set the initial pose...
[amcl-6] [WARN] [1789469598.748542192] [amcl]: AMCL cannot publish a pose or update the transform. Please set the initial pose...
[amcl-6] [WARN] [1789469602.463504722] [amcl]: AMCL cannot publish a pose or update the transform. Please set the initial pose...
[amcl-6] [WARN] [1789469606.387067945] [amcl]: AMCL cannot publish a pose or update the transform. Please set the initial pose...
[amcl-6] [WARN] [1789469610.089393676] [amcl]: AMCL cannot publish a pose or update the transform. Please set the initial pose...
[amcl-6] [WARN] [1789469613.591489215] [amcl]: AMCL cannot publish a pose or update the transform. Please set the initial pose...
[amcl-6] [WARN] [1789469617.219655979] [amcl]: AMCL cannot publish a pose or update the transform. Please set the initial pose...
[amcl-6] [WARN] [1789469620.912329958] [amcl]: AMCL cannot publish a pose or update the transform. Please set the initial pose...
[amcl-6] [WARN] [1789469624.147361029] [amcl]: AMCL cannot publish a pose or update the transform. Please set the initial pose...
[amcl-6] [WARN] [1789469626.886874041] [amcl]: AMCL cannot publish a pose or update the transform. Please set the initial pose...
[amcl-6] [WARN] [1789469629.599380673] [amcl]: AMCL cannot publish a pose or update the transform. Please set the initial pose...
[amcl-6] [WARN] [1789469632.505252745] [amcl]: AMCL cannot publish a pose or update the transform. Please set the initial pose...
[amcl-6] [WARN] [1789469635.111776239] [amcl]: AMCL cannot publish a pose or update the transform. Please set the initial pose...
[amcl-6] [WARN] [1789469638.034328412] [amcl]: AMCL cannot publish a pose or update the transform. Please set the initial pose...
[amcl-6] [WARN] [1789469640.687562531] [amcl]: AMCL cannot publish a pose or update the transform. Please set the initial pose...
[amcl-6] [WARN] [1789469642.985421124] [amcl]: AMCL cannot publish a pose or update the transform. Please set the initial pose...
[amcl-6] [WARN] [1789469645.298522032] [amcl]: AMCL cannot publish a pose or update the transform. Please set the initial pose...
[amcl-6] [WARN] [1789469647.562706637] [amcl]: AMCL cannot publish a pose or update the transform. Please set the initial pose...
[amcl-6] [WARN] [1789469649.971194147] [amcl]: AMCL cannot publish a pose or update the transform. Please set the initial pose...
[amcl-6] [WARN] [1789469652.481028014] [amcl]: AMCL cannot publish a pose or update the transform. Please set the initial pose...
[amcl-6] [WARN] [1789469655.159338266] [amcl]: AMCL cannot publish a pose or update the transform. Please set the initial pose...
[amcl-6] [WARN] [1789469657.606739574] [amcl]: AMCL cannot publish a pose or update the transform. Please set the initial pose...
[mission_executor-23] Exception in thread Thread-1 (_run):
[mission_executor-23] Traceback (most recent call last):
[mission_executor-23]   File "/usr/lib/python3.12/threading.py", line 1073, in _bootstrap_inner
[mission_executor-23]     self.run()
[mission_executor-23]   File "/usr/lib/python3.12/threading.py", line 1010, in run
[mission_executor-23]     self._target(*self._args, **self._kwargs)
[mission_executor-23]   File "/home/robojazzy/robofetch_ws_copy/robofetch_ws/build/robofetch_core/robofetch_core/mission_executor.py", line 345, in _run
[mission_executor-23]     self.nav_client.wait_for_server()
[mission_executor-23]   File "/opt/ros/jazzy/lib/python3.12/site-packages/rclpy/action/client.py", line 603, in wait_for_server
[mission_executor-23]     return self.server_is_ready()
[mission_executor-23]            ^^^^^^^^^^^^^^^^^^^^^^
[mission_executor-23]   File "/opt/ros/jazzy/lib/python3.12/site-packages/rclpy/action/client.py", line 582, in server_is_ready
[mission_executor-23]     return self._client_handle.is_action_server_available()
[mission_executor-23]            ^^^^^^^^^^^^^^^^^^^^^^^^^^^^^^^^^^^^^^^^^^^^^^^^
[mission_executor-23] rclpy._rclpy_pybind11.RCLError: Failed to check if action server is available: rcl node's context is invalid, at ./src/rcl/node.c:404
[mission_executor-23] Traceback (most recent call last):
[mission_executor-23]   File "/home/robojazzy/robofetch_ws_copy/robofetch_ws/install/robofetch_core/lib/robofetch_core/mission_executor", line 33, in <module>
[mission_executor-23]     sys.exit(load_entry_point('robofetch-core', 'console_scripts', 'mission_executor')())
[mission_executor-23]              ^^^^^^^^^^^^^^^^^^^^^^^^^^^^^^^^^^^^^^^^^^^^^^^^^^^^^^^^^^^^^^^^^^^^^^^^^^^
[mission_executor-23]   File "/home/robojazzy/robofetch_ws_copy/robofetch_ws/build/robofetch_core/robofetch_core/mission_executor.py", line 407, in main
[mission_executor-23]     executor.spin()
[mission_executor-23]   File "/opt/ros/jazzy/lib/python3.12/site-packages/rclpy/executors.py", line 359, in spin
[mission_executor-23]     self._spin_once_impl()
[mission_executor-23]   File "/opt/ros/jazzy/lib/python3.12/site-packages/rclpy/executors.py", line 991, in _spin_once_impl
[mission_executor-23]     handler, entity, node = self.wait_for_ready_callbacks(
[mission_executor-23]                             ^^^^^^^^^^^^^^^^^^^^^^^^^^^^^^
[mission_executor-23]   File "/opt/ros/jazzy/lib/python3.12/site-packages/rclpy/executors.py", line 877, in wait_for_ready_callbacks
[mission_executor-23]     return next(self._cb_iter)
[mission_executor-23]            ^^^^^^^^^^^^^^^^^^^
[mission_executor-23]   File "/opt/ros/jazzy/lib/python3.12/site-packages/rclpy/executors.py", line 757, in _wait_for_ready_callbacks
[mission_executor-23]     wait_set = _rclpy.WaitSet(
[mission_executor-23]                ^^^^^^^^^^^^^^^
[mission_executor-23] rclpy._rclpy_pybind11.RCLError: failed to initialize wait set: the given context is not valid, either rcl_init() was not called or rcl_shutdown() was called., at ./src/rcl/wait.c:130
[ERROR] [mission_executor-23]: process has died [pid 158494, exit code 1, cmd '/home/robojazzy/robofetch_ws_copy/robofetch_ws/install/robofetch_core/lib/robofetch_core/mission_executor --ros-args -r __node:=mission_executor --params-file /tmp/launch_params_33oeqo8x --params-file /tmp/launch_params_14qk_fgw'].
[amcl-6] [WARN] [1789469659.915351760] [amcl]: AMCL cannot publish a pose or update the transform. Please set the initial pose...
[amcl-6] [WARN] [1789469662.137169698] [amcl]: AMCL cannot publish a pose or update the transform. Please set the initial pose...
[amcl-6] [WARN] [1789469664.297608511] [amcl]: AMCL cannot publish a pose or update the transform. Please set the initial pose...
[amcl-6] [WARN] [1789469666.839588559] [amcl]: AMCL cannot publish a pose or update the transform. Please set the initial pose...
[amcl-6] [WARN] [1789469669.132418403] [amcl]: AMCL cannot publish a pose or update the transform. Please set the initial pose...
[amcl-6] [WARN] [1789469671.690632848] [amcl]: AMCL cannot publish a pose or update the transform. Please set the initial pose...
[amcl-6] [WARN] [1789469674.374512985] [amcl]: AMCL cannot publish a pose or update the transform. Please set the initial pose...
[amcl-6] [WARN] [1789469676.686483286] [amcl]: AMCL cannot publish a pose or update the transform. Please set the initial pose...
[amcl-6] [WARN] [1789469678.821300321] [amcl]: AMCL cannot publish a pose or update the transform. Please set the initial pose...
[amcl-6] [WARN] [1789469681.289245313] [amcl]: AMCL cannot publish a pose or update the transform. Please set the initial pose...
[amcl-6] [WARN] [1789469683.578295882] [amcl]: AMCL cannot publish a pose or update the transform. Please set the initial pose...
[amcl-6] [WARN] [1789469686.087224543] [amcl]: AMCL cannot publish a pose or update the transform. Please set the initial pose...
[amcl-6] [WARN] [1789469688.479892054] [amcl]: AMCL cannot publish a pose or update the transform. Please set the initial pose...
[amcl-6] [WARN] [1789469690.854509578] [amcl]: AMCL cannot publish a pose or update the transform. Please set the initial pose...
[amcl-6] [WARN] [1789469693.343607212] [amcl]: AMCL cannot publish a pose or update the transform. Please set the initial pose...
[amcl-6] [WARN] [1789469695.823519441] [amcl]: AMCL cannot publish a pose or update the transform. Please set the initial pose...
[amcl-6] [WARN] [1789469698.616703321] [amcl]: AMCL cannot publish a pose or update the transform. Please set the initial pose...
[amcl-6] [WARN] [1789469701.315148637] [amcl]: AMCL cannot publish a pose or update the transform. Please set the initial pose...
[amcl-6] [WARN] [1789469703.770690580] [amcl]: AMCL cannot publish a pose or update the transform. Please set the initial pose...
[amcl-6] [WARN] [1789469706.041639017] [amcl]: AMCL cannot publish a pose or update the transform. Please set the initial pose...
[amcl-6] [WARN] [1789469708.529166257] [amcl]: AMCL cannot publish a pose or update the transform. Please set the initial pose...
[amcl-6] [WARN] [1789469711.571980063] [amcl]: AMCL cannot publish a pose or update the transform. Please set the initial pose...
[amcl-6] [WARN] [1789469714.322407538] [amcl]: AMCL cannot publish a pose or update the transform. Please set the initial pose...
[amcl-6] [WARN] [1789469716.608101666] [amcl]: AMCL cannot publish a pose or update the transform. Please set the initial pose...
[amcl-6] [WARN] [1789469718.822918283] [amcl]: AMCL cannot publish a pose or update the transform. Please set the initial pose...
[amcl-6] [WARN] [1789469721.051267310] [amcl]: AMCL cannot publish a pose or update the transform. Please set the initial pose...
[amcl-6] [WARN] [1789469723.384111666] [amcl]: AMCL cannot publish a pose or update the transform. Please set the initial pose...
[amcl-6] [WARN] [1789469725.767967569] [amcl]: AMCL cannot publish a pose or update the transform. Please set the initial pose...
[amcl-6] [WARN] [1789469728.200637515] [amcl]: AMCL cannot publish a pose or update the transform. Please set the initial pose...
[amcl-6] [WARN] [1789469730.380346318] [amcl]: AMCL cannot publish a pose or update the transform. Please set the initial pose...
[amcl-6] [WARN] [1789469732.532385564] [amcl]: AMCL cannot publish a pose or update the transform. Please set the initial pose...
[amcl-6] [WARN] [1789469734.901683733] [amcl]: AMCL cannot publish a pose or update the transform. Please set the initial pose...
[amcl-6] [WARN] [1789469737.253267991] [amcl]: AMCL cannot publish a pose or update the transform. Please set the initial pose...
[amcl-6] [WARN] [1789469739.591953283] [amcl]: AMCL cannot publish a pose or update the transform. Please set the initial pose...
[amcl-6] [WARN] [1789469741.934808614] [amcl]: AMCL cannot publish a pose or update the transform. Please set the initial pose...
[amcl-6] [WARN] [1789469744.188858983] [amcl]: AMCL cannot publish a pose or update the transform. Please set the initial pose...
[amcl-6] [WARN] [1789469746.595539136] [amcl]: AMCL cannot publish a pose or update the transform. Please set the initial pose...
[amcl-6] [WARN] [1789469748.744690613] [amcl]: AMCL cannot publish a pose or update the transform. Please set the initial pose...
[amcl-6] [WARN] [1789469751.098325293] [amcl]: AMCL cannot publish a pose or update the transform. Please set the initial pose...
[amcl-6] [WARN] [1789469753.345908476] [amcl]: AMCL cannot publish a pose or update the transform. Please set the initial pose...
[amcl-6] [WARN] [1789469756.577432863] [amcl]: AMCL cannot publish a pose or update the transform. Please set the initial pose...
[amcl-6] [WARN] [1789469760.824078174] [amcl]: AMCL cannot publish a pose or update the transform. Please set the initial pose...
[amcl-6] [WARN] [1789469764.080045177] [amcl]: AMCL cannot publish a pose or update the transform. Please set the initial pose...
[amcl-6] [WARN] [1789469767.640908018] [amcl]: AMCL cannot publish a pose or update the transform. Please set the initial pose...
[amcl-6] [WARN] [1789469770.601077148] [amcl]: AMCL cannot publish a pose or update the transform. Please set the initial pose...
[amcl-6] [WARN] [1789469773.560988647] [amcl]: AMCL cannot publish a pose or update the transform. Please set the initial pose...
[amcl-6] [WARN] [1789469776.928251928] [amcl]: AMCL cannot publish a pose or update the transform. Please set the initial pose...
[amcl-6] [WARN] [1789469780.131098728] [amcl]: AMCL cannot publish a pose or update the transform. Please set the initial pose...
[amcl-6] [WARN] [1789469783.687137860] [amcl]: AMCL cannot publish a pose or update the transform. Please set the initial pose...
[amcl-6] [WARN] [1789469787.245205562] [amcl]: AMCL cannot publish a pose or update the transform. Please set the initial pose...
[amcl-6] [WARN] [1789469790.209156736] [amcl]: AMCL cannot publish a pose or update the transform. Please set the initial pose...
[amcl-6] [WARN] [1789469793.264139658] [amcl]: AMCL cannot publish a pose or update the transform. Please set the initial pose...
[amcl-6] [WARN] [1789469796.473769865] [amcl]: AMCL cannot publish a pose or update the transform. Please set the initial pose...
[amcl-6] [WARN] [1789469799.474120784] [amcl]: AMCL cannot publish a pose or update the transform. Please set the initial pose...
[amcl-6] [WARN] [1789469802.349930535] [amcl]: AMCL cannot publish a pose or update the transform. Please set the initial pose...
[amcl-6] [WARN] [1789469805.472207975] [amcl]: AMCL cannot publish a pose or update the transform. Please set the initial pose...
[amcl-6] [WARN] [1789469808.299674298] [amcl]: AMCL cannot publish a pose or update the transform. Please set the initial pose...
[amcl-6] [WARN] [1789469811.089410839] [amcl]: AMCL cannot publish a pose or update the transform. Please set the initial pose...
[amcl-6] [WARN] [1789469813.895022477] [amcl]: AMCL cannot publish a pose or update the transform. Please set the initial pose...
[amcl-6] [WARN] [1789469816.904627172] [amcl]: AMCL cannot publish a pose or update the transform. Please set the initial pose...
[amcl-6] [WARN] [1789469819.429363885] [amcl]: AMCL cannot publish a pose or update the transform. Please set the initial pose...
[amcl-6] [WARN] [1789469821.924566051] [amcl]: AMCL cannot publish a pose or update the transform. Please set the initial pose...
[amcl-6] [WARN] [1789469824.541486784] [amcl]: AMCL cannot publish a pose or update the transform. Please set the initial pose...
[amcl-6] [WARN] [1789469826.970467720] [amcl]: AMCL cannot publish a pose or update the transform. Please set the initial pose...
[amcl-6] [WARN] [1789469829.531272253] [amcl]: AMCL cannot publish a pose or update the transform. Please set the initial pose...
[amcl-6] [WARN] [1789469832.212403455] [amcl]: AMCL cannot publish a pose or update the transform. Please set the initial pose...
[amcl-6] [WARN] [1789469834.659591616] [amcl]: AMCL cannot publish a pose or update the transform. Please set the initial pose...
[amcl-6] [WARN] [1789469837.307454067] [amcl]: AMCL cannot publish a pose or update the transform. Please set the initial pose...
