[INFO] [launch]: All log files can be found below /home/robojazzy/.ros/log/2026-09-16-17-24-22-045315-DESKTOP-NOCCT0U-294698
[INFO] [launch]: Default logging verbosity is set to INFO
[INFO] [gazebo-1]: process started with pid [294704]
[INFO] [robot_state_publisher-2]: process started with pid [294705]
[INFO] [create-3]: process started with pid [294706]
[INFO] [parameter_bridge-4]: process started with pid [294708]
[INFO] [map_server-5]: process started with pid [294709]
[INFO] [amcl-6]: process started with pid [294710]
[INFO] [lifecycle_manager-7]: process started with pid [294711]
[INFO] [controller_server-8]: process started with pid [294712]
[INFO] [smoother_server-9]: process started with pid [294713]
[INFO] [planner_server-10]: process started with pid [294716]
[INFO] [route_server-11]: process started with pid [294717]
[INFO] [behavior_server-12]: process started with pid [294718]
[INFO] [bt_navigator-13]: process started with pid [294723]
[INFO] [waypoint_follower-14]: process started with pid [294726]
[INFO] [velocity_smoother-15]: process started with pid [294731]
[INFO] [collision_monitor-16]: process started with pid [294739]
[INFO] [opennav_docking-17]: process started with pid [294742]
[INFO] [lifecycle_manager-18]: process started with pid [294743]
[controller_server-8] [INFO] [1789572263.093736450] [controller_server]: 
[controller_server-8] 	controller_server lifecycle node launched. 
[robot_state_publisher-2] [INFO] [1789572263.095294400] [robot_state_publisher]: Robot initialized
[controller_server-8] 	Waiting on external lifecycle transitions to activate
[controller_server-8] 	See https://design.ros2.org/articles/node_lifecycle.html for more information.
[create-3] [INFO] [1789572263.098377798] [ros_gz_sim]: Requesting list of world names.
[lifecycle_manager-7] [INFO] [1789572263.105485011] [lifecycle_manager_localization]: Creating
[controller_server-8] [INFO] [1789572263.113012613] [controller_server]: Creating controller server
[lifecycle_manager-7] [INFO] [1789572263.126576496] [lifecycle_manager_localization]: [34m[1mCreating and initializing lifecycle service clients[0m[0m
[amcl-6] [INFO] [1789572263.135775499] [amcl]: 
[amcl-6] 	amcl lifecycle node launched. 
[amcl-6] 	Waiting on external lifecycle transitions to activate
[amcl-6] 	See https://design.ros2.org/articles/node_lifecycle.html for more information.
[amcl-6] [INFO] [1789572263.136763958] [amcl]: Creating
[smoother_server-9] [INFO] [1789572263.141572893] [smoother_server]: 
[smoother_server-9] 	smoother_server lifecycle node launched. 
[smoother_server-9] 	Waiting on external lifecycle transitions to activate
[smoother_server-9] 	See https://design.ros2.org/articles/node_lifecycle.html for more information.
[waypoint_follower-14] [INFO] [1789572263.144230721] [waypoint_follower]: 
[waypoint_follower-14] 	waypoint_follower lifecycle node launched. 
[waypoint_follower-14] 	Waiting on external lifecycle transitions to activate
[waypoint_follower-14] 	See https://design.ros2.org/articles/node_lifecycle.html for more information.
[waypoint_follower-14] [INFO] [1789572263.145352742] [waypoint_follower]: Creating
[smoother_server-9] [INFO] [1789572263.145622912] [smoother_server]: Creating smoother server
[behavior_server-12] [INFO] [1789572263.157332064] [behavior_server]: 
[behavior_server-12] 	behavior_server lifecycle node launched. 
[behavior_server-12] 	Waiting on external lifecycle transitions to activate
[behavior_server-12] 	See https://design.ros2.org/articles/node_lifecycle.html for more information.
[controller_server-8] [INFO] [1789572263.165153401] [local_costmap.local_costmap]: 
[controller_server-8] 	local_costmap lifecycle node launched. 
[controller_server-8] 	Waiting on external lifecycle transitions to activate
[controller_server-8] 	See https://design.ros2.org/articles/node_lifecycle.html for more information.
[controller_server-8] [INFO] [1789572263.168606506] [local_costmap.local_costmap]: Creating Costmap
[velocity_smoother-15] [INFO] [1789572263.179665827] [velocity_smoother]: 
[velocity_smoother-15] 	velocity_smoother lifecycle node launched. 
[velocity_smoother-15] 	Waiting on external lifecycle transitions to activate
[velocity_smoother-15] 	See https://design.ros2.org/articles/node_lifecycle.html for more information.
[map_server-5] [INFO] [1789572263.194065207] [map_server]: 
[map_server-5] 	map_server lifecycle node launched. 
[map_server-5] 	Waiting on external lifecycle transitions to activate
[map_server-5] 	See https://design.ros2.org/articles/node_lifecycle.html for more information.
[map_server-5] [INFO] [1789572263.195694864] [map_server]: Creating
[route_server-11] [INFO] [1789572263.196888591] [route_server]: 
[route_server-11] 	route_server lifecycle node launched. 
[route_server-11] 	Waiting on external lifecycle transitions to activate
[route_server-11] 	See https://design.ros2.org/articles/node_lifecycle.html for more information.
[lifecycle_manager-7] [INFO] [1789572263.216474536] [lifecycle_manager_localization]: [34m[1mStarting managed nodes bringup...[0m[0m
[lifecycle_manager-7] [INFO] [1789572263.216556603] [lifecycle_manager_localization]: [34m[1mConfiguring map_server[0m[0m
[map_server-5] [INFO] [1789572263.227211379] [map_server]: Configuring
[map_server-5] [INFO] [1789572263.227393084] [map_io]: Loading yaml file: /home/robojazzy/robofetch_ws_copy/robofetch_ws/install/robofetch_nav/share/robofetch_nav/maps/factory_maze.yaml
[map_server-5] [INFO] [1789572263.228235285] [map_io]: resolution: 0.05
[map_server-5] [INFO] [1789572263.228259763] [map_io]: origin[0]: -7.75
[map_server-5] [INFO] [1789572263.228270833] [map_io]: origin[1]: -5.5
[map_server-5] [INFO] [1789572263.228280584] [map_io]: origin[2]: 0
[map_server-5] [INFO] [1789572263.228288506] [map_io]: free_thresh: 0.196
[map_server-5] [INFO] [1789572263.228294397] [map_io]: occupied_thresh: 0.65
[map_server-5] [INFO] [1789572263.228300898] [map_io]: mode: trinary
[map_server-5] [INFO] [1789572263.228306789] [map_io]: negate: 0
[map_server-5] [INFO] [1789572263.229290981] [map_io]: Loading image_file: /home/robojazzy/robofetch_ws_copy/robofetch_ws/install/robofetch_nav/share/robofetch_nav/maps/factory_maze.pgm
[map_server-5] [INFO] [1789572263.232590109] [map_io]: Read map /home/robojazzy/robofetch_ws_copy/robofetch_ws/install/robofetch_nav/share/robofetch_nav/maps/factory_maze.pgm: 310 X 220 map @ 0.05 m/cell
[lifecycle_manager-18] [INFO] [1789572263.235021645] [lifecycle_manager_navigation]: Creating
[lifecycle_manager-18] [INFO] [1789572263.265850443] [lifecycle_manager_navigation]: [34m[1mCreating and initializing lifecycle service clients[0m[0m
[planner_server-10] [INFO] [1789572263.287504513] [planner_server]: 
[planner_server-10] 	planner_server lifecycle node launched. 
[planner_server-10] 	Waiting on external lifecycle transitions to activate
[planner_server-10] 	See https://design.ros2.org/articles/node_lifecycle.html for more information.
[opennav_docking-17] [INFO] [1789572263.293941886] [docking_server]: 
[opennav_docking-17] 	docking_server lifecycle node launched. 
[opennav_docking-17] 	Waiting on external lifecycle transitions to activate
[opennav_docking-17] 	See https://design.ros2.org/articles/node_lifecycle.html for more information.
[opennav_docking-17] [INFO] [1789572263.294082151] [docking_server]: Creating docking_server
[planner_server-10] [INFO] [1789572263.300640694] [planner_server]: Creating
[collision_monitor-16] [INFO] [1789572263.318937641] [collision_monitor]: 
[collision_monitor-16] 	collision_monitor lifecycle node launched. 
[collision_monitor-16] 	Waiting on external lifecycle transitions to activate
[collision_monitor-16] 	See https://design.ros2.org/articles/node_lifecycle.html for more information.
[lifecycle_manager-7] [INFO] [1789572263.321387661] [lifecycle_manager_localization]: [34m[1mConfiguring amcl[0m[0m
[amcl-6] [INFO] [1789572263.322821191] [amcl]: Configuring
[amcl-6] [INFO] [1789572263.322963690] [amcl]: initTransforms
[bt_navigator-13] [INFO] [1789572263.333125253] [bt_navigator]: 
[bt_navigator-13] 	bt_navigator lifecycle node launched. 
[bt_navigator-13] 	Waiting on external lifecycle transitions to activate
[bt_navigator-13] 	See https://design.ros2.org/articles/node_lifecycle.html for more information.
[bt_navigator-13] [INFO] [1789572263.336896671] [bt_navigator]: Creating
[amcl-6] [INFO] [1789572263.354655714] [amcl]: initPubSub
[planner_server-10] [INFO] [1789572263.372153728] [global_costmap.global_costmap]: 
[planner_server-10] 	global_costmap lifecycle node launched. 
[planner_server-10] 	Waiting on external lifecycle transitions to activate
[planner_server-10] 	See https://design.ros2.org/articles/node_lifecycle.html for more information.
[planner_server-10] [INFO] [1789572263.373080332] [global_costmap.global_costmap]: Creating Costmap
[amcl-6] [INFO] [1789572263.382463072] [amcl]: Subscribed to map topic.
[lifecycle_manager-7] [INFO] [1789572263.395802490] [lifecycle_manager_localization]: [34m[1mActivating map_server[0m[0m
[map_server-5] [INFO] [1789572263.396694358] [map_server]: Activating
[map_server-5] [INFO] [1789572263.397082042] [map_server]: Creating bond (map_server) to lifecycle manager.
[amcl-6] [INFO] [1789572263.397595366] [amcl]: Received a 310 X 220 map @ 0.050 m/pix
[lifecycle_manager-7] [INFO] [1789572263.508089139] [lifecycle_manager_localization]: Server map_server connected with bond.
[lifecycle_manager-7] [INFO] [1789572263.508145001] [lifecycle_manager_localization]: [34m[1mActivating amcl[0m[0m
[amcl-6] [INFO] [1789572263.508602158] [amcl]: Activating
[amcl-6] [INFO] [1789572263.508634762] [amcl]: initialPoseReceived
[amcl-6] [INFO] [1789572263.508800927] [amcl]: Setting pose (0.000000): -5.225 -2.975 0.000
[amcl-6] [INFO] [1789572263.509206690] [amcl]: Creating bond (amcl) to lifecycle manager.
[lifecycle_manager-7] [INFO] [1789572263.619236704] [lifecycle_manager_localization]: Server amcl connected with bond.
[lifecycle_manager-7] [INFO] [1789572263.619314911] [lifecycle_manager_localization]: [34m[1mManaged nodes are active[0m[0m
[lifecycle_manager-7] [INFO] [1789572263.619351070] [lifecycle_manager_localization]: [34m[1mCreating bond timer...[0m[0m
[lifecycle_manager-18] [INFO] [1789572263.680861495] [lifecycle_manager_navigation]: [34m[1mStarting managed nodes bringup...[0m[0m
[lifecycle_manager-18] [INFO] [1789572263.680927413] [lifecycle_manager_navigation]: [34m[1mConfiguring controller_server[0m[0m
[controller_server-8] [INFO] [1789572263.681410673] [controller_server]: Configuring controller interface
[controller_server-8] [INFO] [1789572263.681431697] [controller_server]: getting progress checker plugins..
[controller_server-8] [INFO] [1789572263.682217426] [controller_server]: getting goal checker plugins..
[controller_server-8] [INFO] [1789572263.682810888] [controller_server]: Controller frequency set to 10.0000Hz
[controller_server-8] [INFO] [1789572263.682889298] [local_costmap.local_costmap]: Configuring
[controller_server-8] [INFO] [1789572263.699886176] [local_costmap.local_costmap]: Using plugin "voxel_layer"
[controller_server-8] [INFO] [1789572263.709294409] [local_costmap.local_costmap]: Subscribed to Topics: scan
[controller_server-8] [INFO] [1789572263.736672743] [local_costmap.local_costmap]: Initialized plugin "voxel_layer"
[controller_server-8] [INFO] [1789572263.736738458] [local_costmap.local_costmap]: Using plugin "inflation_layer"
[controller_server-8] [INFO] [1789572263.738687038] [local_costmap.local_costmap]: Initialized plugin "inflation_layer"
[controller_server-8] [INFO] [1789572263.780274923] [controller_server]: Created progress_checker : progress_checker of type nav2_controller::SimpleProgressChecker
[controller_server-8] [INFO] [1789572263.780818920] [controller_server]: Controller Server has progress_checker  progress checkers available.
[controller_server-8] [INFO] [1789572263.781746438] [controller_server]: Created goal checker : general_goal_checker of type nav2_controller::SimpleGoalChecker
[controller_server-8] [INFO] [1789572263.783813141] [controller_server]: Controller Server has general_goal_checker  goal checkers available.
[controller_server-8] [INFO] [1789572263.785919659] [controller_server]: Created controller : FollowPath of type nav2_mppi_controller::MPPIController
[controller_server-8] [INFO] [1789572263.796556966] [controller_server]: Controller period is equal to model dt. Control sequence shifting is ON
[controller_server-8] [INFO] [1789572263.800220722] [controller_server]: ConstraintCritic instantiated with 1 power and 4.000000 weight.
[controller_server-8] [INFO] [1789572263.800294968] [controller_server]: Critic loaded : mppi::critics::ConstraintCritic
[controller_server-8] [INFO] [1789572263.804759385] [controller_server]: InflationCostCritic instantiated with 1 power and 300.000000 / 0.015000 weights. Critic will collision check based on circular cost.
[controller_server-8] [INFO] [1789572263.804848663] [controller_server]: Critic loaded : mppi::critics::CostCritic
[controller_server-8] [INFO] [1789572263.806496094] [controller_server]: GoalCritic instantiated with 1 power and 5.000000 weight.
[controller_server-8] [INFO] [1789572263.806532354] [controller_server]: Critic loaded : mppi::critics::GoalCritic
[controller_server-8] [INFO] [1789572263.809056824] [controller_server]: GoalAngleCritic instantiated with 1 power, 3.000000 weight, 0.500000 angular threshold and symmetric_yaw_tolerance disabled
[controller_server-8] [INFO] [1789572263.809120405] [controller_server]: Critic loaded : mppi::critics::GoalAngleCritic
[controller_server-8] [INFO] [1789572263.813556687] [controller_server]: ReferenceTrajectoryCritic instantiated with 1 power and 14.000000 weight
[controller_server-8] [INFO] [1789572263.813633473] [controller_server]: Critic loaded : mppi::critics::PathAlignCritic
[controller_server-8] [INFO] [1789572263.816114979] [controller_server]: Critic loaded : mppi::critics::PathFollowCritic
[gazebo-1] [1;32m[Msg] [0m[1;32mGazebo Sim Server v[0m[1;32m8.11.0[0m[1;32m[0m
[gazebo-1] [1;32m[Msg] [0m[1;32mLoading SDF world file[[0m[1;32m/home/robojazzy/robofetch_ws_copy/robofetch_ws/install/robofetch_gazebo/share/robofetch_gazebo/worlds/factory_maze.sdf[0m[1;32m].[0m
[gazebo-1] [1;32m[Msg] [0m[1;32mServing entity system service on [[0m[1;32m/[0m[1;32mentity/system/add[0m[1;32m][0m[1;32m[0m
[gazebo-1] [1;36m[Dbg] [Physics.cc:906] [0m[1;36mLoaded [[0m[1;36mgz::physics::dartsim::Plugin[0m[1;36m] from library [[0m[1;36m/opt/ros/jazzy/opt/gz_physics_vendor/lib/gz-physics-7/engine-plugins/libgz-physics-dartsim-plugin.so[0m[1;36m][0m[1;36m[0m
[gazebo-1] [1;36m[Dbg] [SystemManager.cc:80] [0m[1;36mLoaded system [[0m[1;36mgz::sim::systems::Physics[0m[1;36m] for entity [[0m[1;36m1[0m[1;36m][0m[1;36m[0m
[gazebo-1] [1;36m[Dbg] [SystemManager.cc:80] [0m[1;36mLoaded system [[0m[1;36mgz::sim::systems::SceneBroadcaster[0m[1;36m] for entity [[0m[1;36m1[0m[1;36m][0m[1;36m[0m
[gazebo-1] [1;32m[Msg] [0m[1;32mCreate[0m[1;32m service on [[0m[1;32m/world/factory_maze/create_multiple[0m[1;32m] (async)[0m[1;32m[0m
[gazebo-1] [1;32m[Msg] [0m[1;32mCreate[0m[1;32m service on [[0m[1;32m/world/factory_maze/create_multiple/blocking[0m[1;32m] (blocking)[0m[1;32m[0m
[gazebo-1] [1;32m[Msg] [0m[1;32mRemove[0m[1;32m service on [[0m[1;32m/world/factory_maze/remove[0m[1;32m] (async)[0m[1;32m[0m
[gazebo-1] [1;32m[Msg] [0m[1;32mRemove[0m[1;32m service on [[0m[1;32m/world/factory_maze/remove/blocking[0m[1;32m] (blocking)[0m[1;32m[0m
[gazebo-1] [1;32m[Msg] [0m[1;32mPose[0m[1;32m service on [[0m[1;32m/world/factory_maze/set_pose[0m[1;32m] (async)[0m[1;32m[0m
[gazebo-1] [1;32m[Msg] [0m[1;32mPose[0m[1;32m service on [[0m[1;32m/world/factory_maze/set_pose/blocking[0m[1;32m] (blocking)[0m[1;32m[0m
[gazebo-1] [1;32m[Msg] [0m[1;32mPose[0m[1;32m service on [[0m[1;32m/world/factory_maze/set_pose_vector[0m[1;32m] (async)[0m[1;32m[0m
[gazebo-1] [1;32m[Msg] [0m[1;32mPose[0m[1;32m service on [[0m[1;32m/world/factory_maze/set_pose_vector/blocking[0m[1;32m] (blocking)[0m[1;32m[0m
[gazebo-1] [1;32m[Msg] [0m[1;32mLight configuration[0m[1;32m service on [[0m[1;32m/world/factory_maze/light_config[0m[1;32m] (async)[0m[1;32m[0m
[gazebo-1] [1;32m[Msg] [0m[1;32mLight configuration[0m[1;32m service on [[0m[1;32m/world/factory_maze/light_config/blocking[0m[1;32m] (blocking)[0m[1;32m[0m
[gazebo-1] [1;32m[Msg] [0m[1;32mPhysics[0m[1;32m service on [[0m[1;32m/world/factory_maze/set_physics[0m[1;32m] (async)[0m[1;32m[0m
[gazebo-1] [1;32m[Msg] [0m[1;32mPhysics[0m[1;32m service on [[0m[1;32m/world/factory_maze/set_physics/blocking[0m[1;32m] (blocking)[0m[1;32m[0m
[gazebo-1] [1;32m[Msg] [0m[1;32mSphericalCoordinates[0m[1;32m service on [[0m[1;32m/world/factory_maze/set_spherical_coordinates[0m[1;32m] (async)[0m[1;32m[0m
[gazebo-1] [1;32m[Msg] [0m[1;32mSphericalCoordinates[0m[1;32m service on [[0m[1;32m/world/factory_maze/set_spherical_coordinates/blocking[0m[1;32m] (blocking)[0m[1;32m[0m
[gazebo-1] [1;32m[Msg] [0m[1;32mEnable collision[0m[1;32m service on [[0m[1;32m/world/factory_maze/enable_collision[0m[1;32m] (async)[0m[1;32m[0m
[gazebo-1] [1;32m[Msg] [0m[1;32mEnable collision[0m[1;32m service on [[0m[1;32m/world/factory_maze/enable_collision/blocking[0m[1;32m] (blocking)[0m[1;32m[0m
[gazebo-1] [1;32m[Msg] [0m[1;32mDisable collision[0m[1;32m service on [[0m[1;32m/world/factory_maze/disable_collision[0m[1;32m] (async)[0m[1;32m[0m
[gazebo-1] [1;32m[Msg] [0m[1;32mDisable collision[0m[1;32m service on [[0m[1;32m/world/factory_maze/disable_collision/blocking[0m[1;32m] (blocking)[0m[1;32m[0m
[gazebo-1] [1;32m[Msg] [0m[1;32mMaterial[0m[1;32m service on [[0m[1;32m/world/factory_maze/visual_config[0m[1;32m] (async)[0m[1;32m[0m
[gazebo-1] [1;32m[Msg] [0m[1;32mMaterial[0m[1;32m service on [[0m[1;32m/world/factory_maze/visual_config/blocking[0m[1;32m] (blocking)[0m[1;32m[0m
[gazebo-1] [1;32m[Msg] [0m[1;32mMaterial[0m[1;32m service on [[0m[1;32m/world/factory_maze/wheel_slip[0m[1;32m] (async)[0m[1;32m[0m
[controller_server-8] [INFO] [1789572263.818836389] [controller_server]: PathAngleCritic instantiated with 1 power and 2.000000 weight. Mode set to: Forward Preference
[controller_server-8] [INFO] [1789572263.818876508] [controller_server]: Critic loaded : mppi::critics::PathAngleCritic
[controller_server-8] [INFO] [1789572263.820407543] [controller_server]: PreferForwardCritic instantiated with 1 power and 5.000000 weight.
[controller_server-8] [INFO] [1789572263.820444107] [controller_server]: Critic loaded : mppi::critics::PreferForwardCritic
[controller_server-8] [INFO] [1789572263.821586949] [controller_server]: Optimizer reset
[controller_server-8] [INFO] [1789572263.831347216] [MPPIController]: Configured MPPI Controller: FollowPath
[controller_server-8] [INFO] [1789572263.831453761] [controller_server]: Controller Server has FollowPath  controllers available.
[lifecycle_manager-18] [INFO] [1789572263.851490972] [lifecycle_manager_navigation]: [34m[1mConfiguring smoother_server[0m[0m
[smoother_server-9] [INFO] [1789572263.851905674] [smoother_server]: Configuring smoother server
[smoother_server-9] [INFO] [1789572263.874245530] [smoother_server]: Created smoother : simple_smoother of type nav2_smoother::SimpleSmoother
[smoother_server-9] [INFO] [1789572263.875812621] [smoother_server]: Smoother Server has simple_smoother  smoothers available.
[lifecycle_manager-18] [INFO] [1789572263.890903070] [lifecycle_manager_navigation]: [34m[1mConfiguring planner_server[0m[0m
[planner_server-10] [INFO] [1789572263.891292075] [planner_server]: Configuring
[planner_server-10] [INFO] [1789572263.891327420] [global_costmap.global_costmap]: Configuring
[planner_server-10] [INFO] [1789572263.908463344] [global_costmap.global_costmap]: Using plugin "static_layer"
[planner_server-10] [INFO] [1789572263.914597638] [global_costmap.global_costmap]: Subscribing to the map topic (/map) with transient local durability
[planner_server-10] [INFO] [1789572263.917615728] [global_costmap.global_costmap]: Initialized plugin "static_layer"
[planner_server-10] [INFO] [1789572263.917666715] [global_costmap.global_costmap]: Using plugin "obstacle_layer"
[planner_server-10] [INFO] [1789572263.920420525] [global_costmap.global_costmap]: Subscribed to Topics: scan
[planner_server-10] [INFO] [1789572263.931331862] [global_costmap.global_costmap]: Initialized plugin "obstacle_layer"
[planner_server-10] [INFO] [1789572263.931398896] [global_costmap.global_costmap]: Using plugin "inflation_layer"
[planner_server-10] [INFO] [1789572263.932913172] [global_costmap.global_costmap]: Initialized plugin "inflation_layer"
[create-3] [INFO] [1789572263.941100559] [ros_gz_sim]: Waiting messages on topic [/robot_description].
[create-3] [INFO] [1789572263.953719252] [ros_gz_sim]: Entity creation successful.
[planner_server-10] [INFO] [1789572263.985684189] [global_costmap.global_costmap]: StaticLayer: Resizing costmap to 310 X 220 at 0.050000 m/pix
[planner_server-10] [INFO] [1789572263.986251852] [planner_server]: Created global planner plugin GridBased of type nav2_navfn_planner::NavfnPlanner
[planner_server-10] [INFO] [1789572263.986279783] [planner_server]: Configuring plugin GridBased of type NavfnPlanner
[planner_server-10] [INFO] [1789572263.987688225] [planner_server]: Planner Server has GridBased  planners available.
[lifecycle_manager-18] [INFO] [1789572263.410953356] [lifecycle_manager_navigation]: [34m[1mConfiguring route_server[0m[0m
[route_server-11] [INFO] [1789572263.411346322] [route_server]: Configuring
[route_server-11] [INFO] [1789572263.465095742] [route_server]: Created GraphFileLoader GeoJsonGraphFileLoader of type nav2_route::GeoJsonGraphFileLoader
[route_server-11] [INFO] [1789572263.465153737] [route_server]: Configuring geojson graph file loader
[route_server-11] [INFO] [1789572263.465203912] [route_server]: Loading graph file from /opt/ros/jazzy/share/nav2_route/graphs/sample_graph.geojson, by parser nav2_route::GeoJsonGraphFileLoader
[route_server-11] [INFO] [1789572263.473568738] [route_server]: Created edge cost function plugin DistanceScorer of type nav2_route::DistanceScorer
[route_server-11] [INFO] [1789572263.473643899] [route_server]: Configuring distance scorer.
[route_server-11] [INFO] [1789572263.474315262] [route_server]: Created edge cost function plugin CostmapScorer of type nav2_route::CostmapScorer
[route_server-11] [INFO] [1789572263.474341467] [route_server]: Configuring costmap scorer.
[route_server-11] [INFO] [1789572263.490157618] [route_server]: Created route operation AdjustSpeedLimit of type nav2_route::AdjustSpeedLimit
[route_server-11] [INFO] [1789572263.490246490] [route_server]: Configuring Adjust speed limit operation.
[route_server-11] [INFO] [1789572263.493400173] [route_server]: Created route operation ReroutingService of type nav2_route::ReroutingService
[route_server-11] [INFO] [1789572263.493438768] [route_server]: Configuring Rerouting service operation.
[route_server-11] [INFO] [1789572263.512309269] [route_server]: Created route operation CollisionMonitor of type nav2_route::CollisionMonitor
[route_server-11] [INFO] [1789572263.512431049] [route_server]: Using costmap topic: local_costmap/costmap_raw instead of server costmap topic: global_costmap/costmap_raw for CollisionMonitor.
[INFO] [create-3]: process has finished cleanly [pid 294706]
[lifecycle_manager-18] [INFO] [1789572263.549935295] [lifecycle_manager_navigation]: [34m[1mConfiguring behavior_server[0m[0m
[behavior_server-12] [INFO] [1789572263.550416524] [behavior_server]: Configuring
[behavior_server-12] [INFO] [1789572263.569657544] [behavior_server]: Creating behavior plugin spin of type nav2_behaviors::Spin
[behavior_server-12] [INFO] [1789572263.571658939] [behavior_server]: Creating behavior plugin backup of type nav2_behaviors::BackUp
[behavior_server-12] [INFO] [1789572263.573435463] [behavior_server]: Creating behavior plugin drive_on_heading of type nav2_behaviors::DriveOnHeading
[behavior_server-12] [INFO] [1789572263.575257693] [behavior_server]: Creating behavior plugin assisted_teleop of type nav2_behaviors::AssistedTeleop
[behavior_server-12] [INFO] [1789572263.579686662] [behavior_server]: Creating behavior plugin wait of type nav2_behaviors::Wait
[behavior_server-12] [INFO] [1789572263.593512895] [behavior_server]: Configuring spin
[behavior_server-12] [INFO] [1789572263.612085091] [behavior_server]: Configuring backup
[behavior_server-12] [INFO] [1789572263.625145705] [behavior_server]: Configuring drive_on_heading
[behavior_server-12] [INFO] [1789572263.640295876] [behavior_server]: Configuring assisted_teleop
[behavior_server-12] [INFO] [1789572263.663033472] [behavior_server]: Configuring wait
[lifecycle_manager-18] [INFO] [1789572263.681568087] [lifecycle_manager_navigation]: [34m[1mConfiguring velocity_smoother[0m[0m
[velocity_smoother-15] [INFO] [1789572263.682278555] [velocity_smoother]: Configuring velocity smoother
[lifecycle_manager-18] [INFO] [1789572263.695485122] [lifecycle_manager_navigation]: [34m[1mConfiguring collision_monitor[0m[0m
[collision_monitor-16] [INFO] [1789572263.696186956] [collision_monitor]: Configuring
[collision_monitor-16] [INFO] [1789572263.714380812] [collision_monitor]: [scan]: Creating Scan
[collision_monitor-16] [INFO] [1789572263.720908376] [collision_monitor]: [FootprintApproach]: Creating Polygon
[collision_monitor-16] [INFO] [1789572263.721596905] [collision_monitor]: [FootprintApproach]: Polygon points are not defined. Using dynamic subscription instead.
[parameter_bridge-4] [INFO] [1789572263.723492568] [ros_gz_bridge]: Creating ROS->GZ Bridge: [cmd_vel (geometry_msgs/msg/Twist) -> cmd_vel (gz.msgs.Twist)] (Lazy 0)
[collision_monitor-16] [INFO] [1789572263.724857742] [collision_monitor]: [FootprintApproach]: Making footprint subscriber on /local_costmap/published_footprint topic
[parameter_bridge-4] [INFO] [1789572263.732278596] [ros_gz_bridge]: Creating GZ->ROS Bridge: [odom (gz.msgs.Odometry) -> odom (nav_msgs/msg/Odometry)] (Lazy 0)
[parameter_bridge-4] [INFO] [1789572263.739722405] [ros_gz_bridge]: Creating GZ->ROS Bridge: [tf (gz.msgs.Pose_V) -> tf (tf2_msgs/msg/TFMessage)] (Lazy 0)
[parameter_bridge-4] [INFO] [1789572263.747025441] [ros_gz_bridge]: Creating GZ->ROS Bridge: [joint_states (gz.msgs.Model) -> joint_states (sensor_msgs/msg/JointState)] (Lazy 0)
[parameter_bridge-4] [INFO] [1789572263.755534798] [ros_gz_bridge]: Creating GZ->ROS Bridge: [scan (gz.msgs.LaserScan) -> scan (sensor_msgs/msg/LaserScan)] (Lazy 0)
[lifecycle_manager-18] [INFO] [1789572263.758066683] [lifecycle_manager_navigation]: [34m[1mConfiguring bt_navigator[0m[0m
[bt_navigator-13] [INFO] [1789572263.758642979] [bt_navigator]: Configuring
[parameter_bridge-4] [INFO] [1789572263.760486131] [ros_gz_bridge]: Creating GZ->ROS Bridge: [clock (gz.msgs.Clock) -> clock (rosgraph_msgs/msg/Clock)] (Lazy 0)
[parameter_bridge-4] [INFO] [1789572263.767819739] [ros_gz_bridge]: Creating GZ->ROS Bridge: [/model/robofetch/pose (gz.msgs.Pose) -> /model/robofetch/pose (geometry_msgs/msg/Pose)] (Lazy 0)
[bt_navigator-13] [INFO] [1789572263.780137384] [bt_navigator]: Creating navigator id navigate_to_pose of type nav2_bt_navigator::NavigateToPoseNavigator
[bt_navigator-13] [INFO] [1789572263.957915513] [bt_navigator]: Creating navigator id navigate_through_poses of type nav2_bt_navigator::NavigateThroughPosesNavigator
[lifecycle_manager-18] [INFO] [1789572264.041293606] [lifecycle_manager_navigation]: [34m[1mConfiguring waypoint_follower[0m[0m
[waypoint_follower-14] [INFO] [1789572264.041765389] [waypoint_follower]: Configuring
[waypoint_follower-14] [INFO] [1789572264.091969176] [waypoint_follower]: Created waypoint_task_executor : wait_at_waypoint of type nav2_waypoint_follower::WaitAtWaypoint
[lifecycle_manager-18] [INFO] [1789572264.093249033] [lifecycle_manager_navigation]: [34m[1mConfiguring docking_server[0m[0m
[opennav_docking-17] [INFO] [1789572264.093636413] [docking_server]: Configuring docking_server
[opennav_docking-17] [INFO] [1789572264.093672165] [docking_server]: Controller frequency set to 50.0000Hz
[opennav_docking-17] [INFO] [1789572264.147684341] [docking_server]: Created charging dock plugin simple_charging_dock of type opennav_docking::SimpleChargingDock
[opennav_docking-17] [WARN] [1789572264.161144117] [docking_server]: Dock database filepath nor dock parameters set. Docking actions can only be executed specifying the dock pose via the action request. Or update the dock database via the reload_database service.
[opennav_docking-17] [INFO] [1789572264.161210035] [docking_server]: Docking Server has 1 dock types and 0 dock instances available.
[lifecycle_manager-18] [INFO] [1789572264.164965406] [lifecycle_manager_navigation]: [34m[1mActivating controller_server[0m[0m
[controller_server-8] [INFO] [1789572264.165280165] [controller_server]: Activating
[controller_server-8] [INFO] [1789572264.165313784] [local_costmap.local_costmap]: Activating
[controller_server-8] [INFO] [1789572264.165322315] [local_costmap.local_costmap]: Checking transform
[controller_server-8] [INFO] [1789572264.165364771] [local_costmap.local_costmap]: Timed out waiting for transform from base_footprint to odom to become available, tf error: Invalid frame ID "odom" passed to canTransform argument target_frame - frame does not exist
[controller_server-8] [INFO] [1789572264.665505657] [local_costmap.local_costmap]: Timed out waiting for transform from base_footprint to odom to become available, tf error: Invalid frame ID "odom" passed to canTransform argument target_frame - frame does not exist
[gazebo-1] [1;32m[Msg] [0m[1;32mMaterial[0m[1;32m service on [[0m[1;32m/world/factory_maze/wheel_slip/blocking[0m[1;32m] (blocking)[0m[1;32m[0m
[gazebo-1] [1;36m[Dbg] [SystemManager.cc:80] [0m[1;36mLoaded system [[0m[1;36mgz::sim::systems::UserCommands[0m[1;36m] for entity [[0m[1;36m1[0m[1;36m][0m[1;36m[0m
[gazebo-1] [1;36m[Dbg] [SystemManager.cc:80] [0m[1;36mLoaded system [[0m[1;36mgz::sim::systems::Contact[0m[1;36m] for entity [[0m[1;36m1[0m[1;36m][0m[1;36m[0m
[gazebo-1] [1;36m[Dbg] [Sensors.cc:697] [0m[1;36mConfiguring Sensors system[0m[1;36m[0m
[gazebo-1] [1;36m[Dbg] [Sensors.cc:557] [0m[1;36mSensorsPrivate::Run[0m[1;36m[0m
[gazebo-1] [1;36m[Dbg] [SystemManager.cc:80] [0m[1;36mLoaded system [[0m[1;36mgz::sim::systems::Sensors[0m[1;36m] for entity [[0m[1;36m1[0m[1;36m][0m[1;36m[0m
[gazebo-1] [1;36m[Dbg] [Sensors.cc:532] [0m[1;36mSensorsPrivate::RenderThread started[0m[1;36m[0m
[gazebo-1] [1;36m[Dbg] [Sensors.cc:337] [0m[1;36mWaiting for init[0m[1;36m[0m
[gazebo-1] [1;32m[Msg] [0m[1;32mLoaded level [[0m[1;32mdefault[0m[1;32m][0m[1;32m[0m
[gazebo-1] [1;32m[Msg] [0m[1;32mServing world controls on [[0m[1;32m/world/factory_maze[0m[1;32m/control], [[0m[1;32m/world/factory_maze[0m[1;32m/control/state] and [[0m[1;32m/world/factory_maze[0m[1;32m/playback/control][0m[1;32m[0m
[gazebo-1] [1;32m[Msg] [0m[1;32mServing GUI information on [[0m[1;32m/world/factory_maze[0m[1;32m/[0m[1;32mgui/info[0m[1;32m][0m[1;32m[0m
[gazebo-1] [1;32m[Msg] [0m[1;32mWorld [[0m[1;32mfactory_maze[0m[1;32m] initialized with [[0m[1;32mstep[0m[1;32m] physics profile.[0m[1;32m[0m
[gazebo-1] [1;32m[Msg] [0m[1;32mServing world SDF generation service on [[0m[1;32m/world/factory_maze[0m[1;32m/[0m[1;32mgenerate_world_sdf[0m[1;32m][0m[1;32m[0m
[gazebo-1] [1;32m[Msg] [0m[1;32mServing world names on [[0m[1;32m/gazebo/worlds[0m[1;32m][0m[1;32m[0m
[gazebo-1] [1;32m[Msg] [0m[1;32mResource path add service on [[0m[1;32m/gazebo/resource_paths/add[0m[1;32m].[0m[1;32m[0m
[gazebo-1] [1;32m[Msg] [0m[1;32mResource path get service on [[0m[1;32m/gazebo/resource_paths/get[0m[1;32m].[0m[1;32m[0m
[gazebo-1] [1;32m[Msg] [0m[1;32mResource path resolve service on [[0m[1;32m/gazebo/resource_paths/resolve[0m[1;32m].[0m[1;32m[0m
[gazebo-1] [1;32m[Msg] [0m[1;32mResource paths published on [[0m[1;32m/gazebo/resource_paths[0m[1;32m].[0m[1;32m[0m
[gazebo-1] [1;32m[Msg] [0m[1;32mServer control service on [[0m[1;32m/server_control[0m[1;32m].[0m[1;32m[0m
[gazebo-1] [1;32m[Msg] [0m[1;32mFound no publishers on /stats, adding root stats topic[0m[1;32m[0m
[gazebo-1] [1;32m[Msg] [0m[1;32mFound no publishers on /clock, adding root clock topic[0m[1;32m[0m
[gazebo-1] [1;36m[Dbg] [SimulationRunner.cc:551] [0m[1;36mCreating PostUpdate worker threads: [0m[1;36m4[0m[1;36m[0m
[gazebo-1] [1;36m[Dbg] [SimulationRunner.cc:562] [0m[1;36mCreating postupdate worker thread ([0m[1;36m0[0m[1;36m)[0m[1;36m[0m
[gazebo-1] [1;36m[Dbg] [SimulationRunner.cc:562] [0m[1;36mCreating postupdate worker thread ([0m[1;36m1[0m[1;36m)[0m[1;36m[0m
[gazebo-1] [1;36m[Dbg] [SimulationRunner.cc:562] [0m[1;36mCreating postupdate worker thread ([0m[1;36m2[0m[1;36m)[0m[1;36m[0m
[gazebo-1] [1;33mWarning [Utils.cc:132][0m [/sdf/model[@name="robofetch"]/link[@name="base_footprint"]/sensor[@name="lidar"]/gz_frame_id:<urdf-string>:L0]: XML Element[gz_frame_id], child of element[sensor], not defined in SDF. Copying[gz_frame_id] as children of [sensor].
[controller_server-8] [INFO] [1789572265.165469408] [local_costmap.local_costmap]: Timed out waiting for transform from base_footprint to odom to become available, tf error: Invalid frame ID "odom" passed to canTransform argument target_frame - frame does not exist
[INFO] [python-19]: process started with pid [295100]
[gazebo-1] [1;32m[Msg] [0m[1;32mDiffDrive subscribing to twist messages on [[0m[1;32mcmd_vel[0m[1;32m][0m[1;32m[0m
[gazebo-1] [1;36m[Dbg] [SystemManager.cc:80] [0m[1;36mLoaded system [[0m[1;36mgz::sim::systems::DiffDrive[0m[1;36m] for entity [[0m[1;36m129[0m[1;36m][0m[1;36m[0m
[gazebo-1] [1;36m[Dbg] [SystemManager.cc:80] [0m[1;36mLoaded system [[0m[1;36mgz::sim::systems::JointStatePublisher[0m[1;36m] for entity [[0m[1;36m129[0m[1;36m][0m[1;36m[0m
[gazebo-1] [1;36m[Dbg] [SystemManager.cc:80] [0m[1;36mLoaded system [[0m[1;36mgz::sim::systems::PosePublisher[0m[1;36m] for entity [[0m[1;36m129[0m[1;36m][0m[1;36m[0m
[gazebo-1] [1;36m[Dbg] [UserCommands.cc:1094] [0m[1;36mCreated entity [[0m[1;36m129[0m[1;36m] named [[0m[1;36mrobofetch[0m[1;36m][0m[1;36m[0m
[gazebo-1] [1;36m[Dbg] [SimulationFeatures.cc:90] [0m[1;36mSimulation timestep set to: [0m[1;36m0.004[0m[1;36m[0m
[gazebo-1] [1;36m[Dbg] [Sensors.cc:953] [0m[1;36mInitialization needed[0m[1;36m[0m
[gazebo-1] [1;36m[Dbg] [Sensors.cc:349] [0m[1;36mInitializing render context[0m[1;36m[0m
[gazebo-1] [1;32m[Msg] [0m[1;32mLoading plugin [[0m[1;32mgz-rendering-ogre2[0m[1;32m][0m[1;32m[0m
[gazebo-1] [1;32m[Msg] [0m[1;32mServing scene information on [[0m[1;32m/world/factory_maze[0m[1;32m/[0m[1;32mscene/info[0m[1;32m][0m[1;32m[0m
[gazebo-1] [1;32m[Msg] [0m[1;32mServing graph information on [[0m[1;32m/world/factory_maze[0m[1;32m/[0m[1;32mscene/graph[0m[1;32m][0m[1;32m[0m
[gazebo-1] [1;32m[Msg] [0m[1;32mServing full state on [[0m[1;32m/world/factory_maze[0m[1;32m/[0m[1;32mstate[0m[1;32m][0m[1;32m[0m
[gazebo-1] [1;32m[Msg] [0m[1;32mServing full state (async) on [[0m[1;32m/world/factory_maze[0m[1;32m/[0m[1;32mstate_async[0m[1;32m][0m[1;32m[0m
[gazebo-1] [1;32m[Msg] [0m[1;32mPublishing scene information on [[0m[1;32m/world/factory_maze/scene/info[0m[1;32m][0m[1;32m[0m
[gazebo-1] [1;32m[Msg] [0m[1;32mPublishing entity deletions on [[0m[1;32m/world/factory_maze/scene/deletion[0m[1;32m][0m[1;32m[0m
[gazebo-1] [1;32m[Msg] [0m[1;32mPublishing state changes on [[0m[1;32m/world/factory_maze/state[0m[1;32m][0m[1;32m[0m
[gazebo-1] [1;32m[Msg] [0m[1;32mPublishing pose messages on [[0m[1;32m/world/factory_maze[0m[1;32m/[0m[1;32mpose/info[0m[1;32m][0m[1;32m[0m
[gazebo-1] [1;32m[Msg] [0m[1;32mPublishing dynamic pose messages on [[0m[1;32m/world/factory_maze[0m[1;32m/[0m[1;32mdynamic_pose/info[0m[1;32m][0m[1;32m[0m
[gazebo-1] [1;36m[Dbg] [SimulationRunner.cc:578] [0m[1;36mExiting postupdate worker thread ([0m[1;36m2[0m[1;36m)[0m[1;36m[0m
[gazebo-1] [1;36m[Dbg] [SimulationRunner.cc:578] [0m[1;36mExiting postupdate worker thread ([0m[1;36m1[Dbg] [SimulationRunner.cc:578] [0m[1;36mExiting postupdate worker thread ([0m[1;36m1[Dbg] [SimulationRunner.cc:578] [0m[1;36m)[0m[1;36m[0m
[gazebo-1] [1;36m)[0m[1;36m[0m
[gazebo-1] [1;36m[Dbg] [SimulationRunner.cc:551] [0m[1;36mCreating PostUpdate worker threads: [0m[1;36m7[0m[1;36m[0m
[gazebo-1] [1;36m[Dbg] [SimulationRunner.cc:562] [0m[1;36mCreating postupdate worker thread ([0m[1;36m0[0m[1;36m)[0m[1;36m[0m
[gazebo-1] [1;36m[Dbg] [SimulationRunner.cc:562] [0m[1;36mCreating postupdate worker thread ([0m[1;36m1[0m[1;36m)[0m[1;36m[0m
[gazebo-1] [1;36m[Dbg] [SimulationRunner.cc:562] [0m[1;36mCreating postupdate worker thread ([0m[1;36m2[0m[1;36m)[0m[1;36m[0m
[gazebo-1] [1;36m[Dbg] [SimulationRunner.cc:562] [0m[1;36mCreating postupdate worker thread ([0m[1;36m3[0m[1;36m)[0m[1;36m[0m
[gazebo-1] [1;36m[Dbg] [SimulationRunner.cc:562] [0m[1;36mCreating postupdate worker thread ([0m[1;36m4[0m[1;36m)[0m[1;36m[0m
[gazebo-1] [1;36m[Dbg] [SimulationRunner.cc:562] [0m[1;36mCreating postupdate worker thread ([0m[1;36m5[0m[1;36m)[0m[1;36m[0m
[gazebo-1] [1;36m[Dbg] [RenderUtil.cc:2646] [0m[1;36mCreate scene [[0m[1;36mscene[0m[1;36m][0m[1;36m[0m
[gazebo-1] [1;36m[Dbg] [Sensors.cc:953] [0m[1;36mInitialization needed[0m[1;36m[0m
[gazebo-1] [1;36m
[gazebo-1] [Dbg] [Sensors.cc:391] [0m[1;36mRendering Thread initialized[0m[1;36m[0m
[gazebo-1] [1;36m[Dbg] [Lidar.cc:139] [0m[1;36mLaser scans for [[0m[1;36mrobofetch::base_footprint::lidar[0m[1;36m] advertised on [[0m[1;36mscan[0m[1;36m][0m[1;36m[0m
[amcl-6] [INFO] [1789572265.664124114] [amcl]: createLaserObject
[controller_server-8] [INFO] [1789572265.665564694] [local_costmap.local_costmap]: start
[controller_server-8] [WARN] [1789572265.867658045] [controller_server]: Parameter controller_server.verbose not found
[controller_server-8] [INFO] [1789572265.868052759] [controller_server]: Optimizer reset
[controller_server-8] [INFO] [1789572265.868382437] [MPPIController]: Activated MPPI Controller: FollowPath
[controller_server-8] [INFO] [1789572265.868413654] [controller_server]: Creating bond (controller_server) to lifecycle manager.
[python-19] INFO:     Started server process [295100]
[python-19] INFO:     Waiting for application startup.
[python-19] INFO:     Application startup complete.
[python-19] INFO:     Uvicorn running on http://0.0.0.0:8001 (Press CTRL+C to quit)
[lifecycle_manager-18] [INFO] [1789572265.980656143] [lifecycle_manager_navigation]: Server controller_server connected with bond.
[lifecycle_manager-18] [INFO] [1789572265.980734085] [lifecycle_manager_navigation]: [34m[1mActivating smoother_server[0m[0m
[smoother_server-9] [INFO] [1789572265.981436166] [smoother_server]: Activating
[smoother_server-9] [INFO] [1789572265.981481090] [smoother_server]: Creating bond (smoother_server) to lifecycle manager.
[lifecycle_manager-18] [INFO] [1789572266.093039608] [lifecycle_manager_navigation]: Server smoother_server connected with bond.
[lifecycle_manager-18] [INFO] [1789572266.093109646] [lifecycle_manager_navigation]: [34m[1mActivating planner_server[0m[0m
[planner_server-10] [INFO] [1789572266.093575999] [planner_server]: Activating
[planner_server-10] [INFO] [1789572266.093618822] [global_costmap.global_costmap]: Activating
[planner_server-10] [INFO] [1789572266.093631629] [global_costmap.global_costmap]: Checking transform
[planner_server-10] [INFO] [1789572266.093713473] [global_costmap.global_costmap]: Timed out waiting for transform from base_footprint to map to become available, tf error: Lookup would require extrapolation into the past.  Requested time 0.540000 but the earliest data is at time 1.100000, when looking up transform from frame [base_footprint] to frame [map]
[planner_server-10] [INFO] [1789572266.593765594] [global_costmap.global_costmap]: Timed out waiting for transform from base_footprint to map to become available, tf error: Lookup would require extrapolation into the past.  Requested time 1.044000 but the earliest data is at time 1.100000, when looking up transform from frame [base_footprint] to frame [map]
[planner_server-10] [INFO] [1789572267.093846130] [global_costmap.global_costmap]: start
[INFO] [factory_node-20]: process started with pid [295103]
[INFO] [robot_state_node-21]: process started with pid [295104]
[factory_node-20] [INFO] [1789572267.923690662] [factory]: section A [balanced, seed 1]: 20 units/h, buffer 8, 0.5 kg/unit, time_scale 1
[factory_node-20] [INFO] [1789572267.924639075] [factory]: section B [balanced, seed 1]: 30 units/h, buffer 10, 0.4 kg/unit, time_scale 1
[factory_node-20] [INFO] [1789572267.925795802] [factory]: section C [balanced, seed 1]: 5 units/h, buffer 3, 1.5 kg/unit, time_scale 1
[factory_node-20] [INFO] [1789572267.926750819] [factory]: logging to /home/robojazzy/robofetch_ws_copy/robofetch_ws/logs/run_20260916_172422_section_*.csv
[robot_state_node-21] [INFO] [1789572268.065235721] [robot_state_node]: Robot state monitor up. Run run_20260916_172422, logging to /home/robojazzy/robofetch_ws_copy/robofetch_ws/logs/run_20260916_172422_robot.csv
[planner_server-10] [INFO] [1789572268.146248596] [planner_server]: Activating plugin GridBased of type NavfnPlanner
[planner_server-10] [INFO] [1789572268.148833096] [planner_server]: Creating bond (planner_server) to lifecycle manager.
[lifecycle_manager-18] [INFO] [1789572268.261718833] [lifecycle_manager_navigation]: Server planner_server connected with bond.
[lifecycle_manager-18] [INFO] [1789572268.261790372] [lifecycle_manager_navigation]: [34m[1mActivating route_server[0m[0m
[route_server-11] [INFO] [1789572268.262177781] [route_server]: Activating
[route_server-11] [INFO] [1789572268.262567593] [route_server]: Creating bond (route_server) to lifecycle manager.
[lifecycle_manager-18] [INFO] [1789572268.374980874] [lifecycle_manager_navigation]: Server route_server connected with bond.
[lifecycle_manager-18] [INFO] [1789572268.375036804] [lifecycle_manager_navigation]: [34m[1mActivating behavior_server[0m[0m
[behavior_server-12] [INFO] [1789572268.375517064] [behavior_server]: Activating
[behavior_server-12] [INFO] [1789572268.375538576] [behavior_server]: Activating spin
[behavior_server-12] [INFO] [1789572268.375588003] [behavior_server]: Activating backup
[behavior_server-12] [INFO] [1789572268.375604211] [behavior_server]: Activating drive_on_heading
[behavior_server-12] [INFO] [1789572268.375631626] [behavior_server]: Activating assisted_teleop
[behavior_server-12] [INFO] [1789572268.375646835] [behavior_server]: Activating wait
[behavior_server-12] [INFO] [1789572268.375658841] [behavior_server]: Creating bond (behavior_server) to lifecycle manager.
[lifecycle_manager-18] [INFO] [1789572268.487737641] [lifecycle_manager_navigation]: Server behavior_server connected with bond.
[lifecycle_manager-18] [INFO] [1789572268.487810981] [lifecycle_manager_navigation]: [34m[1mActivating velocity_smoother[0m[0m
[velocity_smoother-15] [INFO] [1789572268.488237212] [velocity_smoother]: Activating
[velocity_smoother-15] [INFO] [1789572268.488349072] [velocity_smoother]: Creating bond (velocity_smoother) to lifecycle manager.
[lifecycle_manager-18] [INFO] [1789572268.602621661] [lifecycle_manager_navigation]: Server velocity_smoother connected with bond.
[lifecycle_manager-18] [INFO] [1789572268.602673489] [lifecycle_manager_navigation]: [34m[1mActivating collision_monitor[0m[0m
[collision_monitor-16] [INFO] [1789572268.603152949] [collision_monitor]: Activating
[collision_monitor-16] [INFO] [1789572268.603196472] [collision_monitor]: Creating bond (collision_monitor) to lifecycle manager.
[lifecycle_manager-18] [INFO] [1789572268.714455428] [lifecycle_manager_navigation]: Server collision_monitor connected with bond.
[lifecycle_manager-18] [INFO] [1789572268.714524466] [lifecycle_manager_navigation]: [34m[1mActivating bt_navigator[0m[0m
[bt_navigator-13] [INFO] [1789572268.715225645] [bt_navigator]: Activating
[bt_navigator-13] [INFO] [1789572268.879883722] [bt_navigator]: Creating bond (bt_navigator) to lifecycle manager.
[lifecycle_manager-18] [INFO] [1789572268.995729562] [lifecycle_manager_navigation]: Server bt_navigator connected with bond.
[lifecycle_manager-18] [INFO] [1789572268.995797799] [lifecycle_manager_navigation]: [34m[1mActivating waypoint_follower[0m[0m
[waypoint_follower-14] [INFO] [1789572268.996372610] [waypoint_follower]: Activating
[waypoint_follower-14] [INFO] [1789572268.996418635] [waypoint_follower]: Creating bond (waypoint_follower) to lifecycle manager.
[lifecycle_manager-18] [INFO] [1789572269.444547335] [lifecycle_manager_navigation]: Server waypoint_follower connected with bond.
[lifecycle_manager-18] [INFO] [1789572269.444590158] [lifecycle_manager_navigation]: [34m[1mActivating docking_server[0m[0m
[opennav_docking-17] [INFO] [1789572269.445165870] [docking_server]: Activating docking_server
[opennav_docking-17] [INFO] [1789572269.466709938] [docking_server]: Creating bond (docking_server) to lifecycle manager.
[lifecycle_manager-18] [INFO] [1789572269.586871516] [lifecycle_manager_navigation]: Server docking_server connected with bond.
[lifecycle_manager-18] [INFO] [1789572269.586916340] [lifecycle_manager_navigation]: [34m[1mManaged nodes are active[0m[0m
[lifecycle_manager-18] [INFO] [1789572269.586930248] [lifecycle_manager_navigation]: [34m[1mCreating bond timer...[0m[0m
[INFO] [mission_executor-22]: process started with pid [295134]
[mission_executor-22] [INFO] [1789572271.516169473] [mission_executor]: mission run_20260916_172422: 0 scripted actions, scenario balanced, logging /home/robojazzy/robofetch_ws_copy/robofetch_ws/logs/run_20260916_172422_mission.csv
[mission_executor-22] [INFO] [1789572271.518144669] [mission_executor]: waiting for Nav2, telemetry and the sections ...
[mission_executor-22] [INFO] [1789572274.523793530] [mission_executor]: waiting for /factory/A/pickup ...
[amcl-6] [INFO] [1789572275.275652109] [amcl]: initialPoseReceived
[amcl-6] [WARN] [1789572275.275776760] [amcl]: Failed to transform initial pose in time (Lookup would require extrapolation into the future.  Requested time 9.720000 but the latest data is at time 9.684000, when looking up transform from frame [base_footprint] to frame [odom])
[amcl-6] [INFO] [1789572275.275814933] [amcl]: Setting pose (9.720000): -5.225 -2.975 0.000
[mission_executor-22] [INFO] [1789572278.313838563] [mission_executor]: localised; starting mission
[mission_executor-22] [INFO] [1789572278.314577872] [mission_executor]: autonomous mode: asking 'ns' at http://localhost:8001/decide before every action; shift 420 s
[python-19] INFO:     127.0.0.1:44276 - "POST /decide HTTP/1.1" 200 OK
[mission_executor-22] [INFO] [1789572280.321213765] [mission_executor]: decision: PICKUP:B - [routine] B has 2 units waiting; neural score +6.12, chosen over PICKUP:A by +0.31
[mission_executor-22] [INFO] [1789572280.321910296] [mission_executor]: [1] PICKUP:B from charger: predicted 15.2 m, 69 s, 0.19 Wh
[bt_navigator-13] [INFO] [1789572280.323593902] [bt_navigator]: Begin navigating from current location (-5.24, -2.98) to (6.03, 3.08)
[controller_server-8] [INFO] [1789572280.345173758] [controller_server]: Received a goal, begin computing control effort.
[controller_server-8] [WARN] [1789572280.345252663] [controller_server]: No goal checker was specified in parameter 'current_goal_checker'. Server will use only plugin loaded general_goal_checker . This warning will appear once.
[controller_server-8] [WARN] [1789572280.345269856] [controller_server]: No progress checker was specified in parameter 'current_progress_checker'. Server will use only plugin loaded progress_checker . This warning will appear once.
[parameter_bridge-4] [INFO] [1789572280.389502815] [ros_gz_bridge]: Passing message from ROS geometry_msgs/msg/Twist to Gazebo gz.msgs.Twist (showing msg only once per type)
[controller_server-8] [INFO] [1789572281.445636213] [controller_server]: Passing new path to controller.
[controller_server-8] [INFO] [1789572282.445637970] [controller_server]: Passing new path to controller.
[controller_server-8] [INFO] [1789572283.445653830] [controller_server]: Passing new path to controller.
[controller_server-8] [INFO] [1789572284.545722866] [controller_server]: Passing new path to controller.
[controller_server-8] [INFO] [1789572285.545656606] [controller_server]: Passing new path to controller.
[controller_server-8] [INFO] [1789572286.545677515] [controller_server]: Passing new path to controller.
[controller_server-8] [INFO] [1789572287.545670810] [controller_server]: Passing new path to controller.
[controller_server-8] [INFO] [1789572288.646471192] [controller_server]: Passing new path to controller.
[controller_server-8] [INFO] [1789572289.645755676] [controller_server]: Passing new path to controller.
[controller_server-8] [INFO] [1789572290.645646778] [controller_server]: Passing new path to controller.
[controller_server-8] [INFO] [1789572291.645648074] [controller_server]: Passing new path to controller.
[bt_navigator-13] [WARN] [1789572292.659543074] [bt_navigator_navigate_to_pose_rclcpp_node]: Timed out while waiting for action server to acknowledge goal request for compute_path_to_pose
[bt_navigator-13] [ERROR] [1789572292.687969283] [bt_navigator_navigate_to_pose_rclcpp_node]: Failed to get result for follow_path in node halt!
[bt_navigator-13] [WARN] [1789572292.699318705] [bt_navigator]: [navigate_to_pose] [ActionServer] Aborting handle.
[bt_navigator-13] [ERROR] [1789572292.700314050] [bt_navigator]: Goal failed
[mission_executor-22] [WARN] [1789572292.723161674] [mission_executor]: drive to B failed (Nav2 aborted), attempt 1
[controller_server-8] [INFO] [1789572292.749379328] [controller_server]: Cancellation was successful. Stopping the robot.
[controller_server-8] [INFO] [1789572292.752219541] [controller_server]: [follow_path] [ActionServer] Client requested to cancel the goal. Cancelling.
[controller_server-8] [INFO] [1789572292.761340304] [controller_server]: Optimizer reset
[planner_server-10] [INFO] [1789572292.819945240] [global_costmap.global_costmap]: Received request to clear entirely the global_costmap
[controller_server-8] [INFO] [1789572292.850487144] [local_costmap.local_costmap]: Received request to clear entirely the local_costmap
[bt_navigator-13] [INFO] [1789572292.859387388] [bt_navigator]: Begin navigating from current location (0.51, -3.38) to (6.03, 3.08)
[planner_server-10] [WARN] [1789572293.132201177] [planner_server]: Planner loop missed its desired rate of 20.0000 Hz. Current loop rate is 5.6818 Hz
[controller_server-8] [INFO] [1789572293.151058647] [controller_server]: Received a goal, begin computing control effort.
[controller_server-8] [INFO] [1789572294.251295071] [controller_server]: Passing new path to controller.
[controller_server-8] [INFO] [1789572295.251296367] [controller_server]: Passing new path to controller.
[controller_server-8] [INFO] [1789572296.325906822] [controller_server]: Passing new path to controller.
[controller_server-8] [INFO] [1789572297.325891281] [controller_server]: Passing new path to controller.
[controller_server-8] [INFO] [1789572298.325910583] [controller_server]: Passing new path to controller.
[controller_server-8] [INFO] [1789572299.325886613] [controller_server]: Passing new path to controller.
[controller_server-8] [INFO] [1789572300.425918768] [controller_server]: Passing new path to controller.
[controller_server-8] [INFO] [1789572301.425898676] [controller_server]: Passing new path to controller.
[controller_server-8] [INFO] [1789572302.425879298] [controller_server]: Passing new path to controller.
[controller_server-8] [INFO] [1789572303.425971453] [controller_server]: Passing new path to controller.
[controller_server-8] [INFO] [1789572304.525891871] [controller_server]: Passing new path to controller.
[controller_server-8] [INFO] [1789572305.525890146] [controller_server]: Passing new path to controller.
[controller_server-8] [INFO] [1789572306.525867704] [controller_server]: Passing new path to controller.
[controller_server-8] [INFO] [1789572307.525887646] [controller_server]: Passing new path to controller.
[controller_server-8] [INFO] [1789572308.525876874] [controller_server]: Passing new path to controller.
[controller_server-8] [INFO] [1789572309.625963627] [controller_server]: Passing new path to controller.
[controller_server-8] [INFO] [1789572310.625900713] [controller_server]: Passing new path to controller.
[controller_server-8] [INFO] [1789572311.628749838] [controller_server]: Passing new path to controller.
[controller_server-8] [INFO] [1789572312.128552666] [controller_server]: Reached the goal!
[controller_server-8] [INFO] [1789572312.128849197] [controller_server]: Optimizer reset
[bt_navigator-13] [INFO] [1789572312.155398578] [bt_navigator]: Goal succeeded
[mission_executor-22] [INFO] [1789572312.672315177] [mission_executor]: reached B after recovery: ['attempt 1: Nav2 aborted', 'recovery: clear costmaps']
[factory_node-20] [INFO] [1789572342.376805047] [factory]: pickup B: took 2 units (0.80 kg), 0 left
[mission_executor-22] [INFO] [1789572343.582626317] [mission_executor]: [1] PICKUP:B done: took 2 units (0.80 kg), 0 left | measured 15.0 m, 64 s, 0.18 Wh, battery 99.9 -> 99.1 %
[python-19] INFO:     127.0.0.1:56172 - "POST /decide HTTP/1.1" 200 OK
[mission_executor-22] [INFO] [1789572343.593985944] [mission_executor]: decision: DELIVER - [routine] carrying 2 units; neural score +6.33, chosen over PICKUP:A by +1.77
[mission_executor-22] [INFO] [1789572343.595152486] [mission_executor]: [2] DELIVER from B: predicted 10.3 m, 56 s, 0.15 Wh
[bt_navigator-13] [INFO] [1789572343.597220693] [bt_navigator]: Begin navigating from current location (5.91, 2.92) to (-0.23, -3.98)
[controller_server-8] [INFO] [1789572343.603593667] [controller_server]: Received a goal, begin computing control effort.
[controller_server-8] [INFO] [1789572344.703952522] [controller_server]: Passing new path to controller.
[controller_server-8] [INFO] [1789572345.704394247] [controller_server]: Passing new path to controller.
[controller_server-8] [INFO] [1789572346.703962533] [controller_server]: Passing new path to controller.
[controller_server-8] [INFO] [1789572347.803953635] [controller_server]: Passing new path to controller.
[controller_server-8] [INFO] [1789572348.803945417] [controller_server]: Passing new path to controller.
[controller_server-8] [INFO] [1789572349.804103714] [controller_server]: Passing new path to controller.
[ERROR] [python-19]: process has died [pid 295100, exit code -9, cmd '/home/robojazzy/robofetch_ws_copy/robofetch_ws/venv/bin/python -m uvicorn robofetch_ai.service:app --host 0.0.0.0 --port 8001'].
[controller_server-8] [INFO] [1789572350.903917791] [controller_server]: Passing new path to controller.
[controller_server-8] [INFO] [1789572351.903958037] [controller_server]: Passing new path to controller.
[controller_server-8] [INFO] [1789572352.903988080] [controller_server]: Passing new path to controller.
[controller_server-8] [INFO] [1789572353.903912878] [controller_server]: Passing new path to controller.
[controller_server-8] [INFO] [1789572355.003946437] [controller_server]: Passing new path to controller.
[controller_server-8] [INFO] [1789572356.003913807] [controller_server]: Passing new path to controller.
[controller_server-8] [INFO] [1789572357.003989738] [controller_server]: Passing new path to controller.
[controller_server-8] [INFO] [1789572358.003929152] [controller_server]: Passing new path to controller.
[controller_server-8] [INFO] [1789572359.059177342] [controller_server]: Passing new path to controller.
[controller_server-8] [INFO] [1789572360.059210828] [controller_server]: Passing new path to controller.
[controller_server-8] [INFO] [1789572361.059251966] [controller_server]: Passing new path to controller.
[controller_server-8] [INFO] [1789572362.159159180] [controller_server]: Passing new path to controller.
[controller_server-8] [INFO] [1789572363.159125971] [controller_server]: Passing new path to controller.
[controller_server-8] [INFO] [1789572364.159178264] [controller_server]: Passing new path to controller.
[controller_server-8] [INFO] [1789572365.259172486] [controller_server]: Passing new path to controller.
[controller_server-8] [INFO] [1789572366.259174784] [controller_server]: Passing new path to controller.
[controller_server-8] [INFO] [1789572367.259104641] [controller_server]: Passing new path to controller.
[controller_server-8] [INFO] [1789572368.259174585] [controller_server]: Passing new path to controller.
[controller_server-8] [INFO] [1789572369.359159727] [controller_server]: Passing new path to controller.
[controller_server-8] [INFO] [1789572370.061237232] [controller_server]: Reached the goal!
[controller_server-8] [INFO] [1789572370.061513016] [controller_server]: Optimizer reset
[bt_navigator-13] [INFO] [1789572370.083362220] [bt_navigator]: Goal succeeded
[mission_executor-22] [INFO] [1789572401.271792122] [mission_executor]: [2] DELIVER done: delivered 2 units | measured 10.3 m, 58 s, 0.16 Wh, battery 99.1 -> 98.4 %
[mission_executor-22] [WARN] [1789572401.272948616] [mission_executor]: decision service unavailable (<urlopen error [Errno 111] Connection refused>); using the fallback rules
[mission_executor-22] [INFO] [1789572401.273624862] [mission_executor]: decision: PICKUP:B - fallback: section B fills in 1046 s
[mission_executor-22] [INFO] [1789572401.276216390] [mission_executor]: [3] PICKUP:B from delivery: predicted 10.3 m, 56 s, 0.15 Wh
[bt_navigator-13] [INFO] [1789572401.277904046] [bt_navigator]: Begin navigating from current location (-0.16, -3.86) to (6.03, 3.08)
[controller_server-8] [INFO] [1789572401.299612069] [controller_server]: Received a goal, begin computing control effort.
[controller_server-8] [INFO] [1789572402.399967801] [controller_server]: Passing new path to controller.
[controller_server-8] [INFO] [1789572403.399908070] [controller_server]: Passing new path to controller.
[controller_server-8] [INFO] [1789572404.399925370] [controller_server]: Passing new path to controller.
[controller_server-8] [INFO] [1789572405.499931177] [controller_server]: Passing new path to controller.
[controller_server-8] [INFO] [1789572406.499926949] [controller_server]: Passing new path to controller.
[controller_server-8] [INFO] [1789572407.499936188] [controller_server]: Passing new path to controller.
[controller_server-8] [INFO] [1789572408.499900536] [controller_server]: Passing new path to controller.
[controller_server-8] [INFO] [1789572409.599934910] [controller_server]: Passing new path to controller.
[controller_server-8] [INFO] [1789572410.599930670] [controller_server]: Passing new path to controller.
[controller_server-8] [INFO] [1789572411.599932506] [controller_server]: Passing new path to controller.
[controller_server-8] [INFO] [1789572412.599933729] [controller_server]: Passing new path to controller.
[controller_server-8] [INFO] [1789572413.699925912] [controller_server]: Passing new path to controller.
[controller_server-8] [INFO] [1789572414.699936930] [controller_server]: Passing new path to controller.
[controller_server-8] [INFO] [1789572415.699922952] [controller_server]: Passing new path to controller.
[controller_server-8] [INFO] [1789572416.699918972] [controller_server]: Passing new path to controller.
[controller_server-8] [INFO] [1789572417.799929010] [controller_server]: Passing new path to controller.
[controller_server-8] [INFO] [1789572418.799920069] [controller_server]: Passing new path to controller.
[controller_server-8] [INFO] [1789572419.799931130] [controller_server]: Passing new path to controller.
[controller_server-8] [INFO] [1789572420.799918317] [controller_server]: Passing new path to controller.
[controller_server-8] [INFO] [1789572421.899924178] [controller_server]: Passing new path to controller.
[controller_server-8] [INFO] [1789572422.759779228] [controller_server]: Reached the goal!
[controller_server-8] [INFO] [1789572422.760040618] [controller_server]: Optimizer reset
[bt_navigator-13] [INFO] [1789572422.787209985] [bt_navigator]: Goal succeeded
[factory_node-20] [INFO] [1789572453.456741984] [factory]: pickup B: took 1 units (0.40 kg), 0 left
[mission_executor-22] [INFO] [1789572454.024084834] [mission_executor]: [3] PICKUP:B done: took 1 units (0.40 kg), 0 left | measured 10.0 m, 54 s, 0.14 Wh, battery 98.4 -> 97.7 %
[mission_executor-22] [WARN] [1789572454.025502349] [mission_executor]: decision service unavailable (<urlopen error [Errno 111] Connection refused>); using the fallback rules
[mission_executor-22] [INFO] [1789572454.027762477] [mission_executor]: decision: PICKUP:A - fallback: section A fills in 1076 s
[mission_executor-22] [INFO] [1789572454.029372408] [mission_executor]: [4] PICKUP:A from B: predicted 18.3 m, 77 s, 0.23 Wh
[bt_navigator-13] [INFO] [1789572454.032538709] [bt_navigator]: Begin navigating from current location (5.88, 2.96) to (-5.97, 3.08)
[controller_server-8] [INFO] [1789572454.054393374] [controller_server]: Received a goal, begin computing control effort.
[controller_server-8] [INFO] [1789572455.154700787] [controller_server]: Passing new path to controller.
[controller_server-8] [INFO] [1789572456.154664786] [controller_server]: Passing new path to controller.
[controller_server-8] [INFO] [1789572457.154755703] [controller_server]: Passing new path to controller.
[controller_server-8] [INFO] [1789572458.254707609] [controller_server]: Passing new path to controller.
[controller_server-8] [INFO] [1789572459.254645092] [controller_server]: Passing new path to controller.
[controller_server-8] [INFO] [1789572460.254656136] [controller_server]: Passing new path to controller.
[controller_server-8] [INFO] [1789572461.254681565] [controller_server]: Passing new path to controller.
[controller_server-8] [INFO] [1789572462.354737697] [controller_server]: Passing new path to controller.
[controller_server-8] [INFO] [1789572463.354755270] [controller_server]: Passing new path to controller.
[controller_server-8] [INFO] [1789572464.354670103] [controller_server]: Passing new path to controller.
[controller_server-8] [INFO] [1789572465.354645744] [controller_server]: Passing new path to controller.
[controller_server-8] [INFO] [1789572466.454670824] [controller_server]: Passing new path to controller.
[controller_server-8] [INFO] [1789572467.454688443] [controller_server]: Passing new path to controller.
[controller_server-8] [INFO] [1789572468.454653008] [controller_server]: Passing new path to controller.
[controller_server-8] [INFO] [1789572469.454620940] [controller_server]: Passing new path to controller.
[controller_server-8] [INFO] [1789572470.554657409] [controller_server]: Passing new path to controller.
[controller_server-8] [INFO] [1789572471.554877241] [controller_server]: Passing new path to controller.
[controller_server-8] [INFO] [1789572472.554646734] [controller_server]: Passing new path to controller.
[controller_server-8] [INFO] [1789572473.554703122] [controller_server]: Passing new path to controller.
[controller_server-8] [INFO] [1789572474.654654273] [controller_server]: Passing new path to controller.
[controller_server-8] [INFO] [1789572475.654742328] [controller_server]: Passing new path to controller.
[controller_server-8] [INFO] [1789572476.654678161] [controller_server]: Passing new path to controller.
[controller_server-8] [INFO] [1789572477.754732997] [controller_server]: Passing new path to controller.
[controller_server-8] [INFO] [1789572478.755194974] [controller_server]: Passing new path to controller.
[controller_server-8] [INFO] [1789572479.754660982] [controller_server]: Passing new path to controller.
[controller_server-8] [INFO] [1789572480.754687924] [controller_server]: Passing new path to controller.
[controller_server-8] [INFO] [1789572481.854708990] [controller_server]: Passing new path to controller.
[controller_server-8] [INFO] [1789572482.854702193] [controller_server]: Passing new path to controller.
[controller_server-8] [INFO] [1789572483.854656989] [controller_server]: Passing new path to controller.
[controller_server-8] [INFO] [1789572484.854623619] [controller_server]: Passing new path to controller.
[controller_server-8] [INFO] [1789572485.915059642] [controller_server]: Passing new path to controller.
[controller_server-8] [INFO] [1789572486.915061368] [controller_server]: Passing new path to controller.
[controller_server-8] [INFO] [1789572487.915018714] [controller_server]: Passing new path to controller.
[controller_server-8] [INFO] [1789572489.015021785] [controller_server]: Passing new path to controller.
[controller_server-8] [INFO] [1789572490.016587184] [controller_server]: Passing new path to controller.
[controller_server-8] [INFO] [1789572491.015023077] [controller_server]: Passing new path to controller.
[controller_server-8] [INFO] [1789572492.015028217] [controller_server]: Passing new path to controller.
[controller_server-8] [INFO] [1789572493.115751535] [controller_server]: Passing new path to controller.
[controller_server-8] [INFO] [1789572494.115142688] [controller_server]: Passing new path to controller.
[controller_server-8] [INFO] [1789572494.317687546] [controller_server]: Reached the goal!
[controller_server-8] [INFO] [1789572494.318002191] [controller_server]: Optimizer reset
[bt_navigator-13] [INFO] [1789572494.345071061] [bt_navigator]: Goal succeeded
[factory_node-20] [INFO] [1789572525.013735863] [factory]: pickup A: took 2 units (1.00 kg), 0 left
[mission_executor-22] [INFO] [1789572526.217177930] [mission_executor]: [4] PICKUP:A done: took 2 units (1.00 kg), 0 left | measured 18.3 m, 72 s, 0.22 Wh, battery 97.7 -> 96.7 %
[mission_executor-22] [WARN] [1789572526.219585273] [mission_executor]: decision service unavailable (<urlopen error [Errno 111] Connection refused>); using the fallback rules
[mission_executor-22] [INFO] [1789572526.220272110] [mission_executor]: decision: PICKUP:B - fallback: section B fills in 1062 s
[mission_executor-22] [INFO] [1789572526.220829596] [mission_executor]: [5] PICKUP:B from A: predicted 18.3 m, 77 s, 0.25 Wh
[bt_navigator-13] [INFO] [1789572526.222552552] [bt_navigator]: Begin navigating from current location (-5.80, 3.04) to (6.03, 3.08)
[controller_server-8] [INFO] [1789572526.244567726] [controller_server]: Received a goal, begin computing control effort.
[controller_server-8] [INFO] [1789572527.344887770] [controller_server]: Passing new path to controller.
[controller_server-8] [INFO] [1789572528.344874756] [controller_server]: Passing new path to controller.
[controller_server-8] [INFO] [1789572529.344838790] [controller_server]: Passing new path to controller.
[controller_server-8] [INFO] [1789572530.444865576] [controller_server]: Passing new path to controller.
[controller_server-8] [INFO] [1789572531.444878946] [controller_server]: Passing new path to controller.
[controller_server-8] [INFO] [1789572532.501936935] [controller_server]: Passing new path to controller.
[controller_server-8] [INFO] [1789572533.502132154] [controller_server]: Passing new path to controller.
[controller_server-8] [INFO] [1789572534.501845061] [controller_server]: Passing new path to controller.
[controller_server-8] [INFO] [1789572535.501884235] [controller_server]: Passing new path to controller.
[controller_server-8] [INFO] [1789572536.601866958] [controller_server]: Passing new path to controller.
[controller_server-8] [INFO] [1789572537.601886040] [controller_server]: Passing new path to controller.
[controller_server-8] [INFO] [1789572538.601876466] [controller_server]: Passing new path to controller.
[controller_server-8] [INFO] [1789572539.601849626] [controller_server]: Passing new path to controller.
[controller_server-8] [INFO] [1789572540.601862467] [controller_server]: Passing new path to controller.
[controller_server-8] [INFO] [1789572541.701850468] [controller_server]: Passing new path to controller.
[controller_server-8] [INFO] [1789572542.702982921] [controller_server]: Passing new path to controller.
[controller_server-8] [INFO] [1789572543.701885330] [controller_server]: Passing new path to controller.
[controller_server-8] [INFO] [1789572544.801916683] [controller_server]: Passing new path to controller.
[controller_server-8] [INFO] [1789572545.802171277] [controller_server]: Passing new path to controller.
[controller_server-8] [INFO] [1789572546.802465070] [controller_server]: Passing new path to controller.
[controller_server-8] [INFO] [1789572547.801950006] [controller_server]: Passing new path to controller.
[controller_server-8] [INFO] [1789572548.901935106] [controller_server]: Passing new path to controller.
[controller_server-8] [INFO] [1789572549.901974121] [controller_server]: Passing new path to controller.
[controller_server-8] [INFO] [1789572550.901899912] [controller_server]: Passing new path to controller.
[controller_server-8] [INFO] [1789572551.901891903] [controller_server]: Passing new path to controller.
[controller_server-8] [INFO] [1789572553.001862621] [controller_server]: Passing new path to controller.
[controller_server-8] [INFO] [1789572554.001890415] [controller_server]: Passing new path to controller.
[controller_server-8] [INFO] [1789572555.001870161] [controller_server]: Passing new path to controller.
[controller_server-8] [INFO] [1789572556.001857404] [controller_server]: Passing new path to controller.
[controller_server-8] [INFO] [1789572557.101893588] [controller_server]: Passing new path to controller.
[controller_server-8] [INFO] [1789572558.101870935] [controller_server]: Passing new path to controller.
[controller_server-8] [INFO] [1789572559.101870928] [controller_server]: Passing new path to controller.
[controller_server-8] [INFO] [1789572560.202519968] [controller_server]: Passing new path to controller.
[controller_server-8] [INFO] [1789572561.201931077] [controller_server]: Passing new path to controller.
[controller_server-8] [INFO] [1789572562.201929785] [controller_server]: Passing new path to controller.
[controller_server-8] [INFO] [1789572563.201892778] [controller_server]: Passing new path to controller.
[controller_server-8] [INFO] [1789572564.262807032] [controller_server]: Passing new path to controller.
[controller_server-8] [INFO] [1789572565.262795834] [controller_server]: Passing new path to controller.
[controller_server-8] [INFO] [1789572566.262800956] [controller_server]: Passing new path to controller.
[controller_server-8] [INFO] [1789572567.362828410] [controller_server]: Passing new path to controller.
[controller_server-8] [INFO] [1789572568.362799768] [controller_server]: Passing new path to controller.
[controller_server-8] [INFO] [1789572568.864023099] [controller_server]: Reached the goal!
[controller_server-8] [INFO] [1789572568.864306985] [controller_server]: Optimizer reset
[bt_navigator-13] [INFO] [1789572568.891490343] [bt_navigator]: Goal succeeded
[factory_node-20] [INFO] [1789572598.773243373] [factory]: pickup B: took 1 units (0.40 kg), 0 left
[mission_executor-22] [INFO] [1789572599.977670872] [mission_executor]: [5] PICKUP:B done: took 1 units (0.40 kg), 0 left | measured 18.7 m, 76 s, 0.25 Wh, battery 96.7 -> 95.6 %
[mission_executor-22] [WARN] [1789572599.979695058] [mission_executor]: decision service unavailable (<urlopen error [Errno 111] Connection refused>); using the fallback rules
[mission_executor-22] [INFO] [1789572599.981193994] [mission_executor]: decision: DELIVER - fallback: carrying 4 units, nothing to collect
[mission_executor-22] [INFO] [1789572599.983220934] [mission_executor]: [6] DELIVER from B: predicted 10.3 m, 56 s, 0.17 Wh
[bt_navigator-13] [INFO] [1789572599.984393438] [bt_navigator]: Begin navigating from current location (5.88, 2.91) to (-0.23, -3.98)
[controller_server-8] [INFO] [1789572600.005777505] [controller_server]: Received a goal, begin computing control effort.
[controller_server-8] [INFO] [1789572601.106478095] [controller_server]: Passing new path to controller.
[controller_server-8] [INFO] [1789572602.106260726] [controller_server]: Passing new path to controller.
[controller_server-8] [INFO] [1789572603.106952404] [controller_server]: Passing new path to controller.
[controller_server-8] [INFO] [1789572604.206026633] [controller_server]: Passing new path to controller.
[controller_server-8] [INFO] [1789572605.206000226] [controller_server]: Passing new path to controller.
[controller_server-8] [INFO] [1789572606.206056257] [controller_server]: Passing new path to controller.
[controller_server-8] [INFO] [1789572607.206091781] [controller_server]: Passing new path to controller.
[controller_server-8] [INFO] [1789572608.306098126] [controller_server]: Passing new path to controller.
[controller_server-8] [INFO] [1789572609.307901671] [controller_server]: Passing new path to controller.
[controller_server-8] [INFO] [1789572610.306711981] [controller_server]: Passing new path to controller.
[controller_server-8] [INFO] [1789572611.306086919] [controller_server]: Passing new path to controller.
[controller_server-8] [INFO] [1789572612.406744040] [controller_server]: Passing new path to controller.
[controller_server-8] [INFO] [1789572613.406438229] [controller_server]: Passing new path to controller.
[controller_server-8] [INFO] [1789572614.406030490] [controller_server]: Passing new path to controller.
[controller_server-8] [INFO] [1789572615.406830782] [controller_server]: Passing new path to controller.
[controller_server-8] [INFO] [1789572616.506055814] [controller_server]: Passing new path to controller.
[controller_server-8] [INFO] [1789572617.506153428] [controller_server]: Passing new path to controller.
[controller_server-8] [INFO] [1789572618.507382635] [controller_server]: Passing new path to controller.
[controller_server-8] [INFO] [1789572619.506159723] [controller_server]: Passing new path to controller.
[controller_server-8] [INFO] [1789572620.606215713] [controller_server]: Passing new path to controller.
[controller_server-8] [INFO] [1789572621.605986213] [controller_server]: Passing new path to controller.
[controller_server-8] [INFO] [1789572622.606173074] [controller_server]: Passing new path to controller.
[controller_server-8] [INFO] [1789572623.706560950] [controller_server]: Passing new path to controller.
[controller_server-8] [INFO] [1789572624.705990790] [controller_server]: Passing new path to controller.
[controller_server-8] [INFO] [1789572625.706170714] [controller_server]: Passing new path to controller.
[controller_server-8] [INFO] [1789572625.707895640] [controller_server]: Reached the goal!
[controller_server-8] [INFO] [1789572625.708158965] [controller_server]: Optimizer reset
[bt_navigator-13] [INFO] [1789572625.745402154] [bt_navigator]: Goal succeeded
[mission_executor-22] [INFO] [1789572656.873688496] [mission_executor]: [6] DELIVER done: delivered 4 units | measured 10.3 m, 57 s, 0.17 Wh, battery 95.6 -> 94.8 %
[mission_executor-22] [WARN] [1789572656.875459761] [mission_executor]: decision service unavailable (<urlopen error [Errno 111] Connection refused>); using the fallback rules
[mission_executor-22] [INFO] [1789572656.878713587] [mission_executor]: decision: PICKUP:B - fallback: section B fills in 1061 s
[mission_executor-22] [INFO] [1789572656.881366458] [mission_executor]: [7] PICKUP:B from delivery: predicted 10.3 m, 56 s, 0.15 Wh
[bt_navigator-13] [INFO] [1789572656.882817926] [bt_navigator]: Begin navigating from current location (-0.18, -3.84) to (6.03, 3.08)
[controller_server-8] [INFO] [1789572656.905454030] [controller_server]: Received a goal, begin computing control effort.
[controller_server-8] [INFO] [1789572658.005787864] [controller_server]: Passing new path to controller.
[controller_server-8] [INFO] [1789572659.031469211] [controller_server]: Passing new path to controller.
[controller_server-8] [INFO] [1789572660.031471810] [controller_server]: Passing new path to controller.
[controller_server-8] [INFO] [1789572661.031504288] [controller_server]: Passing new path to controller.
[controller_server-8] [INFO] [1789572662.131478205] [controller_server]: Passing new path to controller.
[controller_server-8] [INFO] [1789572663.131477336] [controller_server]: Passing new path to controller.
[controller_server-8] [INFO] [1789572664.131513077] [controller_server]: Passing new path to controller.
[controller_server-8] [INFO] [1789572665.131477842] [controller_server]: Passing new path to controller.
[controller_server-8] [INFO] [1789572666.131477279] [controller_server]: Passing new path to controller.
[controller_server-8] [INFO] [1789572667.231471649] [controller_server]: Passing new path to controller.
[controller_server-8] [INFO] [1789572668.231518497] [controller_server]: Passing new path to controller.
[controller_server-8] [INFO] [1789572669.231483489] [controller_server]: Passing new path to controller.
[controller_server-8] [INFO] [1789572670.231499207] [controller_server]: Passing new path to controller.
[controller_server-8] [INFO] [1789572671.331483010] [controller_server]: Passing new path to controller.
[controller_server-8] [INFO] [1789572672.331598956] [controller_server]: Passing new path to controller.
[controller_server-8] [INFO] [1789572673.331487807] [controller_server]: Passing new path to controller.
[controller_server-8] [INFO] [1789572674.431487206] [controller_server]: Passing new path to controller.
[controller_server-8] [INFO] [1789572675.431476849] [controller_server]: Passing new path to controller.
[controller_server-8] [INFO] [1789572676.432228750] [controller_server]: Passing new path to controller.
[controller_server-8] [INFO] [1789572677.431499111] [controller_server]: Passing new path to controller.
[controller_server-8] [INFO] [1789572678.531598775] [controller_server]: Passing new path to controller.
[controller_server-8] [INFO] [1789572678.633337746] [controller_server]: Reached the goal!
[controller_server-8] [INFO] [1789572678.633588260] [controller_server]: Optimizer reset
[bt_navigator-13] [INFO] [1789572678.659075193] [bt_navigator]: Goal succeeded
[factory_node-20] [INFO] [1789572708.858756548] [factory]: pickup B: took 1 units (0.40 kg), 0 left
[mission_executor-22] [INFO] [1789572710.063277994] [mission_executor]: [7] PICKUP:B done: took 1 units (0.40 kg), 0 left | measured 10.0 m, 54 s, 0.14 Wh, battery 94.8 -> 94.2 %
[mission_executor-22] [INFO] [1789572710.066104714] [mission_executor]: shift over
[mission_executor-22] [INFO] [1789572710.091737613] [mission_executor]: MISSION COMPLETE
[mission_executor-22] run_id: run_20260916_172422
[mission_executor-22] scenario: balanced
[mission_executor-22] seed: 1
[mission_executor-22] plan: ''
[mission_executor-22] ended_by: plan_finished
[mission_executor-22] actions: 7
[mission_executor-22] succeeded: 7
[mission_executor-22] failed: 0
[mission_executor-22] sim_duration_s: 437.0
[mission_executor-22] distance_m: 92.71
[mission_executor-22] energy_drawn_wh: 1.263
[mission_executor-22] energy_charged_wh: 0.0
[mission_executor-22] battery_end_percent: 94.2
[mission_executor-22] delivered_units:
[mission_executor-22]   A: 2
[mission_executor-22]   B: 4
[mission_executor-22]   C: 0
[mission_executor-22] model: ns
[mission_executor-22] decisions:
[mission_executor-22]   asked: 7
[mission_executor-22]   answered_by_model: 2
[mission_executor-22]   fallback: 5
[mission_executor-22]   mean_latency_ms: 1006.9
[mission_executor-22] navigation:
[mission_executor-22]   drives: 7
[mission_executor-22]   drive_attempt_failures: 1
[mission_executor-22]   timeouts: 0
[mission_executor-22]   recovered_after_retry: 1
[mission_executor-22]   goals_abandoned: 0
[mission_executor-22]   returned_to_charger: 0
[mission_executor-22] prediction_error_percent (non-charge actions, total measured vs predicted):
[mission_executor-22]   duration: -2.9
[mission_executor-22]   distance: -0.1
[mission_executor-22]   energy: -1.6
[mission_executor-22] 
