[INFO] [launch]: All log files can be found below /home/robojazzy/.ros/log/2026-09-16-21-44-32-028226-DESKTOP-NOCCT0U-338119
[INFO] [launch]: Default logging verbosity is set to INFO
[INFO] [gazebo-1]: process started with pid [338130]
[INFO] [robot_state_publisher-2]: process started with pid [338131]
[INFO] [create-3]: process started with pid [338132]
[INFO] [parameter_bridge-4]: process started with pid [338134]
[INFO] [map_server-5]: process started with pid [338135]
[INFO] [amcl-6]: process started with pid [338136]
[INFO] [lifecycle_manager-7]: process started with pid [338137]
[INFO] [controller_server-8]: process started with pid [338138]
[INFO] [smoother_server-9]: process started with pid [338139]
[INFO] [planner_server-10]: process started with pid [338142]
[INFO] [route_server-11]: process started with pid [338143]
[INFO] [behavior_server-12]: process started with pid [338144]
[INFO] [bt_navigator-13]: process started with pid [338145]
[INFO] [waypoint_follower-14]: process started with pid [338146]
[INFO] [velocity_smoother-15]: process started with pid [338149]
[INFO] [collision_monitor-16]: process started with pid [338150]
[INFO] [opennav_docking-17]: process started with pid [338155]
[INFO] [lifecycle_manager-18]: process started with pid [338158]
[create-3] [INFO] [1789587873.339791635] [ros_gz_sim]: Requesting list of world names.
[robot_state_publisher-2] [INFO] [1789587873.356541754] [robot_state_publisher]: Robot initialized
[map_server-5] [INFO] [1789587873.403123864] [map_server]: 
[map_server-5] 	map_server lifecycle node launched. 
[map_server-5] 	Waiting on external lifecycle transitions to activate
[map_server-5] 	See https://design.ros2.org/articles/node_lifecycle.html for more information.
[map_server-5] [INFO] [1789587873.408568997] [map_server]: Creating
[lifecycle_manager-7] [INFO] [1789587873.418469733] [lifecycle_manager_localization]: Creating
[lifecycle_manager-7] [INFO] [1789587873.436449113] [lifecycle_manager_localization]: [34m[1mCreating and initializing lifecycle service clients[0m[0m
[collision_monitor-16] [INFO] [1789587873.461203470] [collision_monitor]: 
[collision_monitor-16] 	collision_monitor lifecycle node launched. 
[collision_monitor-16] 	Waiting on external lifecycle transitions to activate
[collision_monitor-16] 	See https://design.ros2.org/articles/node_lifecycle.html for more information.
[smoother_server-9] [INFO] [1789587873.464448943] [smoother_server]: 
[smoother_server-9] 	smoother_server lifecycle node launched. 
[smoother_server-9] 	Waiting on external lifecycle transitions to activate
[smoother_server-9] 	See https://design.ros2.org/articles/node_lifecycle.html for more information.
[smoother_server-9] [INFO] [1789587873.469852392] [smoother_server]: Creating smoother server
[bt_navigator-13] [INFO] [1789587873.493530429] [bt_navigator]: 
[bt_navigator-13] 	bt_navigator lifecycle node launched. 
[bt_navigator-13] 	Waiting on external lifecycle transitions to activate
[bt_navigator-13] 	See https://design.ros2.org/articles/node_lifecycle.html for more information.
[bt_navigator-13] [INFO] [1789587873.497039797] [bt_navigator]: Creating
[amcl-6] [INFO] [1789587873.498275602] [amcl]: 
[amcl-6] 	amcl lifecycle node launched. 
[amcl-6] 	Waiting on external lifecycle transitions to activate
[amcl-6] 	See https://design.ros2.org/articles/node_lifecycle.html for more information.
[amcl-6] [INFO] [1789587873.499056009] [amcl]: Creating
[lifecycle_manager-7] [INFO] [1789587873.548949239] [lifecycle_manager_localization]: [34m[1mStarting managed nodes bringup...[0m[0m
[lifecycle_manager-7] [INFO] [1789587873.549007334] [lifecycle_manager_localization]: [34m[1mConfiguring map_server[0m[0m
[map_server-5] [INFO] [1789587873.557971399] [map_server]: Configuring
[map_server-5] [INFO] [1789587873.558161996] [map_io]: Loading yaml file: /home/robojazzy/robofetch_ws_copy/robofetch_ws/install/robofetch_nav/share/robofetch_nav/maps/factory_maze.yaml
[map_server-5] [INFO] [1789587873.558870716] [map_io]: resolution: 0.05
[map_server-5] [INFO] [1789587873.558890651] [map_io]: origin[0]: -7.75
[map_server-5] [INFO] [1789587873.558901324] [map_io]: origin[1]: -5.5
[map_server-5] [INFO] [1789587873.558911795] [map_io]: origin[2]: 0
[map_server-5] [INFO] [1789587873.558921159] [map_io]: free_thresh: 0.196
[map_server-5] [INFO] [1789587873.558926898] [map_io]: occupied_thresh: 0.65
[map_server-5] [INFO] [1789587873.558933845] [map_io]: mode: trinary
[map_server-5] [INFO] [1789587873.558939685] [map_io]: negate: 0
[waypoint_follower-14] [INFO] [1789587873.561266409] [waypoint_follower]: 
[waypoint_follower-14] 	waypoint_follower lifecycle node launched. 
[waypoint_follower-14] 	Waiting on external lifecycle transitions to activate
[waypoint_follower-14] 	See https://design.ros2.org/articles/node_lifecycle.html for more information.
[map_server-5] [INFO] [1789587873.561896494] [map_io]: Loading image_file: /home/robojazzy/robofetch_ws_copy/robofetch_ws/install/robofetch_nav/share/robofetch_nav/maps/factory_maze.pgm
[waypoint_follower-14] [INFO] [1789587873.564306284] [waypoint_follower]: Creating
[map_server-5] [INFO] [1789587873.570932147] [map_io]: Read map /home/robojazzy/robofetch_ws_copy/robofetch_ws/install/robofetch_nav/share/robofetch_nav/maps/factory_maze.pgm: 310 X 220 map @ 0.05 m/cell
[controller_server-8] [INFO] [1789587873.599663552] [controller_server]: 
[controller_server-8] 	controller_server lifecycle node launched. 
[controller_server-8] 	Waiting on external lifecycle transitions to activate
[controller_server-8] 	See https://design.ros2.org/articles/node_lifecycle.html for more information.
[velocity_smoother-15] [INFO] [1789587873.602052198] [velocity_smoother]: 
[velocity_smoother-15] 	velocity_smoother lifecycle node launched. 
[velocity_smoother-15] 	Waiting on external lifecycle transitions to activate
[velocity_smoother-15] 	See https://design.ros2.org/articles/node_lifecycle.html for more information.
[lifecycle_manager-7] [INFO] [1789587873.608293647] [lifecycle_manager_localization]: [34m[1mConfiguring amcl[0m[0m
[amcl-6] [INFO] [1789587873.608697795] [amcl]: Configuring
[amcl-6] [INFO] [1789587873.608873792] [amcl]: initTransforms
[route_server-11] [INFO] [1789587873.626634384] [route_server]: 
[route_server-11] 	route_server lifecycle node launched. 
[route_server-11] 	Waiting on external lifecycle transitions to activate
[route_server-11] 	See https://design.ros2.org/articles/node_lifecycle.html for more information.
[controller_server-8] [INFO] [1789587873.634959907] [controller_server]: Creating controller server
[planner_server-10] [INFO] [1789587873.643362856] [planner_server]: 
[planner_server-10] 	planner_server lifecycle node launched. 
[planner_server-10] 	Waiting on external lifecycle transitions to activate
[planner_server-10] 	See https://design.ros2.org/articles/node_lifecycle.html for more information.
[lifecycle_manager-18] [INFO] [1789587873.646433339] [lifecycle_manager_navigation]: Creating
[planner_server-10] [INFO] [1789587873.646907564] [planner_server]: Creating
[amcl-6] [INFO] [1789587873.665209940] [amcl]: initPubSub
[behavior_server-12] [INFO] [1789587873.669204206] [behavior_server]: 
[behavior_server-12] 	behavior_server lifecycle node launched. 
[behavior_server-12] 	Waiting on external lifecycle transitions to activate
[behavior_server-12] 	See https://design.ros2.org/articles/node_lifecycle.html for more information.
[lifecycle_manager-18] [INFO] [1789587873.672170983] [lifecycle_manager_navigation]: [34m[1mCreating and initializing lifecycle service clients[0m[0m
[opennav_docking-17] [INFO] [1789587873.709936632] [docking_server]: 
[opennav_docking-17] 	docking_server lifecycle node launched. 
[opennav_docking-17] 	Waiting on external lifecycle transitions to activate
[opennav_docking-17] 	See https://design.ros2.org/articles/node_lifecycle.html for more information.
[opennav_docking-17] [INFO] [1789587873.710162065] [docking_server]: Creating docking_server
[amcl-6] [INFO] [1789587873.715748358] [amcl]: Subscribed to map topic.
[lifecycle_manager-7] [INFO] [1789587873.733798217] [lifecycle_manager_localization]: [34m[1mActivating map_server[0m[0m
[map_server-5] [INFO] [1789587873.734575302] [map_server]: Activating
[map_server-5] [INFO] [1789587873.734942499] [map_server]: Creating bond (map_server) to lifecycle manager.
[planner_server-10] [INFO] [1789587873.746307897] [global_costmap.global_costmap]: 
[planner_server-10] 	global_costmap lifecycle node launched. 
[planner_server-10] 	Waiting on external lifecycle transitions to activate
[planner_server-10] 	See https://design.ros2.org/articles/node_lifecycle.html for more information.
[planner_server-10] [INFO] [1789587873.747150125] [global_costmap.global_costmap]: Creating Costmap
[controller_server-8] [INFO] [1789587873.775888276] [local_costmap.local_costmap]: 
[controller_server-8] 	local_costmap lifecycle node launched. 
[controller_server-8] 	Waiting on external lifecycle transitions to activate
[controller_server-8] 	See https://design.ros2.org/articles/node_lifecycle.html for more information.
[controller_server-8] [INFO] [1789587873.776929759] [local_costmap.local_costmap]: Creating Costmap
[amcl-6] [INFO] [1789587873.847636946] [amcl]: Received a 310 X 220 map @ 0.050 m/pix
[lifecycle_manager-7] [INFO] [1789587873.854854534] [lifecycle_manager_localization]: Server map_server connected with bond.
[lifecycle_manager-7] [INFO] [1789587873.854943640] [lifecycle_manager_localization]: [34m[1mActivating amcl[0m[0m
[amcl-6] [INFO] [1789587873.855308522] [amcl]: Activating
[amcl-6] [INFO] [1789587873.855373967] [amcl]: initialPoseReceived
[amcl-6] [INFO] [1789587873.855656287] [amcl]: Setting pose (0.000000): -5.225 -2.975 0.000
[amcl-6] [INFO] [1789587873.856389574] [amcl]: Creating bond (amcl) to lifecycle manager.
[lifecycle_manager-18] [INFO] [1789587873.876022500] [lifecycle_manager_navigation]: [34m[1mStarting managed nodes bringup...[0m[0m
[lifecycle_manager-18] [INFO] [1789587873.876125299] [lifecycle_manager_navigation]: [34m[1mConfiguring controller_server[0m[0m
[controller_server-8] [INFO] [1789587873.876822340] [controller_server]: Configuring controller interface
[controller_server-8] [INFO] [1789587873.876848216] [controller_server]: getting progress checker plugins..
[controller_server-8] [INFO] [1789587873.877138892] [controller_server]: getting goal checker plugins..
[controller_server-8] [INFO] [1789587873.877237564] [controller_server]: Controller frequency set to 10.0000Hz
[controller_server-8] [INFO] [1789587873.877277435] [local_costmap.local_costmap]: Configuring
[controller_server-8] [INFO] [1789587873.896668616] [local_costmap.local_costmap]: Using plugin "voxel_layer"
[controller_server-8] [INFO] [1789587873.903873014] [local_costmap.local_costmap]: Subscribed to Topics: scan
[controller_server-8] [INFO] [1789587873.938501426] [local_costmap.local_costmap]: Initialized plugin "voxel_layer"
[controller_server-8] [INFO] [1789587873.938544922] [local_costmap.local_costmap]: Using plugin "inflation_layer"
[controller_server-8] [INFO] [1789587873.940037976] [local_costmap.local_costmap]: Initialized plugin "inflation_layer"
[lifecycle_manager-7] [INFO] [1789587873.971985857] [lifecycle_manager_localization]: Server amcl connected with bond.
[lifecycle_manager-7] [INFO] [1789587873.972030460] [lifecycle_manager_localization]: [34m[1mManaged nodes are active[0m[0m
[lifecycle_manager-7] [INFO] [1789587873.972043449] [lifecycle_manager_localization]: [34m[1mCreating bond timer...[0m[0m
[controller_server-8] [INFO] [1789587873.999616073] [controller_server]: Created progress_checker : progress_checker of type nav2_controller::SimpleProgressChecker
[controller_server-8] [INFO] [1789587874.001608423] [controller_server]: Controller Server has progress_checker  progress checkers available.
[controller_server-8] [INFO] [1789587874.003439577] [controller_server]: Created goal checker : general_goal_checker of type nav2_controller::SimpleGoalChecker
[controller_server-8] [INFO] [1789587874.006178947] [controller_server]: Controller Server has general_goal_checker  goal checkers available.
[controller_server-8] [INFO] [1789587874.008254581] [controller_server]: Created controller : FollowPath of type nav2_mppi_controller::MPPIController
[controller_server-8] [INFO] [1789587874.022580108] [controller_server]: Controller period is equal to model dt. Control sequence shifting is ON
[controller_server-8] [INFO] [1789587874.028258018] [controller_server]: ConstraintCritic instantiated with 1 power and 4.000000 weight.
[controller_server-8] [INFO] [1789587874.028337668] [controller_server]: Critic loaded : mppi::critics::ConstraintCritic
[controller_server-8] [INFO] [1789587874.030245946] [controller_server]: InflationCostCritic instantiated with 1 power and 300.000000 / 0.015000 weights. Critic will collision check based on circular cost.
[controller_server-8] [INFO] [1789587874.030290755] [controller_server]: Critic loaded : mppi::critics::CostCritic
[controller_server-8] [INFO] [1789587874.031289150] [controller_server]: GoalCritic instantiated with 1 power and 5.000000 weight.
[controller_server-8] [INFO] [1789587874.031328018] [controller_server]: Critic loaded : mppi::critics::GoalCritic
[controller_server-8] [INFO] [1789587874.033625383] [controller_server]: GoalAngleCritic instantiated with 1 power, 3.000000 weight, 0.500000 angular threshold and symmetric_yaw_tolerance disabled
[controller_server-8] [INFO] [1789587874.033678953] [controller_server]: Critic loaded : mppi::critics::GoalAngleCritic
[controller_server-8] [INFO] [1789587874.037989923] [controller_server]: ReferenceTrajectoryCritic instantiated with 1 power and 14.000000 weight
[controller_server-8] [INFO] [1789587874.038063833] [controller_server]: Critic loaded : mppi::critics::PathAlignCritic
[controller_server-8] [INFO] [1789587874.039528951] [controller_server]: Critic loaded : mppi::critics::PathFollowCritic
[controller_server-8] [INFO] [1789587874.041109465] [controller_server]: PathAngleCritic instantiated with 1 power and 2.000000 weight. Mode set to: Forward Preference
[controller_server-8] [INFO] [1789587874.041147427] [controller_server]: Critic loaded : mppi::critics::PathAngleCritic
[controller_server-8] [INFO] [1789587874.043393639] [controller_server]: PreferForwardCritic instantiated with 1 power and 5.000000 weight.
[controller_server-8] [INFO] [1789587874.043456372] [controller_server]: Critic loaded : mppi::critics::PreferForwardCritic
[controller_server-8] [INFO] [1789587874.045980201] [controller_server]: Optimizer reset
[controller_server-8] [INFO] [1789587874.059057408] [MPPIController]: Configured MPPI Controller: FollowPath
[controller_server-8] [INFO] [1789587874.059203315] [controller_server]: Controller Server has FollowPath  controllers available.
[lifecycle_manager-18] [INFO] [1789587874.088577665] [lifecycle_manager_navigation]: [34m[1mConfiguring smoother_server[0m[0m
[smoother_server-9] [INFO] [1789587874.089168344] [smoother_server]: Configuring smoother server
[smoother_server-9] [INFO] [1789587874.119118167] [smoother_server]: Created smoother : simple_smoother of type nav2_smoother::SimpleSmoother
[smoother_server-9] [INFO] [1789587874.124282228] [smoother_server]: Smoother Server has simple_smoother  smoothers available.
[lifecycle_manager-18] [INFO] [1789587874.145640119] [lifecycle_manager_navigation]: [34m[1mConfiguring planner_server[0m[0m
[planner_server-10] [INFO] [1789587874.146043605] [planner_server]: Configuring
[planner_server-10] [INFO] [1789587874.146148933] [global_costmap.global_costmap]: Configuring
[planner_server-10] [INFO] [1789587874.168873662] [global_costmap.global_costmap]: Using plugin "static_layer"
[planner_server-10] [INFO] [1789587874.176989507] [global_costmap.global_costmap]: Subscribing to the map topic (/map) with transient local durability
[planner_server-10] [INFO] [1789587874.180554023] [global_costmap.global_costmap]: Initialized plugin "static_layer"
[planner_server-10] [INFO] [1789587874.180602558] [global_costmap.global_costmap]: Using plugin "obstacle_layer"
[planner_server-10] [INFO] [1789587874.184078965] [global_costmap.global_costmap]: Subscribed to Topics: scan
[planner_server-10] [INFO] [1789587874.200907980] [global_costmap.global_costmap]: Initialized plugin "obstacle_layer"
[planner_server-10] [INFO] [1789587874.200978668] [global_costmap.global_costmap]: Using plugin "inflation_layer"
[planner_server-10] [INFO] [1789587874.203548414] [global_costmap.global_costmap]: Initialized plugin "inflation_layer"
[planner_server-10] [INFO] [1789587874.278460935] [planner_server]: Created global planner plugin GridBased of type nav2_navfn_planner::NavfnPlanner
[planner_server-10] [INFO] [1789587874.278554581] [planner_server]: Configuring plugin GridBased of type NavfnPlanner
[planner_server-10] [INFO] [1789587874.282470624] [planner_server]: Created global planner plugin NavfnDijkstra of type nav2_navfn_planner::NavfnPlanner
[planner_server-10] [INFO] [1789587874.282566386] [planner_server]: Configuring plugin NavfnDijkstra of type NavfnPlanner
[planner_server-10] [INFO] [1789587874.287275304] [planner_server]: Created global planner plugin NavfnAStar of type nav2_navfn_planner::NavfnPlanner
[planner_server-10] [INFO] [1789587874.287344582] [planner_server]: Configuring plugin NavfnAStar of type NavfnPlanner
[planner_server-10] [INFO] [1789587874.298941869] [planner_server]: Created global planner plugin Smac2D of type nav2_smac_planner::SmacPlanner2D
[planner_server-10] [INFO] [1789587874.299038134] [planner_server]: Configuring Smac2D of type SmacPlanner2D
[planner_server-10] [INFO] [1789587874.312670172] [planner_server]: Configured plugin Smac2D of type SmacPlanner2D with tolerance 0.25, maximum iterations 1000000, max on approach iterations 1000, and allowing unknown traversal.
[planner_server-10] [INFO] [1789587874.314425897] [planner_server]: Created global planner plugin ThetaStar of type nav2_theta_star_planner::ThetaStarPlanner
[planner_server-10] [INFO] [1789587874.319388366] [planner_server]: Created global planner plugin SmacLattice of type nav2_smac_planner::SmacPlannerLattice
[planner_server-10] [INFO] [1789587874.319547867] [planner_server]: Configuring SmacLattice of type SmacPlannerLattice
[planner_server-10] [INFO] [1789587874.334530835] [planner_server]: Even sized heuristic lookup table size set 400.000000, increasing size by 1 to make odd
[gazebo-1] [1;32m[Msg] [0m[1;32mGazebo Sim Server v[0m[1;32m8.11.0[0m[1;32m[0m
[gazebo-1] [1;32m[Msg] [0m[1;32mLoading SDF world file[[0m[1;32m/home/robojazzy/robofetch_ws_copy/robofetch_ws/install/robofetch_gazebo/share/robofetch_gazebo/worlds/factory_maze.sdf[0m[1;32m].[0m
[gazebo-1] [1;32m[Msg] [0m[1;32mServing entity system service on [[0m[1;32m/[0m[1;32mentity/system/add[0m[1;32m][0m[1;32m[0m
[gazebo-1] [1;36m[Dbg] [Physics.cc:906] [0m[1;36mLoaded [[0m[1;36mgz::physics::dartsim::Plugin[0m[1;36m] from library [[0m[1;36m/opt/ros/jazzy/opt/gz_physics_vendor/lib/gz-physics-7/engine-plugins/libgz-physics-dartsim-plugin.so[0m[1;36m][0m[1;36m[0m
[gazebo-1] [1;36m[Dbg] [SystemManager.cc:80] [0m[1;36mLoaded system [[0m[1;36mgz::sim::systems::Physics[0m[1;36m] for entity [[0m[1;36m1[0m[1;36m][0m[1;36m[0m
[gazebo-1] [1;36m[Dbg] [SystemManager.cc:80] [0m[1;36mLoaded system [[0m[1;36mgz::sim::systems::SceneBroadcaster[0m[1;36m] for entity [[0m[1;36m1[0m[1;36m][0m[1;36m[0m
[gazebo-1] [1;32m[Msg] [0m[1;32mCreate[0m[1;32m service on [[0m[1;32m/world/factory_maze/create_multiple[0m[1;32m] (async)[0m[1;32m[0m
[gazebo-1] [1;32m[Msg] [0m[1;32mCreate[0m[1;32m service on [[0m[1;32m/world/factory_maze/create_multiple/blocking[0m[1;32m] (blocking)[0m[1;32m[0m
[gazebo-1] [1;32m[Msg] [0m[1;32mRemove[0m[1;32m service on [[0m[1;32m/world/factory_maze/remove[0m[1;32m] (async)[0m[1;32m[0m
[gazebo-1] [1;32m[Msg] [0m[1;32mRemove[0m[1;32m service on [[0m[1;32m/world/factory_maze/remove/blocking[0m[1;32m] (blocking)[0m[1;32m[0m
[gazebo-1] [1;32m[Msg] [0m[1;32mPose[0m[1;32m service on [[0m[1;32m/world/factory_maze/set_pose[0m[1;32m] (async)[0m[1;32m[0m
[gazebo-1] [1;32m[Msg] [0m[1;32mPose[0m[1;32m service on [[0m[1;32m/world/factory_maze/set_pose/blocking[0m[1;32m] (blocking)[0m[1;32m[0m
[gazebo-1] [1;32m[Msg] [0m[1;32mPose[0m[1;32m service on [[0m[1;32m/world/factory_maze/set_pose_vector[0m[1;32m] (async)[0m[1;32m[0m
[gazebo-1] [1;32m[Msg] [0m[1;32mPose[0m[1;32m service on [[0m[1;32m/world/factory_maze/set_pose_vector/blocking[0m[1;32m] (blocking)[0m[1;32m[0m
[gazebo-1] [1;32m[Msg] [0m[1;32mLight configuration[0m[1;32m service on [[0m[1;32m/world/factory_maze/light_config[0m[1;32m] (async)[0m[1;32m[0m
[gazebo-1] [1;32m[Msg] [0m[1;32mLight configuration[0m[1;32m service on [[0m[1;32m/world/factory_maze/light_config/blocking[0m[1;32m] (blocking)[0m[1;32m[0m
[gazebo-1] [1;32m[Msg] [0m[1;32mPhysics[0m[1;32m service on [[0m[1;32m/world/factory_maze/set_physics[0m[1;32m] (async)[0m[1;32m[0m
[gazebo-1] [1;32m[Msg] [0m[1;32mPhysics[0m[1;32m service on [[0m[1;32m/world/factory_maze/set_physics/blocking[0m[1;32m] (blocking)[0m[1;32m[0m
[gazebo-1] [1;32m[Msg] [0m[1;32mSphericalCoordinates[0m[1;32m service on [[0m[1;32m/world/factory_maze/set_spherical_coordinates[0m[1;32m] (async)[0m[1;32m[0m
[gazebo-1] [1;32m[Msg] [0m[1;32mSphericalCoordinates[0m[1;32m service on [[0m[1;32m/world/factory_maze/set_spherical_coordinates/blocking[0m[1;32m] (blocking)[0m[1;32m[0m
[gazebo-1] [1;32m[Msg] [0m[1;32mEnable collision[0m[1;32m service on [[0m[1;32m/world/factory_maze/enable_collision[0m[1;32m] (async)[0m[1;32m[0m
[gazebo-1] [1;32m[Msg] [0m[1;32mEnable collision[0m[1;32m service on [[0m[1;32m/world/factory_maze/enable_collision/blocking[0m[1;32m] (blocking)[0m[1;32m[0m
[gazebo-1] [1;32m[Msg] [0m[1;32mDisable collision[0m[1;32m service on [[0m[1;32m/world/factory_maze/disable_collision[0m[1;32m] (async)[0m[1;32m[0m
[gazebo-1] [1;32m[Msg] [0m[1;32mDisable collision[0m[1;32m service on [[0m[1;32m/world/factory_maze/disable_collision/blocking[0m[1;32m] (blocking)[0m[1;32m[0m
[gazebo-1] [1;32m[Msg] [0m[1;32mMaterial[0m[1;32m service on [[0m[1;32m/world/factory_maze/visual_config[0m[1;32m] (async)[0m[1;32m[0m
[gazebo-1] [1;32m[Msg] [0m[1;32mMaterial[0m[1;32m service on [[0m[1;32m/world/factory_maze/visual_config/blocking[0m[1;32m] (blocking)[0m[1;32m[0m
[gazebo-1] [1;32m[Msg] [0m[1;32mMaterial[0m[1;32m service on [[0m[1;32m/world/factory_maze/wheel_slip[0m[1;32m] (async)[0m[1;32m[0m
[parameter_bridge-4] [INFO] [1789587874.519902046] [ros_gz_bridge]: Creating ROS->GZ Bridge: [cmd_vel (geometry_msgs/msg/Twist) -> cmd_vel (gz.msgs.Twist)] (Lazy 0)
[create-3] [INFO] [1789587874.526151503] [ros_gz_sim]: Waiting messages on topic [/robot_description].
[parameter_bridge-4] [INFO] [1789587874.526607350] [ros_gz_bridge]: Creating GZ->ROS Bridge: [odom (gz.msgs.Odometry) -> odom (nav_msgs/msg/Odometry)] (Lazy 0)
[parameter_bridge-4] [INFO] [1789587874.533853288] [ros_gz_bridge]: Creating GZ->ROS Bridge: [tf (gz.msgs.Pose_V) -> tf (tf2_msgs/msg/TFMessage)] (Lazy 0)
[create-3] [INFO] [1789587874.540196392] [ros_gz_sim]: Entity creation successful.
[parameter_bridge-4] [INFO] [1789587874.543158950] [ros_gz_bridge]: Creating GZ->ROS Bridge: [joint_states (gz.msgs.Model) -> joint_states (sensor_msgs/msg/JointState)] (Lazy 0)
[parameter_bridge-4] [INFO] [1789587874.552108855] [ros_gz_bridge]: Creating GZ->ROS Bridge: [scan (gz.msgs.LaserScan) -> scan (sensor_msgs/msg/LaserScan)] (Lazy 0)
[parameter_bridge-4] [INFO] [1789587874.557188332] [ros_gz_bridge]: Creating GZ->ROS Bridge: [clock (gz.msgs.Clock) -> clock (rosgraph_msgs/msg/Clock)] (Lazy 0)
[parameter_bridge-4] [INFO] [1789587874.562721744] [ros_gz_bridge]: Creating GZ->ROS Bridge: [/model/robofetch/pose (gz.msgs.Pose) -> /model/robofetch/pose (geometry_msgs/msg/Pose)] (Lazy 0)
[planner_server-10] [INFO] [1789587874.592948782] [global_costmap.global_costmap]: StaticLayer: Resizing costmap to 310 X 220 at 0.050000 m/pix
[INFO] [create-3]: process has finished cleanly [pid 338132]
[planner_server-10] [INFO] [1789587874.868955894] [planner_server]: Configured plugin SmacLattice of type SmacPlannerLattice with maximum iterations 1000000, max on approach iterations 1000, and allowing unknown traversal. Tolerance 0.25. Using motion model: State Lattice. State lattice file: /opt/ros/jazzy/share/nav2_smac_planner/sample_primitives/5cm_resolution/0.5m_turning_radius/diff/output.json.
[planner_server-10] [INFO] [1789587874.869028798] [planner_server]: Planner Server has GridBased NavfnDijkstra NavfnAStar Smac2D ThetaStar SmacLattice  planners available.
[lifecycle_manager-18] [INFO] [1789587874.905583633] [lifecycle_manager_navigation]: [34m[1mConfiguring route_server[0m[0m
[route_server-11] [INFO] [1789587874.906147930] [route_server]: Configuring
[route_server-11] [INFO] [1789587874.977007764] [route_server]: Created GraphFileLoader GeoJsonGraphFileLoader of type nav2_route::GeoJsonGraphFileLoader
[route_server-11] [INFO] [1789587874.977148134] [route_server]: Configuring geojson graph file loader
[route_server-11] [INFO] [1789587874.977184887] [route_server]: Loading graph file from /opt/ros/jazzy/share/nav2_route/graphs/sample_graph.geojson, by parser nav2_route::GeoJsonGraphFileLoader
[route_server-11] [INFO] [1789587874.986329638] [route_server]: Created edge cost function plugin DistanceScorer of type nav2_route::DistanceScorer
[route_server-11] [INFO] [1789587874.986426608] [route_server]: Configuring distance scorer.
[route_server-11] [INFO] [1789587874.987137517] [route_server]: Created edge cost function plugin CostmapScorer of type nav2_route::CostmapScorer
[route_server-11] [INFO] [1789587874.987167021] [route_server]: Configuring costmap scorer.
[route_server-11] [INFO] [1789587874.993336928] [route_server]: Created route operation AdjustSpeedLimit of type nav2_route::AdjustSpeedLimit
[route_server-11] [INFO] [1789587874.993514353] [route_server]: Configuring Adjust speed limit operation.
[route_server-11] [INFO] [1789587874.999714570] [route_server]: Created route operation ReroutingService of type nav2_route::ReroutingService
[route_server-11] [INFO] [1789587874.999808720] [route_server]: Configuring Rerouting service operation.
[route_server-11] [INFO] [1789587875.004791212] [route_server]: Created route operation CollisionMonitor of type nav2_route::CollisionMonitor
[route_server-11] [INFO] [1789587875.005345591] [route_server]: Using costmap topic: local_costmap/costmap_raw instead of server costmap topic: global_costmap/costmap_raw for CollisionMonitor.
[lifecycle_manager-18] [INFO] [1789587875.015966708] [lifecycle_manager_navigation]: [34m[1mConfiguring behavior_server[0m[0m
[behavior_server-12] [INFO] [1789587875.016413434] [behavior_server]: Configuring
[behavior_server-12] [INFO] [1789587875.028905744] [behavior_server]: Creating behavior plugin spin of type nav2_behaviors::Spin
[behavior_server-12] [INFO] [1789587875.031766562] [behavior_server]: Creating behavior plugin backup of type nav2_behaviors::BackUp
[behavior_server-12] [INFO] [1789587875.034355275] [behavior_server]: Creating behavior plugin drive_on_heading of type nav2_behaviors::DriveOnHeading
[behavior_server-12] [INFO] [1789587875.036626568] [behavior_server]: Creating behavior plugin assisted_teleop of type nav2_behaviors::AssistedTeleop
[behavior_server-12] [INFO] [1789587875.041945686] [behavior_server]: Creating behavior plugin wait of type nav2_behaviors::Wait
[behavior_server-12] [INFO] [1789587875.059196493] [behavior_server]: Configuring spin
[behavior_server-12] [INFO] [1789587875.085473557] [behavior_server]: Configuring backup
[behavior_server-12] [INFO] [1789587875.106246709] [behavior_server]: Configuring drive_on_heading
[behavior_server-12] [INFO] [1789587875.122111819] [behavior_server]: Configuring assisted_teleop
[behavior_server-12] [INFO] [1789587875.149714358] [behavior_server]: Configuring wait
[lifecycle_manager-18] [INFO] [1789587875.168602823] [lifecycle_manager_navigation]: [34m[1mConfiguring velocity_smoother[0m[0m
[velocity_smoother-15] [INFO] [1789587875.169002520] [velocity_smoother]: Configuring velocity smoother
[lifecycle_manager-18] [INFO] [1789587875.184718788] [lifecycle_manager_navigation]: [34m[1mConfiguring collision_monitor[0m[0m
[collision_monitor-16] [INFO] [1789587875.185296330] [collision_monitor]: Configuring
[collision_monitor-16] [INFO] [1789587875.208408146] [collision_monitor]: [scan]: Creating Scan
[collision_monitor-16] [INFO] [1789587875.215119909] [collision_monitor]: [FootprintApproach]: Creating Polygon
[collision_monitor-16] [INFO] [1789587875.216117389] [collision_monitor]: [FootprintApproach]: Polygon points are not defined. Using dynamic subscription instead.
[collision_monitor-16] [INFO] [1789587875.223279906] [collision_monitor]: [FootprintApproach]: Making footprint subscriber on /local_costmap/published_footprint topic
[lifecycle_manager-18] [INFO] [1789587875.250974992] [lifecycle_manager_navigation]: [34m[1mConfiguring bt_navigator[0m[0m
[bt_navigator-13] [INFO] [1789587875.251459683] [bt_navigator]: Configuring
[bt_navigator-13] [INFO] [1789587875.271885002] [bt_navigator]: Creating navigator id navigate_to_pose of type nav2_bt_navigator::NavigateToPoseNavigator
[bt_navigator-13] [INFO] [1789587875.427822013] [bt_navigator]: Creating navigator id navigate_through_poses of type nav2_bt_navigator::NavigateThroughPosesNavigator
[lifecycle_manager-18] [INFO] [1789587875.488426471] [lifecycle_manager_navigation]: [34m[1mConfiguring waypoint_follower[0m[0m
[waypoint_follower-14] [INFO] [1789587875.488897164] [waypoint_follower]: Configuring
[waypoint_follower-14] [INFO] [1789587875.546889242] [waypoint_follower]: Created waypoint_task_executor : wait_at_waypoint of type nav2_waypoint_follower::WaitAtWaypoint
[lifecycle_manager-18] [INFO] [1789587875.548814010] [lifecycle_manager_navigation]: [34m[1mConfiguring docking_server[0m[0m
[opennav_docking-17] [INFO] [1789587875.549553686] [docking_server]: Configuring docking_server
[opennav_docking-17] [INFO] [1789587875.549661541] [docking_server]: Controller frequency set to 50.0000Hz
[opennav_docking-17] [INFO] [1789587875.614487939] [docking_server]: Created charging dock plugin simple_charging_dock of type opennav_docking::SimpleChargingDock
[opennav_docking-17] [WARN] [1789587875.628706831] [docking_server]: Dock database filepath nor dock parameters set. Docking actions can only be executed specifying the dock pose via the action request. Or update the dock database via the reload_database service.
[opennav_docking-17] [INFO] [1789587875.628826065] [docking_server]: Docking Server has 1 dock types and 0 dock instances available.
[lifecycle_manager-18] [INFO] [1789587875.633719304] [lifecycle_manager_navigation]: [34m[1mActivating controller_server[0m[0m
[controller_server-8] [INFO] [1789587875.634222726] [controller_server]: Activating
[controller_server-8] [INFO] [1789587875.634259584] [local_costmap.local_costmap]: Activating
[controller_server-8] [INFO] [1789587875.634274891] [local_costmap.local_costmap]: Checking transform
[controller_server-8] [INFO] [1789587875.634326956] [local_costmap.local_costmap]: Timed out waiting for transform from base_footprint to odom to become available, tf error: Invalid frame ID "odom" passed to canTransform argument target_frame - frame does not exist
[gazebo-1] [1;32m[Msg] [0m[1;32mMaterial[0m[1;32m service on [[0m[1;32m/world/factory_maze/wheel_slip/blocking[0m[1;32m] (blocking)[0m[1;32m[0m
[gazebo-1] [1;36m[Dbg] [SystemManager.cc:80] [0m[1;36mLoaded system [[0m[1;36mgz::sim::systems::UserCommands[0m[1;36m] for entity [[0m[1;36m1[0m[1;36m][0m[1;36m[0m
[gazebo-1] [1;36m[Dbg] [SystemManager.cc:80] [0m[1;36mLoaded system [[0m[1;36mgz::sim::systems::Contact[0m[1;36m] for entity [[0m[1;36m1[0m[1;36m][0m[1;36m[0m
[gazebo-1] [1;36m[Dbg] [Sensors.cc:697] [0m[1;36mConfiguring Sensors system[0m[1;36m[0m
[gazebo-1] [1;36m[Dbg] [Sensors.cc:557] [0m[1;36mSensorsPrivate::Run[0m[1;36m[0m
[gazebo-1] [1;36m[Dbg] [SystemManager.cc:80] [0m[1;36mLoaded system [[0m[1;36mgz::sim::systems::Sensors[0m[1;36m] for entity [[0m[1;36m1[0m[1;36m][0m[1;36m[0m
[gazebo-1] [1;36m[Dbg] [Sensors.cc:532] [0m[1;36mSensorsPrivate::RenderThread started[0m[1;36m[0m
[gazebo-1] [1;36m[Dbg] [Sensors.cc:337] [0m[1;36mWaiting for init[0m[1;36m[0m
[gazebo-1] [1;32m[Msg] [0m[1;32mLoaded level [[0m[1;32mdefault[0m[1;32m][0m[1;32m[0m
[gazebo-1] [1;32m[Msg] [0m[1;32mServing world controls on [[0m[1;32m/world/factory_maze[0m[1;32m/control], [[0m[1;32m/world/factory_maze[0m[1;32m/control/state] and [[0m[1;32m/world/factory_maze[0m[1;32m/playback/control][0m[1;32m[0m
[gazebo-1] [1;32m[Msg] [0m[1;32mServing GUI information on [[0m[1;32m/world/factory_maze[0m[1;32m/[0m[1;32mgui/info[0m[1;32m][0m[1;32m[0m
[gazebo-1] [1;32m[Msg] [0m[1;32mWorld [[0m[1;32mfactory_maze[0m[1;32m] initialized with [[0m[1;32mstep[0m[1;32m] physics profile.[0m[1;32m[0m
[gazebo-1] [1;32m[Msg] [0m[1;32mServing world SDF generation service on [[0m[1;32m/world/factory_maze[0m[1;32m/[0m[1;32mgenerate_world_sdf[0m[1;32m][0m[1;32m[0m
[gazebo-1] [1;32m[Msg] [0m[1;32mServing world names on [[0m[1;32m/gazebo/worlds[0m[1;32m][0m[1;32m[0m
[gazebo-1] [1;32m[Msg] [0m[1;32mResource path add service on [[0m[1;32m/gazebo/resource_paths/add[0m[1;32m].[0m[1;32m[0m
[gazebo-1] [1;32m[Msg] [0m[1;32mResource path get service on [[0m[1;32m/gazebo/resource_paths/get[0m[1;32m].[0m[1;32m[0m
[gazebo-1] [1;32m[Msg] [0m[1;32mResource path resolve service on [[0m[1;32m/gazebo/resource_paths/resolve[0m[1;32m].[0m[1;32m[0m
[gazebo-1] [1;32m[Msg] [0m[1;32mResource paths published on [[0m[1;32m/gazebo/resource_paths[0m[1;32m].[0m[1;32m[0m
[gazebo-1] [1;32m[Msg] [0m[1;32mServer control service on [[0m[1;32m/server_control[0m[1;32m].[0m[1;32m[0m
[gazebo-1] [1;32m[Msg] [0m[1;32mFound no publishers on /stats, adding root stats topic[0m[1;32m[0m
[gazebo-1] [1;32m[Msg] [0m[1;32mFound no publishers on /clock, adding root clock topic[0m[1;32m[0m
[gazebo-1] [1;36m[Dbg] [SimulationRunner.cc:551] [0m[1;36mCreating PostUpdate worker threads: [0m[1;36m4[0m[1;36m[0m
[gazebo-1] [1;36m[Dbg] [SimulationRunner.cc:562] [0m[1;36mCreating postupdate worker thread ([0m[1;36m0[0m[1;36m)[0m[1;36m[0m
[gazebo-1] [1;36m[Dbg] [SimulationRunner.cc:562] [0m[1;36mCreating postupdate worker thread ([0m[1;36m1[0m[1;36m)[0m[1;36m[0m
[gazebo-1] [1;36m[Dbg] [SimulationRunner.cc:562] [0m[1;36mCreating postupdate worker thread ([0m[1;36m2[0m[1;36m)[0m[1;36m[0m
[gazebo-1] [1;33mWarning [Utils.cc:132][0m [/sdf/model[@name="robofetch"]/link[@name="base_footprint"]/sensor[@name="lidar"]/gz_frame_id:<urdf-string>:L0]: XML Element[gz_frame_id], child of element[sensor], not defined in SDF. Copying[gz_frame_id] as children of [sensor].
[controller_server-8] [INFO] [1789587876.134441068] [local_costmap.local_costmap]: Timed out waiting for transform from base_footprint to odom to become available, tf error: Invalid frame ID "odom" passed to canTransform argument target_frame - frame does not exist
[gazebo-1] [1;32m[Msg] [0m[1;32mDiffDrive subscribing to twist messages on [[0m[1;32mcmd_vel[0m[1;32m][0m[1;32m[0m
[gazebo-1] [1;36m[Dbg] [SystemManager.cc:80] [0m[1;36mLoaded system [[0m[1;36mgz::sim::systems::DiffDrive[0m[1;36m] for entity [[0m[1;36m129[0m[1;36m][0m[1;36m[0m
[gazebo-1] [1;36m[Dbg] [SystemManager.cc:80] [0m[1;36mLoaded system [[0m[1;36mgz::sim::systems::JointStatePublisher[0m[1;36m] for entity [[0m[1;36m129[0m[1;36m][0m[1;36m[0m
[gazebo-1] [1;36m[Dbg] [SystemManager.cc:80] [0m[1;36mLoaded system [[0m[1;36mgz::sim::systems::PosePublisher[0m[1;36m] for entity [[0m[1;36m129[0m[1;36m][0m[1;36m[0m
[gazebo-1] [1;36m[Dbg] [UserCommands.cc:1094] [0m[1;36mCreated entity [[0m[1;36m129[0m[1;36m] named [[0m[1;36mrobofetch[0m[1;36m][0m[1;36m[0m
[gazebo-1] [1;36m[Dbg] [SimulationFeatures.cc:90] [0m[1;36mSimulation timestep set to: [0m[1;36m0.004[0m[1;36m[0m
[gazebo-1] [1;36m[Dbg] [Sensors.cc:953] [0m[1;36mInitialization needed[0m[1;36m[0m
[gazebo-1] [1;36m[Dbg] [Sensors.cc:349] [0m[1;36mInitializing render context[0m[1;36m[0m
[gazebo-1] [1;32m[Msg] [0m[1;32mLoading plugin [[0m[1;32mgz-rendering-ogre2[0m[1;32m][0m[1;32m[0m
[gazebo-1] [1;32m[Msg] [0m[1;32mServing scene information on [[0m[1;32m/world/factory_maze[0m[1;32m/[0m[1;32mscene/info[0m[1;32m][0m[1;32m[0m
[gazebo-1] [1;32m[Msg] [0m[1;32mServing graph information on [[0m[1;32m/world/factory_maze[0m[1;32m/[0m[1;32mscene/graph[0m[1;32m][0m[1;32m[0m
[gazebo-1] [1;32m[Msg] [0m[1;32mServing full state on [[0m[1;32m/world/factory_maze[0m[1;32m/[0m[1;32mstate[0m[1;32m][0m[1;32m[0m
[gazebo-1] [1;32m[Msg] [0m[1;32mServing full state (async) on [[0m[1;32m/world/factory_maze[0m[1;32m/[0m[1;32mstate_async[0m[1;32m][0m[1;32m[0m
[gazebo-1] [1;32m[Msg] [0m[1;32mPublishing scene information on [[0m[1;32m/world/factory_maze/scene/info[0m[1;32m][0m[1;32m[0m
[gazebo-1] [1;32m[Msg] [0m[1;32mPublishing entity deletions on [[0m[1;32m/world/factory_maze/scene/deletion[0m[1;32m][0m[1;32m[0m
[gazebo-1] [1;32m[Msg] [0m[1;32mPublishing state changes on [[0m[1;32m/world/factory_maze/state[0m[1;32m][0m[1;32m[0m
[gazebo-1] [1;32m[Msg] [0m[1;32mPublishing pose messages on [[0m[1;32m/world/factory_maze[0m[1;32m/[0m[1;32mpose/info[0m[1;32m][0m[1;32m[0m
[gazebo-1] [1;32m[Msg] [0m[1;32mPublishing dynamic pose messages on [[0m[1;32m/world/factory_maze[0m[1;32m/[0m[1;32mdynamic_pose/info[0m[1;32m][0m[1;32m[0m
[gazebo-1] [1;36m[Dbg] [SimulationRunner.cc:578] [0m[1;36mExiting postupdate worker thread ([0m[1;36m1[0m[1;36m)[0m[1;36m[0m
[gazebo-1] [1;36mExiting postupdate worker thread ([0m[1;36m0[0m[1;36m0[Dbg] [SimulationRunner.cc:578] [0m[1;36mExiting postupdate worker thread ([0m[1;36m2[0m[1;36m)[0m[1;36m[0m
[gazebo-1] [1;36m)[0m[1;36m[0m
[gazebo-1] [1;36m[Dbg] [SimulationRunner.cc:551] [0m[1;36mCreating PostUpdate worker threads: [0m[1;36m7[0m[1;36m[0m
[gazebo-1] [1;36m[Dbg] [SimulationRunner.cc:562] [0m[1;36mCreating postupdate worker thread ([0m[1;36m0[0m[1;36m)[0m[1;36m[0m
[gazebo-1] [1;36m[Dbg] [SimulationRunner.cc:562] [0m[1;36mCreating postupdate worker thread ([0m[1;36m1[0m[1;36m)[0m[1;36m[0m
[gazebo-1] [1;36m[Dbg] [SimulationRunner.cc:562] [0m[1;36mCreating postupdate worker thread ([0m[1;36m2[0m[1;36m)[0m[1;36m[0m
[gazebo-1] [1;36m[Dbg] [SimulationRunner.cc:562] [0m[1;36mCreating postupdate worker thread ([0m[1;36m3[0m[1;36m)[0m[1;36m[0m
[gazebo-1] [1;36m[Dbg] [SimulationRunner.cc:562] [0m[1;36mCreating postupdate worker thread ([0m[1;36m4[0m[1;36m)[0m[1;36m[0m
[gazebo-1] [1;36m[Dbg] [SimulationRunner.cc:562] [0m[1;36mCreating postupdate worker thread ([0m[1;36m5[0m[1;36m)[0m[1;36m[0m
[gazebo-1] [1;36m[Dbg] [RenderUtil.cc:2646] [0m[1;36mCreate scene [[0m[1;36mscene[0m[1;36m][0m[1;36m[0m
[gazebo-1] [1;36m[Dbg] [Sensors.cc:391] [0m[1;36mRendering Thread initialized[0m[1;36m[0m
[gazebo-1] [1;36m[Dbg] [Sensors.cc:953] [0m[1;36mInitialization needed[0m[1;36m[0m
[gazebo-1] [1;36m[Dbg] [Lidar.cc:139] [0m[1;36mLaser scans for [[0m[1;36mrobofetch::base_footprint::lidar[0m[1;36m] advertised on [[0m[1;36mscan[0m[1;36m][0m[1;36m[0m
[controller_server-8] [INFO] [1789587876.634427245] [local_costmap.local_costmap]: Timed out waiting for transform from base_footprint to odom to become available, tf error: Invalid frame ID "odom" passed to canTransform argument target_frame - frame does not exist
[amcl-6] [INFO] [1789587876.722087631] [amcl]: createLaserObject
[controller_server-8] [INFO] [1789587877.134539262] [local_costmap.local_costmap]: start
[controller_server-8] [WARN] [1789587877.336940354] [controller_server]: Parameter controller_server.verbose not found
[controller_server-8] [INFO] [1789587877.337650731] [controller_server]: Optimizer reset
[controller_server-8] [INFO] [1789587877.338101755] [MPPIController]: Activated MPPI Controller: FollowPath
[controller_server-8] [INFO] [1789587877.338139525] [controller_server]: Creating bond (controller_server) to lifecycle manager.
[lifecycle_manager-18] [INFO] [1789587877.450701523] [lifecycle_manager_navigation]: Server controller_server connected with bond.
[lifecycle_manager-18] [INFO] [1789587877.450776257] [lifecycle_manager_navigation]: [34m[1mActivating smoother_server[0m[0m
[smoother_server-9] [INFO] [1789587877.451470721] [smoother_server]: Activating
[smoother_server-9] [INFO] [1789587877.451502347] [smoother_server]: Creating bond (smoother_server) to lifecycle manager.
[lifecycle_manager-18] [INFO] [1789587877.561946106] [lifecycle_manager_navigation]: Server smoother_server connected with bond.
[lifecycle_manager-18] [INFO] [1789587877.562048840] [lifecycle_manager_navigation]: [34m[1mActivating planner_server[0m[0m
[planner_server-10] [INFO] [1789587877.562582152] [planner_server]: Activating
[planner_server-10] [INFO] [1789587877.562621231] [global_costmap.global_costmap]: Activating
[planner_server-10] [INFO] [1789587877.562629792] [global_costmap.global_costmap]: Checking transform
[planner_server-10] [INFO] [1789587877.562694756] [global_costmap.global_costmap]: Timed out waiting for transform from base_footprint to map to become available, tf error: Lookup would require extrapolation into the past.  Requested time 0.936000 but the earliest data is at time 1.100000, when looking up transform from frame [base_footprint] to frame [map]
[planner_server-10] [INFO] [1789587878.062770721] [global_costmap.global_costmap]: start
[planner_server-10] [INFO] [1789587879.114523747] [planner_server]: Activating plugin SmacLattice of type SmacPlannerLattice
[planner_server-10] [INFO] [1789587879.114597657] [planner_server]: Activating plugin ThetaStar of type nav2_theta_star_planner
[planner_server-10] [INFO] [1789587879.114612360] [planner_server]: Activating plugin NavfnAStar of type NavfnPlanner
[planner_server-10] [INFO] [1789587879.114623535] [planner_server]: Activating plugin Smac2D of type SmacPlanner2D
[planner_server-10] [INFO] [1789587879.114634121] [planner_server]: Activating plugin NavfnDijkstra of type NavfnPlanner
[planner_server-10] [INFO] [1789587879.114640885] [planner_server]: Activating plugin GridBased of type NavfnPlanner
[planner_server-10] [INFO] [1789587879.118336163] [planner_server]: Creating bond (planner_server) to lifecycle manager.
[lifecycle_manager-18] [INFO] [1789587879.231504419] [lifecycle_manager_navigation]: Server planner_server connected with bond.
[lifecycle_manager-18] [INFO] [1789587879.231577054] [lifecycle_manager_navigation]: [34m[1mActivating route_server[0m[0m
[route_server-11] [INFO] [1789587879.232601396] [route_server]: Activating
[route_server-11] [INFO] [1789587879.232885860] [route_server]: Creating bond (route_server) to lifecycle manager.
[lifecycle_manager-18] [INFO] [1789587879.349527959] [lifecycle_manager_navigation]: Server route_server connected with bond.
[lifecycle_manager-18] [INFO] [1789587879.349567560] [lifecycle_manager_navigation]: [34m[1mActivating behavior_server[0m[0m
[behavior_server-12] [INFO] [1789587879.350201672] [behavior_server]: Activating
[behavior_server-12] [INFO] [1789587879.350230393] [behavior_server]: Activating spin
[behavior_server-12] [INFO] [1789587879.350245391] [behavior_server]: Activating backup
[behavior_server-12] [INFO] [1789587879.350256859] [behavior_server]: Activating drive_on_heading
[behavior_server-12] [INFO] [1789587879.350357823] [behavior_server]: Activating assisted_teleop
[behavior_server-12] [INFO] [1789587879.350435752] [behavior_server]: Activating wait
[behavior_server-12] [INFO] [1789587879.350458787] [behavior_server]: Creating bond (behavior_server) to lifecycle manager.
[lifecycle_manager-18] [INFO] [1789587879.466094189] [lifecycle_manager_navigation]: Server behavior_server connected with bond.
[lifecycle_manager-18] [INFO] [1789587879.466165647] [lifecycle_manager_navigation]: [34m[1mActivating velocity_smoother[0m[0m
[velocity_smoother-15] [INFO] [1789587879.466686837] [velocity_smoother]: Activating
[velocity_smoother-15] [INFO] [1789587879.466760060] [velocity_smoother]: Creating bond (velocity_smoother) to lifecycle manager.
[lifecycle_manager-18] [INFO] [1789587879.579872149] [lifecycle_manager_navigation]: Server velocity_smoother connected with bond.
[lifecycle_manager-18] [INFO] [1789587879.579954292] [lifecycle_manager_navigation]: [34m[1mActivating collision_monitor[0m[0m
[collision_monitor-16] [INFO] [1789587879.580638690] [collision_monitor]: Activating
[collision_monitor-16] [INFO] [1789587879.580681428] [collision_monitor]: Creating bond (collision_monitor) to lifecycle manager.
[lifecycle_manager-18] [INFO] [1789587879.696991327] [lifecycle_manager_navigation]: Server collision_monitor connected with bond.
[lifecycle_manager-18] [INFO] [1789587879.697039554] [lifecycle_manager_navigation]: [34m[1mActivating bt_navigator[0m[0m
[bt_navigator-13] [INFO] [1789587879.697728853] [bt_navigator]: Activating
[bt_navigator-13] [INFO] [1789587879.872788850] [bt_navigator]: Creating bond (bt_navigator) to lifecycle manager.
[lifecycle_manager-18] [INFO] [1789587879.990144656] [lifecycle_manager_navigation]: Server bt_navigator connected with bond.
[lifecycle_manager-18] [INFO] [1789587879.990208567] [lifecycle_manager_navigation]: [34m[1mActivating waypoint_follower[0m[0m
[waypoint_follower-14] [INFO] [1789587879.990633497] [waypoint_follower]: Activating
[waypoint_follower-14] [INFO] [1789587879.990673001] [waypoint_follower]: Creating bond (waypoint_follower) to lifecycle manager.
[lifecycle_manager-18] [INFO] [1789587880.106937512] [lifecycle_manager_navigation]: Server waypoint_follower connected with bond.
[lifecycle_manager-18] [INFO] [1789587880.107009022] [lifecycle_manager_navigation]: [34m[1mActivating docking_server[0m[0m
[opennav_docking-17] [INFO] [1789587880.107688317] [docking_server]: Activating docking_server
[opennav_docking-17] [INFO] [1789587880.133661491] [docking_server]: Creating bond (docking_server) to lifecycle manager.
[lifecycle_manager-18] [INFO] [1789587880.241929178] [lifecycle_manager_navigation]: Server docking_server connected with bond.
[lifecycle_manager-18] [INFO] [1789587880.241980524] [lifecycle_manager_navigation]: [34m[1mManaged nodes are active[0m[0m
[lifecycle_manager-18] [INFO] [1789587880.241998328] [lifecycle_manager_navigation]: [34m[1mCreating bond timer...[0m[0m
[controller_server-8] [INFO] [1789587888.040627704] [controller_server]: Received a goal, begin computing control effort.
[controller_server-8] [WARN] [1789587888.040736847] [controller_server]: No goal checker was specified in parameter 'current_goal_checker'. Server will use only plugin loaded general_goal_checker . This warning will appear once.
[controller_server-8] [WARN] [1789587888.040764533] [controller_server]: No progress checker was specified in parameter 'current_progress_checker'. Server will use only plugin loaded progress_checker . This warning will appear once.
[parameter_bridge-4] [INFO] [1789587888.108563708] [ros_gz_bridge]: Passing message from ROS geometry_msgs/msg/Twist to Gazebo gz.msgs.Twist (showing msg only once per type)
[controller_server-8] [INFO] [1789587906.544159287] [controller_server]: Reached the goal!
[controller_server-8] [INFO] [1789587906.544814827] [controller_server]: Optimizer reset
[controller_server-8] [INFO] [1789587908.088851419] [controller_server]: Received a goal, begin computing control effort.
[controller_server-8] [INFO] [1789587935.890835673] [controller_server]: Reached the goal!
[controller_server-8] [INFO] [1789587935.891124844] [controller_server]: Optimizer reset
[controller_server-8] [INFO] [1789587937.450776889] [controller_server]: Received a goal, begin computing control effort.
[controller_server-8] [INFO] [1789587960.952748112] [controller_server]: Reached the goal!
[controller_server-8] [INFO] [1789587960.953087763] [controller_server]: Optimizer reset
[controller_server-8] [INFO] [1789587962.494529866] [controller_server]: Received a goal, begin computing control effort.
[controller_server-8] [INFO] [1789587988.296631082] [controller_server]: Reached the goal!
[controller_server-8] [INFO] [1789587988.297214163] [controller_server]: Optimizer reset
[controller_server-8] [INFO] [1789587989.813547648] [controller_server]: Received a goal, begin computing control effort.
[collision_monitor-16] [INFO] [1789588004.197956137] [collision_monitor]: Robot to approach for 1.200000 seconds away from collision
[collision_monitor-16] [INFO] [1789588005.027484582] [collision_monitor]: Robot to continue normal operation
[collision_monitor-16] [INFO] [1789588005.098209610] [collision_monitor]: Robot to approach for 1.200000 seconds away from collision
[collision_monitor-16] [INFO] [1789588005.137856838] [collision_monitor]: Robot to continue normal operation
[controller_server-8] [INFO] [1789588006.115434874] [controller_server]: Reached the goal!
[controller_server-8] [INFO] [1789588006.115853978] [controller_server]: Optimizer reset
[controller_server-8] [INFO] [1789588007.638805460] [controller_server]: Received a goal, begin computing control effort.
[controller_server-8] [INFO] [1789588024.242200564] [controller_server]: Reached the goal!
[controller_server-8] [INFO] [1789588024.242537781] [controller_server]: Optimizer reset
[controller_server-8] [INFO] [1789588025.763479620] [controller_server]: Received a goal, begin computing control effort.
[controller_server-8] [INFO] [1789588040.165003085] [controller_server]: Reached the goal!
[controller_server-8] [INFO] [1789588040.165288865] [controller_server]: Optimizer reset
[controller_server-8] [INFO] [1789588041.687311575] [controller_server]: Received a goal, begin computing control effort.
[controller_server-8] [INFO] [1789588050.388942629] [controller_server]: Optimizer reset
[controller_server-8] [INFO] [1789588050.389871915] [controller_server]: Optimizer reset
[controller_server-8] [WARN] [1789588050.390831585] [controller_server]: Optimizer fail to compute path
[controller_server-8] [INFO] [1789588062.489037766] [controller_server]: Reached the goal!
[controller_server-8] [INFO] [1789588062.489454601] [controller_server]: Optimizer reset
[controller_server-8] [INFO] [1789588064.017134118] [controller_server]: Received a goal, begin computing control effort.
[controller_server-8] [INFO] [1789588092.318405674] [controller_server]: Reached the goal!
[controller_server-8] [INFO] [1789588092.318641580] [controller_server]: Optimizer reset
[controller_server-8] [INFO] [1789588093.844053199] [controller_server]: Received a goal, begin computing control effort.
[controller_server-8] [INFO] [1789588119.251069688] [controller_server]: Reached the goal!
[controller_server-8] [INFO] [1789588119.254848737] [controller_server]: Optimizer reset
[controller_server-8] [INFO] [1789588120.781627000] [controller_server]: Received a goal, begin computing control effort.
[controller_server-8] [INFO] [1789588146.383289947] [controller_server]: Reached the goal!
[controller_server-8] [INFO] [1789588146.383605173] [controller_server]: Optimizer reset
[controller_server-8] [INFO] [1789588147.900616264] [controller_server]: Received a goal, begin computing control effort.
[collision_monitor-16] [INFO] [1789588164.747957742] [collision_monitor]: Robot to approach for 1.200000 seconds away from collision
[collision_monitor-16] [INFO] [1789588165.437650610] [collision_monitor]: Robot to continue normal operation
[controller_server-8] [INFO] [1789588166.502024167] [controller_server]: Reached the goal!
[controller_server-8] [INFO] [1789588166.502320558] [controller_server]: Optimizer reset
[controller_server-8] [INFO] [1789588168.042901335] [controller_server]: Received a goal, begin computing control effort.
[controller_server-8] [INFO] [1789588184.644722886] [controller_server]: Reached the goal!
[controller_server-8] [INFO] [1789588184.645067808] [controller_server]: Optimizer reset
[controller_server-8] [INFO] [1789588186.161102459] [controller_server]: Received a goal, begin computing control effort.
[controller_server-8] [INFO] [1789588200.262881692] [controller_server]: Reached the goal!
[controller_server-8] [INFO] [1789588200.263346053] [controller_server]: Optimizer reset
[controller_server-8] [INFO] [1789588201.783304179] [controller_server]: Received a goal, begin computing control effort.
[controller_server-8] [INFO] [1789588210.085020192] [controller_server]: Optimizer reset
[controller_server-8] [INFO] [1789588210.086667974] [controller_server]: Optimizer reset
[controller_server-8] [WARN] [1789588210.086752655] [controller_server]: Optimizer fail to compute path
[controller_server-8] [INFO] [1789588210.185220562] [controller_server]: Optimizer reset
[controller_server-8] [INFO] [1789588210.186992071] [controller_server]: Optimizer reset
[controller_server-8] [WARN] [1789588210.187089334] [controller_server]: Optimizer fail to compute path
[controller_server-8] [INFO] [1789588210.285872598] [controller_server]: Optimizer reset
[controller_server-8] [INFO] [1789588210.287669770] [controller_server]: Optimizer reset
[controller_server-8] [WARN] [1789588210.287774123] [controller_server]: Optimizer fail to compute path
[controller_server-8] [INFO] [1789588222.286094579] [controller_server]: Reached the goal!
[controller_server-8] [INFO] [1789588222.286405665] [controller_server]: Optimizer reset
[controller_server-8] [INFO] [1789588223.806694774] [controller_server]: Received a goal, begin computing control effort.
[controller_server-8] [INFO] [1789588249.508345573] [controller_server]: Reached the goal!
[controller_server-8] [INFO] [1789588249.508718666] [controller_server]: Optimizer reset
[controller_server-8] [INFO] [1789588251.028694657] [controller_server]: Received a goal, begin computing control effort.
[controller_server-8] [INFO] [1789588274.030726359] [controller_server]: Reached the goal!
[controller_server-8] [INFO] [1789588274.031045990] [controller_server]: Optimizer reset
[controller_server-8] [INFO] [1789588275.557414585] [controller_server]: Received a goal, begin computing control effort.
[controller_server-8] [INFO] [1789588300.559237194] [controller_server]: Reached the goal!
[controller_server-8] [INFO] [1789588300.559488104] [controller_server]: Optimizer reset
[controller_server-8] [INFO] [1789588302.069676148] [controller_server]: Received a goal, begin computing control effort.
[collision_monitor-16] [INFO] [1789588317.600076861] [collision_monitor]: Robot to approach for 1.200000 seconds away from collision
[collision_monitor-16] [INFO] [1789588318.327550760] [collision_monitor]: Robot to continue normal operation
[controller_server-8] [INFO] [1789588319.271321097] [controller_server]: Reached the goal!
[controller_server-8] [INFO] [1789588319.271620349] [controller_server]: Optimizer reset
[controller_server-8] [INFO] [1789588320.788964379] [controller_server]: Received a goal, begin computing control effort.
[controller_server-8] [INFO] [1789588337.090922259] [controller_server]: Reached the goal!
[controller_server-8] [INFO] [1789588337.091243475] [controller_server]: Optimizer reset
[controller_server-8] [INFO] [1789588338.606462171] [controller_server]: Received a goal, begin computing control effort.
[controller_server-8] [INFO] [1789588352.809602292] [controller_server]: Reached the goal!
[controller_server-8] [INFO] [1789588352.812709893] [controller_server]: Optimizer reset
[controller_server-8] [INFO] [1789588354.330931910] [controller_server]: Received a goal, begin computing control effort.
[controller_server-8] [INFO] [1789588372.832501946] [controller_server]: Reached the goal!
[controller_server-8] [INFO] [1789588372.832730944] [controller_server]: Optimizer reset
[controller_server-8] [INFO] [1789588374.355172453] [controller_server]: Received a goal, begin computing control effort.
[controller_server-8] [INFO] [1789588398.758381153] [controller_server]: Reached the goal!
[controller_server-8] [INFO] [1789588398.758931218] [controller_server]: Optimizer reset
[controller_server-8] [INFO] [1789588400.275519105] [controller_server]: Received a goal, begin computing control effort.
[controller_server-8] [INFO] [1789588422.277656984] [controller_server]: Reached the goal!
[controller_server-8] [INFO] [1789588422.278025061] [controller_server]: Optimizer reset
[controller_server-8] [INFO] [1789588423.806050907] [controller_server]: Received a goal, begin computing control effort.
[controller_server-8] [INFO] [1789588448.407555672] [controller_server]: Reached the goal!
[controller_server-8] [INFO] [1789588448.407855121] [controller_server]: Optimizer reset
[controller_server-8] [INFO] [1789588449.941516906] [controller_server]: Received a goal, begin computing control effort.
[collision_monitor-16] [INFO] [1789588463.948140977] [collision_monitor]: Robot to approach for 1.200000 seconds away from collision
[collision_monitor-16] [INFO] [1789588464.597706126] [collision_monitor]: Robot to continue normal operation
[controller_server-8] [INFO] [1789588465.643121335] [controller_server]: Reached the goal!
[controller_server-8] [INFO] [1789588465.643442813] [controller_server]: Optimizer reset
[controller_server-8] [INFO] [1789588467.160657300] [controller_server]: Received a goal, begin computing control effort.
[controller_server-8] [INFO] [1789588483.362533476] [controller_server]: Reached the goal!
[controller_server-8] [INFO] [1789588483.362713332] [controller_server]: Optimizer reset
[controller_server-8] [INFO] [1789588484.876280706] [controller_server]: Received a goal, begin computing control effort.
[controller_server-8] [INFO] [1789588498.877545749] [controller_server]: Reached the goal!
[controller_server-8] [INFO] [1789588498.877836031] [controller_server]: Optimizer reset
[controller_server-8] [INFO] [1789588500.415499883] [controller_server]: Received a goal, begin computing control effort.
[controller_server-8] [INFO] [1789588520.016960618] [controller_server]: Reached the goal!
[controller_server-8] [INFO] [1789588520.017206060] [controller_server]: Optimizer reset
[planner_server-10] [WARN] [1789588522.071940113] [planner_server]: Planner loop missed its desired rate of 20.0000 Hz. Current loop rate is 1.8248 Hz
[controller_server-8] [INFO] [1789588522.085617510] [controller_server]: Received a goal, begin computing control effort.
[controller_server-8] [INFO] [1789588547.287755303] [controller_server]: Reached the goal!
[controller_server-8] [INFO] [1789588547.288057563] [controller_server]: Optimizer reset
[controller_server-8] [INFO] [1789588548.811520766] [controller_server]: Received a goal, begin computing control effort.
[controller_server-8] [INFO] [1789588570.813240236] [controller_server]: Reached the goal!
[controller_server-8] [INFO] [1789588570.813595817] [controller_server]: Optimizer reset
[planner_server-10] [WARN] [1789588572.850029901] [planner_server]: Planner loop missed its desired rate of 20.0000 Hz. Current loop rate is 1.8797 Hz
[controller_server-8] [INFO] [1789588572.863667284] [controller_server]: Received a goal, begin computing control effort.
[controller_server-8] [INFO] [1789588597.566594748] [controller_server]: Reached the goal!
[controller_server-8] [INFO] [1789588597.568134922] [controller_server]: Optimizer reset
[controller_server-8] [INFO] [1789588599.089902941] [controller_server]: Received a goal, begin computing control effort.
[collision_monitor-16] [INFO] [1789588613.287498125] [collision_monitor]: Robot to approach for 1.200000 seconds away from collision
[collision_monitor-16] [INFO] [1789588613.937602055] [collision_monitor]: Robot to continue normal operation
[collision_monitor-16] [INFO] [1789588613.978354836] [collision_monitor]: Robot to approach for 1.200000 seconds away from collision
[collision_monitor-16] [INFO] [1789588614.047781951] [collision_monitor]: Robot to continue normal operation
[controller_server-8] [INFO] [1789588614.392624069] [controller_server]: Reached the goal!
[controller_server-8] [INFO] [1789588614.392901094] [controller_server]: Optimizer reset
[planner_server-10] [WARN] [1789588616.095951636] [planner_server]: Planner loop missed its desired rate of 20.0000 Hz. Current loop rate is 5.0000 Hz
[controller_server-8] [INFO] [1789588616.102374284] [controller_server]: Received a goal, begin computing control effort.
[controller_server-8] [INFO] [1789588632.204192797] [controller_server]: Reached the goal!
[controller_server-8] [INFO] [1789588632.204462854] [controller_server]: Optimizer reset
[controller_server-8] [INFO] [1789588633.726751157] [controller_server]: Received a goal, begin computing control effort.
[controller_server-8] [INFO] [1789588659.728384675] [controller_server]: Reached the goal!
[controller_server-8] [INFO] [1789588659.728602499] [controller_server]: Optimizer reset
[controller_server-8] [INFO] [1789588661.260138809] [controller_server]: Received a goal, begin computing control effort.
[controller_server-8] [INFO] [1789588683.163977588] [controller_server]: Reached the goal!
[controller_server-8] [INFO] [1789588683.165981047] [controller_server]: Optimizer reset
[controller_server-8] [INFO] [1789588684.795193353] [controller_server]: Received a goal, begin computing control effort.
[controller_server-8] [WARN] [1789588688.597100718] [controller_server]: Control loop missed its desired rate of 10.0000 Hz. Current loop rate is 22.7273 Hz.
[controller_server-8] [INFO] [1789588712.598657533] [controller_server]: Reached the goal!
[controller_server-8] [INFO] [1789588712.598935982] [controller_server]: Optimizer reset
[controller_server-8] [INFO] [1789588714.137885963] [controller_server]: Received a goal, begin computing control effort.
[controller_server-8] [INFO] [1789588739.040100648] [controller_server]: Reached the goal!
[controller_server-8] [INFO] [1789588739.040538949] [controller_server]: Optimizer reset
[controller_server-8] [INFO] [1789588740.577687806] [controller_server]: Received a goal, begin computing control effort.
[controller_server-8] [INFO] [1789588766.579027741] [controller_server]: Reached the goal!
[controller_server-8] [INFO] [1789588766.579325209] [controller_server]: Optimizer reset
[controller_server-8] [INFO] [1789588768.098741960] [controller_server]: Received a goal, begin computing control effort.
[collision_monitor-16] [INFO] [1789588783.298800427] [collision_monitor]: Robot to approach for 1.200000 seconds away from collision
[collision_monitor-16] [INFO] [1789588783.437835669] [collision_monitor]: Robot to continue normal operation
[collision_monitor-16] [INFO] [1789588783.477495360] [collision_monitor]: Robot to approach for 1.200000 seconds away from collision
[collision_monitor-16] [INFO] [1789588783.548155540] [collision_monitor]: Robot to continue normal operation
[controller_server-8] [INFO] [1789588784.700278662] [controller_server]: Reached the goal!
[controller_server-8] [INFO] [1789588784.700771819] [controller_server]: Optimizer reset
[controller_server-8] [INFO] [1789588786.215893793] [controller_server]: Received a goal, begin computing control effort.
[controller_server-8] [INFO] [1789588802.617269120] [controller_server]: Reached the goal!
[controller_server-8] [INFO] [1789588802.617528308] [controller_server]: Optimizer reset
[controller_server-8] [INFO] [1789588804.133256038] [controller_server]: Received a goal, begin computing control effort.
[controller_server-8] [INFO] [1789588818.235050555] [controller_server]: Reached the goal!
[controller_server-8] [INFO] [1789588818.235410159] [controller_server]: Optimizer reset
[controller_server-8] [INFO] [1789588819.757846731] [controller_server]: Received a goal, begin computing control effort.
[controller_server-8] [INFO] [1789588828.659383122] [controller_server]: Optimizer reset
[controller_server-8] [INFO] [1789588828.661250980] [controller_server]: Optimizer reset
[controller_server-8] [WARN] [1789588828.661466011] [controller_server]: Optimizer fail to compute path
[controller_server-8] [INFO] [1789588828.859624478] [controller_server]: Optimizer reset
[controller_server-8] [INFO] [1789588828.861717430] [controller_server]: Optimizer reset
[controller_server-8] [WARN] [1789588828.861810908] [controller_server]: Optimizer fail to compute path
[controller_server-8] [INFO] [1789588840.360138535] [controller_server]: Reached the goal!
[controller_server-8] [INFO] [1789588840.360492303] [controller_server]: Optimizer reset
[controller_server-8] [INFO] [1789588841.895846591] [controller_server]: Received a goal, begin computing control effort.
[controller_server-8] [INFO] [1789588867.897897505] [controller_server]: Reached the goal!
[controller_server-8] [INFO] [1789588867.899528348] [controller_server]: Optimizer reset
[controller_server-8] [INFO] [1789588869.420775045] [controller_server]: Received a goal, begin computing control effort.
[controller_server-8] [INFO] [1789588893.022004408] [controller_server]: Reached the goal!
[controller_server-8] [INFO] [1789588893.022275046] [controller_server]: Optimizer reset
[controller_server-8] [INFO] [1789588894.545737182] [controller_server]: Received a goal, begin computing control effort.
[controller_server-8] [INFO] [1789588919.348105673] [controller_server]: Reached the goal!
[controller_server-8] [INFO] [1789588919.348510533] [controller_server]: Optimizer reset
[controller_server-8] [INFO] [1789588920.870254789] [controller_server]: Received a goal, begin computing control effort.
[collision_monitor-16] [INFO] [1789588936.408110464] [collision_monitor]: Robot to approach for 1.200000 seconds away from collision
[collision_monitor-16] [INFO] [1789588936.837736321] [collision_monitor]: Robot to continue normal operation
[controller_server-8] [INFO] [1789588937.972080360] [controller_server]: Reached the goal!
[controller_server-8] [INFO] [1789588937.973710711] [controller_server]: Optimizer reset
[controller_server-8] [INFO] [1789588939.486722044] [controller_server]: Received a goal, begin computing control effort.
[controller_server-8] [INFO] [1789588955.688811944] [controller_server]: Reached the goal!
[controller_server-8] [INFO] [1789588955.689085805] [controller_server]: Optimizer reset
[controller_server-8] [INFO] [1789588957.202520825] [controller_server]: Received a goal, begin computing control effort.
[controller_server-8] [INFO] [1789588971.703796529] [controller_server]: Reached the goal!
[controller_server-8] [INFO] [1789588971.704081175] [controller_server]: Optimizer reset
[controller_server-8] [INFO] [1789588973.216317643] [controller_server]: Received a goal, begin computing control effort.
[controller_server-8] [INFO] [1789588981.117364767] [controller_server]: Optimizer reset
[controller_server-8] [INFO] [1789588981.118552674] [controller_server]: Optimizer reset
[controller_server-8] [WARN] [1789588981.118650527] [controller_server]: Optimizer fail to compute path
[controller_server-8] [INFO] [1789588992.118970905] [controller_server]: Reached the goal!
[controller_server-8] [INFO] [1789588992.119342228] [controller_server]: Optimizer reset
[controller_server-8] [INFO] [1789588993.635417241] [controller_server]: Received a goal, begin computing control effort.
[controller_server-8] [INFO] [1789589018.437291738] [controller_server]: Reached the goal!
[controller_server-8] [INFO] [1789589018.437601542] [controller_server]: Optimizer reset
[controller_server-8] [INFO] [1789589019.953954163] [controller_server]: Received a goal, begin computing control effort.
[controller_server-8] [INFO] [1789589041.756206356] [controller_server]: Reached the goal!
[controller_server-8] [INFO] [1789589041.756420020] [controller_server]: Optimizer reset
[controller_server-8] [INFO] [1789589043.269986959] [controller_server]: Received a goal, begin computing control effort.
[controller_server-8] [INFO] [1789589068.271995700] [controller_server]: Reached the goal!
[controller_server-8] [INFO] [1789589068.272256572] [controller_server]: Optimizer reset
[controller_server-8] [INFO] [1789589069.786747051] [controller_server]: Received a goal, begin computing control effort.
[collision_monitor-16] [INFO] [1789589084.009791512] [collision_monitor]: Robot to approach for 1.200000 seconds away from collision
[collision_monitor-16] [INFO] [1789589084.437887850] [collision_monitor]: Robot to continue normal operation
[controller_server-8] [INFO] [1789589085.688389632] [controller_server]: Reached the goal!
[controller_server-8] [INFO] [1789589085.688650028] [controller_server]: Optimizer reset
[controller_server-8] [INFO] [1789589087.200116205] [controller_server]: Received a goal, begin computing control effort.
[controller_server-8] [INFO] [1789589103.702238491] [controller_server]: Reached the goal!
[controller_server-8] [INFO] [1789589103.702609911] [controller_server]: Optimizer reset
[controller_server-8] [INFO] [1789589105.213874176] [controller_server]: Received a goal, begin computing control effort.
[controller_server-8] [INFO] [1789589119.315506230] [controller_server]: Reached the goal!
[controller_server-8] [INFO] [1789589119.316315507] [controller_server]: Optimizer reset
[controller_server-8] [INFO] [1789589120.846423301] [controller_server]: Received a goal, begin computing control effort.
[controller_server-8] [INFO] [1789589140.048809266] [controller_server]: Reached the goal!
[controller_server-8] [INFO] [1789589140.049031439] [controller_server]: Optimizer reset
[planner_server-10] [WARN] [1789589142.584590834] [planner_server]: Planner loop missed its desired rate of 20.0000 Hz. Current loop rate is 0.9728 Hz
[controller_server-8] [INFO] [1789589142.605507510] [controller_server]: Received a goal, begin computing control effort.
[controller_server-8] [INFO] [1789589167.807309124] [controller_server]: Reached the goal!
[controller_server-8] [INFO] [1789589167.807742646] [controller_server]: Optimizer reset
[controller_server-8] [INFO] [1789589169.333501176] [controller_server]: Received a goal, begin computing control effort.
[controller_server-8] [INFO] [1789589191.534905248] [controller_server]: Reached the goal!
[controller_server-8] [INFO] [1789589191.535163252] [controller_server]: Optimizer reset
[planner_server-10] [WARN] [1789589193.616458012] [planner_server]: Planner loop missed its desired rate of 20.0000 Hz. Current loop rate is 1.7241 Hz
[controller_server-8] [INFO] [1789589193.636486858] [controller_server]: Received a goal, begin computing control effort.
[controller_server-8] [INFO] [1789589217.838512310] [controller_server]: Reached the goal!
[controller_server-8] [INFO] [1789589217.838807367] [controller_server]: Optimizer reset
[controller_server-8] [INFO] [1789589219.384949511] [controller_server]: Received a goal, begin computing control effort.
[collision_monitor-16] [INFO] [1789589233.167205000] [collision_monitor]: Robot to approach for 1.200000 seconds away from collision
[collision_monitor-16] [INFO] [1789589233.857867699] [collision_monitor]: Robot to continue normal operation
[collision_monitor-16] [INFO] [1789589233.887430639] [collision_monitor]: Robot to approach for 1.200000 seconds away from collision
[collision_monitor-16] [INFO] [1789589233.927467118] [collision_monitor]: Robot to continue normal operation
[controller_server-8] [INFO] [1789589234.287214665] [controller_server]: Reached the goal!
[controller_server-8] [INFO] [1789589234.287559993] [controller_server]: Optimizer reset
[planner_server-10] [WARN] [1789589235.987383203] [planner_server]: Planner loop missed its desired rate of 20.0000 Hz. Current loop rate is 5.1020 Hz
[controller_server-8] [INFO] [1789589235.999192520] [controller_server]: Received a goal, begin computing control effort.
[controller_server-8] [INFO] [1789589252.100668807] [controller_server]: Reached the goal!
[controller_server-8] [INFO] [1789589252.101046216] [controller_server]: Optimizer reset
[controller_server-8] [INFO] [1789589253.616563127] [controller_server]: Received a goal, begin computing control effort.
[amcl-6] [INFO] [1789589276.075239253] [amcl]: Message Filter dropping message: frame 'lidar_link' at time 1391.300 for reason 'the timestamp on the message is earlier than all the data in the transform cache'
[controller_server-8] [INFO] [1789589288.217755955] [controller_server]: Reached the goal!
[controller_server-8] [INFO] [1789589288.218097834] [controller_server]: Optimizer reset
[controller_server-8] [INFO] [1789589289.739916191] [controller_server]: Received a goal, begin computing control effort.
[controller_server-8] [INFO] [1789589309.044552253] [controller_server]: Reached the goal!
[controller_server-8] [INFO] [1789589309.044854000] [controller_server]: Optimizer reset
[controller_server-8] [INFO] [1789589310.624736348] [controller_server]: Received a goal, begin computing control effort.
[controller_server-8] [INFO] [1789589338.126542141] [controller_server]: Reached the goal!
[controller_server-8] [INFO] [1789589338.126793422] [controller_server]: Optimizer reset
[controller_server-8] [INFO] [1789589339.646835825] [controller_server]: Received a goal, begin computing control effort.
[controller_server-8] [INFO] [1789589362.648563587] [controller_server]: Reached the goal!
[controller_server-8] [INFO] [1789589362.649014984] [controller_server]: Optimizer reset
[controller_server-8] [INFO] [1789589364.187918953] [controller_server]: Received a goal, begin computing control effort.
[controller_server-8] [INFO] [1789589389.089542133] [controller_server]: Reached the goal!
[controller_server-8] [INFO] [1789589389.090147800] [controller_server]: Optimizer reset
[controller_server-8] [INFO] [1789589390.610784945] [controller_server]: Received a goal, begin computing control effort.
[collision_monitor-16] [INFO] [1789589404.578252216] [collision_monitor]: Robot to approach for 1.200000 seconds away from collision
[collision_monitor-16] [INFO] [1789589405.117351605] [collision_monitor]: Robot to continue normal operation
[collision_monitor-16] [INFO] [1789589405.197976091] [collision_monitor]: Robot to approach for 1.200000 seconds away from collision
[collision_monitor-16] [INFO] [1789589405.227474469] [collision_monitor]: Robot to continue normal operation
[controller_server-8] [INFO] [1789589406.412589067] [controller_server]: Reached the goal!
[controller_server-8] [INFO] [1789589406.412920399] [controller_server]: Optimizer reset
[controller_server-8] [INFO] [1789589407.928391370] [controller_server]: Received a goal, begin computing control effort.
[controller_server-8] [INFO] [1789589424.429704054] [controller_server]: Reached the goal!
[controller_server-8] [INFO] [1789589424.429934049] [controller_server]: Optimizer reset
[controller_server-8] [INFO] [1789589425.948335878] [controller_server]: Received a goal, begin computing control effort.
[controller_server-8] [INFO] [1789589440.549775374] [controller_server]: Reached the goal!
[controller_server-8] [INFO] [1789589440.550130804] [controller_server]: Optimizer reset
[controller_server-8] [INFO] [1789589442.086458271] [controller_server]: Received a goal, begin computing control effort.
[controller_server-8] [INFO] [1789589450.288228581] [controller_server]: Optimizer reset
[controller_server-8] [INFO] [1789589450.289875641] [controller_server]: Optimizer reset
[controller_server-8] [WARN] [1789589450.290012663] [controller_server]: Optimizer fail to compute path
[controller_server-8] [INFO] [1789589462.187988802] [controller_server]: Reached the goal!
[controller_server-8] [INFO] [1789589462.188367471] [controller_server]: Optimizer reset
[controller_server-8] [INFO] [1789589463.706491369] [controller_server]: Received a goal, begin computing control effort.
[controller_server-8] [INFO] [1789589489.708059401] [controller_server]: Reached the goal!
[controller_server-8] [INFO] [1789589489.708430745] [controller_server]: Optimizer reset
[controller_server-8] [INFO] [1789589491.227558894] [controller_server]: Received a goal, begin computing control effort.
[controller_server-8] [INFO] [1789589514.229252758] [controller_server]: Reached the goal!
[controller_server-8] [INFO] [1789589514.229610254] [controller_server]: Optimizer reset
[controller_server-8] [INFO] [1789589515.757756363] [controller_server]: Received a goal, begin computing control effort.
[controller_server-8] [INFO] [1789589541.759512917] [controller_server]: Reached the goal!
[controller_server-8] [INFO] [1789589541.760756231] [controller_server]: Optimizer reset
[controller_server-8] [INFO] [1789589543.276555835] [controller_server]: Received a goal, begin computing control effort.
[collision_monitor-16] [INFO] [1789589558.577471377] [collision_monitor]: Robot to approach for 1.200000 seconds away from collision
[collision_monitor-16] [INFO] [1789589559.447638599] [collision_monitor]: Robot to continue normal operation
[controller_server-8] [INFO] [1789589560.478456164] [controller_server]: Reached the goal!
[controller_server-8] [INFO] [1789589560.478734401] [controller_server]: Optimizer reset
[controller_server-8] [INFO] [1789589561.990878494] [controller_server]: Received a goal, begin computing control effort.
[controller_server-8] [INFO] [1789589578.593331327] [controller_server]: Reached the goal!
[controller_server-8] [INFO] [1789589578.593655540] [controller_server]: Optimizer reset
[controller_server-8] [INFO] [1789589580.105925533] [controller_server]: Received a goal, begin computing control effort.
[controller_server-8] [INFO] [1789589594.408038267] [controller_server]: Reached the goal!
[controller_server-8] [INFO] [1789589594.408425179] [controller_server]: Optimizer reset
[controller_server-8] [INFO] [1789589595.921059881] [controller_server]: Received a goal, begin computing control effort.
[controller_server-8] [INFO] [1789589614.522541949] [controller_server]: Reached the goal!
[controller_server-8] [INFO] [1789589614.522903331] [controller_server]: Optimizer reset
[controller_server-8] [INFO] [1789589616.060832841] [controller_server]: Received a goal, begin computing control effort.
[controller_server-8] [INFO] [1789589640.263403782] [controller_server]: Reached the goal!
[controller_server-8] [INFO] [1789589640.263617544] [controller_server]: Optimizer reset
[controller_server-8] [INFO] [1789589641.779456584] [controller_server]: Received a goal, begin computing control effort.
[controller_server-8] [INFO] [1789589663.982623389] [controller_server]: Reached the goal!
[controller_server-8] [INFO] [1789589663.982931172] [controller_server]: Optimizer reset
[controller_server-8] [INFO] [1789589665.507222247] [controller_server]: Received a goal, begin computing control effort.
[controller_server-8] [INFO] [1789589690.209134803] [controller_server]: Reached the goal!
[controller_server-8] [INFO] [1789589690.209373391] [controller_server]: Optimizer reset
[controller_server-8] [INFO] [1789589691.723079997] [controller_server]: Received a goal, begin computing control effort.
[collision_monitor-16] [INFO] [1789589705.827413324] [collision_monitor]: Robot to approach for 1.200000 seconds away from collision
[collision_monitor-16] [INFO] [1789589706.397653226] [collision_monitor]: Robot to continue normal operation
[collision_monitor-16] [INFO] [1789589706.437489533] [collision_monitor]: Robot to approach for 1.200000 seconds away from collision
[collision_monitor-16] [INFO] [1789589706.477305454] [collision_monitor]: Robot to continue normal operation
[controller_server-8] [INFO] [1789589707.524982930] [controller_server]: Reached the goal!
[controller_server-8] [INFO] [1789589707.525374115] [controller_server]: Optimizer reset
[controller_server-8] [INFO] [1789589709.034929795] [controller_server]: Received a goal, begin computing control effort.
[controller_server-8] [INFO] [1789589725.536533751] [controller_server]: Reached the goal!
[controller_server-8] [INFO] [1789589725.536906534] [controller_server]: Optimizer reset
[controller_server-8] [INFO] [1789589727.052855084] [controller_server]: Received a goal, begin computing control effort.
[controller_server-8] [INFO] [1789589741.357777502] [controller_server]: Reached the goal!
[controller_server-8] [INFO] [1789589741.358096946] [controller_server]: Optimizer reset
[controller_server-8] [INFO] [1789589742.891414471] [controller_server]: Received a goal, begin computing control effort.
[controller_server-8] [INFO] [1789589763.293916473] [controller_server]: Reached the goal!
[controller_server-8] [INFO] [1789589763.294453589] [controller_server]: Optimizer reset
[planner_server-10] [WARN] [1789589765.481412178] [planner_server]: Planner loop missed its desired rate of 20.0000 Hz. Current loop rate is 1.4706 Hz
[controller_server-8] [INFO] [1789589765.494774783] [controller_server]: Received a goal, begin computing control effort.
[controller_server-8] [INFO] [1789589791.096237488] [controller_server]: Reached the goal!
[controller_server-8] [INFO] [1789589791.096540136] [controller_server]: Optimizer reset
[controller_server-8] [INFO] [1789589792.865977600] [controller_server]: Received a goal, begin computing control effort.
[controller_server-8] [INFO] [1789589814.767607384] [controller_server]: Reached the goal!
[controller_server-8] [INFO] [1789589814.768006295] [controller_server]: Optimizer reset
[planner_server-10] [WARN] [1789589816.779284139] [planner_server]: Planner loop missed its desired rate of 20.0000 Hz. Current loop rate is 1.9685 Hz
[controller_server-8] [INFO] [1789589816.788633641] [controller_server]: Received a goal, begin computing control effort.
[controller_server-8] [INFO] [1789589841.689925293] [controller_server]: Reached the goal!
[controller_server-8] [INFO] [1789589841.690203358] [controller_server]: Optimizer reset
[controller_server-8] [INFO] [1789589843.206950037] [controller_server]: Received a goal, begin computing control effort.
[collision_monitor-16] [INFO] [1789589857.197878036] [collision_monitor]: Robot to approach for 1.200000 seconds away from collision
[collision_monitor-16] [INFO] [1789589857.517282279] [collision_monitor]: Robot to continue normal operation
[collision_monitor-16] [INFO] [1789589857.588585977] [collision_monitor]: Robot to approach for 1.200000 seconds away from collision
[collision_monitor-16] [INFO] [1789589857.627457433] [collision_monitor]: Robot to continue normal operation
[controller_server-8] [INFO] [1789589858.208874487] [controller_server]: Reached the goal!
[controller_server-8] [INFO] [1789589858.209303813] [controller_server]: Optimizer reset
[planner_server-10] [WARN] [1789589859.898861925] [planner_server]: Planner loop missed its desired rate of 20.0000 Hz. Current loop rate is 5.4348 Hz
[controller_server-8] [INFO] [1789589859.905409787] [controller_server]: Received a goal, begin computing control effort.
[controller_server-8] [INFO] [1789589876.308965067] [controller_server]: Reached the goal!
[controller_server-8] [INFO] [1789589876.309273563] [controller_server]: Optimizer reset
[controller_server-8] [INFO] [1789589877.847071841] [controller_server]: Received a goal, begin computing control effort.
[controller_server-8] [INFO] [1789589909.548465089] [controller_server]: Reached the goal!
[controller_server-8] [INFO] [1789589909.548814569] [controller_server]: Optimizer reset
[controller_server-8] [INFO] [1789589911.076669548] [controller_server]: Received a goal, begin computing control effort.
[controller_server-8] [INFO] [1789589931.478397703] [controller_server]: Reached the goal!
[controller_server-8] [INFO] [1789589931.478672564] [controller_server]: Optimizer reset
[controller_server-8] [INFO] [1789589933.006724433] [controller_server]: Received a goal, begin computing control effort.
[controller_server-8] [INFO] [1789589958.608209011] [controller_server]: Reached the goal!
[controller_server-8] [INFO] [1789589958.608587500] [controller_server]: Optimizer reset
[controller_server-8] [INFO] [1789589960.135498282] [controller_server]: Received a goal, begin computing control effort.
[controller_server-8] [INFO] [1789589982.637054380] [controller_server]: Reached the goal!
[controller_server-8] [INFO] [1789589982.637326542] [controller_server]: Optimizer reset
[controller_server-8] [INFO] [1789589984.171200461] [controller_server]: Received a goal, begin computing control effort.
[controller_server-8] [INFO] [1789590009.674044769] [controller_server]: Reached the goal!
[controller_server-8] [INFO] [1789590009.675973372] [controller_server]: Optimizer reset
[controller_server-8] [INFO] [1789590011.203873620] [controller_server]: Received a goal, begin computing control effort.
[controller_server-8] [INFO] [1789590026.806029584] [controller_server]: Reached the goal!
[controller_server-8] [INFO] [1789590026.806422326] [controller_server]: Optimizer reset
[controller_server-8] [INFO] [1789590028.331107783] [controller_server]: Received a goal, begin computing control effort.
[controller_server-8] [INFO] [1789590044.933464033] [controller_server]: Reached the goal!
[controller_server-8] [INFO] [1789590044.935646289] [controller_server]: Optimizer reset
[controller_server-8] [INFO] [1789590046.457772867] [controller_server]: Received a goal, begin computing control effort.
[controller_server-8] [INFO] [1789590060.859553987] [controller_server]: Reached the goal!
[controller_server-8] [INFO] [1789590060.860585487] [controller_server]: Optimizer reset
[controller_server-8] [INFO] [1789590062.390166500] [controller_server]: Received a goal, begin computing control effort.
[controller_server-8] [INFO] [1789590082.791907714] [controller_server]: Reached the goal!
[controller_server-8] [INFO] [1789590082.792628182] [controller_server]: Optimizer reset
[controller_server-8] [INFO] [1789590084.351498873] [controller_server]: Received a goal, begin computing control effort.
[controller_server-8] [INFO] [1789590111.554056822] [controller_server]: Reached the goal!
[controller_server-8] [INFO] [1789590111.554782118] [controller_server]: Optimizer reset
[controller_server-8] [INFO] [1789590113.090152429] [controller_server]: Received a goal, begin computing control effort.
[controller_server-8] [INFO] [1789590137.191800435] [controller_server]: Reached the goal!
[controller_server-8] [INFO] [1789590137.193672456] [controller_server]: Optimizer reset
[controller_server-8] [INFO] [1789590138.728731585] [controller_server]: Received a goal, begin computing control effort.
