[INFO] [launch]: All log files can be found below /home/robojazzy/.ros/log/2026-09-16-21-18-08-865928-DESKTOP-NOCCT0U-333995
[INFO] [launch]: Default logging verbosity is set to INFO
[INFO] [gazebo-1]: process started with pid [334006]
[INFO] [robot_state_publisher-2]: process started with pid [334007]
[INFO] [create-3]: process started with pid [334008]
[INFO] [parameter_bridge-4]: process started with pid [334010]
[INFO] [map_server-5]: process started with pid [334011]
[INFO] [amcl-6]: process started with pid [334012]
[INFO] [lifecycle_manager-7]: process started with pid [334013]
[INFO] [controller_server-8]: process started with pid [334014]
[INFO] [smoother_server-9]: process started with pid [334015]
[INFO] [planner_server-10]: process started with pid [334018]
[INFO] [route_server-11]: process started with pid [334019]
[INFO] [behavior_server-12]: process started with pid [334020]
[INFO] [bt_navigator-13]: process started with pid [334021]
[INFO] [waypoint_follower-14]: process started with pid [334022]
[INFO] [velocity_smoother-15]: process started with pid [334023]
[INFO] [collision_monitor-16]: process started with pid [334024]
[INFO] [opennav_docking-17]: process started with pid [334025]
[INFO] [lifecycle_manager-18]: process started with pid [334028]
[robot_state_publisher-2] [INFO] [1789586290.204153575] [robot_state_publisher]: Robot initialized
[collision_monitor-16] [INFO] [1789586290.222169648] [collision_monitor]: 
[collision_monitor-16] 	collision_monitor lifecycle node launched. 
[collision_monitor-16] 	Waiting on external lifecycle transitions to activate
[collision_monitor-16] 	See https://design.ros2.org/articles/node_lifecycle.html for more information.
[lifecycle_manager-7] [INFO] [1789586290.237796291] [lifecycle_manager_localization]: Creating
[map_server-5] [INFO] [1789586290.247436720] [map_server]: 
[map_server-5] 	map_server lifecycle node launched. 
[map_server-5] 	Waiting on external lifecycle transitions to activate
[map_server-5] 	See https://design.ros2.org/articles/node_lifecycle.html for more information.
[map_server-5] [INFO] [1789586290.248995384] [map_server]: Creating
[create-3] [INFO] [1789586290.264969506] [ros_gz_sim]: Requesting list of world names.
[amcl-6] [INFO] [1789586290.281188445] [amcl]: 
[amcl-6] 	amcl lifecycle node launched. 
[amcl-6] 	Waiting on external lifecycle transitions to activate
[amcl-6] 	See https://design.ros2.org/articles/node_lifecycle.html for more information.
[amcl-6] [INFO] [1789586290.282181110] [amcl]: Creating
[lifecycle_manager-7] [INFO] [1789586290.313306650] [lifecycle_manager_localization]: [34m[1mCreating and initializing lifecycle service clients[0m[0m
[smoother_server-9] [INFO] [1789586290.314045028] [smoother_server]: 
[smoother_server-9] 	smoother_server lifecycle node launched. 
[smoother_server-9] 	Waiting on external lifecycle transitions to activate
[smoother_server-9] 	See https://design.ros2.org/articles/node_lifecycle.html for more information.
[smoother_server-9] [INFO] [1789586290.326996423] [smoother_server]: Creating smoother server
[lifecycle_manager-7] [INFO] [1789586290.348742873] [lifecycle_manager_localization]: [34m[1mStarting managed nodes bringup...[0m[0m
[lifecycle_manager-7] [INFO] [1789586290.348879185] [lifecycle_manager_localization]: [34m[1mConfiguring map_server[0m[0m
[lifecycle_manager-18] [INFO] [1789586290.355380724] [lifecycle_manager_navigation]: Creating
[velocity_smoother-15] [INFO] [1789586290.367542761] [velocity_smoother]: 
[velocity_smoother-15] 	velocity_smoother lifecycle node launched. 
[velocity_smoother-15] 	Waiting on external lifecycle transitions to activate
[velocity_smoother-15] 	See https://design.ros2.org/articles/node_lifecycle.html for more information.
[planner_server-10] [INFO] [1789586290.373806335] [planner_server]: 
[planner_server-10] 	planner_server lifecycle node launched. 
[planner_server-10] 	Waiting on external lifecycle transitions to activate
[planner_server-10] 	See https://design.ros2.org/articles/node_lifecycle.html for more information.
[planner_server-10] [INFO] [1789586290.392587685] [planner_server]: Creating
[behavior_server-12] [INFO] [1789586290.394037845] [behavior_server]: 
[behavior_server-12] 	behavior_server lifecycle node launched. 
[behavior_server-12] 	Waiting on external lifecycle transitions to activate
[behavior_server-12] 	See https://design.ros2.org/articles/node_lifecycle.html for more information.
[lifecycle_manager-18] [INFO] [1789586290.395639327] [lifecycle_manager_navigation]: [34m[1mCreating and initializing lifecycle service clients[0m[0m
[controller_server-8] [INFO] [1789586290.402095933] [controller_server]: 
[controller_server-8] 	controller_server lifecycle node launched. 
[controller_server-8] 	Waiting on external lifecycle transitions to activate
[controller_server-8] 	See https://design.ros2.org/articles/node_lifecycle.html for more information.
[bt_navigator-13] [INFO] [1789586290.404276915] [bt_navigator]: 
[bt_navigator-13] 	bt_navigator lifecycle node launched. 
[bt_navigator-13] 	Waiting on external lifecycle transitions to activate
[bt_navigator-13] 	See https://design.ros2.org/articles/node_lifecycle.html for more information.
[bt_navigator-13] [INFO] [1789586290.413281425] [bt_navigator]: Creating
[controller_server-8] [INFO] [1789586290.436899260] [controller_server]: Creating controller server
[route_server-11] [INFO] [1789586290.470334840] [route_server]: 
[route_server-11] 	route_server lifecycle node launched. 
[route_server-11] 	Waiting on external lifecycle transitions to activate
[route_server-11] 	See https://design.ros2.org/articles/node_lifecycle.html for more information.
[waypoint_follower-14] [INFO] [1789586290.482097716] [waypoint_follower]: 
[waypoint_follower-14] 	waypoint_follower lifecycle node launched. 
[waypoint_follower-14] 	Waiting on external lifecycle transitions to activate
[waypoint_follower-14] 	See https://design.ros2.org/articles/node_lifecycle.html for more information.
[waypoint_follower-14] [INFO] [1789586290.483752695] [waypoint_follower]: Creating
[opennav_docking-17] [INFO] [1789586290.491493328] [docking_server]: 
[opennav_docking-17] 	docking_server lifecycle node launched. 
[opennav_docking-17] 	Waiting on external lifecycle transitions to activate
[opennav_docking-17] 	See https://design.ros2.org/articles/node_lifecycle.html for more information.
[opennav_docking-17] [INFO] [1789586290.491673565] [docking_server]: Creating docking_server
[planner_server-10] [INFO] [1789586290.504072158] [global_costmap.global_costmap]: 
[planner_server-10] 	global_costmap lifecycle node launched. 
[planner_server-10] 	Waiting on external lifecycle transitions to activate
[planner_server-10] 	See https://design.ros2.org/articles/node_lifecycle.html for more information.
[planner_server-10] [INFO] [1789586290.505927524] [global_costmap.global_costmap]: Creating Costmap
[controller_server-8] [INFO] [1789586290.525553743] [local_costmap.local_costmap]: 
[controller_server-8] 	local_costmap lifecycle node launched. 
[controller_server-8] 	Waiting on external lifecycle transitions to activate
[controller_server-8] 	See https://design.ros2.org/articles/node_lifecycle.html for more information.
[map_server-5] [INFO] [1789586290.525689954] [map_server]: Configuring
[map_server-5] [INFO] [1789586290.525780727] [map_io]: Loading yaml file: /home/robojazzy/robofetch_ws_copy/robofetch_ws/install/robofetch_nav/share/robofetch_nav/maps/factory_maze.yaml
[map_server-5] [INFO] [1789586290.526384205] [map_io]: resolution: 0.05
[map_server-5] [INFO] [1789586290.526399015] [map_io]: origin[0]: -7.75
[map_server-5] [INFO] [1789586290.526408787] [map_io]: origin[1]: -5.5
[map_server-5] [INFO] [1789586290.526414228] [map_io]: origin[2]: 0
[map_server-5] [INFO] [1789586290.526419567] [map_io]: free_thresh: 0.196
[map_server-5] [INFO] [1789586290.526424605] [map_io]: occupied_thresh: 0.65
[map_server-5] [INFO] [1789586290.526431053] [map_io]: mode: trinary
[map_server-5] [INFO] [1789586290.526436594] [map_io]: negate: 0
[map_server-5] [INFO] [1789586290.527018410] [map_io]: Loading image_file: /home/robojazzy/robofetch_ws_copy/robofetch_ws/install/robofetch_nav/share/robofetch_nav/maps/factory_maze.pgm
[controller_server-8] [INFO] [1789586290.527189681] [local_costmap.local_costmap]: Creating Costmap
[map_server-5] [INFO] [1789586290.532271587] [map_io]: Read map /home/robojazzy/robofetch_ws_copy/robofetch_ws/install/robofetch_nav/share/robofetch_nav/maps/factory_maze.pgm: 310 X 220 map @ 0.05 m/cell
[lifecycle_manager-7] [INFO] [1789586290.556615510] [lifecycle_manager_localization]: [34m[1mConfiguring amcl[0m[0m
[amcl-6] [INFO] [1789586290.558616053] [amcl]: Configuring
[amcl-6] [INFO] [1789586290.558790548] [amcl]: initTransforms
[amcl-6] [INFO] [1789586290.590179643] [amcl]: initPubSub
[amcl-6] [INFO] [1789586290.611742431] [amcl]: Subscribed to map topic.
[lifecycle_manager-7] [INFO] [1789586290.625760641] [lifecycle_manager_localization]: [34m[1mActivating map_server[0m[0m
[map_server-5] [INFO] [1789586290.626244128] [map_server]: Activating
[map_server-5] [INFO] [1789586290.626880550] [map_server]: Creating bond (map_server) to lifecycle manager.
[amcl-6] [INFO] [1789586290.627460050] [amcl]: Received a 310 X 220 map @ 0.050 m/pix
[lifecycle_manager-7] [INFO] [1789586290.739529664] [lifecycle_manager_localization]: Server map_server connected with bond.
[lifecycle_manager-7] [INFO] [1789586290.739609154] [lifecycle_manager_localization]: [34m[1mActivating amcl[0m[0m
[amcl-6] [INFO] [1789586290.740049521] [amcl]: Activating
[amcl-6] [INFO] [1789586290.740114402] [amcl]: initialPoseReceived
[amcl-6] [INFO] [1789586290.740373525] [amcl]: Setting pose (0.000000): -5.225 -2.975 0.000
[amcl-6] [INFO] [1789586290.740797974] [amcl]: Creating bond (amcl) to lifecycle manager.
[lifecycle_manager-7] [INFO] [1789586290.850943110] [lifecycle_manager_localization]: Server amcl connected with bond.
[lifecycle_manager-7] [INFO] [1789586290.851114783] [lifecycle_manager_localization]: [34m[1mManaged nodes are active[0m[0m
[lifecycle_manager-7] [INFO] [1789586290.851266811] [lifecycle_manager_localization]: [34m[1mCreating bond timer...[0m[0m
[gazebo-1] [1;32m[Msg] [0m[1;32mGazebo Sim Server v[0m[1;32m8.11.0[0m[1;32m[0m
[gazebo-1] [1;32m[Msg] [0m[1;32mLoading SDF world file[[0m[1;32m/home/robojazzy/robofetch_ws_copy/robofetch_ws/install/robofetch_gazebo/share/robofetch_gazebo/worlds/factory_maze.sdf[0m[1;32m].[0m
[gazebo-1] [1;32m[Msg] [0m[1;32mServing entity system service on [[0m[1;32m/[0m[1;32mentity/system/add[0m[1;32m][0m[1;32m[0m
[gazebo-1] [1;36m[Dbg] [Physics.cc:906] [0m[1;36mLoaded [[0m[1;36mgz::physics::dartsim::Plugin[0m[1;36m] from library [[0m[1;36m/opt/ros/jazzy/opt/gz_physics_vendor/lib/gz-physics-7/engine-plugins/libgz-physics-dartsim-plugin.so[0m[1;36m][0m[1;36m[0m
[gazebo-1] [1;36m[Dbg] [SystemManager.cc:80] [0m[1;36mLoaded system [[0m[1;36mgz::sim::systems::Physics[0m[1;36m] for entity [[0m[1;36m1[0m[1;36m][0m[1;36m[0m
[gazebo-1] [1;36m[Dbg] [SystemManager.cc:80] [0m[1;36mLoaded system [[0m[1;36mgz::sim::systems::SceneBroadcaster[0m[1;36m] for entity [[0m[1;36m1[0m[1;36m][0m[1;36m[0m
[gazebo-1] [1;32m[Msg] [0m[1;32mCreate[0m[1;32m service on [[0m[1;32m/world/factory_maze/create_multiple[0m[1;32m] (async)[0m[1;32m[0m
[gazebo-1] [1;32m[Msg] [0m[1;32mCreate[0m[1;32m service on [[0m[1;32m/world/factory_maze/create_multiple/blocking[0m[1;32m] (blocking)[0m[1;32m[0m
[gazebo-1] [1;32m[Msg] [0m[1;32mRemove[0m[1;32m service on [[0m[1;32m/world/factory_maze/remove[0m[1;32m] (async)[0m[1;32m[0m
[gazebo-1] [1;32m[Msg] [0m[1;32mRemove[0m[1;32m service on [[0m[1;32m/world/factory_maze/remove/blocking[0m[1;32m] (blocking)[0m[1;32m[0m
[gazebo-1] [1;32m[Msg] [0m[1;32mPose[0m[1;32m service on [[0m[1;32m/world/factory_maze/set_pose[0m[1;32m] (async)[0m[1;32m[0m
[gazebo-1] [1;32m[Msg] [0m[1;32mPose[0m[1;32m service on [[0m[1;32m/world/factory_maze/set_pose/blocking[0m[1;32m] (blocking)[0m[1;32m[0m
[gazebo-1] [1;32m[Msg] [0m[1;32mPose[0m[1;32m service on [[0m[1;32m/world/factory_maze/set_pose_vector[0m[1;32m] (async)[0m[1;32m[0m
[gazebo-1] [1;32m[Msg] [0m[1;32mPose[0m[1;32m service on [[0m[1;32m/world/factory_maze/set_pose_vector/blocking[0m[1;32m] (blocking)[0m[1;32m[0m
[gazebo-1] [1;32m[Msg] [0m[1;32mLight configuration[0m[1;32m service on [[0m[1;32m/world/factory_maze/light_config[0m[1;32m] (async)[0m[1;32m[0m
[gazebo-1] [1;32m[Msg] [0m[1;32mLight configuration[0m[1;32m service on [[0m[1;32m/world/factory_maze/light_config/blocking[0m[1;32m] (blocking)[0m[1;32m[0m
[gazebo-1] [1;32m[Msg] [0m[1;32mPhysics[0m[1;32m service on [[0m[1;32m/world/factory_maze/set_physics[0m[1;32m] (async)[0m[1;32m[0m
[gazebo-1] [1;32m[Msg] [0m[1;32mPhysics[0m[1;32m service on [[0m[1;32m/world/factory_maze/set_physics/blocking[0m[1;32m] (blocking)[0m[1;32m[0m
[gazebo-1] [1;32m[Msg] [0m[1;32mSphericalCoordinates[0m[1;32m service on [[0m[1;32m/world/factory_maze/set_spherical_coordinates[0m[1;32m] (async)[0m[1;32m[0m
[gazebo-1] [1;32m[Msg] [0m[1;32mSphericalCoordinates[0m[1;32m service on [[0m[1;32m/world/factory_maze/set_spherical_coordinates/blocking[0m[1;32m] (blocking)[0m[1;32m[0m
[gazebo-1] [1;32m[Msg] [0m[1;32mEnable collision[0m[1;32m service on [[0m[1;32m/world/factory_maze/enable_collision[0m[1;32m] (async)[0m[1;32m[0m
[gazebo-1] [1;32m[Msg] [0m[1;32mEnable collision[0m[1;32m service on [[0m[1;32m/world/factory_maze/enable_collision/blocking[0m[1;32m] (blocking)[0m[1;32m[0m
[gazebo-1] [1;32m[Msg] [0m[1;32mDisable collision[0m[1;32m service on [[0m[1;32m/world/factory_maze/disable_collision[0m[1;32m] (async)[0m[1;32m[0m
[gazebo-1] [1;32m[Msg] [0m[1;32mDisable collision[0m[1;32m service on [[0m[1;32m/world/factory_maze/disable_collision/blocking[0m[1;32m] (blocking)[0m[1;32m[0m
[gazebo-1] [1;32m[Msg] [0m[1;32mMaterial[0m[1;32m service on [[0m[1;32m/world/factory_maze/visual_config[0m[1;32m] (async)[0m[1;32m[0m
[gazebo-1] [1;32m[Msg] [0m[1;32mMaterial[0m[1;32m service on [[0m[1;32m/world/factory_maze/visual_config/blocking[0m[1;32m] (blocking)[0m[1;32m[0m
[gazebo-1] [1;32m[Msg] [0m[1;32mMaterial[0m[1;32m service on [[0m[1;32m/world/factory_maze/wheel_slip[0m[1;32m] (async)[0m[1;32m[0m
[create-3] [INFO] [1789586291.217617770] [ros_gz_sim]: Waiting messages on topic [/robot_description].
[create-3] [INFO] [1789586291.231831287] [ros_gz_sim]: Entity creation successful.
[parameter_bridge-4] [INFO] [1789586291.332003460] [ros_gz_bridge]: Creating ROS->GZ Bridge: [cmd_vel (geometry_msgs/msg/Twist) -> cmd_vel (gz.msgs.Twist)] (Lazy 0)
[parameter_bridge-4] [INFO] [1789586291.338495442] [ros_gz_bridge]: Creating GZ->ROS Bridge: [odom (gz.msgs.Odometry) -> odom (nav_msgs/msg/Odometry)] (Lazy 0)
[parameter_bridge-4] [INFO] [1789586291.345642708] [ros_gz_bridge]: Creating GZ->ROS Bridge: [tf (gz.msgs.Pose_V) -> tf (tf2_msgs/msg/TFMessage)] (Lazy 0)
[parameter_bridge-4] [INFO] [1789586291.351150605] [ros_gz_bridge]: Creating GZ->ROS Bridge: [joint_states (gz.msgs.Model) -> joint_states (sensor_msgs/msg/JointState)] (Lazy 0)
[parameter_bridge-4] [INFO] [1789586291.357956475] [ros_gz_bridge]: Creating GZ->ROS Bridge: [scan (gz.msgs.LaserScan) -> scan (sensor_msgs/msg/LaserScan)] (Lazy 0)
[parameter_bridge-4] [INFO] [1789586291.361785299] [ros_gz_bridge]: Creating GZ->ROS Bridge: [clock (gz.msgs.Clock) -> clock (rosgraph_msgs/msg/Clock)] (Lazy 0)
[parameter_bridge-4] [INFO] [1789586291.365461362] [ros_gz_bridge]: Creating GZ->ROS Bridge: [/model/robofetch/pose (gz.msgs.Pose) -> /model/robofetch/pose (geometry_msgs/msg/Pose)] (Lazy 0)
[lifecycle_manager-18] [INFO] [1789586291.369706352] [lifecycle_manager_navigation]: [34m[1mStarting managed nodes bringup...[0m[0m
[lifecycle_manager-18] [INFO] [1789586291.369799661] [lifecycle_manager_navigation]: [34m[1mConfiguring controller_server[0m[0m
[controller_server-8] [INFO] [1789586291.370499384] [controller_server]: Configuring controller interface
[controller_server-8] [INFO] [1789586291.370550070] [controller_server]: getting progress checker plugins..
[INFO] [create-3]: process has finished cleanly [pid 334008]
[controller_server-8] [INFO] [1789586291.371138244] [controller_server]: getting goal checker plugins..
[controller_server-8] [INFO] [1789586291.371523675] [controller_server]: Controller frequency set to 10.0000Hz
[controller_server-8] [INFO] [1789586291.371583430] [local_costmap.local_costmap]: Configuring
[controller_server-8] [INFO] [1789586291.401643284] [local_costmap.local_costmap]: Using plugin "voxel_layer"
[controller_server-8] [INFO] [1789586291.411833094] [local_costmap.local_costmap]: Subscribed to Topics: scan
[controller_server-8] [INFO] [1789586291.435991357] [local_costmap.local_costmap]: Initialized plugin "voxel_layer"
[controller_server-8] [INFO] [1789586291.436042647] [local_costmap.local_costmap]: Using plugin "inflation_layer"
[controller_server-8] [INFO] [1789586291.439554360] [local_costmap.local_costmap]: Initialized plugin "inflation_layer"
[controller_server-8] [INFO] [1789586291.478039502] [controller_server]: Created progress_checker : progress_checker of type nav2_controller::SimpleProgressChecker
[controller_server-8] [INFO] [1789586291.478965445] [controller_server]: Controller Server has progress_checker  progress checkers available.
[controller_server-8] [INFO] [1789586291.480122547] [controller_server]: Created goal checker : general_goal_checker of type nav2_controller::SimpleGoalChecker
[controller_server-8] [INFO] [1789586291.482213955] [controller_server]: Controller Server has general_goal_checker  goal checkers available.
[controller_server-8] [INFO] [1789586291.484107962] [controller_server]: Created controller : FollowPath of type nav2_mppi_controller::MPPIController
[controller_server-8] [INFO] [1789586291.494987519] [controller_server]: Controller period is equal to model dt. Control sequence shifting is ON
[controller_server-8] [INFO] [1789586291.499054757] [controller_server]: ConstraintCritic instantiated with 1 power and 4.000000 weight.
[controller_server-8] [INFO] [1789586291.499132146] [controller_server]: Critic loaded : mppi::critics::ConstraintCritic
[controller_server-8] [INFO] [1789586291.503119375] [controller_server]: InflationCostCritic instantiated with 1 power and 300.000000 / 0.015000 weights. Critic will collision check based on circular cost.
[controller_server-8] [INFO] [1789586291.503250472] [controller_server]: Critic loaded : mppi::critics::CostCritic
[controller_server-8] [INFO] [1789586291.505592789] [controller_server]: GoalCritic instantiated with 1 power and 5.000000 weight.
[controller_server-8] [INFO] [1789586291.505656776] [controller_server]: Critic loaded : mppi::critics::GoalCritic
[controller_server-8] [INFO] [1789586291.508879994] [controller_server]: GoalAngleCritic instantiated with 1 power, 3.000000 weight, 0.500000 angular threshold and symmetric_yaw_tolerance disabled
[controller_server-8] [INFO] [1789586291.508953352] [controller_server]: Critic loaded : mppi::critics::GoalAngleCritic
[controller_server-8] [INFO] [1789586291.513127100] [controller_server]: ReferenceTrajectoryCritic instantiated with 1 power and 14.000000 weight
[controller_server-8] [INFO] [1789586291.513210434] [controller_server]: Critic loaded : mppi::critics::PathAlignCritic
[controller_server-8] [INFO] [1789586291.514927495] [controller_server]: Critic loaded : mppi::critics::PathFollowCritic
[controller_server-8] [INFO] [1789586291.517824633] [controller_server]: PathAngleCritic instantiated with 1 power and 2.000000 weight. Mode set to: Forward Preference
[controller_server-8] [INFO] [1789586291.517891542] [controller_server]: Critic loaded : mppi::critics::PathAngleCritic
[controller_server-8] [INFO] [1789586291.519768821] [controller_server]: PreferForwardCritic instantiated with 1 power and 5.000000 weight.
[controller_server-8] [INFO] [1789586291.519828274] [controller_server]: Critic loaded : mppi::critics::PreferForwardCritic
[controller_server-8] [INFO] [1789586291.520881989] [controller_server]: Optimizer reset
[controller_server-8] [INFO] [1789586291.531080969] [MPPIController]: Configured MPPI Controller: FollowPath
[controller_server-8] [INFO] [1789586291.531208337] [controller_server]: Controller Server has FollowPath  controllers available.
[lifecycle_manager-18] [INFO] [1789586291.554423527] [lifecycle_manager_navigation]: [34m[1mConfiguring smoother_server[0m[0m
[smoother_server-9] [INFO] [1789586291.554770970] [smoother_server]: Configuring smoother server
[smoother_server-9] [INFO] [1789586291.581812565] [smoother_server]: Created smoother : simple_smoother of type nav2_smoother::SimpleSmoother
[smoother_server-9] [INFO] [1789586291.584409217] [smoother_server]: Smoother Server has simple_smoother  smoothers available.
[lifecycle_manager-18] [INFO] [1789586291.601174645] [lifecycle_manager_navigation]: [34m[1mConfiguring planner_server[0m[0m
[planner_server-10] [INFO] [1789586291.601523499] [planner_server]: Configuring
[planner_server-10] [INFO] [1789586291.601581943] [global_costmap.global_costmap]: Configuring
[planner_server-10] [INFO] [1789586291.621636189] [global_costmap.global_costmap]: Using plugin "static_layer"
[planner_server-10] [INFO] [1789586291.627491730] [global_costmap.global_costmap]: Subscribing to the map topic (/map) with transient local durability
[planner_server-10] [INFO] [1789586291.632746803] [global_costmap.global_costmap]: Initialized plugin "static_layer"
[planner_server-10] [INFO] [1789586291.632801519] [global_costmap.global_costmap]: Using plugin "obstacle_layer"
[planner_server-10] [INFO] [1789586291.635639104] [global_costmap.global_costmap]: Subscribed to Topics: scan
[planner_server-10] [INFO] [1789586291.653244421] [global_costmap.global_costmap]: Initialized plugin "obstacle_layer"
[planner_server-10] [INFO] [1789586291.653304981] [global_costmap.global_costmap]: Using plugin "inflation_layer"
[planner_server-10] [INFO] [1789586291.655381275] [global_costmap.global_costmap]: Initialized plugin "inflation_layer"
[planner_server-10] [INFO] [1789586291.724780066] [global_costmap.global_costmap]: StaticLayer: Resizing costmap to 310 X 220 at 0.050000 m/pix
[planner_server-10] [INFO] [1789586291.726449666] [planner_server]: Created global planner plugin GridBased of type nav2_navfn_planner::NavfnPlanner
[planner_server-10] [INFO] [1789586291.726581670] [planner_server]: Configuring plugin GridBased of type NavfnPlanner
[planner_server-10] [INFO] [1789586291.728824531] [planner_server]: Created global planner plugin NavfnDijkstra of type nav2_navfn_planner::NavfnPlanner
[planner_server-10] [INFO] [1789586291.728874410] [planner_server]: Configuring plugin NavfnDijkstra of type NavfnPlanner
[planner_server-10] [INFO] [1789586291.730011963] [planner_server]: Created global planner plugin NavfnAStar of type nav2_navfn_planner::NavfnPlanner
[planner_server-10] [INFO] [1789586291.730068392] [planner_server]: Configuring plugin NavfnAStar of type NavfnPlanner
[planner_server-10] [INFO] [1789586291.759897592] [planner_server]: Created global planner plugin Smac2D of type nav2_smac_planner::SmacPlanner2D
[planner_server-10] [INFO] [1789586291.760003598] [planner_server]: Configuring Smac2D of type SmacPlanner2D
[planner_server-10] [INFO] [1789586291.772456926] [planner_server]: Configured plugin Smac2D of type SmacPlanner2D with tolerance 0.25, maximum iterations 1000000, max on approach iterations 1000, and allowing unknown traversal.
[planner_server-10] [INFO] [1789586291.775217424] [planner_server]: Created global planner plugin ThetaStar of type nav2_theta_star_planner::ThetaStarPlanner
[planner_server-10] [INFO] [1789586291.782798894] [planner_server]: Created global planner plugin SmacLattice of type nav2_smac_planner::SmacPlannerLattice
[planner_server-10] [INFO] [1789586291.782887971] [planner_server]: Configuring SmacLattice of type SmacPlannerLattice
[planner_server-10] [INFO] [1789586291.795535678] [planner_server]: Even sized heuristic lookup table size set 400.000000, increasing size by 1 to make odd
[planner_server-10] [INFO] [1789586292.275528848] [planner_server]: Configured plugin SmacLattice of type SmacPlannerLattice with maximum iterations 1000000, max on approach iterations 1000, and allowing unknown traversal. Tolerance 0.25. Using motion model: State Lattice. State lattice file: /opt/ros/jazzy/share/nav2_smac_planner/sample_primitives/5cm_resolution/0.5m_turning_radius/diff/output.json.
[planner_server-10] [INFO] [1789586292.275604133] [planner_server]: Planner Server has GridBased NavfnDijkstra NavfnAStar Smac2D ThetaStar SmacLattice  planners available.
[lifecycle_manager-18] [INFO] [1789586292.305408418] [lifecycle_manager_navigation]: [34m[1mConfiguring route_server[0m[0m
[route_server-11] [INFO] [1789586292.306081045] [route_server]: Configuring
[route_server-11] [INFO] [1789586292.373428851] [route_server]: Created GraphFileLoader GeoJsonGraphFileLoader of type nav2_route::GeoJsonGraphFileLoader
[route_server-11] [INFO] [1789586292.373483778] [route_server]: Configuring geojson graph file loader
[route_server-11] [INFO] [1789586292.373534371] [route_server]: Loading graph file from /opt/ros/jazzy/share/nav2_route/graphs/sample_graph.geojson, by parser nav2_route::GeoJsonGraphFileLoader
[route_server-11] [INFO] [1789586292.379141439] [route_server]: Created edge cost function plugin DistanceScorer of type nav2_route::DistanceScorer
[route_server-11] [INFO] [1789586292.379196466] [route_server]: Configuring distance scorer.
[route_server-11] [INFO] [1789586292.380283916] [route_server]: Created edge cost function plugin CostmapScorer of type nav2_route::CostmapScorer
[route_server-11] [INFO] [1789586292.380310120] [route_server]: Configuring costmap scorer.
[route_server-11] [INFO] [1789586292.388965373] [route_server]: Created route operation AdjustSpeedLimit of type nav2_route::AdjustSpeedLimit
[route_server-11] [INFO] [1789586292.389039247] [route_server]: Configuring Adjust speed limit operation.
[route_server-11] [INFO] [1789586292.392784649] [route_server]: Created route operation ReroutingService of type nav2_route::ReroutingService
[route_server-11] [INFO] [1789586292.392847941] [route_server]: Configuring Rerouting service operation.
[route_server-11] [INFO] [1789586292.396397018] [route_server]: Created route operation CollisionMonitor of type nav2_route::CollisionMonitor
[route_server-11] [INFO] [1789586292.396901639] [route_server]: Using costmap topic: local_costmap/costmap_raw instead of server costmap topic: global_costmap/costmap_raw for CollisionMonitor.
[lifecycle_manager-18] [INFO] [1789586292.407994533] [lifecycle_manager_navigation]: [34m[1mConfiguring behavior_server[0m[0m
[behavior_server-12] [INFO] [1789586292.408369245] [behavior_server]: Configuring
[behavior_server-12] [INFO] [1789586292.421039294] [behavior_server]: Creating behavior plugin spin of type nav2_behaviors::Spin
[behavior_server-12] [INFO] [1789586292.422627131] [behavior_server]: Creating behavior plugin backup of type nav2_behaviors::BackUp
[behavior_server-12] [INFO] [1789586292.424607923] [behavior_server]: Creating behavior plugin drive_on_heading of type nav2_behaviors::DriveOnHeading
[behavior_server-12] [INFO] [1789586292.426768209] [behavior_server]: Creating behavior plugin assisted_teleop of type nav2_behaviors::AssistedTeleop
[behavior_server-12] [INFO] [1789586292.429522510] [behavior_server]: Creating behavior plugin wait of type nav2_behaviors::Wait
[behavior_server-12] [INFO] [1789586292.443933789] [behavior_server]: Configuring spin
[behavior_server-12] [INFO] [1789586292.461041116] [behavior_server]: Configuring backup
[behavior_server-12] [INFO] [1789586292.475693871] [behavior_server]: Configuring drive_on_heading
[behavior_server-12] [INFO] [1789586292.497574084] [behavior_server]: Configuring assisted_teleop
[behavior_server-12] [INFO] [1789586292.527511605] [behavior_server]: Configuring wait
[lifecycle_manager-18] [INFO] [1789586292.545813111] [lifecycle_manager_navigation]: [34m[1mConfiguring velocity_smoother[0m[0m
[velocity_smoother-15] [INFO] [1789586292.546676923] [velocity_smoother]: Configuring velocity smoother
[lifecycle_manager-18] [INFO] [1789586292.563491778] [lifecycle_manager_navigation]: [34m[1mConfiguring collision_monitor[0m[0m
[collision_monitor-16] [INFO] [1789586292.564083778] [collision_monitor]: Configuring
[collision_monitor-16] [INFO] [1789586292.589242869] [collision_monitor]: [scan]: Creating Scan
[collision_monitor-16] [INFO] [1789586292.595666684] [collision_monitor]: [FootprintApproach]: Creating Polygon
[collision_monitor-16] [INFO] [1789586292.597051948] [collision_monitor]: [FootprintApproach]: Polygon points are not defined. Using dynamic subscription instead.
[collision_monitor-16] [INFO] [1789586292.602277955] [collision_monitor]: [FootprintApproach]: Making footprint subscriber on /local_costmap/published_footprint topic
[lifecycle_manager-18] [INFO] [1789586292.637021015] [lifecycle_manager_navigation]: [34m[1mConfiguring bt_navigator[0m[0m
[bt_navigator-13] [INFO] [1789586292.637661996] [bt_navigator]: Configuring
[bt_navigator-13] [INFO] [1789586292.658097282] [bt_navigator]: Creating navigator id navigate_to_pose of type nav2_bt_navigator::NavigateToPoseNavigator
[gazebo-1] [1;32m[Msg] [0m[1;32mMaterial[0m[1;32m service on [[0m[1;32m/world/factory_maze/wheel_slip/blocking[0m[1;32m] (blocking)[0m[1;32m[0m
[gazebo-1] [1;36m[Dbg] [SystemManager.cc:80] [0m[1;36mLoaded system [[0m[1;36mgz::sim::systems::UserCommands[0m[1;36m] for entity [[0m[1;36m1[0m[1;36m][0m[1;36m[0m
[gazebo-1] [1;36m[Dbg] [SystemManager.cc:80] [0m[1;36mLoaded system [[0m[1;36mgz::sim::systems::Contact[0m[1;36m] for entity [[0m[1;36m1[0m[1;36m][0m[1;36m[0m
[gazebo-1] [1;36m[Dbg] [Sensors.cc:697] [0m[1;36mConfiguring Sensors system[0m[1;36m[0m
[gazebo-1] [1;36m[Dbg] [Sensors.cc:557] [0m[1;36mSensorsPrivate::Run[0m[1;36m[0m
[gazebo-1] [1;36m[Dbg] [SystemManager.cc:80] [0m[1;36mLoaded system [[0m[1;36mgz::sim::systems::Sensors[0m[1;36m] for entity [[0m[1;36m1[0m[1;36m][0m[1;36m[0m
[gazebo-1] [1;36m[Dbg] [Sensors.cc:532] [0m[1;36mSensorsPrivate::RenderThread started[0m[1;36m[0m
[gazebo-1] [1;36m[Dbg] [Sensors.cc:337] [0m[1;36mWaiting for init[0m[1;36m[0m
[gazebo-1] [1;32m[Msg] [0m[1;32mLoaded level [[0m[1;32mdefault[0m[1;32m][0m[1;32m[0m
[gazebo-1] [1;32m[Msg] [0m[1;32mServing world controls on [[0m[1;32m/world/factory_maze[0m[1;32m/control], [[0m[1;32m/world/factory_maze[0m[1;32m/control/state] and [[0m[1;32m/world/factory_maze[0m[1;32m/playback/control][0m[1;32m[0m
[gazebo-1] [1;32m[Msg] [0m[1;32mServing GUI information on [[0m[1;32m/world/factory_maze[0m[1;32m/[0m[1;32mgui/info[0m[1;32m][0m[1;32m[0m
[gazebo-1] [1;32m[Msg] [0m[1;32mWorld [[0m[1;32mfactory_maze[0m[1;32m] initialized with [[0m[1;32mstep[0m[1;32m] physics profile.[0m[1;32m[0m
[gazebo-1] [1;32m[Msg] [0m[1;32mServing world SDF generation service on [[0m[1;32m/world/factory_maze[0m[1;32m/[0m[1;32mgenerate_world_sdf[0m[1;32m][0m[1;32m[0m
[gazebo-1] [1;32m[Msg] [0m[1;32mServing world names on [[0m[1;32m/gazebo/worlds[0m[1;32m][0m[1;32m[0m
[gazebo-1] [1;32m[Msg] [0m[1;32mResource path add service on [[0m[1;32m/gazebo/resource_paths/add[0m[1;32m].[0m[1;32m[0m
[gazebo-1] [1;32m[Msg] [0m[1;32mResource path get service on [[0m[1;32m/gazebo/resource_paths/get[0m[1;32m].[0m[1;32m[0m
[gazebo-1] [1;32m[Msg] [0m[1;32mResource path resolve service on [[0m[1;32m/gazebo/resource_paths/resolve[0m[1;32m].[0m[1;32m[0m
[gazebo-1] [1;32m[Msg] [0m[1;32mResource paths published on [[0m[1;32m/gazebo/resource_paths[0m[1;32m].[0m[1;32m[0m
[gazebo-1] [1;32m[Msg] [0m[1;32mServer control service on [[0m[1;32m/server_control[0m[1;32m].[0m[1;32m[0m
[gazebo-1] [1;32m[Msg] [0m[1;32mFound no publishers on /stats, adding root stats topic[0m[1;32m[0m
[gazebo-1] [1;32m[Msg] [0m[1;32mFound no publishers on /clock, adding root clock topic[0m[1;32m[0m
[gazebo-1] [1;36m[Dbg] [SimulationRunner.cc:551] [0m[1;36mCreating PostUpdate worker threads: [0m[1;36m4[0m[1;36m[0m
[gazebo-1] [1;36m[Dbg] [SimulationRunner.cc:562] [0m[1;36mCreating postupdate worker thread ([0m[1;36m0[0m[1;36m)[0m[1;36m[0m
[gazebo-1] [1;36m[Dbg] [SimulationRunner.cc:562] [0m[1;36mCreating postupdate worker thread ([0m[1;36m1[0m[1;36m)[0m[1;36m[0m
[gazebo-1] [1;36m[Dbg] [SimulationRunner.cc:562] [0m[1;36mCreating postupdate worker thread ([0m[1;36m2[0m[1;36m)[0m[1;36m[0m
[gazebo-1] [1;33mWarning [Utils.cc:132][0m [/sdf/model[@name="robofetch"]/link[@name="base_footprint"]/sensor[@name="lidar"]/gz_frame_id:<urdf-string>:L0]: XML Element[gz_frame_id], child of element[sensor], not defined in SDF. Copying[gz_frame_id] as children of [sensor].
[bt_navigator-13] [INFO] [1789586292.908790116] [bt_navigator]: Creating navigator id navigate_through_poses of type nav2_bt_navigator::NavigateThroughPosesNavigator
[lifecycle_manager-18] [INFO] [1789586293.001276454] [lifecycle_manager_navigation]: [34m[1mConfiguring waypoint_follower[0m[0m
[waypoint_follower-14] [INFO] [1789586293.001860693] [waypoint_follower]: Configuring
[waypoint_follower-14] [INFO] [1789586293.066834463] [waypoint_follower]: Created waypoint_task_executor : wait_at_waypoint of type nav2_waypoint_follower::WaitAtWaypoint
[lifecycle_manager-18] [INFO] [1789586293.069812025] [lifecycle_manager_navigation]: [34m[1mConfiguring docking_server[0m[0m
[opennav_docking-17] [INFO] [1789586293.070371150] [docking_server]: Configuring docking_server
[opennav_docking-17] [INFO] [1789586293.070483237] [docking_server]: Controller frequency set to 50.0000Hz
[opennav_docking-17] [INFO] [1789586293.148558670] [docking_server]: Created charging dock plugin simple_charging_dock of type opennav_docking::SimpleChargingDock
[opennav_docking-17] [WARN] [1789586293.162670642] [docking_server]: Dock database filepath nor dock parameters set. Docking actions can only be executed specifying the dock pose via the action request. Or update the dock database via the reload_database service.
[opennav_docking-17] [INFO] [1789586293.162830507] [docking_server]: Docking Server has 1 dock types and 0 dock instances available.
[lifecycle_manager-18] [INFO] [1789586293.167466090] [lifecycle_manager_navigation]: [34m[1mActivating controller_server[0m[0m
[controller_server-8] [INFO] [1789586293.167898310] [controller_server]: Activating
[controller_server-8] [INFO] [1789586293.167947802] [local_costmap.local_costmap]: Activating
[controller_server-8] [INFO] [1789586293.167966449] [local_costmap.local_costmap]: Checking transform
[controller_server-8] [INFO] [1789586293.168016142] [local_costmap.local_costmap]: Timed out waiting for transform from base_footprint to odom to become available, tf error: Invalid frame ID "odom" passed to canTransform argument target_frame - frame does not exist
[gazebo-1] [1;32m[Msg] [0m[1;32mDiffDrive subscribing to twist messages on [[0m[1;32mcmd_vel[0m[1;32m][0m[1;32m[0m
[gazebo-1] [1;36m[Dbg] [SystemManager.cc:80] [0m[1;36mLoaded system [[0m[1;36mgz::sim::systems::DiffDrive[0m[1;36m] for entity [[0m[1;36m129[0m[1;36m][0m[1;36m[0m
[gazebo-1] [1;36m[Dbg] [SystemManager.cc:80] [0m[1;36mLoaded system [[0m[1;36mgz::sim::systems::JointStatePublisher[0m[1;36m] for entity [[0m[1;36m129[0m[1;36m][0m[1;36m[0m
[gazebo-1] [1;36m[Dbg] [SystemManager.cc:80] [0m[1;36mLoaded system [[0m[1;36mgz::sim::systems::PosePublisher[0m[1;36m] for entity [[0m[1;36m129[0m[1;36m][0m[1;36m[0m
[gazebo-1] [1;36m[Dbg] [UserCommands.cc:1094] [0m[1;36mCreated entity [[0m[1;36m129[0m[1;36m] named [[0m[1;36mrobofetch[0m[1;36m][0m[1;36m[0m
[gazebo-1] [1;36m[Dbg] [SimulationFeatures.cc:90] [0m[1;36mSimulation timestep set to: [0m[1;36m0.004[0m[1;36m[0m
[gazebo-1] [1;36m[Dbg] [Sensors.cc:953] [0m[1;36mInitialization needed[0m[1;36m[0m
[gazebo-1] [1;36m[Dbg] [Sensors.cc:349] [0m[1;36mInitializing render context[0m[1;36m[0m
[gazebo-1] [1;32m[Msg] [0m[1;32mLoading plugin [[0m[1;32mgz-rendering-ogre2[0m[1;32m][0m[1;32m[0m
[gazebo-1] [1;32m[Msg] [0m[1;32mServing scene information on [[0m[1;32m/world/factory_maze[0m[1;32m/[0m[1;32mscene/info[0m[1;32m][0m[1;32m[0m
[gazebo-1] [1;32m[Msg] [0m[1;32mServing graph information on [[0m[1;32m/world/factory_maze[0m[1;32m/[0m[1;32mscene/graph[0m[1;32m][0m[1;32m[0m
[gazebo-1] [1;32m[Msg] [0m[1;32mServing full state on [[0m[1;32m/world/factory_maze[0m[1;32m/[0m[1;32mstate[0m[1;32m][0m[1;32m[0m
[gazebo-1] [1;32m[Msg] [0m[1;32mServing full state (async) on [[0m[1;32m/world/factory_maze[0m[1;32m/[0m[1;32mstate_async[0m[1;32m][0m[1;32m[0m
[gazebo-1] [1;32m[Msg] [0m[1;32mPublishing scene information on [[0m[1;32m/world/factory_maze/scene/info[0m[1;32m][0m[1;32m[0m
[gazebo-1] [1;32m[Msg] [0m[1;32mPublishing entity deletions on [[0m[1;32m/world/factory_maze/scene/deletion[0m[1;32m][0m[1;32m[0m
[gazebo-1] [1;32m[Msg] [0m[1;32mPublishing state changes on [[0m[1;32m/world/factory_maze/state[0m[1;32m][0m[1;32m[0m
[gazebo-1] [1;32m[Msg] [0m[1;32mPublishing pose messages on [[0m[1;32m/world/factory_maze[0m[1;32m/[0m[1;32mpose/info[0m[1;32m][0m[1;32m[0m
[gazebo-1] [1;32m[Msg] [0m[1;32mPublishing dynamic pose messages on [[0m[1;32m/world/factory_maze[0m[1;32m/[0m[1;32mdynamic_pose/info[0m[1;32m][0m[1;32m[0m
[gazebo-1] [1;36m[Dbg] [SimulationRunner.cc:578] [0m[1;36mExiting postupdate worker thread ([0m[1;36m0[0m[1;36m)[0m[1;36m[0m
[gazebo-1] [1;36mExiting postupdate worker thread ([0m[1;36m2[0m[1;36mExiting postupdate worker thread ([0m[1;36m1[0m[1;36m)[0m[1;36m[0m
[gazebo-1] [1;36mExiting postupdate worker thread ([0m[1;36m[0m
[gazebo-1] [1;36m[Dbg] [SimulationRunner.cc:551] [0m[1;36mCreating PostUpdate worker threads: [0m[1;36m7[0m[1;36m[0m
[gazebo-1] [1;36m[Dbg] [SimulationRunner.cc:562] [0m[1;36mCreating postupdate worker thread ([0m[1;36m0[0m[1;36m)[0m[1;36m[0m
[gazebo-1] [1;36m[Dbg] [SimulationRunner.cc:562] [0m[1;36mCreating postupdate worker thread ([0m[1;36m1[0m[1;36m)[0m[1;36m[0m
[gazebo-1] [1;36m[Dbg] [SimulationRunner.cc:562] [0m[1;36mCreating postupdate worker thread ([0m[1;36m2[0m[1;36m)[0m[1;36m[0m
[gazebo-1] [1;36m[Dbg] [SimulationRunner.cc:562] [0m[1;36mCreating postupdate worker thread ([0m[1;36m3[0m[1;36m)[0m[1;36m[0m
[gazebo-1] [1;36m[Dbg] [SimulationRunner.cc:562] [0m[1;36mCreating postupdate worker thread ([0m[1;36m4[0m[1;36m)[0m[1;36m[0m
[gazebo-1] [1;36m[Dbg] [SimulationRunner.cc:562] [0m[1;36mCreating postupdate worker thread ([0m[1;36m5[0m[1;36m)[0m[1;36m[0m
[gazebo-1] [1;36m[Dbg] [RenderUtil.cc:2646] [0m[1;36mCreate scene [[0m[1;36mscene[0m[1;36m][0m[1;36m[0m
[gazebo-1] [1;36m[Dbg] [Sensors.cc:391] [0m[1;36mRendering Thread initialized[0m[1;36m[0m
[gazebo-1] [1;36m[Dbg] [Sensors.cc:953] [0m[1;36mInitialization needed[0m[1;36m[0m
[gazebo-1] [1;36m[Dbg] [Lidar.cc:139] [0m[1;36mLaser scans for [[0m[1;36mrobofetch::base_footprint::lidar[0m[1;36m] advertised on [[0m[1;36mscan[0m[1;36m][0m[1;36m[0m
[controller_server-8] [INFO] [1789586293.668128946] [local_costmap.local_costmap]: Timed out waiting for transform from base_footprint to odom to become available, tf error: Invalid frame ID "odom" passed to canTransform argument target_frame - frame does not exist
[amcl-6] [INFO] [1789586293.872734388] [amcl]: createLaserObject
[controller_server-8] [INFO] [1789586294.168234670] [local_costmap.local_costmap]: start
[controller_server-8] [WARN] [1789586294.370690700] [controller_server]: Parameter controller_server.verbose not found
[controller_server-8] [INFO] [1789586294.371863887] [controller_server]: Optimizer reset
[controller_server-8] [INFO] [1789586294.372388194] [MPPIController]: Activated MPPI Controller: FollowPath
[controller_server-8] [INFO] [1789586294.372428610] [controller_server]: Creating bond (controller_server) to lifecycle manager.
[lifecycle_manager-18] [INFO] [1789586294.488144738] [lifecycle_manager_navigation]: Server controller_server connected with bond.
[lifecycle_manager-18] [INFO] [1789586294.488206421] [lifecycle_manager_navigation]: [34m[1mActivating smoother_server[0m[0m
[smoother_server-9] [INFO] [1789586294.488570371] [smoother_server]: Activating
[smoother_server-9] [INFO] [1789586294.488601717] [smoother_server]: Creating bond (smoother_server) to lifecycle manager.
[lifecycle_manager-18] [INFO] [1789586294.599398519] [lifecycle_manager_navigation]: Server smoother_server connected with bond.
[lifecycle_manager-18] [INFO] [1789586294.599467257] [lifecycle_manager_navigation]: [34m[1mActivating planner_server[0m[0m
[planner_server-10] [INFO] [1789586294.599971204] [planner_server]: Activating
[planner_server-10] [INFO] [1789586294.600008597] [global_costmap.global_costmap]: Activating
[planner_server-10] [INFO] [1789586294.600016055] [global_costmap.global_costmap]: Checking transform
[planner_server-10] [INFO] [1789586294.600079149] [global_costmap.global_costmap]: Timed out waiting for transform from base_footprint to map to become available, tf error: Lookup would require extrapolation into the past.  Requested time 0.828000 but the earliest data is at time 1.100000, when looking up transform from frame [base_footprint] to frame [map]
[planner_server-10] [INFO] [1789586295.100249778] [global_costmap.global_costmap]: start
[planner_server-10] [INFO] [1789586296.152115160] [planner_server]: Activating plugin SmacLattice of type SmacPlannerLattice
[planner_server-10] [INFO] [1789586296.152210123] [planner_server]: Activating plugin ThetaStar of type nav2_theta_star_planner
[planner_server-10] [INFO] [1789586296.152225749] [planner_server]: Activating plugin NavfnAStar of type NavfnPlanner
[planner_server-10] [INFO] [1789586296.152239560] [planner_server]: Activating plugin Smac2D of type SmacPlanner2D
[planner_server-10] [INFO] [1789586296.152251455] [planner_server]: Activating plugin NavfnDijkstra of type NavfnPlanner
[planner_server-10] [INFO] [1789586296.152260125] [planner_server]: Activating plugin GridBased of type NavfnPlanner
[planner_server-10] [INFO] [1789586296.157800855] [planner_server]: Creating bond (planner_server) to lifecycle manager.
[lifecycle_manager-18] [INFO] [1789586296.271270189] [lifecycle_manager_navigation]: Server planner_server connected with bond.
[lifecycle_manager-18] [INFO] [1789586296.271341462] [lifecycle_manager_navigation]: [34m[1mActivating route_server[0m[0m
[route_server-11] [INFO] [1789586296.271828880] [route_server]: Activating
[route_server-11] [INFO] [1789586296.272327688] [route_server]: Creating bond (route_server) to lifecycle manager.
[lifecycle_manager-18] [INFO] [1789586296.395752635] [lifecycle_manager_navigation]: Server route_server connected with bond.
[lifecycle_manager-18] [INFO] [1789586296.395848505] [lifecycle_manager_navigation]: [34m[1mActivating behavior_server[0m[0m
[behavior_server-12] [INFO] [1789586296.396415462] [behavior_server]: Activating
[behavior_server-12] [INFO] [1789586296.396446814] [behavior_server]: Activating spin
[behavior_server-12] [INFO] [1789586296.396463548] [behavior_server]: Activating backup
[behavior_server-12] [INFO] [1789586296.396476754] [behavior_server]: Activating drive_on_heading
[behavior_server-12] [INFO] [1789586296.397846563] [behavior_server]: Activating assisted_teleop
[behavior_server-12] [INFO] [1789586296.398119053] [behavior_server]: Activating wait
[behavior_server-12] [INFO] [1789586296.398171979] [behavior_server]: Creating bond (behavior_server) to lifecycle manager.
[lifecycle_manager-18] [INFO] [1789586296.519620642] [lifecycle_manager_navigation]: Server behavior_server connected with bond.
[lifecycle_manager-18] [INFO] [1789586296.519710968] [lifecycle_manager_navigation]: [34m[1mActivating velocity_smoother[0m[0m
[velocity_smoother-15] [INFO] [1789586296.520394662] [velocity_smoother]: Activating
[velocity_smoother-15] [INFO] [1789586296.522546658] [velocity_smoother]: Creating bond (velocity_smoother) to lifecycle manager.
[lifecycle_manager-18] [INFO] [1789586296.639447370] [lifecycle_manager_navigation]: Server velocity_smoother connected with bond.
[lifecycle_manager-18] [INFO] [1789586296.639494549] [lifecycle_manager_navigation]: [34m[1mActivating collision_monitor[0m[0m
[collision_monitor-16] [INFO] [1789586296.640009890] [collision_monitor]: Activating
[collision_monitor-16] [INFO] [1789586296.640053844] [collision_monitor]: Creating bond (collision_monitor) to lifecycle manager.
[lifecycle_manager-18] [INFO] [1789586296.755786166] [lifecycle_manager_navigation]: Server collision_monitor connected with bond.
[lifecycle_manager-18] [INFO] [1789586296.755884254] [lifecycle_manager_navigation]: [34m[1mActivating bt_navigator[0m[0m
[bt_navigator-13] [INFO] [1789586296.756394051] [bt_navigator]: Activating
[bt_navigator-13] [INFO] [1789586297.044674337] [bt_navigator]: Creating bond (bt_navigator) to lifecycle manager.
[lifecycle_manager-18] [INFO] [1789586297.161054321] [lifecycle_manager_navigation]: Server bt_navigator connected with bond.
[lifecycle_manager-18] [INFO] [1789586297.161134270] [lifecycle_manager_navigation]: [34m[1mActivating waypoint_follower[0m[0m
[waypoint_follower-14] [INFO] [1789586297.162184902] [waypoint_follower]: Activating
[waypoint_follower-14] [INFO] [1789586297.162324334] [waypoint_follower]: Creating bond (waypoint_follower) to lifecycle manager.
[lifecycle_manager-18] [INFO] [1789586297.287266448] [lifecycle_manager_navigation]: Server waypoint_follower connected with bond.
[lifecycle_manager-18] [INFO] [1789586297.287338735] [lifecycle_manager_navigation]: [34m[1mActivating docking_server[0m[0m
[opennav_docking-17] [INFO] [1789586297.288029040] [docking_server]: Activating docking_server
[opennav_docking-17] [INFO] [1789586297.343530550] [docking_server]: Creating bond (docking_server) to lifecycle manager.
[lifecycle_manager-18] [INFO] [1789586297.475439136] [lifecycle_manager_navigation]: Server docking_server connected with bond.
[lifecycle_manager-18] [INFO] [1789586297.475532796] [lifecycle_manager_navigation]: [34m[1mManaged nodes are active[0m[0m
[lifecycle_manager-18] [INFO] [1789586297.475549835] [lifecycle_manager_navigation]: [34m[1mCreating bond timer...[0m[0m
[planner_server-10] [WARN] [1789586307.403695430] [planner_server]: Planner loop missed its desired rate of 20.0000 Hz. Current loop rate is 16.6667 Hz
[planner_server-10] [WARN] [1789586308.154381975] [planner_server]: Planner loop missed its desired rate of 20.0000 Hz. Current loop rate is 1.3661 Hz
[planner_server-10] [WARN] [1789586308.349443408] [planner_server]: Planner loop missed its desired rate of 20.0000 Hz. Current loop rate is 5.5556 Hz
[planner_server-10] [WARN] [1789586309.065943097] [planner_server]: Planner loop missed its desired rate of 20.0000 Hz. Current loop rate is 1.6892 Hz
[planner_server-10] [WARN] [1789586309.198459727] [planner_server]: Planner loop missed its desired rate of 20.0000 Hz. Current loop rate is 8.3333 Hz
[planner_server-10] [WARN] [1789586309.565843166] [planner_server]: Planner loop missed its desired rate of 20.0000 Hz. Current loop rate is 3.3333 Hz
[planner_server-10] [WARN] [1789586310.076503148] [planner_server]: Planner loop missed its desired rate of 20.0000 Hz. Current loop rate is 3.2895 Hz
[planner_server-10] [WARN] [1789586333.250654453] [planner_server]: Planner loop missed its desired rate of 20.0000 Hz. Current loop rate is 19.2308 Hz
[planner_server-10] [WARN] [1789586333.321589143] [planner_server]: Planner loop missed its desired rate of 20.0000 Hz. Current loop rate is 19.2308 Hz
[planner_server-10] [WARN] [1789586334.042160260] [planner_server]: Planner loop missed its desired rate of 20.0000 Hz. Current loop rate is 1.5625 Hz
[planner_server-10] [WARN] [1789586334.694615701] [planner_server]: Planner loop missed its desired rate of 20.0000 Hz. Current loop rate is 1.5723 Hz
[planner_server-10] [WARN] [1789586335.487044335] [planner_server]: Planner loop missed its desired rate of 20.0000 Hz. Current loop rate is 1.3089 Hz
[planner_server-10] [WARN] [1789586335.682973647] [planner_server]: Planner loop missed its desired rate of 20.0000 Hz. Current loop rate is 5.8140 Hz
[planner_server-10] [WARN] [1789586335.883591306] [planner_server]: Planner loop missed its desired rate of 20.0000 Hz. Current loop rate is 5.2083 Hz
[planner_server-10] [WARN] [1789586336.122646845] [planner_server]: Planner loop missed its desired rate of 20.0000 Hz. Current loop rate is 4.5455 Hz
[planner_server-10] [WARN] [1789586336.332021635] [planner_server]: Planner loop missed its desired rate of 20.0000 Hz. Current loop rate is 19.2308 Hz
[planner_server-10] [WARN] [1789586337.241940009] [planner_server]: Planner loop missed its desired rate of 20.0000 Hz. Current loop rate is 1.3158 Hz
[planner_server-10] [WARN] [1789586338.002061027] [planner_server]: Planner loop missed its desired rate of 20.0000 Hz. Current loop rate is 1.3812 Hz
[planner_server-10] [WARN] [1789586338.704311747] [planner_server]: Planner loop missed its desired rate of 20.0000 Hz. Current loop rate is 1.4706 Hz
[planner_server-10] [WARN] [1789586338.863631940] [planner_server]: Planner loop missed its desired rate of 20.0000 Hz. Current loop rate is 6.7568 Hz
[planner_server-10] [WARN] [1789586339.020901057] [planner_server]: Planner loop missed its desired rate of 20.0000 Hz. Current loop rate is 7.5758 Hz
[planner_server-10] [WARN] [1789586339.194678864] [planner_server]: Planner loop missed its desired rate of 20.0000 Hz. Current loop rate is 6.9444 Hz
[planner_server-10] [WARN] [1789586339.691685383] [planner_server]: Planner loop missed its desired rate of 20.0000 Hz. Current loop rate is 3.9683 Hz
[planner_server-10] [WARN] [1789586340.095000735] [planner_server]: Planner loop missed its desired rate of 20.0000 Hz. Current loop rate is 2.6042 Hz
[planner_server-10] [WARN] [1789586340.391573730] [planner_server]: Planner loop missed its desired rate of 20.0000 Hz. Current loop rate is 3.4722 Hz
[planner_server-10] [WARN] [1789586341.468142480] [planner_server]: Planner loop missed its desired rate of 20.0000 Hz. Current loop rate is 3.9062 Hz
[planner_server-10] [WARN] [1789586341.736078606] [planner_server]: Planner loop missed its desired rate of 20.0000 Hz. Current loop rate is 3.9062 Hz
[planner_server-10] [WARN] [1789586342.063140587] [planner_server]: Planner loop missed its desired rate of 20.0000 Hz. Current loop rate is 3.3333 Hz
[controller_server-8] [INFO] [1789586342.117975218] [controller_server]: Received a goal, begin computing control effort.
[controller_server-8] [WARN] [1789586342.118104519] [controller_server]: No goal checker was specified in parameter 'current_goal_checker'. Server will use only plugin loaded general_goal_checker . This warning will appear once.
[controller_server-8] [WARN] [1789586342.118137169] [controller_server]: No progress checker was specified in parameter 'current_progress_checker'. Server will use only plugin loaded progress_checker . This warning will appear once.
[parameter_bridge-4] [INFO] [1789586342.146384924] [ros_gz_bridge]: Passing message from ROS geometry_msgs/msg/Twist to Gazebo gz.msgs.Twist (showing msg only once per type)
[controller_server-8] [INFO] [1789586360.620256401] [controller_server]: Reached the goal!
[controller_server-8] [INFO] [1789586360.621395990] [controller_server]: Optimizer reset
[controller_server-8] [INFO] [1789586362.194777844] [controller_server]: Received a goal, begin computing control effort.
[controller_server-8] [INFO] [1789586389.899637037] [controller_server]: Reached the goal!
[controller_server-8] [INFO] [1789586389.903766066] [controller_server]: Optimizer reset
[controller_server-8] [INFO] [1789586391.445301503] [controller_server]: Received a goal, begin computing control effort.
[controller_server-8] [INFO] [1789586414.047786439] [controller_server]: Reached the goal!
[controller_server-8] [INFO] [1789586414.048487805] [controller_server]: Optimizer reset
[controller_server-8] [INFO] [1789586415.589375534] [controller_server]: Received a goal, begin computing control effort.
[controller_server-8] [INFO] [1789586441.791338127] [controller_server]: Reached the goal!
[controller_server-8] [INFO] [1789586441.791965304] [controller_server]: Optimizer reset
[controller_server-8] [INFO] [1789586443.315650709] [controller_server]: Received a goal, begin computing control effort.
[collision_monitor-16] [INFO] [1789586457.914243157] [collision_monitor]: Robot to approach for 1.200000 seconds away from collision
[collision_monitor-16] [INFO] [1789586458.234448988] [collision_monitor]: Robot to continue normal operation
[collision_monitor-16] [INFO] [1789586458.309812590] [collision_monitor]: Robot to approach for 1.200000 seconds away from collision
[collision_monitor-16] [INFO] [1789586458.344116820] [collision_monitor]: Robot to continue normal operation
[collision_monitor-16] [INFO] [1789586458.383547587] [collision_monitor]: Robot to approach for 1.200000 seconds away from collision
[collision_monitor-16] [INFO] [1789586458.453977291] [collision_monitor]: Robot to continue normal operation
[controller_server-8] [INFO] [1789586459.517293324] [controller_server]: Reached the goal!
[controller_server-8] [INFO] [1789586459.517680581] [controller_server]: Optimizer reset
[controller_server-8] [INFO] [1789586461.031216977] [controller_server]: Received a goal, begin computing control effort.
[controller_server-8] [INFO] [1789586478.033498157] [controller_server]: Reached the goal!
[controller_server-8] [INFO] [1789586478.034449569] [controller_server]: Optimizer reset
[controller_server-8] [INFO] [1789586479.562227575] [controller_server]: Received a goal, begin computing control effort.
[controller_server-8] [INFO] [1789586493.964020816] [controller_server]: Reached the goal!
[controller_server-8] [INFO] [1789586493.964219620] [controller_server]: Optimizer reset
[controller_server-8] [INFO] [1789586495.495752758] [controller_server]: Received a goal, begin computing control effort.
[collision_monitor-16] [INFO] [1789586516.213643376] [collision_monitor]: Robot to approach for 1.200000 seconds away from collision
[collision_monitor-16] [INFO] [1789586516.243908567] [collision_monitor]: Robot to continue normal operation
[collision_monitor-16] [INFO] [1789586516.283145369] [collision_monitor]: Robot to approach for 1.200000 seconds away from collision
[controller_server-8] [INFO] [1789586516.297652592] [controller_server]: Reached the goal!
[controller_server-8] [INFO] [1789586516.298027967] [controller_server]: Optimizer reset
[collision_monitor-16] [INFO] [1789586516.353488781] [collision_monitor]: Robot to continue normal operation
[controller_server-8] [INFO] [1789586517.837410519] [controller_server]: Received a goal, begin computing control effort.
[controller_server-8] [INFO] [1789586546.139662953] [controller_server]: Reached the goal!
[controller_server-8] [INFO] [1789586546.140303334] [controller_server]: Optimizer reset
[controller_server-8] [INFO] [1789586547.677002985] [controller_server]: Received a goal, begin computing control effort.
[controller_server-8] [INFO] [1789586571.979398329] [controller_server]: Reached the goal!
[controller_server-8] [INFO] [1789586571.979678180] [controller_server]: Optimizer reset
[controller_server-8] [INFO] [1789586573.508791594] [controller_server]: Received a goal, begin computing control effort.
[controller_server-8] [INFO] [1789586599.810689311] [controller_server]: Reached the goal!
[controller_server-8] [INFO] [1789586599.811002493] [controller_server]: Optimizer reset
[controller_server-8] [INFO] [1789586601.327280994] [controller_server]: Received a goal, begin computing control effort.
[collision_monitor-16] [INFO] [1789586616.853849951] [collision_monitor]: Robot to approach for 1.200000 seconds away from collision
[collision_monitor-16] [INFO] [1789586616.893297321] [collision_monitor]: Robot to continue normal operation
[collision_monitor-16] [INFO] [1789586616.923096930] [collision_monitor]: Robot to approach for 1.200000 seconds away from collision
[collision_monitor-16] [INFO] [1789586616.993384271] [collision_monitor]: Robot to continue normal operation
[collision_monitor-16] [INFO] [1789586617.033454642] [collision_monitor]: Robot to approach for 1.200000 seconds away from collision
[collision_monitor-16] [INFO] [1789586617.103766981] [collision_monitor]: Robot to continue normal operation
[collision_monitor-16] [INFO] [1789586617.143562493] [collision_monitor]: Robot to approach for 1.200000 seconds away from collision
[collision_monitor-16] [INFO] [1789586617.183375908] [collision_monitor]: Robot to continue normal operation
[controller_server-8] [INFO] [1789586618.029360464] [controller_server]: Reached the goal!
[controller_server-8] [INFO] [1789586618.029865603] [controller_server]: Optimizer reset
[controller_server-8] [INFO] [1789586619.548848642] [controller_server]: Received a goal, begin computing control effort.
[controller_server-8] [INFO] [1789586636.051169707] [controller_server]: Reached the goal!
[controller_server-8] [INFO] [1789586636.051362574] [controller_server]: Optimizer reset
[controller_server-8] [INFO] [1789586637.585396516] [controller_server]: Received a goal, begin computing control effort.
[controller_server-8] [INFO] [1789586651.988726756] [controller_server]: Reached the goal!
[controller_server-8] [INFO] [1789586651.988981569] [controller_server]: Optimizer reset
[controller_server-8] [INFO] [1789586653.520654285] [controller_server]: Received a goal, begin computing control effort.
[controller_server-8] [INFO] [1789586673.322982473] [controller_server]: Reached the goal!
[controller_server-8] [INFO] [1789586673.323300486] [controller_server]: Optimizer reset
[controller_server-8] [INFO] [1789586674.850024763] [controller_server]: Received a goal, begin computing control effort.
[controller_server-8] [INFO] [1789586701.153386064] [controller_server]: Reached the goal!
[controller_server-8] [INFO] [1789586701.153957905] [controller_server]: Optimizer reset
[controller_server-8] [INFO] [1789586702.675308928] [controller_server]: Received a goal, begin computing control effort.
[controller_server-8] [INFO] [1789586726.477532589] [controller_server]: Reached the goal!
[controller_server-8] [INFO] [1789586726.477940950] [controller_server]: Optimizer reset
[controller_server-8] [INFO] [1789586728.041362738] [controller_server]: Received a goal, begin computing control effort.
[controller_server-8] [INFO] [1789586753.643336479] [controller_server]: Reached the goal!
[controller_server-8] [INFO] [1789586753.643634602] [controller_server]: Optimizer reset
[controller_server-8] [INFO] [1789586755.154836382] [controller_server]: Received a goal, begin computing control effort.
[controller_server-8] [INFO] [1789586763.173604698] [local_costmap.local_costmap]: Message Filter dropping message: frame 'lidar_link' at time 464.300 for reason 'the timestamp on the message is earlier than all the data in the transform cache'
[collision_monitor-16] [INFO] [1789586770.094289593] [collision_monitor]: Robot to approach for 1.200000 seconds away from collision
[collision_monitor-16] [INFO] [1789586770.593911051] [collision_monitor]: Robot to continue normal operation
[controller_server-8] [INFO] [1789586771.756613015] [controller_server]: Reached the goal!
[controller_server-8] [INFO] [1789586771.759573003] [controller_server]: Optimizer reset
[controller_server-8] [INFO] [1789586773.275471325] [controller_server]: Received a goal, begin computing control effort.
[controller_server-8] [INFO] [1789586789.777872223] [controller_server]: Reached the goal!
[controller_server-8] [INFO] [1789586789.780576303] [controller_server]: Optimizer reset
[controller_server-8] [INFO] [1789586791.293927137] [controller_server]: Received a goal, begin computing control effort.
[controller_server-8] [INFO] [1789586805.696689913] [controller_server]: Reached the goal!
[controller_server-8] [INFO] [1789586805.696935259] [controller_server]: Optimizer reset
[controller_server-8] [INFO] [1789586807.223077832] [controller_server]: Received a goal, begin computing control effort.
[controller_server-8] [INFO] [1789586825.925125126] [controller_server]: Reached the goal!
[controller_server-8] [INFO] [1789586825.925644202] [controller_server]: Optimizer reset
[controller_server-8] [INFO] [1789586827.446058067] [controller_server]: Received a goal, begin computing control effort.
[controller_server-8] [INFO] [1789586851.736721631] [controller_server]: Reached the goal!
[controller_server-8] [INFO] [1789586851.737161279] [controller_server]: Optimizer reset
[controller_server-8] [INFO] [1789586853.260966566] [controller_server]: Received a goal, begin computing control effort.
[controller_server-8] [INFO] [1789586876.062725686] [controller_server]: Reached the goal!
[controller_server-8] [INFO] [1789586876.063060613] [controller_server]: Optimizer reset
[controller_server-8] [INFO] [1789586877.583041454] [controller_server]: Received a goal, begin computing control effort.
[controller_server-8] [INFO] [1789586902.184952344] [controller_server]: Reached the goal!
[controller_server-8] [INFO] [1789586902.185233713] [controller_server]: Optimizer reset
[controller_server-8] [INFO] [1789586903.702910995] [controller_server]: Received a goal, begin computing control effort.
[collision_monitor-16] [INFO] [1789586917.611117631] [collision_monitor]: Robot to approach for 1.200000 seconds away from collision
[collision_monitor-16] [INFO] [1789586918.221380383] [collision_monitor]: Robot to continue normal operation
[controller_server-8] [INFO] [1789586919.406924146] [controller_server]: Reached the goal!
[controller_server-8] [INFO] [1789586919.409219542] [controller_server]: Optimizer reset
[controller_server-8] [INFO] [1789586920.926842166] [controller_server]: Received a goal, begin computing control effort.
[controller_server-8] [INFO] [1789586937.028696965] [controller_server]: Reached the goal!
[controller_server-8] [INFO] [1789586937.029062447] [controller_server]: Optimizer reset
[controller_server-8] [INFO] [1789586938.539187588] [controller_server]: Received a goal, begin computing control effort.
[controller_server-8] [INFO] [1789586953.741127682] [controller_server]: Reached the goal!
[controller_server-8] [INFO] [1789586953.741420307] [controller_server]: Optimizer reset
[controller_server-8] [INFO] [1789586955.291427741] [controller_server]: Received a goal, begin computing control effort.
[controller_server-8] [INFO] [1789586974.392940935] [controller_server]: Reached the goal!
[controller_server-8] [INFO] [1789586974.393189274] [controller_server]: Optimizer reset
[planner_server-10] [WARN] [1789586976.586573935] [planner_server]: Planner loop missed its desired rate of 20.0000 Hz. Current loop rate is 1.4451 Hz
[controller_server-8] [INFO] [1789586976.600413986] [controller_server]: Received a goal, begin computing control effort.
[controller_server-8] [INFO] [1789587001.701996794] [controller_server]: Reached the goal!
[controller_server-8] [INFO] [1789587001.702528957] [controller_server]: Optimizer reset
[controller_server-8] [INFO] [1789587003.236820545] [controller_server]: Received a goal, begin computing control effort.
[controller_server-8] [INFO] [1789587025.339054084] [controller_server]: Reached the goal!
[controller_server-8] [INFO] [1789587025.339354718] [controller_server]: Optimizer reset
[planner_server-10] [WARN] [1789587027.648353369] [planner_server]: Planner loop missed its desired rate of 20.0000 Hz. Current loop rate is 1.2563 Hz
[controller_server-8] [INFO] [1789587027.676037401] [controller_server]: Received a goal, begin computing control effort.
[controller_server-8] [INFO] [1789587052.078113407] [controller_server]: Reached the goal!
[controller_server-8] [INFO] [1789587052.078397306] [controller_server]: Optimizer reset
[controller_server-8] [INFO] [1789587053.600831047] [controller_server]: Received a goal, begin computing control effort.
[collision_monitor-16] [INFO] [1789587067.681499841] [collision_monitor]: Robot to approach for 1.200000 seconds away from collision
[collision_monitor-16] [INFO] [1789587068.142701013] [collision_monitor]: Robot to continue normal operation
[collision_monitor-16] [INFO] [1789587068.181838207] [collision_monitor]: Robot to approach for 1.200000 seconds away from collision
[collision_monitor-16] [INFO] [1789587068.222433929] [collision_monitor]: Robot to continue normal operation
[controller_server-8] [INFO] [1789587068.803082187] [controller_server]: Reached the goal!
[controller_server-8] [INFO] [1789587068.803320186] [controller_server]: Optimizer reset
[planner_server-10] [WARN] [1789587070.567922407] [planner_server]: Planner loop missed its desired rate of 20.0000 Hz. Current loop rate is 3.8462 Hz
[controller_server-8] [INFO] [1789587070.576782536] [controller_server]: Received a goal, begin computing control effort.
[controller_server-8] [INFO] [1789587086.778758265] [controller_server]: Reached the goal!
[controller_server-8] [INFO] [1789587086.779086520] [controller_server]: Optimizer reset
[controller_server-8] [INFO] [1789587088.323373427] [controller_server]: Received a goal, begin computing control effort.
[controller_server-8] [INFO] [1789587111.825641569] [controller_server]: Reached the goal!
[controller_server-8] [INFO] [1789587111.826219518] [controller_server]: Optimizer reset
