waiting for Nav2 to be active ...

phase 1: planning 5 planners x 20 routes x 3 repeats
  NavfnDijkstra  planned 60/60
  NavfnAStar     planned 60/60
  Smac2D         planned 60/60
  ThetaStar      planned 60/60
  SmacLattice    planned 60/60

phase 2: driving the tour with each planner
  driving the tour with NavfnDijkstra ...
     charger -> A        ok  planned  9.16 m, driven  8.64 m,  20.0 s, 0.077 Wh
           A -> delivery ok  planned 10.55 m, driven 10.44 m,  28.6 s, 0.101 Wh
    delivery -> B        ok  planned 10.51 m, driven 10.12 m,  23.9 s, 0.091 Wh
           B -> delivery ok  planned 10.12 m, driven 10.02 m,  27.4 s, 0.095 Wh
    delivery -> C        ok  planned  6.31 m, driven  6.24 m,  17.7 s, 0.061 Wh
           C -> delivery ok  planned  6.34 m, driven  6.43 m,  18.1 s, 0.062 Wh
    delivery -> charger  ok  planned  5.33 m, driven  5.28 m,  15.8 s, 0.053 Wh
  driving the tour with NavfnAStar ...
     charger -> A        ok  planned  9.68 m, driven  9.02 m,  22.3 s, 0.082 Wh
           A -> delivery ok  planned 10.74 m, driven 10.67 m,  29.6 s, 0.104 Wh
    delivery -> B        ok  planned 11.50 m, driven 10.78 m,  25.8 s, 0.098 Wh
           B -> delivery ok  planned 10.29 m, driven 10.17 m,  27.8 s, 0.097 Wh
    delivery -> C        ok  planned  6.70 m, driven  6.41 m,  18.2 s, 0.064 Wh
           C -> delivery ok  planned  6.29 m, driven  6.34 m,  18.0 s, 0.062 Wh
    delivery -> charger  ok  planned  5.19 m, driven  5.28 m,  15.5 s, 0.052 Wh
  driving the tour with Smac2D ...
     charger -> A        ok  planned  9.01 m, driven  8.91 m,  21.1 s, 0.080 Wh
           A -> delivery ok  planned 10.70 m, driven 10.76 m,  27.8 s, 0.102 Wh
    delivery -> B        ok  planned 10.53 m, driven 10.44 m,  25.3 s, 0.095 Wh
           B -> delivery ok  planned 10.26 m, driven 10.39 m,  26.8 s, 0.098 Wh
    delivery -> C        ok  planned  6.43 m, driven  6.38 m,  18.1 s, 0.063 Wh
           C -> delivery ok  planned  6.28 m, driven  6.42 m,  18.0 s, 0.063 Wh
    delivery -> charger  ok  planned  5.22 m, driven  5.29 m,  15.9 s, 0.054 Wh
  driving the tour with ThetaStar ...
     charger -> A        ok  planned  9.00 m, driven  8.75 m,  20.2 s, 0.078 Wh
           A -> delivery ok  planned 10.15 m, driven 10.19 m,  26.1 s, 0.096 Wh
    delivery -> B        ok  planned 10.47 m, driven 10.19 m,  23.7 s, 0.093 Wh
           B -> delivery ok  planned 10.10 m, driven 10.28 m,  26.0 s, 0.096 Wh
    delivery -> C        ok  planned  6.22 m, driven  6.23 m,  17.1 s, 0.060 Wh
           C -> delivery ok  planned  6.27 m, driven  6.44 m,  17.5 s, 0.063 Wh
    delivery -> charger  ok  planned  5.17 m, driven  5.31 m,  15.5 s, 0.052 Wh
  driving the tour with SmacLattice ...
     charger -> A        ok  planned  9.21 m, driven  8.92 m,  20.6 s, 0.082 Wh
           A -> delivery ok  planned 10.70 m, driven 10.67 m,  26.5 s, 0.100 Wh
    delivery -> B        ok  planned 10.51 m, driven 10.16 m,  23.4 s, 0.091 Wh
           B -> delivery ok  planned 10.31 m, driven 10.36 m,  25.9 s, 0.097 Wh
    delivery -> C        ok  planned  6.63 m, driven  6.37 m,  16.6 s, 0.061 Wh
           C -> delivery ok  planned  6.30 m, driven  6.40 m,  17.7 s, 0.063 Wh
    delivery -> charger  ok  planned  8.10 m, driven  6.13 m,  25.0 s, 0.074 Wh

PHASE 1 - planning only (all ordered POI pairs)
planner         success   plan ms   ms p95  length m vs shortest  turning rad  min clear m  mean clear m
NavfnDijkstra    60/60       15.3     36.0     11.13       +1.0%         7.40         0.34          0.63
NavfnAStar       60/60       18.6     35.6     11.28       +2.3%        11.59         0.32          0.62
Smac2D           60/60        9.2     20.0     11.10       +0.7%         4.88         0.28          0.57
ThetaStar        60/60        7.9     18.2     10.95       -0.6%         4.07         0.32          0.60
SmacLattice      60/60      129.6    680.0     11.65       +6.8%         5.21         0.29          0.60

PHASE 2 - driving the tour (7 legs, same controller)
planner         legs ok   time s  driven m  energy Wh  Wh per km  turning rad  goal err m
NavfnDijkstra     7/7      151.5     57.17      0.540       9.45        45.07       0.178
NavfnAStar        7/7      157.2     58.67      0.559       9.52        76.72       0.139
Smac2D            7/7      153.0     58.60      0.554       9.46        25.76       0.121
ThetaStar         7/7      146.1     57.38      0.540       9.40        24.17       0.150
SmacLattice       7/7      155.7     59.02      0.569       9.64        35.85       0.196

-> tools/nav/results/planners_plan_20260916_211902.csv
-> tools/nav/results/planners_drive_20260916_213153.csv
